[0.033s] Invoking command in '/root/ros2_ws/build/cartographer_ros': CMAKE_PREFIX_PATH=/root/ros2_ws/install/cartographer_ros_msgs:/root/ros2_ws/install/cartographer:/root/ros2_ws/install/robocar_test_cpp:/root/ros2_ws/install/rplidar_ros:/root/ros2_ws/install/cartographer_rviz:/root/ros2_ws/install/cartographer_ros:/root/ros2_ws/install/Test_FirstPkg:/root/ros2_ws/install/ros2_opencv:/opt/ros/humble LD_LIBRARY_PATH=/root/ros2_ws/install/cartographer_ros_msgs/lib:/root/ros2_ws/install/cartographer_rviz/lib:/root/ros2_ws/install/cartographer_ros/lib:/opt/ros/humble/opt/rviz_ogre_vendor/lib:/opt/ros/humble/lib/x86_64-linux-gnu:/opt/ros/humble/lib /usr/bin/cmake /root/ros2_ws/src/cartographer_ros/cartographer_ros -DCMAKE_INSTALL_PREFIX=/root/ros2_ws/install/cartographer_ros
[0.201s] -- The C compiler identification is GNU 11.4.0
[0.340s] -- The CXX compiler identification is GNU 11.4.0
[0.358s] -- Detecting C compiler ABI info
[0.496s] -- Detecting C compiler ABI info - done
[0.513s] -- Check for working C compiler: /usr/bin/cc - skipped
[0.514s] -- Detecting C compile features
[0.516s] -- Detecting C compile features - done
[0.527s] -- Detecting CXX compiler ABI info
[0.682s] -- Detecting CXX compiler ABI info - done
[0.701s] -- Check for working CXX compiler: /usr/bin/c++ - skipped
[0.702s] -- Detecting CXX compile features
[0.702s] -- Detecting CXX compile features - done
[0.738s] -- Found ament_cmake: 1.3.11 (/opt/ros/humble/share/ament_cmake/cmake)
[1.148s] -- Found Python3: /usr/bin/python3 (found version "3.10.12") found components: Interpreter 
[1.539s] -- Found builtin_interfaces: 1.2.1 (/opt/ros/humble/share/builtin_interfaces/cmake)
[1.658s] -- Found rosidl_generator_c: 3.1.6 (/opt/ros/humble/share/rosidl_generator_c/cmake)
[1.678s] -- Found rosidl_adapter: 3.1.6 (/opt/ros/humble/share/rosidl_adapter/cmake)
[1.705s] -- Found rosidl_generator_cpp: 3.1.6 (/opt/ros/humble/share/rosidl_generator_cpp/cmake)
[1.750s] -- Using all available rosidl_typesupport_c: rosidl_typesupport_fastrtps_c;rosidl_typesupport_introspection_c
[1.803s] -- Using all available rosidl_typesupport_cpp: rosidl_typesupport_fastrtps_cpp;rosidl_typesupport_introspection_cpp
[1.862s] -- Looking for pthread.h
[2.004s] -- Looking for pthread.h - found
[2.005s] -- Performing Test CMAKE_HAVE_LIBC_PTHREAD
[2.159s] -- Performing Test CMAKE_HAVE_LIBC_PTHREAD - Success
[2.162s] -- Found Threads: TRUE  
[2.188s] -- Found required Ceres dependency: Eigen version 3.4.0 in /usr/include/eigen3
[2.208s] -- Found required Ceres dependency: glog
[2.209s] -- Found required Ceres dependency: gflags
[2.210s] -- Found Ceres version: 2.0.0 installed in: /usr with components: [EigenSparse, SparseLinearAlgebraLibrary, LAPACK, SuiteSparse, CXSparse, SchurSpecializations, Multithreading]
[2.238s] -- Found cartographer_ros_msgs: 2.0.9003 (/root/ros2_ws/install/cartographer_ros_msgs/share/cartographer_ros_msgs/cmake)
[2.421s] -- Checking for module 'eigen3'
[2.449s] --   Found eigen3, version 3.4.0
[2.501s] -- Found Eigen: /usr/include/eigen3 (Required is at least version "3.1") 
[2.502s] -- Eigen found (include: /usr/include/eigen3, version: 3.4.0)
[2.575s] -- Found Boost: /usr/lib/x86_64-linux-gnu/cmake/Boost-1.74.0/BoostConfig.cmake (found suitable version "1.74.0", minimum required is "1.65.0") found components: system filesystem date_time iostreams serialization 
[2.578s] -- looking for PCL_COMMON
[2.580s] -- Found PCL_COMMON: /usr/lib/x86_64-linux-gnu/libpcl_common.so  
[2.580s] -- Found PCL: pcl_common;Boost::system;Boost::filesystem;Boost::date_time;Boost::iostreams;Boost::serialization  
[2.590s] -- Found nav_msgs: 4.8.0 (/opt/ros/humble/share/nav_msgs/cmake)
[2.645s] -- Found pcl_conversions: 2.4.5 (/opt/ros/humble/share/pcl_conversions/cmake)
[2.808s] -- Found rmw_implementation_cmake: 6.1.2 (/opt/ros/humble/share/rmw_implementation_cmake/cmake)
[2.819s] -- Found rmw_fastrtps_cpp: 6.2.7 (/opt/ros/humble/share/rmw_fastrtps_cpp/cmake)
[3.043s] -- Found OpenSSL: /usr/lib/x86_64-linux-gnu/libcrypto.so (found version "3.0.2")  
[3.114s] -- Found FastRTPS: /opt/ros/humble/include  
[3.233s] -- Using RMW implementation 'rmw_fastrtps_cpp' as default
[3.532s] -- Found rosbag2_cpp: 0.15.14 (/opt/ros/humble/share/rosbag2_cpp/cmake)
[3.684s] -- Found tf2: 0.25.12 (/opt/ros/humble/share/tf2/cmake)
[3.699s] -- Found tf2_eigen: 0.25.12 (/opt/ros/humble/share/tf2_eigen/cmake)
[3.994s] -- Found urdf: 2.6.1 (/opt/ros/humble/share/urdf/cmake)
[4.036s] -- Found visualization_msgs: 4.8.0 (/opt/ros/humble/share/visualization_msgs/cmake)
[4.551s] -- Configuring done
[5.002s] -- Generating done
[5.082s] -- Build files have been written to: /root/ros2_ws/build/cartographer_ros
[5.107s] Invoked command in '/root/ros2_ws/build/cartographer_ros' returned '0': CMAKE_PREFIX_PATH=/root/ros2_ws/install/cartographer_ros_msgs:/root/ros2_ws/install/cartographer:/root/ros2_ws/install/robocar_test_cpp:/root/ros2_ws/install/rplidar_ros:/root/ros2_ws/install/cartographer_rviz:/root/ros2_ws/install/cartographer_ros:/root/ros2_ws/install/Test_FirstPkg:/root/ros2_ws/install/ros2_opencv:/opt/ros/humble LD_LIBRARY_PATH=/root/ros2_ws/install/cartographer_ros_msgs/lib:/root/ros2_ws/install/cartographer_rviz/lib:/root/ros2_ws/install/cartographer_ros/lib:/opt/ros/humble/opt/rviz_ogre_vendor/lib:/opt/ros/humble/lib/x86_64-linux-gnu:/opt/ros/humble/lib /usr/bin/cmake /root/ros2_ws/src/cartographer_ros/cartographer_ros -DCMAKE_INSTALL_PREFIX=/root/ros2_ws/install/cartographer_ros
[5.111s] Invoking command in '/root/ros2_ws/build/cartographer_ros': CMAKE_PREFIX_PATH=/root/ros2_ws/install/cartographer_ros_msgs:/root/ros2_ws/install/cartographer:/root/ros2_ws/install/robocar_test_cpp:/root/ros2_ws/install/rplidar_ros:/root/ros2_ws/install/cartographer_rviz:/root/ros2_ws/install/cartographer_ros:/root/ros2_ws/install/Test_FirstPkg:/root/ros2_ws/install/ros2_opencv:/opt/ros/humble LD_LIBRARY_PATH=/root/ros2_ws/install/cartographer_ros_msgs/lib:/root/ros2_ws/install/cartographer_rviz/lib:/root/ros2_ws/install/cartographer_ros/lib:/opt/ros/humble/opt/rviz_ogre_vendor/lib:/opt/ros/humble/lib/x86_64-linux-gnu:/opt/ros/humble/lib /usr/bin/cmake --build /root/ros2_ws/build/cartographer_ros -- -j8 -l8
[5.227s] [  5%] [32mBuilding CXX object CMakeFiles/cartographer_ros.dir/src/node.cpp.o[0m
[5.228s] [  5%] [32mBuilding CXX object CMakeFiles/cartographer_ros.dir/src/node_options.cpp.o[0m
[5.229s] [  8%] [32mBuilding CXX object CMakeFiles/cartographer_ros.dir/src/node_constants.cpp.o[0m
[5.229s] [ 11%] [32mBuilding CXX object CMakeFiles/cartographer_ros.dir/src/msg_conversion.cpp.o[0m
[5.229s] [ 14%] [32mBuilding CXX object CMakeFiles/cartographer_ros.dir/src/playable_bag.cpp.o[0m
[5.231s] [ 17%] [32mBuilding CXX object CMakeFiles/cartographer_ros.dir/src/offline_node.cpp.o[0m
[5.232s] [ 20%] [32mBuilding CXX object CMakeFiles/cartographer_ros.dir/src/map_builder_bridge.cpp.o[0m
[5.233s] [ 22%] [32mBuilding CXX object CMakeFiles/cartographer_ros.dir/src/assets_writer.cpp.o[0m
[6.943s] [ 25%] [32mBuilding CXX object CMakeFiles/cartographer_ros.dir/src/ros_log_sink.cpp.o[0m
[19.338s] [ 28%] [32mBuilding CXX object CMakeFiles/cartographer_ros.dir/src/ros_map.cpp.o[0m
[21.118s] [ 31%] [32mBuilding CXX object CMakeFiles/cartographer_ros.dir/src/ros_map_writing_points_processor.cpp.o[0m
[31.292s] [ 34%] [32mBuilding CXX object CMakeFiles/cartographer_ros.dir/src/sensor_bridge.cpp.o[0m
[35.545s] [ 37%] [32mBuilding CXX object CMakeFiles/cartographer_ros.dir/src/submap.cpp.o[0m
[38.665s] [ 40%] [32mBuilding CXX object CMakeFiles/cartographer_ros.dir/src/tf_bridge.cpp.o[0m
[43.770s] [ 42%] [32mBuilding CXX object CMakeFiles/cartographer_ros.dir/src/time_conversion.cpp.o[0m
[47.541s] [ 45%] [32mBuilding CXX object CMakeFiles/cartographer_ros.dir/src/trajectory_options.cpp.o[0m
[48.885s] [ 48%] [32mBuilding CXX object CMakeFiles/cartographer_ros.dir/src/urdf_reader.cpp.o[0m
[70.606s] [ 51%] [32mBuilding CXX object CMakeFiles/cartographer_ros.dir/src/metrics/internal/histogram.cpp.o[0m
[73.468s] [ 54%] [32mBuilding CXX object CMakeFiles/cartographer_ros.dir/src/metrics/family_factory.cpp.o[0m
[73.468s] [ 57%] [32mBuilding CXX object CMakeFiles/cartographer_ros.dir/src/metrics/internal/family.cpp.o[0m
[118.743s] [ 60%] [32m[1mLinking CXX static library libcartographer_ros.a[0m
[120.684s] [ 60%] Built target cartographer_ros
[120.747s] [ 62%] [32mBuilding CXX object CMakeFiles/cartographer_offline_node.dir/src/offline_node_main.cpp.o[0m
[120.749s] [ 65%] [32mBuilding CXX object CMakeFiles/cartographer_rosbag_validate.dir/src/rosbag_validate_main.cpp.o[0m
[120.751s] [ 68%] [32mBuilding CXX object CMakeFiles/cartographer_pbstream_to_ros_map.dir/src/pbstream_to_ros_map_main.cpp.o[0m
[120.755s] [ 74%] [32mBuilding CXX object CMakeFiles/cartographer_pbstream_map_publisher.dir/src/pbstream_map_publisher_main.cpp.o[0m
[120.755s] [ 74%] [32mBuilding CXX object CMakeFiles/cartographer_occupancy_grid_node.dir/src/occupancy_grid_node_main.cpp.o[0m
[120.755s] [ 77%] [32mBuilding CXX object CMakeFiles/cartographer_assets_writer.dir/src/assets_writer_main.cpp.o[0m
[120.762s] [ 80%] [32mBuilding CXX object CMakeFiles/cartographer_node.dir/src/node_main.cpp.o[0m
[144.242s] [ 82%] [32m[1mLinking CXX executable cartographer_offline_node[0m
[145.804s] [ 85%] [32m[1mLinking CXX executable cartographer_pbstream_to_ros_map[0m
[147.466s] [ 85%] Built target cartographer_pbstream_to_ros_map
[149.033s] [ 88%] [32m[1mLinking CXX executable cartographer_assets_writer[0m
[150.364s] [ 91%] [32m[1mLinking CXX executable cartographer_node[0m
[151.905s] [ 91%] Built target cartographer_assets_writer
[153.585s] [ 94%] [32m[1mLinking CXX executable cartographer_pbstream_map_publisher[0m
[155.845s] [ 94%] Built target cartographer_pbstream_map_publisher
[156.137s] [ 97%] [32m[1mLinking CXX executable cartographer_rosbag_validate[0m
[156.836s] [ 97%] Built target cartographer_offline_node
[157.267s] [ 97%] Built target cartographer_rosbag_validate
[159.693s] [ 97%] Built target cartographer_node
[164.210s] [100%] [32m[1mLinking CXX executable cartographer_occupancy_grid_node[0m
[166.419s] [100%] Built target cartographer_occupancy_grid_node
[166.442s] Invoked command in '/root/ros2_ws/build/cartographer_ros' returned '0': CMAKE_PREFIX_PATH=/root/ros2_ws/install/cartographer_ros_msgs:/root/ros2_ws/install/cartographer:/root/ros2_ws/install/robocar_test_cpp:/root/ros2_ws/install/rplidar_ros:/root/ros2_ws/install/cartographer_rviz:/root/ros2_ws/install/cartographer_ros:/root/ros2_ws/install/Test_FirstPkg:/root/ros2_ws/install/ros2_opencv:/opt/ros/humble LD_LIBRARY_PATH=/root/ros2_ws/install/cartographer_ros_msgs/lib:/root/ros2_ws/install/cartographer_rviz/lib:/root/ros2_ws/install/cartographer_ros/lib:/opt/ros/humble/opt/rviz_ogre_vendor/lib:/opt/ros/humble/lib/x86_64-linux-gnu:/opt/ros/humble/lib /usr/bin/cmake --build /root/ros2_ws/build/cartographer_ros -- -j8 -l8
[166.446s] Invoking command in '/root/ros2_ws/build/cartographer_ros': CMAKE_PREFIX_PATH=/root/ros2_ws/install/cartographer_ros_msgs:/root/ros2_ws/install/cartographer:/root/ros2_ws/install/robocar_test_cpp:/root/ros2_ws/install/rplidar_ros:/root/ros2_ws/install/cartographer_rviz:/root/ros2_ws/install/cartographer_ros:/root/ros2_ws/install/Test_FirstPkg:/root/ros2_ws/install/ros2_opencv:/opt/ros/humble LD_LIBRARY_PATH=/root/ros2_ws/install/cartographer_ros_msgs/lib:/root/ros2_ws/install/cartographer_rviz/lib:/root/ros2_ws/install/cartographer_ros/lib:/opt/ros/humble/opt/rviz_ogre_vendor/lib:/opt/ros/humble/lib/x86_64-linux-gnu:/opt/ros/humble/lib /usr/bin/cmake --install /root/ros2_ws/build/cartographer_ros
[166.460s] -- Install configuration: ""
[166.460s] -- Installing: /root/ros2_ws/install/cartographer_ros/lib/libcartographer_ros.a
[166.581s] -- Installing: /root/ros2_ws/install/cartographer_ros/lib/cartographer_ros/cartographer_node
[166.618s] -- Set runtime path of "/root/ros2_ws/install/cartographer_ros/lib/cartographer_ros/cartographer_node" to ""
[166.618s] -- Installing: /root/ros2_ws/install/cartographer_ros/lib/cartographer_ros/cartographer_occupancy_grid_node
[166.628s] -- Set runtime path of "/root/ros2_ws/install/cartographer_ros/lib/cartographer_ros/cartographer_occupancy_grid_node" to ""
[166.628s] -- Installing: /root/ros2_ws/install/cartographer_ros/lib/cartographer_ros/cartographer_offline_node
[166.670s] -- Set runtime path of "/root/ros2_ws/install/cartographer_ros/lib/cartographer_ros/cartographer_offline_node" to ""
[166.670s] -- Installing: /root/ros2_ws/install/cartographer_ros/lib/cartographer_ros/cartographer_assets_writer
[166.677s] -- Set runtime path of "/root/ros2_ws/install/cartographer_ros/lib/cartographer_ros/cartographer_assets_writer" to ""
[166.678s] -- Installing: /root/ros2_ws/install/cartographer_ros/lib/cartographer_ros/cartographer_pbstream_map_publisher
[166.683s] -- Set runtime path of "/root/ros2_ws/install/cartographer_ros/lib/cartographer_ros/cartographer_pbstream_map_publisher" to ""
[166.684s] -- Installing: /root/ros2_ws/install/cartographer_ros/lib/cartographer_ros/cartographer_pbstream_to_ros_map
[166.687s] -- Set runtime path of "/root/ros2_ws/install/cartographer_ros/lib/cartographer_ros/cartographer_pbstream_to_ros_map" to ""
[166.687s] -- Installing: /root/ros2_ws/install/cartographer_ros/lib/cartographer_ros/cartographer_rosbag_validate
[166.690s] -- Set runtime path of "/root/ros2_ws/install/cartographer_ros/lib/cartographer_ros/cartographer_rosbag_validate" to ""
[166.690s] -- Installing: /root/ros2_ws/install/cartographer_ros/include/
[166.690s] -- Installing: /root/ros2_ws/install/cartographer_ros/include//cartographer_ros
[166.691s] -- Installing: /root/ros2_ws/install/cartographer_ros/include//cartographer_ros/offline_node.h
[166.691s] -- Installing: /root/ros2_ws/install/cartographer_ros/include//cartographer_ros/ros_log_sink.h
[166.691s] -- Installing: /root/ros2_ws/install/cartographer_ros/include//cartographer_ros/msg_conversion.h
[166.692s] -- Installing: /root/ros2_ws/install/cartographer_ros/include//cartographer_ros/map_builder_bridge.h
[166.692s] -- Installing: /root/ros2_ws/install/cartographer_ros/include//cartographer_ros/ros_map_writing_points_processor.h
[166.692s] -- Installing: /root/ros2_ws/install/cartographer_ros/include//cartographer_ros/time_conversion.h
[166.693s] -- Installing: /root/ros2_ws/install/cartographer_ros/include//cartographer_ros/node_constants.h
[166.693s] -- Installing: /root/ros2_ws/install/cartographer_ros/include//cartographer_ros/trajectory_options.h
[166.693s] -- Installing: /root/ros2_ws/install/cartographer_ros/include//cartographer_ros/node_options.h
[166.694s] -- Installing: /root/ros2_ws/install/cartographer_ros/include//cartographer_ros/urdf_reader.h
[166.694s] -- Installing: /root/ros2_ws/install/cartographer_ros/include//cartographer_ros/submap.h
[166.694s] -- Installing: /root/ros2_ws/install/cartographer_ros/include//cartographer_ros/assets_writer.h
[166.695s] -- Installing: /root/ros2_ws/install/cartographer_ros/include//cartographer_ros/playable_bag.h
[166.695s] -- Installing: /root/ros2_ws/install/cartographer_ros/include//cartographer_ros/tf_bridge.h
[166.695s] -- Installing: /root/ros2_ws/install/cartographer_ros/include//cartographer_ros/node.h
[166.695s] -- Installing: /root/ros2_ws/install/cartographer_ros/include//cartographer_ros/ros_map.h
[166.696s] -- Installing: /root/ros2_ws/install/cartographer_ros/include//cartographer_ros/metrics
[166.696s] -- Installing: /root/ros2_ws/install/cartographer_ros/include//cartographer_ros/metrics/internal
[166.696s] -- Installing: /root/ros2_ws/install/cartographer_ros/include//cartographer_ros/metrics/internal/counter.h
[166.697s] -- Installing: /root/ros2_ws/install/cartographer_ros/include//cartographer_ros/metrics/internal/histogram.h
[166.697s] -- Installing: /root/ros2_ws/install/cartographer_ros/include//cartographer_ros/metrics/internal/family.h
[166.697s] -- Installing: /root/ros2_ws/install/cartographer_ros/include//cartographer_ros/metrics/internal/gauge.h
[166.698s] -- Installing: /root/ros2_ws/install/cartographer_ros/include//cartographer_ros/metrics/family_factory.h
[166.698s] -- Installing: /root/ros2_ws/install/cartographer_ros/include//cartographer_ros/sensor_bridge.h
[166.698s] -- Installing: /root/ros2_ws/install/cartographer_ros/share/cartographer_ros//configuration_files
[166.700s] -- Installing: /root/ros2_ws/install/cartographer_ros/share/cartographer_ros//configuration_files/transform.lua
[166.700s] -- Installing: /root/ros2_ws/install/cartographer_ros/share/cartographer_ros//configuration_files/visualize_pbstream.lua
[166.700s] -- Installing: /root/ros2_ws/install/cartographer_ros/share/cartographer_ros//configuration_files/taurob_tracker.lua
[166.701s] -- Installing: /root/ros2_ws/install/cartographer_ros/share/cartographer_ros//configuration_files/assets_writer_backpack_3d.lua
[166.701s] -- Installing: /root/ros2_ws/install/cartographer_ros/share/cartographer_ros//configuration_files/demo_2d.rviz
[166.702s] -- Installing: /root/ros2_ws/install/cartographer_ros/share/cartographer_ros//configuration_files/assets_writer_backpack_2d_ci.lua
[166.702s] -- Installing: /root/ros2_ws/install/cartographer_ros/share/cartographer_ros//configuration_files/backpack_2d.lua
[166.703s] -- Installing: /root/ros2_ws/install/cartographer_ros/share/cartographer_ros//configuration_files/backpack_2d_localization.lua
[166.703s] -- Installing: /root/ros2_ws/install/cartographer_ros/share/cartographer_ros//configuration_files/assets_writer_backpack_2d.lua
[166.703s] -- Installing: /root/ros2_ws/install/cartographer_ros/share/cartographer_ros//configuration_files/revo_lds.lua
[166.704s] -- Installing: /root/ros2_ws/install/cartographer_ros/share/cartographer_ros//configuration_files/demo_3d.rviz
[166.704s] -- Installing: /root/ros2_ws/install/cartographer_ros/share/cartographer_ros//configuration_files/assets_writer_ros_map.lua
[166.705s] -- Installing: /root/ros2_ws/install/cartographer_ros/share/cartographer_ros//configuration_files/backpack_3d.lua
[166.705s] -- Installing: /root/ros2_ws/install/cartographer_ros/share/cartographer_ros//configuration_files/mir-100-mapping.lua
[166.705s] -- Installing: /root/ros2_ws/install/cartographer_ros/share/cartographer_ros//configuration_files/backpack_3d_localization.lua
[166.706s] -- Installing: /root/ros2_ws/install/cartographer_ros/share/cartographer_ros//configuration_files/pr2.lua
[166.706s] -- Installing: /root/ros2_ws/install/cartographer_ros/share/cartographer_ros//configuration_files/backpack_2d_localization_evaluation.lua
[166.706s] -- Installing: /root/ros2_ws/install/cartographer_ros/share/cartographer_ros//configuration_files/backpack_2d_server.lua
[166.707s] -- Installing: /root/ros2_ws/install/cartographer_ros/share/cartographer_ros//urdf
[166.707s] -- Installing: /root/ros2_ws/install/cartographer_ros/share/cartographer_ros//urdf/backpack_3d.urdf
[166.707s] -- Installing: /root/ros2_ws/install/cartographer_ros/share/cartographer_ros//urdf/backpack_2d.urdf
[166.708s] -- Installing: /root/ros2_ws/install/cartographer_ros/share/cartographer_ros//urdf/mir-100.urdf
[166.708s] -- Installing: /root/ros2_ws/install/cartographer_ros/share/cartographer_ros//launch
[166.708s] -- Installing: /root/ros2_ws/install/cartographer_ros/share/cartographer_ros//launch/offline_backpack_3d.launch.py
[166.709s] -- Installing: /root/ros2_ws/install/cartographer_ros/share/cartographer_ros//launch/__pycache__
[166.709s] -- Installing: /root/ros2_ws/install/cartographer_ros/share/cartographer_ros//launch/__pycache__/demo_revo_lds.launch.cpython-310.pyc
[166.711s] -- Installing: /root/ros2_ws/install/cartographer_ros/share/cartographer_ros//launch/taurob_tracker.launch.py
[166.711s] -- Installing: /root/ros2_ws/install/cartographer_ros/share/cartographer_ros//launch/demo_taurob_tracker.launch.py
[166.711s] -- Installing: /root/ros2_ws/install/cartographer_ros/share/cartographer_ros//launch/offline_mir_100_rviz.launch.py
[166.712s] -- Installing: /root/ros2_ws/install/cartographer_ros/share/cartographer_ros//launch/assets_writer_backpack_2d.launch.py
[166.712s] -- Installing: /root/ros2_ws/install/cartographer_ros/share/cartographer_ros//launch/offline_backpack_2d.launch.py
[166.712s] -- Installing: /root/ros2_ws/install/cartographer_ros/share/cartographer_ros//launch/demo_backpack_3d.launch.py
[166.713s] -- Installing: /root/ros2_ws/install/cartographer_ros/share/cartographer_ros//launch/backpack_3d.launch.py
[166.713s] -- Installing: /root/ros2_ws/install/cartographer_ros/share/cartographer_ros//launch/grpc_demo_backpack_2d.launch
[166.713s] -- Installing: /root/ros2_ws/install/cartographer_ros/share/cartographer_ros//launch/demo_backpack_3d_localization.launch.py
[166.714s] -- Installing: /root/ros2_ws/install/cartographer_ros/share/cartographer_ros//launch/offline_node.launch.py
[166.714s] -- Installing: /root/ros2_ws/install/cartographer_ros/share/cartographer_ros//launch/backpack_2d.launch.py
[166.714s] -- Installing: /root/ros2_ws/install/cartographer_ros/share/cartographer_ros//launch/assets_writer_backpack_3d.launch.py
[166.715s] -- Installing: /root/ros2_ws/install/cartographer_ros/share/cartographer_ros//launch/demo_backpack_2d.launch.py
[166.715s] -- Installing: /root/ros2_ws/install/cartographer_ros/share/cartographer_ros//launch/assets_writer_ros_map.launch.py
[166.715s] -- Installing: /root/ros2_ws/install/cartographer_ros/share/cartographer_ros//launch/demo_pr2.launch
[166.716s] -- Installing: /root/ros2_ws/install/cartographer_ros/share/cartographer_ros//launch/demo_revo_lds.launch.py
[166.716s] -- Installing: /root/ros2_ws/install/cartographer_ros/share/cartographer_ros//launch/visualize_pbstream.launch.py
[166.716s] -- Installing: /root/ros2_ws/install/cartographer_ros/share/cartographer_ros//launch/demo_backpack_2d_localization.launch.py
[166.717s] -- Installing: /root/ros2_ws/install/cartographer_ros/share/cartographer_ros//launch/grpc_demo_backpack_2d_localization.launch
[166.717s] -- Installing: /root/ros2_ws/install/cartographer_ros/share/cartographer_ros/environment/library_path.sh
[166.718s] -- Installing: /root/ros2_ws/install/cartographer_ros/share/cartographer_ros/environment/library_path.dsv
[166.718s] -- Installing: /root/ros2_ws/install/cartographer_ros/share/ament_index/resource_index/package_run_dependencies/cartographer_ros
[166.719s] -- Installing: /root/ros2_ws/install/cartographer_ros/share/ament_index/resource_index/parent_prefix_path/cartographer_ros
[166.719s] -- Installing: /root/ros2_ws/install/cartographer_ros/share/cartographer_ros/environment/ament_prefix_path.sh
[166.720s] -- Installing: /root/ros2_ws/install/cartographer_ros/share/cartographer_ros/environment/ament_prefix_path.dsv
[166.720s] -- Installing: /root/ros2_ws/install/cartographer_ros/share/cartographer_ros/environment/path.sh
[166.720s] -- Installing: /root/ros2_ws/install/cartographer_ros/share/cartographer_ros/environment/path.dsv
[166.721s] -- Installing: /root/ros2_ws/install/cartographer_ros/share/cartographer_ros/local_setup.bash
[166.721s] -- Installing: /root/ros2_ws/install/cartographer_ros/share/cartographer_ros/local_setup.sh
[166.722s] -- Installing: /root/ros2_ws/install/cartographer_ros/share/cartographer_ros/local_setup.zsh
[166.722s] -- Installing: /root/ros2_ws/install/cartographer_ros/share/cartographer_ros/local_setup.dsv
[166.722s] -- Installing: /root/ros2_ws/install/cartographer_ros/share/cartographer_ros/package.dsv
[166.723s] -- Installing: /root/ros2_ws/install/cartographer_ros/share/ament_index/resource_index/packages/cartographer_ros
[166.723s] -- Installing: /root/ros2_ws/install/cartographer_ros/share/cartographer_ros/cmake/ament_cmake_export_include_directories-extras.cmake
[166.723s] -- Installing: /root/ros2_ws/install/cartographer_ros/share/cartographer_ros/cmake/ament_cmake_export_libraries-extras.cmake
[166.724s] -- Installing: /root/ros2_ws/install/cartographer_ros/share/cartographer_ros/cmake/ament_cmake_export_dependencies-extras.cmake
[166.724s] -- Installing: /root/ros2_ws/install/cartographer_ros/share/cartographer_ros/cmake/cartographer_rosConfig.cmake
[166.725s] -- Installing: /root/ros2_ws/install/cartographer_ros/share/cartographer_ros/cmake/cartographer_rosConfig-version.cmake
[166.725s] -- Installing: /root/ros2_ws/install/cartographer_ros/share/cartographer_ros/package.xml
[166.730s] Invoked command in '/root/ros2_ws/build/cartographer_ros' returned '0': CMAKE_PREFIX_PATH=/root/ros2_ws/install/cartographer_ros_msgs:/root/ros2_ws/install/cartographer:/root/ros2_ws/install/robocar_test_cpp:/root/ros2_ws/install/rplidar_ros:/root/ros2_ws/install/cartographer_rviz:/root/ros2_ws/install/cartographer_ros:/root/ros2_ws/install/Test_FirstPkg:/root/ros2_ws/install/ros2_opencv:/opt/ros/humble LD_LIBRARY_PATH=/root/ros2_ws/install/cartographer_ros_msgs/lib:/root/ros2_ws/install/cartographer_rviz/lib:/root/ros2_ws/install/cartographer_ros/lib:/opt/ros/humble/opt/rviz_ogre_vendor/lib:/opt/ros/humble/lib/x86_64-linux-gnu:/opt/ros/humble/lib /usr/bin/cmake --install /root/ros2_ws/build/cartographer_ros
