[0.153s] Invoking command in '/root/ros2_ws/build/car_launch': CMAKE_PREFIX_PATH=${CMAKE_PREFIX_PATH}:/root/ros2_ws/install/ros2_opencv:/opt/ros/humble /usr/bin/cmake --build /root/ros2_ws/build/car_launch -- -j8 -l8
[2.824s] Invoked command in '/root/ros2_ws/build/car_launch' returned '0': CMAKE_PREFIX_PATH=${CMAKE_PREFIX_PATH}:/root/ros2_ws/install/ros2_opencv:/opt/ros/humble /usr/bin/cmake --build /root/ros2_ws/build/car_launch -- -j8 -l8
[2.979s] Invoking command in '/root/ros2_ws/build/car_launch': CMAKE_PREFIX_PATH=${CMAKE_PREFIX_PATH}:/root/ros2_ws/install/ros2_opencv:/opt/ros/humble /usr/bin/cmake --install /root/ros2_ws/build/car_launch
[3.084s] -- Install configuration: ""
[3.086s] -- Up-to-date: /root/ros2_ws/install/car_launch/share/car_launch//launch
[3.087s] -- Up-to-date: /root/ros2_ws/install/car_launch/share/car_launch//launch/car_launch.launch.py
[3.087s] -- Up-to-date: /root/ros2_ws/install/car_launch/share/ament_index/resource_index/package_run_dependencies/car_launch
[3.087s] -- Up-to-date: /root/ros2_ws/install/car_launch/share/ament_index/resource_index/parent_prefix_path/car_launch
[3.088s] -- Up-to-date: /root/ros2_ws/install/car_launch/share/car_launch/environment/ament_prefix_path.sh
[3.089s] -- Up-to-date: /root/ros2_ws/install/car_launch/share/car_launch/environment/ament_prefix_path.dsv
[3.090s] -- Up-to-date: /root/ros2_ws/install/car_launch/share/car_launch/environment/path.sh
[3.091s] -- Up-to-date: /root/ros2_ws/install/car_launch/share/car_launch/environment/path.dsv
[3.091s] -- Up-to-date: /root/ros2_ws/install/car_launch/share/car_launch/local_setup.bash
[3.091s] -- Up-to-date: /root/ros2_ws/install/car_launch/share/car_launch/local_setup.sh
[3.091s] -- Up-to-date: /root/ros2_ws/install/car_launch/share/car_launch/local_setup.zsh
[3.092s] -- Up-to-date: /root/ros2_ws/install/car_launch/share/car_launch/local_setup.dsv
[3.092s] -- Installing: /root/ros2_ws/install/car_launch/share/car_launch/package.dsv
[3.092s] -- Up-to-date: /root/ros2_ws/install/car_launch/share/ament_index/resource_index/packages/car_launch
[3.092s] -- Up-to-date: /root/ros2_ws/install/car_launch/share/car_launch/cmake/car_launchConfig.cmake
[3.093s] -- Up-to-date: /root/ros2_ws/install/car_launch/share/car_launch/cmake/car_launchConfig-version.cmake
[3.093s] -- Up-to-date: /root/ros2_ws/install/car_launch/share/car_launch/package.xml
[3.104s] Invoked command in '/root/ros2_ws/build/car_launch' returned '0': CMAKE_PREFIX_PATH=${CMAKE_PREFIX_PATH}:/root/ros2_ws/install/ros2_opencv:/opt/ros/humble /usr/bin/cmake --install /root/ros2_ws/build/car_launch
