[0.131s] Invoking command in '/root/ros2_ws/build/cartographer': CMAKE_PREFIX_PATH=${CMAKE_PREFIX_PATH}:/root/ros2_ws/install/ros2_opencv:/opt/ros/humble /usr/bin/cmake --build /root/ros2_ws/build/cartographer -- -j8 -l8
[1.932s] [  0%] [34m[1mBuilding documentation.[0m
[1.932s] [  1%] Built target gtest
[1.933s] [  1%] Built target cartographer_detect_changes
[1.935s] [  2%] Built target gmock
[1.935s] [  2%] Built target gmock_main
[2.070s] [ 55%] Built target cartographer
[2.304s] [ 56%] Built target cartographer_pbstream
[2.324s] [ 56%] Built target cartographer_print_configuration
[2.427s] [ 56%] Built target cartographer_compute_relations_metrics
[2.438s] [ 57%] Built target cartographer_autogenerate_ground_truth
[2.461s] [01mRunning Sphinx v4.3.2[39;49;00m
[2.487s] [ 58%] Built target cartographer_test_library
[2.773s] [ 59%] Built target cartographer.common.fixed_ratio_sampler_test
[2.791s] [ 59%] Built target cartographer.common.internal.blocking_queue_test
[2.824s] [ 59%] Built target cartographer.common.task_test
[2.866s] [ 60%] Built target cartographer.common.configuration_files_test
[2.875s] [ 60%] Built target cartographer.common.internal.rate_timer_test
[2.890s] [ 60%] Built target cartographer.common.lua_parameter_dictionary_test
[2.966s] [ 61%] Built target cartographer.common.math_test
[3.105s] [ 62%] Built target cartographer.common.thread_pool_test
[3.130s] [ 62%] Built target cartographer.io.fake_file_writer_test
[3.179s] [ 63%] Built target cartographer.io.internal.in_memory_proto_stream_test
[3.234s] [ 63%] Built target cartographer.io.points_processor_pipeline_builder_test
[3.236s] [ 64%] Built target cartographer.io.proto_stream_test
[3.256s] [ 64%] Built target cartographer.io.proto_stream_deserializer_test
[3.368s] [ 65%] Built target cartographer.io.probability_grid_points_processor_test
[3.460s] [ 66%] Built target cartographer.mapping.2d.map_limits_test
[3.509s] [ 66%] Built target cartographer.mapping.2d.submap_2d_test
[3.528s] [ 66%] Built target cartographer.io.serialization_format_migration_test
[3.539s] [ 66%] Built target cartographer.mapping.2d.probability_grid_test
[3.549s] [ 67%] Built target cartographer.mapping.2d.range_data_inserter_2d_test
[3.561s] [ 68%] Built target cartographer.mapping.2d.xy_index_test
[3.659s] [ 68%] Built target cartographer.mapping.3d.hybrid_grid_test
[3.775s] [ 69%] Built target cartographer.mapping.id_test
[3.800s] [ 69%] Built target cartographer.mapping.internal.2d.overlapping_submaps_trimmer_2d_test
[3.867s] [ 70%] Built target cartographer.mapping.internal.2d.normal_estimation_2d_test
[3.903s] [ 70%] Built target cartographer.mapping.imu_tracker_test
[3.926s] [ 70%] Built target cartographer.mapping.3d.submap_3d_test
[3.926s] [ 71%] Built target cartographer.mapping.3d.range_data_inserter_3d_test
[4.049s] [ 72%] Built target cartographer.mapping.internal.2d.pose_graph_2d_test
[4.094s] [ 72%] Built target cartographer.mapping.internal.2d.ray_to_pixel_mask_test
[4.223s] [ 73%] Built target cartographer.mapping.internal.2d.scan_matching.fast_correlative_scan_matcher_2d_test
[4.239s] [ 74%] Built target cartographer.mapping.internal.2d.scan_matching.ceres_scan_matcher_2d_test
[4.252s] [ 74%] Built target cartographer.mapping.internal.2d.scan_matching.occupied_space_cost_function_2d_test
[4.284s] [01mloading pickled environment... [39;49;00m[ 75%] Built target cartographer.mapping.internal.2d.scan_matching.interpolated_tsdf_2d_test
[4.309s] done
[4.331s] [ 75%] Built target cartographer.mapping.internal.2d.scan_matching.correlative_scan_matcher_test
[4.361s] [01mbuilding [mo]: [39;49;00mtargets for 0 po files that are out of date
[4.361s] [01mbuilding [html]: [39;49;00mtargets for 0 source files that are out of date
[4.361s] [ 75%] Built target cartographer.mapping.internal.2d.scan_matching.tsdf_match_cost_function_2d_test
[4.384s] [01mupdating environment: [39;49;00m0 added, 0 changed, 0 removed
[4.385s] [01mlooking for now-outdated files... [39;49;00mnone found
[4.385s] [01mno targets are out of date.[39;49;00m
[4.386s] [01mbuild succeeded.[39;49;00m
[4.387s] 
[4.412s] The HTML pages are in html.
[4.412s] [ 76%] Built target cartographer.mapping.internal.2d.scan_matching.real_time_correlative_scan_matcher_2d_test
[4.504s] [ 77%] Built target cartographer.mapping.internal.2d.tsd_value_converter_test
[4.505s] [ 77%] Built target cartographer.mapping.internal.2d.tsdf_2d_test
[4.545s] [ 77%] Built target cartographer.mapping.internal.3d.local_trajectory_builder_3d_test
[4.597s] [ 77%] Built target cartographer.mapping.internal.3d.rotation_parameterization_test
[4.662s] [ 78%] Built target cartographer.mapping.internal.2d.tsdf_range_data_inserter_2d_test
[4.663s] [ 79%] Built target cartographer.mapping.internal.3d.scan_matching.ceres_scan_matcher_3d_test
[4.701s] [ 80%] Built target cartographer.mapping.internal.3d.pose_graph_3d_test
[4.819s] [ 80%] Built target cartographer.mapping.internal.3d.scan_matching.interpolated_grid_test
[4.838s] [ 81%] Built target cartographer.mapping.internal.3d.scan_matching.intensity_cost_function_3d_test
[4.893s] [ 81%] Built target cartographer.mapping.internal.3d.scan_matching.real_time_correlative_scan_matcher_3d_test
[4.894s] [ 81%] Built target cartographer.mapping.internal.3d.scan_matching.rotational_scan_matcher_test
[4.910s] [ 82%] Built target cartographer.mapping.internal.3d.scan_matching.rotation_delta_cost_functor_3d_test
[4.924s] [ 82%] Built target cartographer.mapping.internal.3d.scan_matching.fast_correlative_scan_matcher_3d_test
[4.967s] [ 83%] Built target cartographer.mapping.internal.3d.scan_matching.precomputation_grid_3d_test
[5.080s] [ 83%] Built target cartographer.mapping.internal.constraints.constraint_builder_2d_test
[5.102s] [ 84%] Built target cartographer.mapping.internal.connected_components_test
[5.107s] [ 84%] Built target cartographer.mapping.internal.motion_filter_test
[5.205s] [ 84%] Built target cartographer.mapping.internal.optimization.cost_functions.landmark_cost_function_3d_test
[5.281s] [ 86%] Built target cartographer.mapping.internal.optimization.cost_functions.landmark_cost_function_2d_test
[5.285s] [ 86%] Built target cartographer.mapping.internal.constraints.constraint_builder_3d_test
[5.308s] [ 86%] Built target cartographer.mapping.internal.optimization.optimization_problem_3d_test
[5.371s] [ 87%] Built target cartographer.mapping.internal.optimization.cost_functions.spa_cost_function_2d_test
[5.408s] [ 87%] Built target build_doc
[5.460s] [ 88%] Built target cartographer.mapping.internal.range_data_collator_test
[5.481s] [ 88%] Built target cartographer.mapping.internal.trajectory_connectivity_state_test
[5.498s] [ 89%] Built target cartographer.mapping.map_builder_test
[5.586s] [ 89%] Built target cartographer.mapping.pose_graph_trimmer_test
[5.608s] [ 89%] Built target cartographer.mapping.pose_extrapolator_test
[5.636s] [ 90%] Built target cartographer.mapping.probability_values_test
[5.756s] [ 90%] Built target cartographer.mapping.submaps_test
[5.765s] [ 90%] Built target cartographer.mapping.value_conversion_tables_test
[5.779s] [ 91%] Built target cartographer.mapping.pose_graph_test
[5.786s] [ 92%] Built target cartographer.mapping.trajectory_node_test
[5.814s] [ 93%] Built target cartographer.sensor.compressed_point_cloud_test
[5.853s] [ 94%] Built target cartographer.sensor.internal.ordered_multi_queue_test
[5.944s] [ 95%] Built target cartographer.sensor.point_cloud_test
[5.987s] [ 96%] Built target cartographer.sensor.internal.trajectory_collator_test
[6.023s] [ 96%] Built target cartographer.sensor.internal.voxel_filter_test
[6.053s] [ 96%] Built target cartographer.sensor.internal.collator_test
[6.090s] [ 96%] Built target cartographer.sensor.map_by_time_test
[6.105s] [ 97%] Built target cartographer.sensor.landmark_data_test
[6.136s] [ 98%] Built target cartographer.transform.rigid_transform_test
[6.146s] [ 98%] Built target cartographer.sensor.range_data_test
[6.236s] [100%] Built target cartographer.transform.transform_interpolation_buffer_test
[6.250s] [100%] Built target cartographer.transform.timestamped_transform_test
[6.275s] [100%] Built target cartographer.transform.transform_test
[6.355s] Invoked command in '/root/ros2_ws/build/cartographer' returned '0': CMAKE_PREFIX_PATH=${CMAKE_PREFIX_PATH}:/root/ros2_ws/install/ros2_opencv:/opt/ros/humble /usr/bin/cmake --build /root/ros2_ws/build/cartographer -- -j8 -l8
[6.360s] Invoking command in '/root/ros2_ws/build/cartographer': CMAKE_PREFIX_PATH=${CMAKE_PREFIX_PATH}:/root/ros2_ws/install/ros2_opencv:/opt/ros/humble /usr/bin/cmake --install /root/ros2_ws/build/cartographer
[6.401s] -- Install configuration: "Release"
[6.401s] -- Up-to-date: /root/ros2_ws/install/cartographer/share/cartographer/package.xml
[6.402s] -- Up-to-date: /root/ros2_ws/install/cartographer/share/cartographer//configuration_files
[6.402s] -- Up-to-date: /root/ros2_ws/install/cartographer/share/cartographer//configuration_files/trajectory_builder_3d.lua
[6.403s] -- Up-to-date: /root/ros2_ws/install/cartographer/share/cartographer//configuration_files/map_builder_server.lua
[6.404s] -- Up-to-date: /root/ros2_ws/install/cartographer/share/cartographer//configuration_files/trajectory_builder_2d.lua
[6.409s] -- Up-to-date: /root/ros2_ws/install/cartographer/share/cartographer//configuration_files/trajectory_builder.lua
[6.410s] -- Up-to-date: /root/ros2_ws/install/cartographer/share/cartographer//configuration_files/map_builder.lua
[6.410s] -- Up-to-date: /root/ros2_ws/install/cartographer/share/cartographer//configuration_files/laser_2d.lua
[6.410s] -- Up-to-date: /root/ros2_ws/install/cartographer/share/cartographer//configuration_files/pose_graph.lua
[6.411s] -- Up-to-date: /root/ros2_ws/install/cartographer/share/cartographer//cmake
[6.411s] -- Up-to-date: /root/ros2_ws/install/cartographer/share/cartographer//cmake/modules
[6.412s] -- Up-to-date: /root/ros2_ws/install/cartographer/share/cartographer//cmake/modules/FindSphinx.cmake
[6.413s] -- Up-to-date: /root/ros2_ws/install/cartographer/share/cartographer//cmake/modules/FindLuaGoogle.cmake
[6.413s] -- Up-to-date: /root/ros2_ws/install/cartographer/share/cartographer//cmake/modules/FindGMock.cmake
[6.414s] -- Up-to-date: /root/ros2_ws/install/cartographer/share/cartographer//cmake/modules/FindEigen3.cmake
[6.414s] -- Up-to-date: /root/ros2_ws/install/cartographer/share/cartographer//cmake/functions.cmake
[6.414s] -- Up-to-date: /root/ros2_ws/install/cartographer/bin/cartographer_autogenerate_ground_truth
[6.415s] -- Up-to-date: /root/ros2_ws/install/cartographer/bin/cartographer_compute_relations_metrics
[6.415s] -- Up-to-date: /root/ros2_ws/install/cartographer/bin/cartographer_pbstream
[6.415s] -- Up-to-date: /root/ros2_ws/install/cartographer/bin/cartographer_print_configuration
[6.416s] -- Up-to-date: /root/ros2_ws/install/cartographer/lib/libcartographer.a
[6.417s] -- Up-to-date: /root/ros2_ws/install/cartographer/include/cartographer/common/configuration_file_resolver.h
[6.417s] -- Up-to-date: /root/ros2_ws/install/cartographer/include/cartographer/common/fixed_ratio_sampler.h
[6.419s] -- Up-to-date: /root/ros2_ws/install/cartographer/include/cartographer/common/histogram.h
[6.420s] -- Up-to-date: /root/ros2_ws/install/cartographer/include/cartographer/common/lua.h
[6.420s] -- Up-to-date: /root/ros2_ws/install/cartographer/include/cartographer/common/lua_parameter_dictionary.h
[6.421s] -- Up-to-date: /root/ros2_ws/install/cartographer/include/cartographer/common/math.h
[6.421s] -- Up-to-date: /root/ros2_ws/install/cartographer/include/cartographer/common/port.h
[6.422s] -- Up-to-date: /root/ros2_ws/install/cartographer/include/cartographer/common/task.h
[6.422s] -- Up-to-date: /root/ros2_ws/install/cartographer/include/cartographer/common/thread_pool.h
[6.423s] -- Up-to-date: /root/ros2_ws/install/cartographer/include/cartographer/common/time.h
[6.424s] -- Up-to-date: /root/ros2_ws/install/cartographer/include/cartographer/ground_truth/autogenerate_ground_truth.h
[6.425s] -- Up-to-date: /root/ros2_ws/install/cartographer/include/cartographer/ground_truth/relations_text_file.h
[6.425s] -- Up-to-date: /root/ros2_ws/install/cartographer/include/cartographer/io/color.h
[6.425s] -- Up-to-date: /root/ros2_ws/install/cartographer/include/cartographer/io/coloring_points_processor.h
[6.426s] -- Up-to-date: /root/ros2_ws/install/cartographer/include/cartographer/io/counting_points_processor.h
[6.426s] -- Up-to-date: /root/ros2_ws/install/cartographer/include/cartographer/io/draw_trajectories.h
[6.427s] -- Up-to-date: /root/ros2_ws/install/cartographer/include/cartographer/io/file_writer.h
[6.427s] -- Up-to-date: /root/ros2_ws/install/cartographer/include/cartographer/io/fixed_ratio_sampling_points_processor.h
[6.427s] -- Up-to-date: /root/ros2_ws/install/cartographer/include/cartographer/io/frame_id_filtering_points_processor.h
[6.428s] -- Up-to-date: /root/ros2_ws/install/cartographer/include/cartographer/io/hybrid_grid_points_processor.h
[6.428s] -- Up-to-date: /root/ros2_ws/install/cartographer/include/cartographer/io/image.h
[6.428s] -- Up-to-date: /root/ros2_ws/install/cartographer/include/cartographer/io/intensity_to_color_points_processor.h
[6.429s] -- Up-to-date: /root/ros2_ws/install/cartographer/include/cartographer/io/min_max_range_filtering_points_processor.h
[6.429s] -- Up-to-date: /root/ros2_ws/install/cartographer/include/cartographer/io/null_points_processor.h
[6.429s] -- Up-to-date: /root/ros2_ws/install/cartographer/include/cartographer/io/outlier_removing_points_processor.h
[6.429s] -- Up-to-date: /root/ros2_ws/install/cartographer/include/cartographer/io/pcd_writing_points_processor.h
[6.430s] -- Up-to-date: /root/ros2_ws/install/cartographer/include/cartographer/io/ply_writing_points_processor.h
[6.430s] -- Up-to-date: /root/ros2_ws/install/cartographer/include/cartographer/io/points_batch.h
[6.430s] -- Up-to-date: /root/ros2_ws/install/cartographer/include/cartographer/io/points_processor.h
[6.431s] -- Up-to-date: /root/ros2_ws/install/cartographer/include/cartographer/io/points_processor_pipeline_builder.h
[6.431s] -- Up-to-date: /root/ros2_ws/install/cartographer/include/cartographer/io/probability_grid_points_processor.h
[6.431s] -- Up-to-date: /root/ros2_ws/install/cartographer/include/cartographer/io/proto_stream.h
[6.432s] -- Up-to-date: /root/ros2_ws/install/cartographer/include/cartographer/io/proto_stream_deserializer.h
[6.432s] -- Up-to-date: /root/ros2_ws/install/cartographer/include/cartographer/io/proto_stream_interface.h
[6.432s] -- Up-to-date: /root/ros2_ws/install/cartographer/include/cartographer/io/serialization_format_migration.h
[6.433s] -- Up-to-date: /root/ros2_ws/install/cartographer/include/cartographer/io/submap_painter.h
[6.433s] -- Up-to-date: /root/ros2_ws/install/cartographer/include/cartographer/io/vertical_range_filtering_points_processor.h
[6.434s] -- Up-to-date: /root/ros2_ws/install/cartographer/include/cartographer/io/xray_points_processor.h
[6.435s] -- Up-to-date: /root/ros2_ws/install/cartographer/include/cartographer/io/xyz_writing_points_processor.h
[6.436s] -- Up-to-date: /root/ros2_ws/install/cartographer/include/cartographer/mapping/2d/grid_2d.h
[6.436s] -- Up-to-date: /root/ros2_ws/install/cartographer/include/cartographer/mapping/2d/map_limits.h
[6.437s] -- Up-to-date: /root/ros2_ws/install/cartographer/include/cartographer/mapping/2d/probability_grid.h
[6.437s] -- Up-to-date: /root/ros2_ws/install/cartographer/include/cartographer/mapping/2d/probability_grid_range_data_inserter_2d.h
[6.438s] -- Up-to-date: /root/ros2_ws/install/cartographer/include/cartographer/mapping/2d/submap_2d.h
[6.439s] -- Up-to-date: /root/ros2_ws/install/cartographer/include/cartographer/mapping/2d/xy_index.h
[6.439s] -- Up-to-date: /root/ros2_ws/install/cartographer/include/cartographer/mapping/3d/hybrid_grid.h
[6.439s] -- Up-to-date: /root/ros2_ws/install/cartographer/include/cartographer/mapping/3d/range_data_inserter_3d.h
[6.439s] -- Up-to-date: /root/ros2_ws/install/cartographer/include/cartographer/mapping/3d/submap_3d.h
[6.440s] -- Up-to-date: /root/ros2_ws/install/cartographer/include/cartographer/mapping/detect_floors.h
[6.440s] -- Up-to-date: /root/ros2_ws/install/cartographer/include/cartographer/mapping/grid_interface.h
[6.440s] -- Up-to-date: /root/ros2_ws/install/cartographer/include/cartographer/mapping/id.h
[6.440s] -- Up-to-date: /root/ros2_ws/install/cartographer/include/cartographer/mapping/imu_tracker.h
[6.441s] -- Up-to-date: /root/ros2_ws/install/cartographer/include/cartographer/mapping/map_builder.h
[6.441s] -- Up-to-date: /root/ros2_ws/install/cartographer/include/cartographer/mapping/map_builder_interface.h
[6.441s] -- Up-to-date: /root/ros2_ws/install/cartographer/include/cartographer/mapping/pose_extrapolator.h
[6.441s] -- Up-to-date: /root/ros2_ws/install/cartographer/include/cartographer/mapping/pose_extrapolator_interface.h
[6.442s] -- Up-to-date: /root/ros2_ws/install/cartographer/include/cartographer/mapping/pose_graph.h
[6.442s] -- Up-to-date: /root/ros2_ws/install/cartographer/include/cartographer/mapping/pose_graph_interface.h
[6.442s] -- Up-to-date: /root/ros2_ws/install/cartographer/include/cartographer/mapping/pose_graph_trimmer.h
[6.443s] -- Up-to-date: /root/ros2_ws/install/cartographer/include/cartographer/mapping/probability_values.h
[6.443s] -- Up-to-date: /root/ros2_ws/install/cartographer/include/cartographer/mapping/range_data_inserter_interface.h
[6.444s] -- Up-to-date: /root/ros2_ws/install/cartographer/include/cartographer/mapping/submaps.h
[6.444s] -- Up-to-date: /root/ros2_ws/install/cartographer/include/cartographer/mapping/trajectory_builder_interface.h
[6.444s] -- Up-to-date: /root/ros2_ws/install/cartographer/include/cartographer/mapping/trajectory_node.h
[6.445s] -- Up-to-date: /root/ros2_ws/install/cartographer/include/cartographer/mapping/value_conversion_tables.h
[6.446s] -- Up-to-date: /root/ros2_ws/install/cartographer/include/cartographer/metrics/counter.h
[6.447s] -- Up-to-date: /root/ros2_ws/install/cartographer/include/cartographer/metrics/family_factory.h
[6.447s] -- Up-to-date: /root/ros2_ws/install/cartographer/include/cartographer/metrics/gauge.h
[6.447s] -- Up-to-date: /root/ros2_ws/install/cartographer/include/cartographer/metrics/histogram.h
[6.447s] -- Up-to-date: /root/ros2_ws/install/cartographer/include/cartographer/metrics/register.h
[6.448s] -- Up-to-date: /root/ros2_ws/install/cartographer/include/cartographer/sensor/collator_interface.h
[6.448s] -- Up-to-date: /root/ros2_ws/install/cartographer/include/cartographer/sensor/compressed_point_cloud.h
[6.448s] -- Up-to-date: /root/ros2_ws/install/cartographer/include/cartographer/sensor/data.h
[6.448s] -- Up-to-date: /root/ros2_ws/install/cartographer/include/cartographer/sensor/fixed_frame_pose_data.h
[6.449s] -- Up-to-date: /root/ros2_ws/install/cartographer/include/cartographer/sensor/imu_data.h
[6.449s] -- Up-to-date: /root/ros2_ws/install/cartographer/include/cartographer/sensor/landmark_data.h
[6.449s] -- Up-to-date: /root/ros2_ws/install/cartographer/include/cartographer/sensor/map_by_time.h
[6.452s] -- Up-to-date: /root/ros2_ws/install/cartographer/include/cartographer/sensor/odometry_data.h
[6.456s] -- Up-to-date: /root/ros2_ws/install/cartographer/include/cartographer/sensor/point_cloud.h
[6.456s] -- Up-to-date: /root/ros2_ws/install/cartographer/include/cartographer/sensor/range_data.h
[6.457s] -- Up-to-date: /root/ros2_ws/install/cartographer/include/cartographer/sensor/rangefinder_point.h
[6.457s] -- Up-to-date: /root/ros2_ws/install/cartographer/include/cartographer/sensor/timed_point_cloud_data.h
[6.458s] -- Up-to-date: /root/ros2_ws/install/cartographer/include/cartographer/transform/rigid_transform.h
[6.458s] -- Up-to-date: /root/ros2_ws/install/cartographer/include/cartographer/transform/timestamped_transform.h
[6.458s] -- Up-to-date: /root/ros2_ws/install/cartographer/include/cartographer/transform/transform.h
[6.458s] -- Up-to-date: /root/ros2_ws/install/cartographer/include/cartographer/transform/transform_interpolation_buffer.h
[6.458s] -- Up-to-date: /root/ros2_ws/install/cartographer/include/cartographer/io/fake_file_writer.h
[6.459s] -- Up-to-date: /root/ros2_ws/install/cartographer/include/cartographer/transform/rigid_transform_test_helpers.h
[6.462s] -- Up-to-date: /root/ros2_ws/install/cartographer/include/cartographer/common/proto/ceres_solver_options.pb.h
[6.463s] -- Up-to-date: /root/ros2_ws/install/cartographer/include/cartographer/ground_truth/proto/relations.pb.h
[6.463s] -- Up-to-date: /root/ros2_ws/install/cartographer/include/cartographer/mapping/proto/cell_limits_2d.pb.h
[6.463s] -- Up-to-date: /root/ros2_ws/install/cartographer/include/cartographer/mapping/proto/connected_components.pb.h
[6.464s] -- Up-to-date: /root/ros2_ws/install/cartographer/include/cartographer/mapping/proto/grid_2d.pb.h
[6.464s] -- Up-to-date: /root/ros2_ws/install/cartographer/include/cartographer/mapping/proto/grid_2d_options.pb.h
[6.464s] -- Up-to-date: /root/ros2_ws/install/cartographer/include/cartographer/mapping/proto/hybrid_grid.pb.h
[6.464s] -- Up-to-date: /root/ros2_ws/install/cartographer/include/cartographer/mapping/proto/local_trajectory_builder_options_2d.pb.h
[6.464s] -- Up-to-date: /root/ros2_ws/install/cartographer/include/cartographer/mapping/proto/local_trajectory_builder_options_3d.pb.h
[6.465s] -- Up-to-date: /root/ros2_ws/install/cartographer/include/cartographer/mapping/proto/map_builder_options.pb.h
[6.465s] -- Up-to-date: /root/ros2_ws/install/cartographer/include/cartographer/mapping/proto/map_limits.pb.h
[6.465s] -- Up-to-date: /root/ros2_ws/install/cartographer/include/cartographer/mapping/proto/motion_filter_options.pb.h
[6.466s] -- Up-to-date: /root/ros2_ws/install/cartographer/include/cartographer/mapping/proto/normal_estimation_options_2d.pb.h
[6.466s] -- Up-to-date: /root/ros2_ws/install/cartographer/include/cartographer/mapping/proto/pose_extrapolator_options.pb.h
[6.470s] -- Up-to-date: /root/ros2_ws/install/cartographer/include/cartographer/mapping/proto/pose_graph.pb.h
[6.471s] -- Up-to-date: /root/ros2_ws/install/cartographer/include/cartographer/mapping/proto/pose_graph/constraint_builder_options.pb.h
[6.472s] -- Up-to-date: /root/ros2_ws/install/cartographer/include/cartographer/mapping/proto/pose_graph/optimization_problem_options.pb.h
[6.472s] -- Up-to-date: /root/ros2_ws/install/cartographer/include/cartographer/mapping/proto/pose_graph_options.pb.h
[6.476s] -- Up-to-date: /root/ros2_ws/install/cartographer/include/cartographer/mapping/proto/probability_grid.pb.h
[6.476s] -- Up-to-date: /root/ros2_ws/install/cartographer/include/cartographer/mapping/proto/probability_grid_range_data_inserter_options_2d.pb.h
[6.477s] -- Up-to-date: /root/ros2_ws/install/cartographer/include/cartographer/mapping/proto/range_data_inserter_options.pb.h
[6.477s] -- Up-to-date: /root/ros2_ws/install/cartographer/include/cartographer/mapping/proto/range_data_inserter_options_3d.pb.h
[6.477s] -- Up-to-date: /root/ros2_ws/install/cartographer/include/cartographer/mapping/proto/scan_matching/ceres_scan_matcher_options_2d.pb.h
[6.478s] -- Up-to-date: /root/ros2_ws/install/cartographer/include/cartographer/mapping/proto/scan_matching/ceres_scan_matcher_options_3d.pb.h
[6.478s] -- Up-to-date: /root/ros2_ws/install/cartographer/include/cartographer/mapping/proto/scan_matching/fast_correlative_scan_matcher_options_2d.pb.h
[6.479s] -- Up-to-date: /root/ros2_ws/install/cartographer/include/cartographer/mapping/proto/scan_matching/fast_correlative_scan_matcher_options_3d.pb.h
[6.479s] -- Up-to-date: /root/ros2_ws/install/cartographer/include/cartographer/mapping/proto/scan_matching/real_time_correlative_scan_matcher_options.pb.h
[6.479s] -- Up-to-date: /root/ros2_ws/install/cartographer/include/cartographer/mapping/proto/serialization.pb.h
[6.480s] -- Up-to-date: /root/ros2_ws/install/cartographer/include/cartographer/mapping/proto/submap.pb.h
[6.480s] -- Up-to-date: /root/ros2_ws/install/cartographer/include/cartographer/mapping/proto/submap_visualization.pb.h
[6.481s] -- Up-to-date: /root/ros2_ws/install/cartographer/include/cartographer/mapping/proto/submaps_options_2d.pb.h
[6.481s] -- Up-to-date: /root/ros2_ws/install/cartographer/include/cartographer/mapping/proto/submaps_options_3d.pb.h
[6.481s] -- Up-to-date: /root/ros2_ws/install/cartographer/include/cartographer/mapping/proto/trajectory.pb.h
[6.482s] -- Up-to-date: /root/ros2_ws/install/cartographer/include/cartographer/mapping/proto/trajectory_builder_options.pb.h
[6.482s] -- Up-to-date: /root/ros2_ws/install/cartographer/include/cartographer/mapping/proto/trajectory_node_data.pb.h
[6.483s] -- Up-to-date: /root/ros2_ws/install/cartographer/include/cartographer/mapping/proto/tsdf_2d.pb.h
[6.483s] -- Up-to-date: /root/ros2_ws/install/cartographer/include/cartographer/mapping/proto/tsdf_range_data_inserter_options_2d.pb.h
[6.483s] -- Up-to-date: /root/ros2_ws/install/cartographer/include/cartographer/sensor/proto/adaptive_voxel_filter_options.pb.h
[6.483s] -- Up-to-date: /root/ros2_ws/install/cartographer/include/cartographer/sensor/proto/sensor.pb.h
[6.484s] -- Up-to-date: /root/ros2_ws/install/cartographer/include/cartographer/transform/proto/timestamped_transform.pb.h
[6.484s] -- Up-to-date: /root/ros2_ws/install/cartographer/include/cartographer/transform/proto/transform.pb.h
[6.484s] -- Up-to-date: /root/ros2_ws/install/cartographer/share/cartographer/cmake/CartographerTargets.cmake
[6.484s] -- Up-to-date: /root/ros2_ws/install/cartographer/share/cartographer/cmake/CartographerTargets-release.cmake
[6.485s] -- Up-to-date: /root/ros2_ws/install/cartographer/share/cartographer/cartographer-config.cmake
[6.485s] Invoked command in '/root/ros2_ws/build/cartographer' returned '0': CMAKE_PREFIX_PATH=${CMAKE_PREFIX_PATH}:/root/ros2_ws/install/ros2_opencv:/opt/ros/humble /usr/bin/cmake --install /root/ros2_ws/build/cartographer
