[0.093s] Invoking command in '/root/ros2_ws/build/cartographer': CMAKE_PREFIX_PATH=${CMAKE_PREFIX_PATH}:/root/ros2_ws/install/ros2_opencv:/opt/ros/humble /usr/bin/cmake --build /root/ros2_ws/build/cartographer -- -j8 -l8
[1.358s] [  1%] Built target gtest
[1.359s] [  1%] [34m[1mBuilding documentation.[0m
[1.359s] [  1%] Built target cartographer_detect_changes
[1.359s] [  2%] Built target gmock
[1.359s] [  2%] Built target gmock_main
[1.867s] [ 55%] Built target cartographer
[2.165s] [ 55%] Built target cartographer_compute_relations_metrics
[2.287s] [ 56%] Built target cartographer_pbstream
[2.448s] [ 56%] Built target cartographer_print_configuration
[2.547s] [ 57%] Built target cartographer_autogenerate_ground_truth
[2.581s] [ 58%] Built target cartographer_test_library
[2.590s] [ 58%] Built target cartographer.common.lua_parameter_dictionary_test
[2.591s] [ 58%] Built target cartographer.common.task_test
[2.595s] [ 59%] Built target cartographer.common.internal.rate_timer_test
[2.595s] [ 60%] Built target cartographer.common.fixed_ratio_sampler_test
[2.595s] [ 61%] Built target cartographer.common.math_test
[2.596s] [ 61%] Built target cartographer.common.internal.blocking_queue_test
[2.596s] [ 61%] Built target cartographer.common.configuration_files_test
[2.609s] [ 62%] Built target cartographer.common.thread_pool_test
[2.612s] [ 62%] Built target cartographer.io.fake_file_writer_test
[2.626s] [ 63%] Built target cartographer.io.proto_stream_test
[2.644s] [01mRunning Sphinx v4.3.2[39;49;00m
[2.646s] [ 64%] Built target cartographer.io.internal.in_memory_proto_stream_test
[2.703s] [ 65%] Built target cartographer.io.probability_grid_points_processor_test
[2.788s] [ 65%] Built target cartographer.io.points_processor_pipeline_builder_test
[2.788s] [ 65%] Built target cartographer.io.proto_stream_deserializer_test
[2.792s] [ 65%] Built target cartographer.io.serialization_format_migration_test
[2.852s] [ 66%] Built target cartographer.mapping.2d.range_data_inserter_2d_test
[2.883s] [ 66%] Built target cartographer.mapping.2d.probability_grid_test
[2.883s] [ 67%] Built target cartographer.mapping.2d.map_limits_test
[2.962s] [ 67%] Built target cartographer.mapping.2d.submap_2d_test
[3.006s] [ 68%] Built target cartographer.mapping.2d.xy_index_test
[3.028s] [ 68%] Built target cartographer.mapping.3d.hybrid_grid_test
[3.044s] [ 69%] Built target cartographer.mapping.3d.range_data_inserter_3d_test
[3.083s] [ 69%] Built target cartographer.mapping.imu_tracker_test
[3.094s] [ 69%] Built target cartographer.mapping.3d.submap_3d_test
[3.143s] [ 70%] Built target cartographer.mapping.id_test
[3.178s] [ 70%] Built target cartographer.mapping.internal.2d.overlapping_submaps_trimmer_2d_test
[3.228s] [ 71%] Built target cartographer.mapping.internal.2d.normal_estimation_2d_test
[3.236s] [ 72%] Built target cartographer.mapping.internal.2d.pose_graph_2d_test
[3.248s] [ 72%] Built target cartographer.mapping.internal.2d.ray_to_pixel_mask_test
[3.263s] [ 73%] Built target cartographer.mapping.internal.2d.scan_matching.ceres_scan_matcher_2d_test
[3.275s] [ 73%] Built target cartographer.mapping.internal.2d.scan_matching.correlative_scan_matcher_test
[3.299s] [ 74%] Built target cartographer.mapping.internal.2d.scan_matching.fast_correlative_scan_matcher_2d_test
[3.359s] [ 75%] Built target cartographer.mapping.internal.2d.scan_matching.interpolated_tsdf_2d_test
[3.419s] [ 76%] Built target cartographer.mapping.internal.2d.tsd_value_converter_test
[3.420s] [ 76%] Built target cartographer.mapping.internal.2d.scan_matching.tsdf_match_cost_function_2d_test
[3.437s] [ 77%] Built target cartographer.mapping.internal.2d.scan_matching.real_time_correlative_scan_matcher_2d_test
[3.452s] [ 77%] Built target cartographer.mapping.internal.2d.scan_matching.occupied_space_cost_function_2d_test
[3.455s] [ 78%] Built target cartographer.mapping.internal.2d.tsdf_range_data_inserter_2d_test
[3.469s] [ 78%] Built target cartographer.mapping.internal.2d.tsdf_2d_test
[3.544s] [ 78%] Built target cartographer.mapping.internal.3d.local_trajectory_builder_3d_test
[3.566s] [ 78%] Built target cartographer.mapping.internal.3d.rotation_parameterization_test
[3.620s] [ 79%] Built target cartographer.mapping.internal.3d.scan_matching.ceres_scan_matcher_3d_test
[3.624s] [ 80%] Built target cartographer.mapping.internal.3d.pose_graph_3d_test
[3.647s] [ 80%] Built target cartographer.mapping.internal.3d.scan_matching.fast_correlative_scan_matcher_3d_test
[3.662s] [ 81%] Built target cartographer.mapping.internal.3d.scan_matching.intensity_cost_function_3d_test
[3.675s] [ 81%] Built target cartographer.mapping.internal.3d.scan_matching.interpolated_grid_test
[3.747s] [ 81%] Built target cartographer.mapping.internal.3d.scan_matching.real_time_correlative_scan_matcher_3d_test
[3.773s] [ 82%] Built target cartographer.mapping.internal.3d.scan_matching.precomputation_grid_3d_test
[3.787s] [ 83%] Built target cartographer.mapping.internal.3d.scan_matching.rotation_delta_cost_functor_3d_test
[3.832s] [ 83%] Built target cartographer.mapping.internal.3d.scan_matching.rotational_scan_matcher_test
[3.836s] [ 84%] Built target cartographer.mapping.internal.connected_components_test
[3.875s] [ 84%] Built target cartographer.mapping.internal.constraints.constraint_builder_2d_test
[3.889s] [ 85%] Built target cartographer.mapping.internal.constraints.constraint_builder_3d_test
[3.943s] [ 85%] Built target cartographer.mapping.internal.motion_filter_test
[3.983s] [ 86%] Built target cartographer.mapping.internal.optimization.cost_functions.landmark_cost_function_2d_test
[3.998s] [ 86%] Built target cartographer.mapping.internal.optimization.cost_functions.landmark_cost_function_3d_test
[4.012s] [ 87%] Built target cartographer.mapping.internal.optimization.cost_functions.spa_cost_function_2d_test
[4.018s] [ 88%] Built target cartographer.mapping.internal.range_data_collator_test
[4.062s] [ 88%] Built target cartographer.mapping.internal.optimization.optimization_problem_3d_test
[4.093s] [01mloading pickled environment... [39;49;00mdone
[4.109s] [ 88%] Built target cartographer.mapping.internal.trajectory_connectivity_state_test
[4.113s] [01mbuilding [mo]: [39;49;00mtargets for 0 po files that are out of date
[4.123s] [ 89%] Built target cartographer.mapping.map_builder_test
[4.124s] [01mbuilding [html]: [39;49;00mtargets for 0 source files that are out of date
[4.126s] [01mupdating environment: [39;49;00m0 added, 0 changed, 0 removed
[4.127s] [01mlooking for now-outdated files... [39;49;00mnone found
[4.127s] [01mno targets are out of date.[39;49;00m
[4.127s] [01mbuild succeeded.[39;49;00m
[4.127s] 
[4.128s] The HTML pages are in html.
[4.160s] [ 89%] Built target cartographer.mapping.pose_extrapolator_test
[4.181s] [ 89%] Built target cartographer.mapping.pose_graph_trimmer_test
[4.183s] [ 90%] Built target cartographer.mapping.pose_graph_test
[4.239s] [ 91%] Built target cartographer.mapping.probability_values_test
[4.281s] [ 91%] Built target cartographer.mapping.submaps_test
[4.284s] [ 91%] Built target cartographer.mapping.value_conversion_tables_test
[4.360s] [ 92%] Built target cartographer.mapping.trajectory_node_test
[4.370s] [ 93%] Built target cartographer.sensor.compressed_point_cloud_test
[4.397s] [ 94%] Built target cartographer.sensor.internal.ordered_multi_queue_test
[4.404s] [ 94%] Built target build_doc
[4.415s] [ 94%] Built target cartographer.sensor.internal.collator_test
[4.431s] [ 95%] Built target cartographer.sensor.internal.trajectory_collator_test
[4.478s] [ 96%] Built target cartographer.sensor.landmark_data_test
[4.504s] [ 96%] Built target cartographer.sensor.map_by_time_test
[4.511s] [ 96%] Built target cartographer.sensor.internal.voxel_filter_test
[4.524s] [ 97%] Built target cartographer.sensor.point_cloud_test
[4.559s] [ 98%] Built target cartographer.transform.rigid_transform_test
[4.591s] [100%] Built target cartographer.transform.transform_interpolation_buffer_test
[4.600s] [100%] Built target cartographer.transform.timestamped_transform_test
[4.610s] [100%] Built target cartographer.sensor.range_data_test
[4.617s] [100%] Built target cartographer.transform.transform_test
[4.662s] Invoked command in '/root/ros2_ws/build/cartographer' returned '0': CMAKE_PREFIX_PATH=${CMAKE_PREFIX_PATH}:/root/ros2_ws/install/ros2_opencv:/opt/ros/humble /usr/bin/cmake --build /root/ros2_ws/build/cartographer -- -j8 -l8
[4.668s] Invoking command in '/root/ros2_ws/build/cartographer': CMAKE_PREFIX_PATH=${CMAKE_PREFIX_PATH}:/root/ros2_ws/install/ros2_opencv:/opt/ros/humble /usr/bin/cmake --install /root/ros2_ws/build/cartographer
[4.694s] -- Install configuration: "Release"
[4.694s] -- Up-to-date: /root/ros2_ws/install/cartographer/share/cartographer/package.xml
[4.694s] -- Up-to-date: /root/ros2_ws/install/cartographer/share/cartographer//configuration_files
[4.697s] -- Up-to-date: /root/ros2_ws/install/cartographer/share/cartographer//configuration_files/trajectory_builder_3d.lua
[4.698s] -- Up-to-date: /root/ros2_ws/install/cartographer/share/cartographer//configuration_files/map_builder_server.lua
[4.698s] -- Up-to-date: /root/ros2_ws/install/cartographer/share/cartographer//configuration_files/trajectory_builder_2d.lua
[4.698s] -- Up-to-date: /root/ros2_ws/install/cartographer/share/cartographer//configuration_files/trajectory_builder.lua
[4.699s] -- Up-to-date: /root/ros2_ws/install/cartographer/share/cartographer//configuration_files/map_builder.lua
[4.699s] -- Up-to-date: /root/ros2_ws/install/cartographer/share/cartographer//configuration_files/laser_2d.lua
[4.700s] -- Up-to-date: /root/ros2_ws/install/cartographer/share/cartographer//configuration_files/pose_graph.lua
[4.701s] -- Up-to-date: /root/ros2_ws/install/cartographer/share/cartographer//cmake
[4.701s] -- Up-to-date: /root/ros2_ws/install/cartographer/share/cartographer//cmake/modules
[4.701s] -- Up-to-date: /root/ros2_ws/install/cartographer/share/cartographer//cmake/modules/FindSphinx.cmake
[4.702s] -- Up-to-date: /root/ros2_ws/install/cartographer/share/cartographer//cmake/modules/FindLuaGoogle.cmake
[4.702s] -- Up-to-date: /root/ros2_ws/install/cartographer/share/cartographer//cmake/modules/FindGMock.cmake
[4.703s] -- Up-to-date: /root/ros2_ws/install/cartographer/share/cartographer//cmake/modules/FindEigen3.cmake
[4.704s] -- Up-to-date: /root/ros2_ws/install/cartographer/share/cartographer//cmake/functions.cmake
[4.704s] -- Up-to-date: /root/ros2_ws/install/cartographer/bin/cartographer_autogenerate_ground_truth
[4.706s] -- Up-to-date: /root/ros2_ws/install/cartographer/bin/cartographer_compute_relations_metrics
[4.707s] -- Up-to-date: /root/ros2_ws/install/cartographer/bin/cartographer_pbstream
[4.707s] -- Up-to-date: /root/ros2_ws/install/cartographer/bin/cartographer_print_configuration
[4.707s] -- Up-to-date: /root/ros2_ws/install/cartographer/lib/libcartographer.a
[4.708s] -- Up-to-date: /root/ros2_ws/install/cartographer/include/cartographer/common/configuration_file_resolver.h
[4.708s] -- Up-to-date: /root/ros2_ws/install/cartographer/include/cartographer/common/fixed_ratio_sampler.h
[4.708s] -- Up-to-date: /root/ros2_ws/install/cartographer/include/cartographer/common/histogram.h
[4.708s] -- Up-to-date: /root/ros2_ws/install/cartographer/include/cartographer/common/lua.h
[4.710s] -- Up-to-date: /root/ros2_ws/install/cartographer/include/cartographer/common/lua_parameter_dictionary.h
[4.711s] -- Up-to-date: /root/ros2_ws/install/cartographer/include/cartographer/common/math.h
[4.711s] -- Up-to-date: /root/ros2_ws/install/cartographer/include/cartographer/common/port.h
[4.711s] -- Up-to-date: /root/ros2_ws/install/cartographer/include/cartographer/common/task.h
[4.712s] -- Up-to-date: /root/ros2_ws/install/cartographer/include/cartographer/common/thread_pool.h
[4.712s] -- Up-to-date: /root/ros2_ws/install/cartographer/include/cartographer/common/time.h
[4.712s] -- Up-to-date: /root/ros2_ws/install/cartographer/include/cartographer/ground_truth/autogenerate_ground_truth.h
[4.713s] -- Up-to-date: /root/ros2_ws/install/cartographer/include/cartographer/ground_truth/relations_text_file.h
[4.713s] -- Up-to-date: /root/ros2_ws/install/cartographer/include/cartographer/io/color.h
[4.713s] -- Up-to-date: /root/ros2_ws/install/cartographer/include/cartographer/io/coloring_points_processor.h
[4.718s] -- Up-to-date: /root/ros2_ws/install/cartographer/include/cartographer/io/counting_points_processor.h
[4.721s] -- Up-to-date: /root/ros2_ws/install/cartographer/include/cartographer/io/draw_trajectories.h
[4.721s] -- Up-to-date: /root/ros2_ws/install/cartographer/include/cartographer/io/file_writer.h
[4.722s] -- Up-to-date: /root/ros2_ws/install/cartographer/include/cartographer/io/fixed_ratio_sampling_points_processor.h
[4.722s] -- Up-to-date: /root/ros2_ws/install/cartographer/include/cartographer/io/frame_id_filtering_points_processor.h
[4.723s] -- Up-to-date: /root/ros2_ws/install/cartographer/include/cartographer/io/hybrid_grid_points_processor.h
[4.723s] -- Up-to-date: /root/ros2_ws/install/cartographer/include/cartographer/io/image.h
[4.723s] -- Up-to-date: /root/ros2_ws/install/cartographer/include/cartographer/io/intensity_to_color_points_processor.h
[4.724s] -- Up-to-date: /root/ros2_ws/install/cartographer/include/cartographer/io/min_max_range_filtering_points_processor.h
[4.724s] -- Up-to-date: /root/ros2_ws/install/cartographer/include/cartographer/io/null_points_processor.h
[4.724s] -- Up-to-date: /root/ros2_ws/install/cartographer/include/cartographer/io/outlier_removing_points_processor.h
[4.725s] -- Up-to-date: /root/ros2_ws/install/cartographer/include/cartographer/io/pcd_writing_points_processor.h
[4.725s] -- Up-to-date: /root/ros2_ws/install/cartographer/include/cartographer/io/ply_writing_points_processor.h
[4.725s] -- Up-to-date: /root/ros2_ws/install/cartographer/include/cartographer/io/points_batch.h
[4.726s] -- Up-to-date: /root/ros2_ws/install/cartographer/include/cartographer/io/points_processor.h
[4.726s] -- Up-to-date: /root/ros2_ws/install/cartographer/include/cartographer/io/points_processor_pipeline_builder.h
[4.726s] -- Up-to-date: /root/ros2_ws/install/cartographer/include/cartographer/io/probability_grid_points_processor.h
[4.727s] -- Up-to-date: /root/ros2_ws/install/cartographer/include/cartographer/io/proto_stream.h
[4.727s] -- Up-to-date: /root/ros2_ws/install/cartographer/include/cartographer/io/proto_stream_deserializer.h
[4.727s] -- Up-to-date: /root/ros2_ws/install/cartographer/include/cartographer/io/proto_stream_interface.h
[4.728s] -- Up-to-date: /root/ros2_ws/install/cartographer/include/cartographer/io/serialization_format_migration.h
[4.728s] -- Up-to-date: /root/ros2_ws/install/cartographer/include/cartographer/io/submap_painter.h
[4.728s] -- Up-to-date: /root/ros2_ws/install/cartographer/include/cartographer/io/vertical_range_filtering_points_processor.h
[4.728s] -- Up-to-date: /root/ros2_ws/install/cartographer/include/cartographer/io/xray_points_processor.h
[4.729s] -- Up-to-date: /root/ros2_ws/install/cartographer/include/cartographer/io/xyz_writing_points_processor.h
[4.730s] -- Up-to-date: /root/ros2_ws/install/cartographer/include/cartographer/mapping/2d/grid_2d.h
[4.731s] -- Up-to-date: /root/ros2_ws/install/cartographer/include/cartographer/mapping/2d/map_limits.h
[4.731s] -- Up-to-date: /root/ros2_ws/install/cartographer/include/cartographer/mapping/2d/probability_grid.h
[4.731s] -- Up-to-date: /root/ros2_ws/install/cartographer/include/cartographer/mapping/2d/probability_grid_range_data_inserter_2d.h
[4.732s] -- Up-to-date: /root/ros2_ws/install/cartographer/include/cartographer/mapping/2d/submap_2d.h
[4.733s] -- Up-to-date: /root/ros2_ws/install/cartographer/include/cartographer/mapping/2d/xy_index.h
[4.733s] -- Up-to-date: /root/ros2_ws/install/cartographer/include/cartographer/mapping/3d/hybrid_grid.h
[4.734s] -- Up-to-date: /root/ros2_ws/install/cartographer/include/cartographer/mapping/3d/range_data_inserter_3d.h
[4.737s] -- Up-to-date: /root/ros2_ws/install/cartographer/include/cartographer/mapping/3d/submap_3d.h
[4.738s] -- Up-to-date: /root/ros2_ws/install/cartographer/include/cartographer/mapping/detect_floors.h
[4.738s] -- Up-to-date: /root/ros2_ws/install/cartographer/include/cartographer/mapping/grid_interface.h
[4.739s] -- Up-to-date: /root/ros2_ws/install/cartographer/include/cartographer/mapping/id.h
[4.740s] -- Up-to-date: /root/ros2_ws/install/cartographer/include/cartographer/mapping/imu_tracker.h
[4.740s] -- Up-to-date: /root/ros2_ws/install/cartographer/include/cartographer/mapping/map_builder.h
[4.741s] -- Up-to-date: /root/ros2_ws/install/cartographer/include/cartographer/mapping/map_builder_interface.h
[4.742s] -- Up-to-date: /root/ros2_ws/install/cartographer/include/cartographer/mapping/pose_extrapolator.h
[4.742s] -- Up-to-date: /root/ros2_ws/install/cartographer/include/cartographer/mapping/pose_extrapolator_interface.h
[4.743s] -- Up-to-date: /root/ros2_ws/install/cartographer/include/cartographer/mapping/pose_graph.h
[4.743s] -- Up-to-date: /root/ros2_ws/install/cartographer/include/cartographer/mapping/pose_graph_interface.h
[4.744s] -- Up-to-date: /root/ros2_ws/install/cartographer/include/cartographer/mapping/pose_graph_trimmer.h
[4.745s] -- Up-to-date: /root/ros2_ws/install/cartographer/include/cartographer/mapping/probability_values.h
[4.745s] -- Up-to-date: /root/ros2_ws/install/cartographer/include/cartographer/mapping/range_data_inserter_interface.h
[4.748s] -- Up-to-date: /root/ros2_ws/install/cartographer/include/cartographer/mapping/submaps.h
[4.748s] -- Up-to-date: /root/ros2_ws/install/cartographer/include/cartographer/mapping/trajectory_builder_interface.h
[4.748s] -- Up-to-date: /root/ros2_ws/install/cartographer/include/cartographer/mapping/trajectory_node.h
[4.749s] -- Up-to-date: /root/ros2_ws/install/cartographer/include/cartographer/mapping/value_conversion_tables.h
[4.749s] -- Up-to-date: /root/ros2_ws/install/cartographer/include/cartographer/metrics/counter.h
[4.749s] -- Up-to-date: /root/ros2_ws/install/cartographer/include/cartographer/metrics/family_factory.h
[4.750s] -- Up-to-date: /root/ros2_ws/install/cartographer/include/cartographer/metrics/gauge.h
[4.750s] -- Up-to-date: /root/ros2_ws/install/cartographer/include/cartographer/metrics/histogram.h
[4.750s] -- Up-to-date: /root/ros2_ws/install/cartographer/include/cartographer/metrics/register.h
[4.750s] -- Up-to-date: /root/ros2_ws/install/cartographer/include/cartographer/sensor/collator_interface.h
[4.750s] -- Up-to-date: /root/ros2_ws/install/cartographer/include/cartographer/sensor/compressed_point_cloud.h
[4.751s] -- Up-to-date: /root/ros2_ws/install/cartographer/include/cartographer/sensor/data.h
[4.751s] -- Up-to-date: /root/ros2_ws/install/cartographer/include/cartographer/sensor/fixed_frame_pose_data.h
[4.751s] -- Up-to-date: /root/ros2_ws/install/cartographer/include/cartographer/sensor/imu_data.h
[4.751s] -- Up-to-date: /root/ros2_ws/install/cartographer/include/cartographer/sensor/landmark_data.h
[4.751s] -- Up-to-date: /root/ros2_ws/install/cartographer/include/cartographer/sensor/map_by_time.h
[4.753s] -- Up-to-date: /root/ros2_ws/install/cartographer/include/cartographer/sensor/odometry_data.h
[4.754s] -- Up-to-date: /root/ros2_ws/install/cartographer/include/cartographer/sensor/point_cloud.h
[4.754s] -- Up-to-date: /root/ros2_ws/install/cartographer/include/cartographer/sensor/range_data.h
[4.755s] -- Up-to-date: /root/ros2_ws/install/cartographer/include/cartographer/sensor/rangefinder_point.h
[4.755s] -- Up-to-date: /root/ros2_ws/install/cartographer/include/cartographer/sensor/timed_point_cloud_data.h
[4.755s] -- Up-to-date: /root/ros2_ws/install/cartographer/include/cartographer/transform/rigid_transform.h
[4.756s] -- Up-to-date: /root/ros2_ws/install/cartographer/include/cartographer/transform/timestamped_transform.h
[4.757s] -- Up-to-date: /root/ros2_ws/install/cartographer/include/cartographer/transform/transform.h
[4.757s] -- Up-to-date: /root/ros2_ws/install/cartographer/include/cartographer/transform/transform_interpolation_buffer.h
[4.758s] -- Up-to-date: /root/ros2_ws/install/cartographer/include/cartographer/io/fake_file_writer.h
[4.759s] -- Up-to-date: /root/ros2_ws/install/cartographer/include/cartographer/transform/rigid_transform_test_helpers.h
[4.760s] -- Up-to-date: /root/ros2_ws/install/cartographer/include/cartographer/common/proto/ceres_solver_options.pb.h
[4.760s] -- Up-to-date: /root/ros2_ws/install/cartographer/include/cartographer/ground_truth/proto/relations.pb.h
[4.760s] -- Up-to-date: /root/ros2_ws/install/cartographer/include/cartographer/mapping/proto/cell_limits_2d.pb.h
[4.762s] -- Up-to-date: /root/ros2_ws/install/cartographer/include/cartographer/mapping/proto/connected_components.pb.h
[4.763s] -- Up-to-date: /root/ros2_ws/install/cartographer/include/cartographer/mapping/proto/grid_2d.pb.h
[4.763s] -- Up-to-date: /root/ros2_ws/install/cartographer/include/cartographer/mapping/proto/grid_2d_options.pb.h
[4.763s] -- Up-to-date: /root/ros2_ws/install/cartographer/include/cartographer/mapping/proto/hybrid_grid.pb.h
[4.765s] -- Up-to-date: /root/ros2_ws/install/cartographer/include/cartographer/mapping/proto/local_trajectory_builder_options_2d.pb.h
[4.765s] -- Up-to-date: /root/ros2_ws/install/cartographer/include/cartographer/mapping/proto/local_trajectory_builder_options_3d.pb.h
[4.765s] -- Up-to-date: /root/ros2_ws/install/cartographer/include/cartographer/mapping/proto/map_builder_options.pb.h
[4.766s] -- Up-to-date: /root/ros2_ws/install/cartographer/include/cartographer/mapping/proto/map_limits.pb.h
[4.766s] -- Up-to-date: /root/ros2_ws/install/cartographer/include/cartographer/mapping/proto/motion_filter_options.pb.h
[4.766s] -- Up-to-date: /root/ros2_ws/install/cartographer/include/cartographer/mapping/proto/normal_estimation_options_2d.pb.h
[4.766s] -- Up-to-date: /root/ros2_ws/install/cartographer/include/cartographer/mapping/proto/pose_extrapolator_options.pb.h
[4.767s] -- Up-to-date: /root/ros2_ws/install/cartographer/include/cartographer/mapping/proto/pose_graph.pb.h
[4.767s] -- Up-to-date: /root/ros2_ws/install/cartographer/include/cartographer/mapping/proto/pose_graph/constraint_builder_options.pb.h
[4.767s] -- Up-to-date: /root/ros2_ws/install/cartographer/include/cartographer/mapping/proto/pose_graph/optimization_problem_options.pb.h
[4.769s] -- Up-to-date: /root/ros2_ws/install/cartographer/include/cartographer/mapping/proto/pose_graph_options.pb.h
[4.770s] -- Up-to-date: /root/ros2_ws/install/cartographer/include/cartographer/mapping/proto/probability_grid.pb.h
[4.771s] -- Up-to-date: /root/ros2_ws/install/cartographer/include/cartographer/mapping/proto/probability_grid_range_data_inserter_options_2d.pb.h
[4.771s] -- Up-to-date: /root/ros2_ws/install/cartographer/include/cartographer/mapping/proto/range_data_inserter_options.pb.h
[4.773s] -- Up-to-date: /root/ros2_ws/install/cartographer/include/cartographer/mapping/proto/range_data_inserter_options_3d.pb.h
[4.773s] -- Up-to-date: /root/ros2_ws/install/cartographer/include/cartographer/mapping/proto/scan_matching/ceres_scan_matcher_options_2d.pb.h
[4.773s] -- Up-to-date: /root/ros2_ws/install/cartographer/include/cartographer/mapping/proto/scan_matching/ceres_scan_matcher_options_3d.pb.h
[4.773s] -- Up-to-date: /root/ros2_ws/install/cartographer/include/cartographer/mapping/proto/scan_matching/fast_correlative_scan_matcher_options_2d.pb.h
[4.774s] -- Up-to-date: /root/ros2_ws/install/cartographer/include/cartographer/mapping/proto/scan_matching/fast_correlative_scan_matcher_options_3d.pb.h
[4.774s] -- Up-to-date: /root/ros2_ws/install/cartographer/include/cartographer/mapping/proto/scan_matching/real_time_correlative_scan_matcher_options.pb.h
[4.774s] -- Up-to-date: /root/ros2_ws/install/cartographer/include/cartographer/mapping/proto/serialization.pb.h
[4.775s] -- Up-to-date: /root/ros2_ws/install/cartographer/include/cartographer/mapping/proto/submap.pb.h
[4.776s] -- Up-to-date: /root/ros2_ws/install/cartographer/include/cartographer/mapping/proto/submap_visualization.pb.h
[4.776s] -- Up-to-date: /root/ros2_ws/install/cartographer/include/cartographer/mapping/proto/submaps_options_2d.pb.h
[4.776s] -- Up-to-date: /root/ros2_ws/install/cartographer/include/cartographer/mapping/proto/submaps_options_3d.pb.h
[4.776s] -- Up-to-date: /root/ros2_ws/install/cartographer/include/cartographer/mapping/proto/trajectory.pb.h
[4.777s] -- Up-to-date: /root/ros2_ws/install/cartographer/include/cartographer/mapping/proto/trajectory_builder_options.pb.h
[4.777s] -- Up-to-date: /root/ros2_ws/install/cartographer/include/cartographer/mapping/proto/trajectory_node_data.pb.h
[4.777s] -- Up-to-date: /root/ros2_ws/install/cartographer/include/cartographer/mapping/proto/tsdf_2d.pb.h
[4.778s] -- Up-to-date: /root/ros2_ws/install/cartographer/include/cartographer/mapping/proto/tsdf_range_data_inserter_options_2d.pb.h
[4.778s] -- Up-to-date: /root/ros2_ws/install/cartographer/include/cartographer/sensor/proto/adaptive_voxel_filter_options.pb.h
[4.778s] -- Up-to-date: /root/ros2_ws/install/cartographer/include/cartographer/sensor/proto/sensor.pb.h
[4.778s] -- Up-to-date: /root/ros2_ws/install/cartographer/include/cartographer/transform/proto/timestamped_transform.pb.h
[4.779s] -- Up-to-date: /root/ros2_ws/install/cartographer/include/cartographer/transform/proto/transform.pb.h
[4.779s] -- Up-to-date: /root/ros2_ws/install/cartographer/share/cartographer/cmake/CartographerTargets.cmake
[4.779s] -- Up-to-date: /root/ros2_ws/install/cartographer/share/cartographer/cmake/CartographerTargets-release.cmake
[4.779s] -- Up-to-date: /root/ros2_ws/install/cartographer/share/cartographer/cartographer-config.cmake
[4.779s] Invoked command in '/root/ros2_ws/build/cartographer' returned '0': CMAKE_PREFIX_PATH=${CMAKE_PREFIX_PATH}:/root/ros2_ws/install/ros2_opencv:/opt/ros/humble /usr/bin/cmake --install /root/ros2_ws/build/cartographer
