[7.444s] Invoking command in '/root/ros2_ws/src/ros2_opencv': PYTHONPATH=/root/ros2_ws/build/ros2_opencv/prefix_override:/usr/lib/python3/dist-packages/colcon_core/task/python/colcon_distutils_commands:/root/ros2_ws/install/ros2_opencv/lib/python3.10/site-packages:${PYTHONPATH} /usr/bin/python3 -W ignore:setup.py install is deprecated -W ignore:easy_install command is deprecated setup.py egg_info --egg-base ../../build/ros2_opencv build --build-base /root/ros2_ws/build/ros2_opencv/build install --record /root/ros2_ws/build/ros2_opencv/install.log --single-version-externally-managed install_data
[8.637s] running egg_info
[8.639s] writing ../../build/ros2_opencv/ros2_opencv.egg-info/PKG-INFO
[8.643s] writing dependency_links to ../../build/ros2_opencv/ros2_opencv.egg-info/dependency_links.txt
[8.644s] writing entry points to ../../build/ros2_opencv/ros2_opencv.egg-info/entry_points.txt
[8.644s] writing requirements to ../../build/ros2_opencv/ros2_opencv.egg-info/requires.txt
[8.644s] writing top-level names to ../../build/ros2_opencv/ros2_opencv.egg-info/top_level.txt
[8.655s] reading manifest file '../../build/ros2_opencv/ros2_opencv.egg-info/SOURCES.txt'
[8.660s] writing manifest file '../../build/ros2_opencv/ros2_opencv.egg-info/SOURCES.txt'
[8.661s] running build
[8.664s] running build_py
[8.668s] running install
[8.669s] running install_lib
[8.669s] running install_data
[8.670s] running install_egg_info
[8.679s] removing '/root/ros2_ws/install/ros2_opencv/lib/python3.10/site-packages/ros2_opencv-0.0.0-py3.10.egg-info' (and everything under it)
[8.679s] Copying ../../build/ros2_opencv/ros2_opencv.egg-info to /root/ros2_ws/install/ros2_opencv/lib/python3.10/site-packages/ros2_opencv-0.0.0-py3.10.egg-info
[8.687s] running install_scripts
[8.795s] writing list of installed files to '/root/ros2_ws/build/ros2_opencv/install.log'
[8.933s] Invoked command in '/root/ros2_ws/src/ros2_opencv' returned '0': PYTHONPATH=/root/ros2_ws/build/ros2_opencv/prefix_override:/usr/lib/python3/dist-packages/colcon_core/task/python/colcon_distutils_commands:/root/ros2_ws/install/ros2_opencv/lib/python3.10/site-packages:${PYTHONPATH} /usr/bin/python3 -W ignore:setup.py install is deprecated -W ignore:easy_install command is deprecated setup.py egg_info --egg-base ../../build/ros2_opencv build --build-base /root/ros2_ws/build/ros2_opencv/build install --record /root/ros2_ws/build/ros2_opencv/install.log --single-version-externally-managed install_data
