[0.262s] DEBUG:colcon:Command line arguments: ['/usr/bin/colcon', 'build']
[0.262s] DEBUG:colcon:Parsed command line arguments: Namespace(log_base=None, log_level=None, verb_name='build', build_base='build', install_base='install', merge_install=False, symlink_install=False, test_result_base=None, continue_on_error=False, executor='parallel', parallel_workers=8, event_handlers=None, ignore_user_meta=False, metas=['./colcon.meta'], base_paths=['.'], packages_ignore=None, packages_ignore_regex=None, paths=None, packages_up_to=None, packages_up_to_regex=None, packages_above=None, packages_above_and_dependencies=None, packages_above_depth=None, packages_select_by_dep=None, packages_skip_by_dep=None, packages_skip_up_to=None, packages_select_build_failed=False, packages_skip_build_finished=False, packages_select_test_failures=False, packages_skip_test_passed=False, packages_select=None, packages_skip=None, packages_select_regex=None, packages_skip_regex=None, packages_start=None, packages_end=None, allow_overriding=[], cmake_args=None, cmake_target=None, cmake_target_skip_unavailable=False, cmake_clean_cache=False, cmake_clean_first=False, cmake_force_configure=False, ament_cmake_args=None, catkin_cmake_args=None, catkin_skip_building_tests=False, verb_parser=<colcon_defaults.argument_parser.defaults.DefaultArgumentsDecorator object at 0x7c501cd92ad0>, verb_extension=<colcon_core.verb.build.BuildVerb object at 0x7c501cf17ee0>, main=<bound method BuildVerb.main of <colcon_core.verb.build.BuildVerb object at 0x7c501cf17ee0>>)
[0.755s] Level 1:colcon.colcon_core.package_discovery:discover_packages(colcon_meta) check parameters
[0.756s] Level 1:colcon.colcon_core.package_discovery:discover_packages(recursive) check parameters
[0.756s] Level 1:colcon.colcon_core.package_discovery:discover_packages(ignore) check parameters
[0.756s] Level 1:colcon.colcon_core.package_discovery:discover_packages(path) check parameters
[0.756s] Level 1:colcon.colcon_core.package_discovery:discover_packages(colcon_meta) discover
[0.756s] Level 1:colcon.colcon_core.package_discovery:discover_packages(recursive) discover
[0.756s] INFO:colcon.colcon_core.package_discovery:Crawling recursively for packages in '/root/ros2_ws'
[0.757s] Level 1:colcon.colcon_core.package_identification:_identify(.) by extensions ['ignore', 'ignore_ament_install']
[0.757s] Level 1:colcon.colcon_core.package_identification:_identify(.) by extension 'ignore'
[0.757s] Level 1:colcon.colcon_core.package_identification:_identify(.) by extension 'ignore_ament_install'
[0.758s] Level 1:colcon.colcon_core.package_identification:_identify(.) by extensions ['colcon_pkg']
[0.758s] Level 1:colcon.colcon_core.package_identification:_identify(.) by extension 'colcon_pkg'
[0.758s] Level 1:colcon.colcon_core.package_identification:_identify(.) by extensions ['colcon_meta']
[0.758s] Level 1:colcon.colcon_core.package_identification:_identify(.) by extension 'colcon_meta'
[0.758s] Level 1:colcon.colcon_core.package_identification:_identify(.) by extensions ['ros']
[0.758s] Level 1:colcon.colcon_core.package_identification:_identify(.) by extension 'ros'
[0.802s] Level 1:colcon.colcon_core.package_identification:_identify(.) by extensions ['cmake', 'python']
[0.802s] Level 1:colcon.colcon_core.package_identification:_identify(.) by extension 'cmake'
[0.802s] Level 1:colcon.colcon_core.package_identification:_identify(.) by extension 'python'
[0.802s] Level 1:colcon.colcon_core.package_identification:_identify(.) by extensions ['python_setup_py']
[0.803s] Level 1:colcon.colcon_core.package_identification:_identify(.) by extension 'python_setup_py'
[0.803s] Level 1:colcon.colcon_core.package_identification:_identify(build) by extensions ['ignore', 'ignore_ament_install']
[0.803s] Level 1:colcon.colcon_core.package_identification:_identify(build) by extension 'ignore'
[0.803s] Level 1:colcon.colcon_core.package_identification:_identify(build) ignored
[0.804s] Level 1:colcon.colcon_core.package_identification:_identify(install) by extensions ['ignore', 'ignore_ament_install']
[0.804s] Level 1:colcon.colcon_core.package_identification:_identify(install) by extension 'ignore'
[0.804s] Level 1:colcon.colcon_core.package_identification:_identify(install) ignored
[0.804s] Level 1:colcon.colcon_core.package_identification:_identify(log) by extensions ['ignore', 'ignore_ament_install']
[0.805s] Level 1:colcon.colcon_core.package_identification:_identify(log) by extension 'ignore'
[0.805s] Level 1:colcon.colcon_core.package_identification:_identify(log) ignored
[0.805s] Level 1:colcon.colcon_core.package_identification:_identify(src) by extensions ['ignore', 'ignore_ament_install']
[0.805s] Level 1:colcon.colcon_core.package_identification:_identify(src) by extension 'ignore'
[0.805s] Level 1:colcon.colcon_core.package_identification:_identify(src) by extension 'ignore_ament_install'
[0.806s] Level 1:colcon.colcon_core.package_identification:_identify(src) by extensions ['colcon_pkg']
[0.806s] Level 1:colcon.colcon_core.package_identification:_identify(src) by extension 'colcon_pkg'
[0.806s] Level 1:colcon.colcon_core.package_identification:_identify(src) by extensions ['colcon_meta']
[0.806s] Level 1:colcon.colcon_core.package_identification:_identify(src) by extension 'colcon_meta'
[0.806s] Level 1:colcon.colcon_core.package_identification:_identify(src) by extensions ['ros']
[0.806s] Level 1:colcon.colcon_core.package_identification:_identify(src) by extension 'ros'
[0.806s] Level 1:colcon.colcon_core.package_identification:_identify(src) by extensions ['cmake', 'python']
[0.806s] Level 1:colcon.colcon_core.package_identification:_identify(src) by extension 'cmake'
[0.806s] Level 1:colcon.colcon_core.package_identification:_identify(src) by extension 'python'
[0.806s] Level 1:colcon.colcon_core.package_identification:_identify(src) by extensions ['python_setup_py']
[0.807s] Level 1:colcon.colcon_core.package_identification:_identify(src) by extension 'python_setup_py'
[0.807s] Level 1:colcon.colcon_core.package_identification:_identify(src/cartographer) by extensions ['ignore', 'ignore_ament_install']
[0.807s] Level 1:colcon.colcon_core.package_identification:_identify(src/cartographer) by extension 'ignore'
[0.807s] Level 1:colcon.colcon_core.package_identification:_identify(src/cartographer) by extension 'ignore_ament_install'
[0.807s] Level 1:colcon.colcon_core.package_identification:_identify(src/cartographer) by extensions ['colcon_pkg']
[0.808s] Level 1:colcon.colcon_core.package_identification:_identify(src/cartographer) by extension 'colcon_pkg'
[0.808s] Level 1:colcon.colcon_core.package_identification:_identify(src/cartographer) by extensions ['colcon_meta']
[0.808s] Level 1:colcon.colcon_core.package_identification:_identify(src/cartographer) by extension 'colcon_meta'
[0.808s] Level 1:colcon.colcon_core.package_identification:_identify(src/cartographer) by extensions ['ros']
[0.808s] Level 1:colcon.colcon_core.package_identification:_identify(src/cartographer) by extension 'ros'
[0.822s] DEBUG:colcon.colcon_core.package_identification:Package 'src/cartographer' with type 'ros.cmake' and name 'cartographer'
[0.822s] Level 1:colcon.colcon_core.package_identification:_identify(src/cartographer_ros) by extensions ['ignore', 'ignore_ament_install']
[0.823s] Level 1:colcon.colcon_core.package_identification:_identify(src/cartographer_ros) by extension 'ignore'
[0.823s] Level 1:colcon.colcon_core.package_identification:_identify(src/cartographer_ros) by extension 'ignore_ament_install'
[0.823s] Level 1:colcon.colcon_core.package_identification:_identify(src/cartographer_ros) by extensions ['colcon_pkg']
[0.823s] Level 1:colcon.colcon_core.package_identification:_identify(src/cartographer_ros) by extension 'colcon_pkg'
[0.823s] Level 1:colcon.colcon_core.package_identification:_identify(src/cartographer_ros) by extensions ['colcon_meta']
[0.824s] Level 1:colcon.colcon_core.package_identification:_identify(src/cartographer_ros) by extension 'colcon_meta'
[0.824s] Level 1:colcon.colcon_core.package_identification:_identify(src/cartographer_ros) by extensions ['ros']
[0.824s] Level 1:colcon.colcon_core.package_identification:_identify(src/cartographer_ros) by extension 'ros'
[0.824s] Level 1:colcon.colcon_core.package_identification:_identify(src/cartographer_ros) by extensions ['cmake', 'python']
[0.824s] Level 1:colcon.colcon_core.package_identification:_identify(src/cartographer_ros) by extension 'cmake'
[0.824s] Level 1:colcon.colcon_core.package_identification:_identify(src/cartographer_ros) by extension 'python'
[0.825s] Level 1:colcon.colcon_core.package_identification:_identify(src/cartographer_ros) by extensions ['python_setup_py']
[0.825s] Level 1:colcon.colcon_core.package_identification:_identify(src/cartographer_ros) by extension 'python_setup_py'
[0.825s] Level 1:colcon.colcon_core.package_identification:_identify(src/cartographer_ros/cartographer_ros) by extensions ['ignore', 'ignore_ament_install']
[0.825s] Level 1:colcon.colcon_core.package_identification:_identify(src/cartographer_ros/cartographer_ros) by extension 'ignore'
[0.825s] Level 1:colcon.colcon_core.package_identification:_identify(src/cartographer_ros/cartographer_ros) by extension 'ignore_ament_install'
[0.825s] Level 1:colcon.colcon_core.package_identification:_identify(src/cartographer_ros/cartographer_ros) by extensions ['colcon_pkg']
[0.826s] Level 1:colcon.colcon_core.package_identification:_identify(src/cartographer_ros/cartographer_ros) by extension 'colcon_pkg'
[0.826s] Level 1:colcon.colcon_core.package_identification:_identify(src/cartographer_ros/cartographer_ros) by extensions ['colcon_meta']
[0.826s] Level 1:colcon.colcon_core.package_identification:_identify(src/cartographer_ros/cartographer_ros) by extension 'colcon_meta'
[0.826s] Level 1:colcon.colcon_core.package_identification:_identify(src/cartographer_ros/cartographer_ros) by extensions ['ros']
[0.826s] Level 1:colcon.colcon_core.package_identification:_identify(src/cartographer_ros/cartographer_ros) by extension 'ros'
[0.834s] DEBUG:colcon.colcon_core.package_identification:Package 'src/cartographer_ros/cartographer_ros' with type 'ros.ament_cmake' and name 'cartographer_ros'
[0.835s] Level 1:colcon.colcon_core.package_identification:_identify(src/cartographer_ros/cartographer_ros_msgs) by extensions ['ignore', 'ignore_ament_install']
[0.836s] Level 1:colcon.colcon_core.package_identification:_identify(src/cartographer_ros/cartographer_ros_msgs) by extension 'ignore'
[0.836s] Level 1:colcon.colcon_core.package_identification:_identify(src/cartographer_ros/cartographer_ros_msgs) by extension 'ignore_ament_install'
[0.837s] Level 1:colcon.colcon_core.package_identification:_identify(src/cartographer_ros/cartographer_ros_msgs) by extensions ['colcon_pkg']
[0.837s] Level 1:colcon.colcon_core.package_identification:_identify(src/cartographer_ros/cartographer_ros_msgs) by extension 'colcon_pkg'
[0.837s] Level 1:colcon.colcon_core.package_identification:_identify(src/cartographer_ros/cartographer_ros_msgs) by extensions ['colcon_meta']
[0.837s] Level 1:colcon.colcon_core.package_identification:_identify(src/cartographer_ros/cartographer_ros_msgs) by extension 'colcon_meta'
[0.837s] Level 1:colcon.colcon_core.package_identification:_identify(src/cartographer_ros/cartographer_ros_msgs) by extensions ['ros']
[0.837s] Level 1:colcon.colcon_core.package_identification:_identify(src/cartographer_ros/cartographer_ros_msgs) by extension 'ros'
[0.841s] DEBUG:colcon.colcon_core.package_identification:Package 'src/cartographer_ros/cartographer_ros_msgs' with type 'ros.ament_cmake' and name 'cartographer_ros_msgs'
[0.841s] Level 1:colcon.colcon_core.package_identification:_identify(src/cartographer_ros/cartographer_rviz) by extensions ['ignore', 'ignore_ament_install']
[0.842s] Level 1:colcon.colcon_core.package_identification:_identify(src/cartographer_ros/cartographer_rviz) by extension 'ignore'
[0.842s] Level 1:colcon.colcon_core.package_identification:_identify(src/cartographer_ros/cartographer_rviz) by extension 'ignore_ament_install'
[0.842s] Level 1:colcon.colcon_core.package_identification:_identify(src/cartographer_ros/cartographer_rviz) by extensions ['colcon_pkg']
[0.842s] Level 1:colcon.colcon_core.package_identification:_identify(src/cartographer_ros/cartographer_rviz) by extension 'colcon_pkg'
[0.842s] Level 1:colcon.colcon_core.package_identification:_identify(src/cartographer_ros/cartographer_rviz) by extensions ['colcon_meta']
[0.843s] Level 1:colcon.colcon_core.package_identification:_identify(src/cartographer_ros/cartographer_rviz) by extension 'colcon_meta'
[0.843s] Level 1:colcon.colcon_core.package_identification:_identify(src/cartographer_ros/cartographer_rviz) by extensions ['ros']
[0.843s] Level 1:colcon.colcon_core.package_identification:_identify(src/cartographer_ros/cartographer_rviz) by extension 'ros'
[0.850s] DEBUG:colcon.colcon_core.package_identification:Package 'src/cartographer_ros/cartographer_rviz' with type 'ros.ament_cmake' and name 'cartographer_rviz'
[0.850s] Level 1:colcon.colcon_core.package_identification:_identify(src/cartographer_ros/docs) by extensions ['ignore', 'ignore_ament_install']
[0.851s] Level 1:colcon.colcon_core.package_identification:_identify(src/cartographer_ros/docs) by extension 'ignore'
[0.851s] Level 1:colcon.colcon_core.package_identification:_identify(src/cartographer_ros/docs) ignored
[0.852s] Level 1:colcon.colcon_core.package_identification:_identify(src/cartographer_ros/scripts) by extensions ['ignore', 'ignore_ament_install']
[0.853s] Level 1:colcon.colcon_core.package_identification:_identify(src/cartographer_ros/scripts) by extension 'ignore'
[0.854s] Level 1:colcon.colcon_core.package_identification:_identify(src/cartographer_ros/scripts) by extension 'ignore_ament_install'
[0.854s] Level 1:colcon.colcon_core.package_identification:_identify(src/cartographer_ros/scripts) by extensions ['colcon_pkg']
[0.854s] Level 1:colcon.colcon_core.package_identification:_identify(src/cartographer_ros/scripts) by extension 'colcon_pkg'
[0.854s] Level 1:colcon.colcon_core.package_identification:_identify(src/cartographer_ros/scripts) by extensions ['colcon_meta']
[0.854s] Level 1:colcon.colcon_core.package_identification:_identify(src/cartographer_ros/scripts) by extension 'colcon_meta'
[0.855s] Level 1:colcon.colcon_core.package_identification:_identify(src/cartographer_ros/scripts) by extensions ['ros']
[0.855s] Level 1:colcon.colcon_core.package_identification:_identify(src/cartographer_ros/scripts) by extension 'ros'
[0.855s] Level 1:colcon.colcon_core.package_identification:_identify(src/cartographer_ros/scripts) by extensions ['cmake', 'python']
[0.856s] Level 1:colcon.colcon_core.package_identification:_identify(src/cartographer_ros/scripts) by extension 'cmake'
[0.856s] Level 1:colcon.colcon_core.package_identification:_identify(src/cartographer_ros/scripts) by extension 'python'
[0.856s] Level 1:colcon.colcon_core.package_identification:_identify(src/cartographer_ros/scripts) by extensions ['python_setup_py']
[0.856s] Level 1:colcon.colcon_core.package_identification:_identify(src/cartographer_ros/scripts) by extension 'python_setup_py'
[0.857s] Level 1:colcon.colcon_core.package_identification:_identify(src/robocar_test_cpp) by extensions ['ignore', 'ignore_ament_install']
[0.857s] Level 1:colcon.colcon_core.package_identification:_identify(src/robocar_test_cpp) by extension 'ignore'
[0.857s] Level 1:colcon.colcon_core.package_identification:_identify(src/robocar_test_cpp) by extension 'ignore_ament_install'
[0.857s] Level 1:colcon.colcon_core.package_identification:_identify(src/robocar_test_cpp) by extensions ['colcon_pkg']
[0.858s] Level 1:colcon.colcon_core.package_identification:_identify(src/robocar_test_cpp) by extension 'colcon_pkg'
[0.858s] Level 1:colcon.colcon_core.package_identification:_identify(src/robocar_test_cpp) by extensions ['colcon_meta']
[0.858s] Level 1:colcon.colcon_core.package_identification:_identify(src/robocar_test_cpp) by extension 'colcon_meta'
[0.858s] Level 1:colcon.colcon_core.package_identification:_identify(src/robocar_test_cpp) by extensions ['ros']
[0.859s] Level 1:colcon.colcon_core.package_identification:_identify(src/robocar_test_cpp) by extension 'ros'
[0.862s] DEBUG:colcon.colcon_core.package_identification:Package 'src/robocar_test_cpp' with type 'ros.ament_cmake' and name 'robocar_test_cpp'
[0.863s] Level 1:colcon.colcon_core.package_identification:_identify(src/ros2_opencv) by extensions ['ignore', 'ignore_ament_install']
[0.863s] Level 1:colcon.colcon_core.package_identification:_identify(src/ros2_opencv) by extension 'ignore'
[0.863s] Level 1:colcon.colcon_core.package_identification:_identify(src/ros2_opencv) by extension 'ignore_ament_install'
[0.864s] Level 1:colcon.colcon_core.package_identification:_identify(src/ros2_opencv) by extensions ['colcon_pkg']
[0.864s] Level 1:colcon.colcon_core.package_identification:_identify(src/ros2_opencv) by extension 'colcon_pkg'
[0.864s] Level 1:colcon.colcon_core.package_identification:_identify(src/ros2_opencv) by extensions ['colcon_meta']
[0.864s] Level 1:colcon.colcon_core.package_identification:_identify(src/ros2_opencv) by extension 'colcon_meta'
[0.864s] Level 1:colcon.colcon_core.package_identification:_identify(src/ros2_opencv) by extensions ['ros']
[0.864s] Level 1:colcon.colcon_core.package_identification:_identify(src/ros2_opencv) by extension 'ros'
[0.866s] DEBUG:colcon.colcon_core.package_identification:Package 'src/ros2_opencv' with type 'ros.ament_python' and name 'ros2_opencv'
[0.866s] Level 1:colcon.colcon_core.package_identification:_identify(src/rplidar_ros-ros2) by extensions ['ignore', 'ignore_ament_install']
[0.866s] Level 1:colcon.colcon_core.package_identification:_identify(src/rplidar_ros-ros2) by extension 'ignore'
[0.867s] Level 1:colcon.colcon_core.package_identification:_identify(src/rplidar_ros-ros2) by extension 'ignore_ament_install'
[0.867s] Level 1:colcon.colcon_core.package_identification:_identify(src/rplidar_ros-ros2) by extensions ['colcon_pkg']
[0.867s] Level 1:colcon.colcon_core.package_identification:_identify(src/rplidar_ros-ros2) by extension 'colcon_pkg'
[0.867s] Level 1:colcon.colcon_core.package_identification:_identify(src/rplidar_ros-ros2) by extensions ['colcon_meta']
[0.867s] Level 1:colcon.colcon_core.package_identification:_identify(src/rplidar_ros-ros2) by extension 'colcon_meta'
[0.867s] Level 1:colcon.colcon_core.package_identification:_identify(src/rplidar_ros-ros2) by extensions ['ros']
[0.867s] Level 1:colcon.colcon_core.package_identification:_identify(src/rplidar_ros-ros2) by extension 'ros'
[0.871s] DEBUG:colcon.colcon_core.package_identification:Package 'src/rplidar_ros-ros2' with type 'ros.ament_cmake' and name 'rplidar_ros'
[0.872s] Level 1:colcon.colcon_core.package_discovery:discover_packages(recursive) using defaults
[0.872s] Level 1:colcon.colcon_core.package_discovery:discover_packages(ignore) discover
[0.872s] Level 1:colcon.colcon_core.package_discovery:discover_packages(ignore) using defaults
[0.872s] Level 1:colcon.colcon_core.package_discovery:discover_packages(path) discover
[0.872s] Level 1:colcon.colcon_core.package_discovery:discover_packages(path) using defaults
[0.950s] Level 1:colcon.colcon_core.package_discovery:discover_packages(prefix_path) check parameters
[0.950s] Level 1:colcon.colcon_core.package_discovery:discover_packages(prefix_path) discover
[0.955s] WARNING:colcon.colcon_ros.prefix_path.ament:The path '/root/ros2_ws/install/Test_FirstPkg' in the environment variable AMENT_PREFIX_PATH doesn't exist
[0.957s] WARNING:colcon.colcon_ros.prefix_path.catkin:The path '/root/ros2_ws/install/Test_FirstPkg' in the environment variable CMAKE_PREFIX_PATH doesn't exist
[0.960s] DEBUG:colcon.colcon_installed_package_information.package_discovery:Found 7 installed packages in /root/ros2_ws/install
[0.967s] DEBUG:colcon.colcon_installed_package_information.package_discovery:Found 271 installed packages in /opt/ros/humble
[0.973s] Level 1:colcon.colcon_core.package_discovery:discover_packages(prefix_path) using defaults
[1.146s] Level 5:colcon.colcon_core.verb:set package 'cartographer' build argument 'cmake_args' from command line to 'None'
[1.146s] Level 5:colcon.colcon_core.verb:set package 'cartographer' build argument 'cmake_target' from command line to 'None'
[1.146s] Level 5:colcon.colcon_core.verb:set package 'cartographer' build argument 'cmake_target_skip_unavailable' from command line to 'False'
[1.146s] Level 5:colcon.colcon_core.verb:set package 'cartographer' build argument 'cmake_clean_cache' from command line to 'False'
[1.147s] Level 5:colcon.colcon_core.verb:set package 'cartographer' build argument 'cmake_clean_first' from command line to 'False'
[1.147s] Level 5:colcon.colcon_core.verb:set package 'cartographer' build argument 'cmake_force_configure' from command line to 'False'
[1.147s] Level 5:colcon.colcon_core.verb:set package 'cartographer' build argument 'ament_cmake_args' from command line to 'None'
[1.147s] Level 5:colcon.colcon_core.verb:set package 'cartographer' build argument 'catkin_cmake_args' from command line to 'None'
[1.147s] Level 5:colcon.colcon_core.verb:set package 'cartographer' build argument 'catkin_skip_building_tests' from command line to 'False'
[1.147s] DEBUG:colcon.colcon_core.verb:Building package 'cartographer' with the following arguments: {'ament_cmake_args': None, 'build_base': '/root/ros2_ws/build/cartographer', 'catkin_cmake_args': None, 'catkin_skip_building_tests': False, 'cmake_args': None, 'cmake_clean_cache': False, 'cmake_clean_first': False, 'cmake_force_configure': False, 'cmake_target': None, 'cmake_target_skip_unavailable': False, 'install_base': '/root/ros2_ws/install/cartographer', 'merge_install': False, 'path': '/root/ros2_ws/src/cartographer', 'symlink_install': False, 'test_result_base': None}
[1.149s] Level 5:colcon.colcon_core.verb:set package 'cartographer_ros_msgs' build argument 'cmake_args' from command line to 'None'
[1.149s] Level 5:colcon.colcon_core.verb:set package 'cartographer_ros_msgs' build argument 'cmake_target' from command line to 'None'
[1.149s] Level 5:colcon.colcon_core.verb:set package 'cartographer_ros_msgs' build argument 'cmake_target_skip_unavailable' from command line to 'False'
[1.149s] Level 5:colcon.colcon_core.verb:set package 'cartographer_ros_msgs' build argument 'cmake_clean_cache' from command line to 'False'
[1.150s] Level 5:colcon.colcon_core.verb:set package 'cartographer_ros_msgs' build argument 'cmake_clean_first' from command line to 'False'
[1.150s] Level 5:colcon.colcon_core.verb:set package 'cartographer_ros_msgs' build argument 'cmake_force_configure' from command line to 'False'
[1.150s] Level 5:colcon.colcon_core.verb:set package 'cartographer_ros_msgs' build argument 'ament_cmake_args' from command line to 'None'
[1.150s] Level 5:colcon.colcon_core.verb:set package 'cartographer_ros_msgs' build argument 'catkin_cmake_args' from command line to 'None'
[1.150s] Level 5:colcon.colcon_core.verb:set package 'cartographer_ros_msgs' build argument 'catkin_skip_building_tests' from command line to 'False'
[1.150s] DEBUG:colcon.colcon_core.verb:Building package 'cartographer_ros_msgs' with the following arguments: {'ament_cmake_args': None, 'build_base': '/root/ros2_ws/build/cartographer_ros_msgs', 'catkin_cmake_args': None, 'catkin_skip_building_tests': False, 'cmake_args': None, 'cmake_clean_cache': False, 'cmake_clean_first': False, 'cmake_force_configure': False, 'cmake_target': None, 'cmake_target_skip_unavailable': False, 'install_base': '/root/ros2_ws/install/cartographer_ros_msgs', 'merge_install': False, 'path': '/root/ros2_ws/src/cartographer_ros/cartographer_ros_msgs', 'symlink_install': False, 'test_result_base': None}
[1.151s] Level 5:colcon.colcon_core.verb:set package 'robocar_test_cpp' build argument 'cmake_args' from command line to 'None'
[1.151s] Level 5:colcon.colcon_core.verb:set package 'robocar_test_cpp' build argument 'cmake_target' from command line to 'None'
[1.152s] Level 5:colcon.colcon_core.verb:set package 'robocar_test_cpp' build argument 'cmake_target_skip_unavailable' from command line to 'False'
[1.152s] Level 5:colcon.colcon_core.verb:set package 'robocar_test_cpp' build argument 'cmake_clean_cache' from command line to 'False'
[1.152s] Level 5:colcon.colcon_core.verb:set package 'robocar_test_cpp' build argument 'cmake_clean_first' from command line to 'False'
[1.152s] Level 5:colcon.colcon_core.verb:set package 'robocar_test_cpp' build argument 'cmake_force_configure' from command line to 'False'
[1.153s] Level 5:colcon.colcon_core.verb:set package 'robocar_test_cpp' build argument 'ament_cmake_args' from command line to 'None'
[1.153s] Level 5:colcon.colcon_core.verb:set package 'robocar_test_cpp' build argument 'catkin_cmake_args' from command line to 'None'
[1.153s] Level 5:colcon.colcon_core.verb:set package 'robocar_test_cpp' build argument 'catkin_skip_building_tests' from command line to 'False'
[1.153s] DEBUG:colcon.colcon_core.verb:Building package 'robocar_test_cpp' with the following arguments: {'ament_cmake_args': None, 'build_base': '/root/ros2_ws/build/robocar_test_cpp', 'catkin_cmake_args': None, 'catkin_skip_building_tests': False, 'cmake_args': None, 'cmake_clean_cache': False, 'cmake_clean_first': False, 'cmake_force_configure': False, 'cmake_target': None, 'cmake_target_skip_unavailable': False, 'install_base': '/root/ros2_ws/install/robocar_test_cpp', 'merge_install': False, 'path': '/root/ros2_ws/src/robocar_test_cpp', 'symlink_install': False, 'test_result_base': None}
[1.155s] Level 5:colcon.colcon_core.verb:set package 'ros2_opencv' build argument 'cmake_args' from command line to 'None'
[1.155s] Level 5:colcon.colcon_core.verb:set package 'ros2_opencv' build argument 'cmake_target' from command line to 'None'
[1.155s] Level 5:colcon.colcon_core.verb:set package 'ros2_opencv' build argument 'cmake_target_skip_unavailable' from command line to 'False'
[1.155s] Level 5:colcon.colcon_core.verb:set package 'ros2_opencv' build argument 'cmake_clean_cache' from command line to 'False'
[1.156s] Level 5:colcon.colcon_core.verb:set package 'ros2_opencv' build argument 'cmake_clean_first' from command line to 'False'
[1.156s] Level 5:colcon.colcon_core.verb:set package 'ros2_opencv' build argument 'cmake_force_configure' from command line to 'False'
[1.156s] Level 5:colcon.colcon_core.verb:set package 'ros2_opencv' build argument 'ament_cmake_args' from command line to 'None'
[1.156s] Level 5:colcon.colcon_core.verb:set package 'ros2_opencv' build argument 'catkin_cmake_args' from command line to 'None'
[1.156s] Level 5:colcon.colcon_core.verb:set package 'ros2_opencv' build argument 'catkin_skip_building_tests' from command line to 'False'
[1.156s] DEBUG:colcon.colcon_core.verb:Building package 'ros2_opencv' with the following arguments: {'ament_cmake_args': None, 'build_base': '/root/ros2_ws/build/ros2_opencv', 'catkin_cmake_args': None, 'catkin_skip_building_tests': False, 'cmake_args': None, 'cmake_clean_cache': False, 'cmake_clean_first': False, 'cmake_force_configure': False, 'cmake_target': None, 'cmake_target_skip_unavailable': False, 'install_base': '/root/ros2_ws/install/ros2_opencv', 'merge_install': False, 'path': '/root/ros2_ws/src/ros2_opencv', 'symlink_install': False, 'test_result_base': None}
[1.158s] Level 5:colcon.colcon_core.verb:set package 'rplidar_ros' build argument 'cmake_args' from command line to 'None'
[1.158s] Level 5:colcon.colcon_core.verb:set package 'rplidar_ros' build argument 'cmake_target' from command line to 'None'
[1.158s] Level 5:colcon.colcon_core.verb:set package 'rplidar_ros' build argument 'cmake_target_skip_unavailable' from command line to 'False'
[1.158s] Level 5:colcon.colcon_core.verb:set package 'rplidar_ros' build argument 'cmake_clean_cache' from command line to 'False'
[1.158s] Level 5:colcon.colcon_core.verb:set package 'rplidar_ros' build argument 'cmake_clean_first' from command line to 'False'
[1.158s] Level 5:colcon.colcon_core.verb:set package 'rplidar_ros' build argument 'cmake_force_configure' from command line to 'False'
[1.159s] Level 5:colcon.colcon_core.verb:set package 'rplidar_ros' build argument 'ament_cmake_args' from command line to 'None'
[1.159s] Level 5:colcon.colcon_core.verb:set package 'rplidar_ros' build argument 'catkin_cmake_args' from command line to 'None'
[1.159s] Level 5:colcon.colcon_core.verb:set package 'rplidar_ros' build argument 'catkin_skip_building_tests' from command line to 'False'
[1.159s] DEBUG:colcon.colcon_core.verb:Building package 'rplidar_ros' with the following arguments: {'ament_cmake_args': None, 'build_base': '/root/ros2_ws/build/rplidar_ros', 'catkin_cmake_args': None, 'catkin_skip_building_tests': False, 'cmake_args': None, 'cmake_clean_cache': False, 'cmake_clean_first': False, 'cmake_force_configure': False, 'cmake_target': None, 'cmake_target_skip_unavailable': False, 'install_base': '/root/ros2_ws/install/rplidar_ros', 'merge_install': False, 'path': '/root/ros2_ws/src/rplidar_ros-ros2', 'symlink_install': False, 'test_result_base': None}
[1.160s] Level 5:colcon.colcon_core.verb:set package 'cartographer_ros' build argument 'cmake_args' from command line to 'None'
[1.161s] Level 5:colcon.colcon_core.verb:set package 'cartographer_ros' build argument 'cmake_target' from command line to 'None'
[1.161s] Level 5:colcon.colcon_core.verb:set package 'cartographer_ros' build argument 'cmake_target_skip_unavailable' from command line to 'False'
[1.161s] Level 5:colcon.colcon_core.verb:set package 'cartographer_ros' build argument 'cmake_clean_cache' from command line to 'False'
[1.161s] Level 5:colcon.colcon_core.verb:set package 'cartographer_ros' build argument 'cmake_clean_first' from command line to 'False'
[1.161s] Level 5:colcon.colcon_core.verb:set package 'cartographer_ros' build argument 'cmake_force_configure' from command line to 'False'
[1.162s] Level 5:colcon.colcon_core.verb:set package 'cartographer_ros' build argument 'ament_cmake_args' from command line to 'None'
[1.162s] Level 5:colcon.colcon_core.verb:set package 'cartographer_ros' build argument 'catkin_cmake_args' from command line to 'None'
[1.162s] Level 5:colcon.colcon_core.verb:set package 'cartographer_ros' build argument 'catkin_skip_building_tests' from command line to 'False'
[1.162s] DEBUG:colcon.colcon_core.verb:Building package 'cartographer_ros' with the following arguments: {'ament_cmake_args': None, 'build_base': '/root/ros2_ws/build/cartographer_ros', 'catkin_cmake_args': None, 'catkin_skip_building_tests': False, 'cmake_args': None, 'cmake_clean_cache': False, 'cmake_clean_first': False, 'cmake_force_configure': False, 'cmake_target': None, 'cmake_target_skip_unavailable': False, 'install_base': '/root/ros2_ws/install/cartographer_ros', 'merge_install': False, 'path': '/root/ros2_ws/src/cartographer_ros/cartographer_ros', 'symlink_install': False, 'test_result_base': None}
[1.164s] Level 5:colcon.colcon_core.verb:set package 'cartographer_rviz' build argument 'cmake_args' from command line to 'None'
[1.164s] Level 5:colcon.colcon_core.verb:set package 'cartographer_rviz' build argument 'cmake_target' from command line to 'None'
[1.164s] Level 5:colcon.colcon_core.verb:set package 'cartographer_rviz' build argument 'cmake_target_skip_unavailable' from command line to 'False'
[1.164s] Level 5:colcon.colcon_core.verb:set package 'cartographer_rviz' build argument 'cmake_clean_cache' from command line to 'False'
[1.164s] Level 5:colcon.colcon_core.verb:set package 'cartographer_rviz' build argument 'cmake_clean_first' from command line to 'False'
[1.164s] Level 5:colcon.colcon_core.verb:set package 'cartographer_rviz' build argument 'cmake_force_configure' from command line to 'False'
[1.164s] Level 5:colcon.colcon_core.verb:set package 'cartographer_rviz' build argument 'ament_cmake_args' from command line to 'None'
[1.165s] Level 5:colcon.colcon_core.verb:set package 'cartographer_rviz' build argument 'catkin_cmake_args' from command line to 'None'
[1.165s] Level 5:colcon.colcon_core.verb:set package 'cartographer_rviz' build argument 'catkin_skip_building_tests' from command line to 'False'
[1.165s] DEBUG:colcon.colcon_core.verb:Building package 'cartographer_rviz' with the following arguments: {'ament_cmake_args': None, 'build_base': '/root/ros2_ws/build/cartographer_rviz', 'catkin_cmake_args': None, 'catkin_skip_building_tests': False, 'cmake_args': None, 'cmake_clean_cache': False, 'cmake_clean_first': False, 'cmake_force_configure': False, 'cmake_target': None, 'cmake_target_skip_unavailable': False, 'install_base': '/root/ros2_ws/install/cartographer_rviz', 'merge_install': False, 'path': '/root/ros2_ws/src/cartographer_ros/cartographer_rviz', 'symlink_install': False, 'test_result_base': None}
[1.165s] INFO:colcon.colcon_core.executor:Executing jobs using 'parallel' executor
[1.168s] DEBUG:colcon.colcon_parallel_executor.executor.parallel:run_until_complete
[1.168s] INFO:colcon.colcon_ros.task.cmake.build:Building ROS package in '/root/ros2_ws/src/cartographer' with build type 'cmake'
[1.170s] INFO:colcon.colcon_cmake.task.cmake.build:Building CMake package in '/root/ros2_ws/src/cartographer'
[1.178s] INFO:colcon.colcon_core.plugin_system:Skipping extension 'colcon_core.shell.bat': Not used on non-Windows systems
[1.179s] INFO:colcon.colcon_core.shell:Skip shell extension 'powershell' for command environment: Not usable outside of PowerShell
[1.179s] DEBUG:colcon.colcon_core.shell:Skip shell extension 'dsv' for command environment
[1.191s] INFO:colcon.colcon_ros.task.ament_cmake.build:Building ROS package in '/root/ros2_ws/src/cartographer_ros/cartographer_ros_msgs' with build type 'ament_cmake'
[1.192s] INFO:colcon.colcon_cmake.task.cmake.build:Building CMake package in '/root/ros2_ws/src/cartographer_ros/cartographer_ros_msgs'
[1.193s] INFO:colcon.colcon_core.shell:Skip shell extension 'powershell' for command environment: Not usable outside of PowerShell
[1.193s] DEBUG:colcon.colcon_core.shell:Skip shell extension 'dsv' for command environment
[1.205s] INFO:colcon.colcon_ros.task.ament_cmake.build:Building ROS package in '/root/ros2_ws/src/robocar_test_cpp' with build type 'ament_cmake'
[1.206s] INFO:colcon.colcon_cmake.task.cmake.build:Building CMake package in '/root/ros2_ws/src/robocar_test_cpp'
[1.207s] INFO:colcon.colcon_core.shell:Skip shell extension 'powershell' for command environment: Not usable outside of PowerShell
[1.208s] DEBUG:colcon.colcon_core.shell:Skip shell extension 'dsv' for command environment
[1.218s] INFO:colcon.colcon_ros.task.ament_python.build:Building ROS package in '/root/ros2_ws/src/ros2_opencv' with build type 'ament_python'
[1.220s] Level 1:colcon.colcon_core.shell:create_environment_hook('ros2_opencv', 'ament_prefix_path')
[1.221s] INFO:colcon.colcon_core.shell:Creating environment hook '/root/ros2_ws/install/ros2_opencv/share/ros2_opencv/hook/ament_prefix_path.ps1'
[1.224s] INFO:colcon.colcon_core.shell:Creating environment descriptor '/root/ros2_ws/install/ros2_opencv/share/ros2_opencv/hook/ament_prefix_path.dsv'
[1.225s] INFO:colcon.colcon_core.shell:Creating environment hook '/root/ros2_ws/install/ros2_opencv/share/ros2_opencv/hook/ament_prefix_path.sh'
[1.229s] INFO:colcon.colcon_core.shell:Skip shell extension 'powershell' for command environment: Not usable outside of PowerShell
[1.229s] DEBUG:colcon.colcon_core.shell:Skip shell extension 'dsv' for command environment
[1.241s] INFO:colcon.colcon_ros.task.ament_cmake.build:Building ROS package in '/root/ros2_ws/src/rplidar_ros-ros2' with build type 'ament_cmake'
[1.241s] INFO:colcon.colcon_cmake.task.cmake.build:Building CMake package in '/root/ros2_ws/src/rplidar_ros-ros2'
[1.242s] INFO:colcon.colcon_core.shell:Skip shell extension 'powershell' for command environment: Not usable outside of PowerShell
[1.243s] DEBUG:colcon.colcon_core.shell:Skip shell extension 'dsv' for command environment
[1.279s] DEBUG:colcon.colcon_core.event_handler.log_command:Invoking command in '/root/ros2_ws/build/cartographer': CMAKE_PREFIX_PATH=${CMAKE_PREFIX_PATH}:/root/ros2_ws/install/ros2_opencv:/opt/ros/humble /usr/bin/cmake --build /root/ros2_ws/build/cartographer -- -j8 -l8
[1.290s] DEBUG:colcon.colcon_core.event_handler.log_command:Invoking command in '/root/ros2_ws/build/cartographer_ros_msgs': CMAKE_PREFIX_PATH=${CMAKE_PREFIX_PATH}:/root/ros2_ws/install/ros2_opencv:/opt/ros/humble /usr/bin/cmake --build /root/ros2_ws/build/cartographer_ros_msgs -- -j8 -l8
[1.299s] DEBUG:colcon.colcon_core.event_handler.log_command:Invoking command in '/root/ros2_ws/build/robocar_test_cpp': CMAKE_PREFIX_PATH=${CMAKE_PREFIX_PATH}:/root/ros2_ws/install/ros2_opencv:/opt/ros/humble /usr/bin/cmake --build /root/ros2_ws/build/robocar_test_cpp -- -j8 -l8
[2.581s] INFO:colcon.colcon_core.task.python.build:Building Python package in '/root/ros2_ws/src/ros2_opencv'
[2.584s] INFO:colcon.colcon_core.shell:Skip shell extension 'powershell' for command environment: Not usable outside of PowerShell
[2.585s] DEBUG:colcon.colcon_core.shell:Skip shell extension 'dsv' for command environment
[2.691s] DEBUG:colcon.colcon_core.event_handler.log_command:Invoking command in '/root/ros2_ws/build/rplidar_ros': CMAKE_PREFIX_PATH=${CMAKE_PREFIX_PATH}:/root/ros2_ws/install/ros2_opencv:/opt/ros/humble /usr/bin/cmake --build /root/ros2_ws/build/rplidar_ros -- -j8 -l8
[3.146s] DEBUG:colcon.colcon_core.event_handler.log_command:Invoked command in '/root/ros2_ws/build/rplidar_ros' returned '0': CMAKE_PREFIX_PATH=${CMAKE_PREFIX_PATH}:/root/ros2_ws/install/ros2_opencv:/opt/ros/humble /usr/bin/cmake --build /root/ros2_ws/build/rplidar_ros -- -j8 -l8
[3.192s] DEBUG:colcon.colcon_core.event_handler.log_command:Invoking command in '/root/ros2_ws/build/rplidar_ros': CMAKE_PREFIX_PATH=${CMAKE_PREFIX_PATH}:/root/ros2_ws/install/ros2_opencv:/opt/ros/humble /usr/bin/cmake --install /root/ros2_ws/build/rplidar_ros
[3.275s] Level 1:colcon.colcon_core.environment:create_environment_scripts_only(rplidar_ros)
[3.284s] DEBUG:colcon.colcon_core.event_handler.log_command:Invoked command in '/root/ros2_ws/build/rplidar_ros' returned '0': CMAKE_PREFIX_PATH=${CMAKE_PREFIX_PATH}:/root/ros2_ws/install/ros2_opencv:/opt/ros/humble /usr/bin/cmake --install /root/ros2_ws/build/rplidar_ros
[3.300s] Level 1:colcon.colcon_core.environment:checking '/root/ros2_ws/install/rplidar_ros' for CMake module files
[3.310s] Level 1:colcon.colcon_core.environment:checking '/root/ros2_ws/install/rplidar_ros' for CMake config files
[3.316s] Level 1:colcon.colcon_core.shell:create_environment_hook('rplidar_ros', 'cmake_prefix_path')
[3.317s] INFO:colcon.colcon_core.shell:Creating environment hook '/root/ros2_ws/install/rplidar_ros/share/rplidar_ros/hook/cmake_prefix_path.ps1'
[3.333s] INFO:colcon.colcon_core.shell:Creating environment descriptor '/root/ros2_ws/install/rplidar_ros/share/rplidar_ros/hook/cmake_prefix_path.dsv'
[3.334s] INFO:colcon.colcon_core.shell:Creating environment hook '/root/ros2_ws/install/rplidar_ros/share/rplidar_ros/hook/cmake_prefix_path.sh'
[3.347s] Level 1:colcon.colcon_core.environment:checking '/root/ros2_ws/install/rplidar_ros/lib'
[3.348s] Level 1:colcon.colcon_core.environment:checking '/root/ros2_ws/install/rplidar_ros/bin'
[3.349s] Level 1:colcon.colcon_core.environment:checking '/root/ros2_ws/install/rplidar_ros/lib/pkgconfig/rplidar_ros.pc'
[3.355s] Level 1:colcon.colcon_core.environment:checking '/root/ros2_ws/install/rplidar_ros/lib/python3.10/site-packages'
[3.356s] Level 1:colcon.colcon_core.environment:checking '/root/ros2_ws/install/rplidar_ros/bin'
[3.357s] INFO:colcon.colcon_core.shell:Creating package script '/root/ros2_ws/install/rplidar_ros/share/rplidar_ros/package.ps1'
[3.368s] INFO:colcon.colcon_core.shell:Creating package descriptor '/root/ros2_ws/install/rplidar_ros/share/rplidar_ros/package.dsv'
[3.373s] INFO:colcon.colcon_core.shell:Creating package script '/root/ros2_ws/install/rplidar_ros/share/rplidar_ros/package.sh'
[3.384s] INFO:colcon.colcon_core.shell:Creating package script '/root/ros2_ws/install/rplidar_ros/share/rplidar_ros/package.bash'
[3.398s] INFO:colcon.colcon_core.shell:Creating package script '/root/ros2_ws/install/rplidar_ros/share/rplidar_ros/package.zsh'
[3.412s] Level 1:colcon.colcon_core.environment:create_file_with_runtime_dependencies(/root/ros2_ws/install/rplidar_ros/share/colcon-core/packages/rplidar_ros)
[3.419s] Level 1:colcon.colcon_core.environment:create_environment_scripts_only(rplidar_ros)
[3.430s] Level 1:colcon.colcon_core.environment:checking '/root/ros2_ws/install/rplidar_ros' for CMake module files
[3.433s] Level 1:colcon.colcon_core.environment:checking '/root/ros2_ws/install/rplidar_ros' for CMake config files
[3.434s] Level 1:colcon.colcon_core.shell:create_environment_hook('rplidar_ros', 'cmake_prefix_path')
[3.435s] INFO:colcon.colcon_core.shell:Creating environment hook '/root/ros2_ws/install/rplidar_ros/share/rplidar_ros/hook/cmake_prefix_path.ps1'
[3.437s] INFO:colcon.colcon_core.shell:Creating environment descriptor '/root/ros2_ws/install/rplidar_ros/share/rplidar_ros/hook/cmake_prefix_path.dsv'
[3.439s] INFO:colcon.colcon_core.shell:Creating environment hook '/root/ros2_ws/install/rplidar_ros/share/rplidar_ros/hook/cmake_prefix_path.sh'
[3.442s] Level 1:colcon.colcon_core.environment:checking '/root/ros2_ws/install/rplidar_ros/lib'
[3.442s] Level 1:colcon.colcon_core.environment:checking '/root/ros2_ws/install/rplidar_ros/bin'
[3.443s] Level 1:colcon.colcon_core.environment:checking '/root/ros2_ws/install/rplidar_ros/lib/pkgconfig/rplidar_ros.pc'
[3.444s] Level 1:colcon.colcon_core.environment:checking '/root/ros2_ws/install/rplidar_ros/lib/python3.10/site-packages'
[3.445s] Level 1:colcon.colcon_core.environment:checking '/root/ros2_ws/install/rplidar_ros/bin'
[3.447s] INFO:colcon.colcon_core.shell:Creating package script '/root/ros2_ws/install/rplidar_ros/share/rplidar_ros/package.ps1'
[3.450s] INFO:colcon.colcon_core.shell:Creating package descriptor '/root/ros2_ws/install/rplidar_ros/share/rplidar_ros/package.dsv'
[3.452s] INFO:colcon.colcon_core.shell:Creating package script '/root/ros2_ws/install/rplidar_ros/share/rplidar_ros/package.sh'
[3.455s] INFO:colcon.colcon_core.shell:Creating package script '/root/ros2_ws/install/rplidar_ros/share/rplidar_ros/package.bash'
[3.457s] INFO:colcon.colcon_core.shell:Creating package script '/root/ros2_ws/install/rplidar_ros/share/rplidar_ros/package.zsh'
[3.459s] Level 1:colcon.colcon_core.environment:create_file_with_runtime_dependencies(/root/ros2_ws/install/rplidar_ros/share/colcon-core/packages/rplidar_ros)
[3.473s] DEBUG:colcon.colcon_core.event_handler.log_command:Invoked command in '/root/ros2_ws/build/cartographer_ros_msgs' returned '0': CMAKE_PREFIX_PATH=${CMAKE_PREFIX_PATH}:/root/ros2_ws/install/ros2_opencv:/opt/ros/humble /usr/bin/cmake --build /root/ros2_ws/build/cartographer_ros_msgs -- -j8 -l8
[3.477s] DEBUG:colcon.colcon_core.event_handler.log_command:Invoking command in '/root/ros2_ws/build/cartographer_ros_msgs': CMAKE_PREFIX_PATH=${CMAKE_PREFIX_PATH}:/root/ros2_ws/install/ros2_opencv:/opt/ros/humble /usr/bin/cmake --install /root/ros2_ws/build/cartographer_ros_msgs
[4.270s] Level 1:colcon.colcon_core.environment:create_environment_scripts_only(cartographer_ros_msgs)
[4.271s] Level 1:colcon.colcon_core.environment:checking '/root/ros2_ws/install/cartographer_ros_msgs' for CMake module files
[4.312s] Level 1:colcon.colcon_core.environment:checking '/root/ros2_ws/install/cartographer_ros_msgs' for CMake config files
[4.315s] Level 1:colcon.colcon_core.shell:create_environment_hook('cartographer_ros_msgs', 'cmake_prefix_path')
[4.316s] INFO:colcon.colcon_core.shell:Creating environment hook '/root/ros2_ws/install/cartographer_ros_msgs/share/cartographer_ros_msgs/hook/cmake_prefix_path.ps1'
[4.318s] INFO:colcon.colcon_core.shell:Creating environment descriptor '/root/ros2_ws/install/cartographer_ros_msgs/share/cartographer_ros_msgs/hook/cmake_prefix_path.dsv'
[4.329s] INFO:colcon.colcon_core.shell:Creating environment hook '/root/ros2_ws/install/cartographer_ros_msgs/share/cartographer_ros_msgs/hook/cmake_prefix_path.sh'
[4.354s] Level 1:colcon.colcon_core.environment:checking '/root/ros2_ws/install/cartographer_ros_msgs/lib'
[4.354s] Level 1:colcon.colcon_core.shell:create_environment_hook('cartographer_ros_msgs', 'ld_library_path_lib')
[4.355s] INFO:colcon.colcon_core.shell:Creating environment hook '/root/ros2_ws/install/cartographer_ros_msgs/share/cartographer_ros_msgs/hook/ld_library_path_lib.ps1'
[4.362s] INFO:colcon.colcon_core.shell:Creating environment descriptor '/root/ros2_ws/install/cartographer_ros_msgs/share/cartographer_ros_msgs/hook/ld_library_path_lib.dsv'
[4.374s] INFO:colcon.colcon_core.shell:Creating environment hook '/root/ros2_ws/install/cartographer_ros_msgs/share/cartographer_ros_msgs/hook/ld_library_path_lib.sh'
[4.383s] Level 1:colcon.colcon_core.environment:checking '/root/ros2_ws/install/cartographer_ros_msgs/bin'
[4.384s] Level 1:colcon.colcon_core.environment:checking '/root/ros2_ws/install/cartographer_ros_msgs/lib/pkgconfig/cartographer_ros_msgs.pc'
[4.385s] Level 1:colcon.colcon_core.environment:checking '/root/ros2_ws/install/cartographer_ros_msgs/lib/python3.10/site-packages'
[4.385s] Level 1:colcon.colcon_core.environment:checking '/root/ros2_ws/install/cartographer_ros_msgs/bin'
[4.387s] INFO:colcon.colcon_core.shell:Creating package script '/root/ros2_ws/install/cartographer_ros_msgs/share/cartographer_ros_msgs/package.ps1'
[4.389s] INFO:colcon.colcon_core.shell:Creating package descriptor '/root/ros2_ws/install/cartographer_ros_msgs/share/cartographer_ros_msgs/package.dsv'
[4.393s] INFO:colcon.colcon_core.shell:Creating package script '/root/ros2_ws/install/cartographer_ros_msgs/share/cartographer_ros_msgs/package.sh'
[4.394s] INFO:colcon.colcon_core.shell:Creating package script '/root/ros2_ws/install/cartographer_ros_msgs/share/cartographer_ros_msgs/package.bash'
[4.398s] INFO:colcon.colcon_core.shell:Creating package script '/root/ros2_ws/install/cartographer_ros_msgs/share/cartographer_ros_msgs/package.zsh'
[4.406s] Level 1:colcon.colcon_core.environment:create_file_with_runtime_dependencies(/root/ros2_ws/install/cartographer_ros_msgs/share/colcon-core/packages/cartographer_ros_msgs)
[4.409s] Level 1:colcon.colcon_core.environment:create_environment_scripts_only(cartographer_ros_msgs)
[4.413s] Level 1:colcon.colcon_core.environment:checking '/root/ros2_ws/install/cartographer_ros_msgs' for CMake module files
[4.428s] Level 1:colcon.colcon_core.environment:checking '/root/ros2_ws/install/cartographer_ros_msgs' for CMake config files
[4.422s] DEBUG:colcon.colcon_core.event_handler.log_command:Invoked command in '/root/ros2_ws/build/cartographer_ros_msgs' returned '0': CMAKE_PREFIX_PATH=${CMAKE_PREFIX_PATH}:/root/ros2_ws/install/ros2_opencv:/opt/ros/humble /usr/bin/cmake --install /root/ros2_ws/build/cartographer_ros_msgs
[4.434s] Level 1:colcon.colcon_core.shell:create_environment_hook('cartographer_ros_msgs', 'cmake_prefix_path')
[4.435s] INFO:colcon.colcon_core.shell:Creating environment hook '/root/ros2_ws/install/cartographer_ros_msgs/share/cartographer_ros_msgs/hook/cmake_prefix_path.ps1'
[4.436s] INFO:colcon.colcon_core.shell:Creating environment descriptor '/root/ros2_ws/install/cartographer_ros_msgs/share/cartographer_ros_msgs/hook/cmake_prefix_path.dsv'
[4.439s] INFO:colcon.colcon_core.shell:Creating environment hook '/root/ros2_ws/install/cartographer_ros_msgs/share/cartographer_ros_msgs/hook/cmake_prefix_path.sh'
[4.441s] Level 1:colcon.colcon_core.environment:checking '/root/ros2_ws/install/cartographer_ros_msgs/lib'
[4.441s] Level 1:colcon.colcon_core.shell:create_environment_hook('cartographer_ros_msgs', 'ld_library_path_lib')
[4.442s] INFO:colcon.colcon_core.shell:Creating environment hook '/root/ros2_ws/install/cartographer_ros_msgs/share/cartographer_ros_msgs/hook/ld_library_path_lib.ps1'
[4.445s] INFO:colcon.colcon_core.shell:Creating environment descriptor '/root/ros2_ws/install/cartographer_ros_msgs/share/cartographer_ros_msgs/hook/ld_library_path_lib.dsv'
[4.453s] INFO:colcon.colcon_core.shell:Creating environment hook '/root/ros2_ws/install/cartographer_ros_msgs/share/cartographer_ros_msgs/hook/ld_library_path_lib.sh'
[4.469s] Level 1:colcon.colcon_core.environment:checking '/root/ros2_ws/install/cartographer_ros_msgs/bin'
[4.470s] Level 1:colcon.colcon_core.environment:checking '/root/ros2_ws/install/cartographer_ros_msgs/lib/pkgconfig/cartographer_ros_msgs.pc'
[4.475s] Level 1:colcon.colcon_core.environment:checking '/root/ros2_ws/install/cartographer_ros_msgs/lib/python3.10/site-packages'
[4.476s] Level 1:colcon.colcon_core.environment:checking '/root/ros2_ws/install/cartographer_ros_msgs/bin'
[4.507s] INFO:colcon.colcon_core.shell:Creating package script '/root/ros2_ws/install/cartographer_ros_msgs/share/cartographer_ros_msgs/package.ps1'
[4.510s] INFO:colcon.colcon_core.shell:Creating package descriptor '/root/ros2_ws/install/cartographer_ros_msgs/share/cartographer_ros_msgs/package.dsv'
[4.526s] INFO:colcon.colcon_core.shell:Creating package script '/root/ros2_ws/install/cartographer_ros_msgs/share/cartographer_ros_msgs/package.sh'
[4.541s] INFO:colcon.colcon_core.shell:Creating package script '/root/ros2_ws/install/cartographer_ros_msgs/share/cartographer_ros_msgs/package.bash'
[4.551s] INFO:colcon.colcon_core.shell:Creating package script '/root/ros2_ws/install/cartographer_ros_msgs/share/cartographer_ros_msgs/package.zsh'
[4.567s] Level 1:colcon.colcon_core.environment:create_file_with_runtime_dependencies(/root/ros2_ws/install/cartographer_ros_msgs/share/colcon-core/packages/cartographer_ros_msgs)
[6.483s] DEBUG:colcon.colcon_core.event_handler.log_command:Invoking command in '/root/ros2_ws/src/ros2_opencv': PYTHONPATH=/root/ros2_ws/build/ros2_opencv/prefix_override:/usr/lib/python3/dist-packages/colcon_core/task/python/colcon_distutils_commands:/root/ros2_ws/install/ros2_opencv/lib/python3.10/site-packages:${PYTHONPATH} /usr/bin/python3 -W ignore:setup.py install is deprecated -W ignore:easy_install command is deprecated setup.py egg_info --egg-base ../../build/ros2_opencv build --build-base /root/ros2_ws/build/ros2_opencv/build install --record /root/ros2_ws/build/ros2_opencv/install.log --single-version-externally-managed install_data
[6.816s] DEBUG:colcon.colcon_core.event_handler.log_command:Invoked command in '/root/ros2_ws/build/cartographer' returned '0': CMAKE_PREFIX_PATH=${CMAKE_PREFIX_PATH}:/root/ros2_ws/install/ros2_opencv:/opt/ros/humble /usr/bin/cmake --build /root/ros2_ws/build/cartographer -- -j8 -l8
[6.829s] DEBUG:colcon.colcon_core.event_handler.log_command:Invoking command in '/root/ros2_ws/build/cartographer': CMAKE_PREFIX_PATH=${CMAKE_PREFIX_PATH}:/root/ros2_ws/install/ros2_opencv:/opt/ros/humble /usr/bin/cmake --install /root/ros2_ws/build/cartographer
[6.897s] Level 1:colcon.colcon_core.shell:create_environment_hook('cartographer', 'pkg_config_path')
[6.902s] INFO:colcon.colcon_core.shell:Creating environment hook '/root/ros2_ws/install/cartographer/share/cartographer/hook/pkg_config_path.ps1'
[6.906s] INFO:colcon.colcon_core.shell:Creating environment descriptor '/root/ros2_ws/install/cartographer/share/cartographer/hook/pkg_config_path.dsv'
[6.909s] INFO:colcon.colcon_core.shell:Creating environment hook '/root/ros2_ws/install/cartographer/share/cartographer/hook/pkg_config_path.sh'
[6.933s] Level 1:colcon.colcon_core.shell:create_environment_hook('cartographer', 'pkg_config_path_multiarch')
[6.935s] INFO:colcon.colcon_core.shell:Creating environment hook '/root/ros2_ws/install/cartographer/share/cartographer/hook/pkg_config_path_multiarch.ps1'
[6.938s] INFO:colcon.colcon_core.shell:Creating environment descriptor '/root/ros2_ws/install/cartographer/share/cartographer/hook/pkg_config_path_multiarch.dsv'
[6.947s] INFO:colcon.colcon_core.shell:Creating environment hook '/root/ros2_ws/install/cartographer/share/cartographer/hook/pkg_config_path_multiarch.sh'
[6.949s] Level 1:colcon.colcon_core.environment:create_environment_scripts_only(cartographer)
[6.953s] Level 1:colcon.colcon_core.environment:checking '/root/ros2_ws/install/cartographer' for CMake module files
[6.961s] Level 1:colcon.colcon_core.environment:checking '/root/ros2_ws/install/cartographer' for CMake config files
[6.967s] Level 1:colcon.colcon_core.shell:create_environment_hook('cartographer', 'cmake_prefix_path')
[6.969s] INFO:colcon.colcon_core.shell:Creating environment hook '/root/ros2_ws/install/cartographer/share/cartographer/hook/cmake_prefix_path.ps1'
[6.976s] INFO:colcon.colcon_core.shell:Creating environment descriptor '/root/ros2_ws/install/cartographer/share/cartographer/hook/cmake_prefix_path.dsv'
[6.981s] INFO:colcon.colcon_core.shell:Creating environment hook '/root/ros2_ws/install/cartographer/share/cartographer/hook/cmake_prefix_path.sh'
[6.989s] Level 1:colcon.colcon_core.environment:checking '/root/ros2_ws/install/cartographer/lib'
[7.000s] Level 1:colcon.colcon_core.environment:checking '/root/ros2_ws/install/cartographer/bin'
[7.012s] Level 1:colcon.colcon_core.shell:create_environment_hook('cartographer', 'path')
[7.013s] INFO:colcon.colcon_core.shell:Creating environment hook '/root/ros2_ws/install/cartographer/share/cartographer/hook/path.ps1'
[7.016s] INFO:colcon.colcon_core.shell:Creating environment descriptor '/root/ros2_ws/install/cartographer/share/cartographer/hook/path.dsv'
[7.017s] INFO:colcon.colcon_core.shell:Creating environment hook '/root/ros2_ws/install/cartographer/share/cartographer/hook/path.sh'
[7.021s] Level 1:colcon.colcon_core.environment:checking '/root/ros2_ws/install/cartographer/lib/pkgconfig/cartographer.pc'
[7.022s] Level 1:colcon.colcon_core.environment:checking '/root/ros2_ws/install/cartographer/lib/python3.10/site-packages'
[7.023s] Level 1:colcon.colcon_core.environment:checking '/root/ros2_ws/install/cartographer/bin'
[7.031s] DEBUG:colcon.colcon_core.event_handler.log_command:Invoked command in '/root/ros2_ws/build/cartographer' returned '0': CMAKE_PREFIX_PATH=${CMAKE_PREFIX_PATH}:/root/ros2_ws/install/ros2_opencv:/opt/ros/humble /usr/bin/cmake --install /root/ros2_ws/build/cartographer
[7.033s] Level 1:colcon.colcon_core.shell:create_environment_hook('cartographer', 'pythonscriptspath')
[7.034s] INFO:colcon.colcon_core.shell:Creating environment hook '/root/ros2_ws/install/cartographer/share/cartographer/hook/pythonscriptspath.ps1'
[7.035s] INFO:colcon.colcon_core.shell:Creating environment descriptor '/root/ros2_ws/install/cartographer/share/cartographer/hook/pythonscriptspath.dsv'
[7.042s] INFO:colcon.colcon_core.shell:Creating environment hook '/root/ros2_ws/install/cartographer/share/cartographer/hook/pythonscriptspath.sh'
[7.048s] INFO:colcon.colcon_core.shell:Creating package script '/root/ros2_ws/install/cartographer/share/cartographer/package.ps1'
[7.051s] INFO:colcon.colcon_core.shell:Creating package descriptor '/root/ros2_ws/install/cartographer/share/cartographer/package.dsv'
[7.060s] INFO:colcon.colcon_core.shell:Creating package script '/root/ros2_ws/install/cartographer/share/cartographer/package.sh'
[7.064s] INFO:colcon.colcon_core.shell:Creating package script '/root/ros2_ws/install/cartographer/share/cartographer/package.bash'
[7.065s] INFO:colcon.colcon_core.shell:Creating package script '/root/ros2_ws/install/cartographer/share/cartographer/package.zsh'
[7.069s] Level 1:colcon.colcon_core.environment:create_file_with_runtime_dependencies(/root/ros2_ws/install/cartographer/share/colcon-core/packages/cartographer)
[7.072s] INFO:colcon.colcon_ros.task.ament_cmake.build:Building ROS package in '/root/ros2_ws/src/cartographer_ros/cartographer_ros' with build type 'ament_cmake'
[7.072s] INFO:colcon.colcon_cmake.task.cmake.build:Building CMake package in '/root/ros2_ws/src/cartographer_ros/cartographer_ros'
[7.073s] INFO:colcon.colcon_core.shell:Skip shell extension 'powershell' for command environment: Not usable outside of PowerShell
[7.073s] DEBUG:colcon.colcon_core.shell:Skip shell extension 'dsv' for command environment
[7.161s] DEBUG:colcon.colcon_core.event_handler.log_command:Invoking command in '/root/ros2_ws/build/cartographer_ros': CMAKE_PREFIX_PATH=/root/ros2_ws/install/cartographer_ros_msgs:/root/ros2_ws/install/cartographer:/root/ros2_ws/install/robocar_test_cpp:/root/ros2_ws/install/Test_FirstPkg:/root/ros2_ws/install/rplidar_ros:/root/ros2_ws/install/cartographer_rviz:/root/ros2_ws/install/cartographer_ros:/root/ros2_ws/install/ros2_opencv:/opt/ros/humble LD_LIBRARY_PATH=/root/ros2_ws/install/cartographer_ros_msgs/lib:/root/ros2_ws/install/cartographer_rviz/lib:/root/ros2_ws/install/cartographer_ros/lib:/opt/ros/humble/opt/rviz_ogre_vendor/lib:/opt/ros/humble/lib/x86_64-linux-gnu:/opt/ros/humble/lib /usr/bin/cmake --build /root/ros2_ws/build/cartographer_ros -- -j8 -l8
[8.038s] DEBUG:colcon.colcon_core.event_handler.log_command:Invoked command in '/root/ros2_ws/build/cartographer_ros' returned '0': CMAKE_PREFIX_PATH=/root/ros2_ws/install/cartographer_ros_msgs:/root/ros2_ws/install/cartographer:/root/ros2_ws/install/robocar_test_cpp:/root/ros2_ws/install/Test_FirstPkg:/root/ros2_ws/install/rplidar_ros:/root/ros2_ws/install/cartographer_rviz:/root/ros2_ws/install/cartographer_ros:/root/ros2_ws/install/ros2_opencv:/opt/ros/humble LD_LIBRARY_PATH=/root/ros2_ws/install/cartographer_ros_msgs/lib:/root/ros2_ws/install/cartographer_rviz/lib:/root/ros2_ws/install/cartographer_ros/lib:/opt/ros/humble/opt/rviz_ogre_vendor/lib:/opt/ros/humble/lib/x86_64-linux-gnu:/opt/ros/humble/lib /usr/bin/cmake --build /root/ros2_ws/build/cartographer_ros -- -j8 -l8
[8.055s] DEBUG:colcon.colcon_core.event_handler.log_command:Invoking command in '/root/ros2_ws/build/cartographer_ros': CMAKE_PREFIX_PATH=/root/ros2_ws/install/cartographer_ros_msgs:/root/ros2_ws/install/cartographer:/root/ros2_ws/install/robocar_test_cpp:/root/ros2_ws/install/Test_FirstPkg:/root/ros2_ws/install/rplidar_ros:/root/ros2_ws/install/cartographer_rviz:/root/ros2_ws/install/cartographer_ros:/root/ros2_ws/install/ros2_opencv:/opt/ros/humble LD_LIBRARY_PATH=/root/ros2_ws/install/cartographer_ros_msgs/lib:/root/ros2_ws/install/cartographer_rviz/lib:/root/ros2_ws/install/cartographer_ros/lib:/opt/ros/humble/opt/rviz_ogre_vendor/lib:/opt/ros/humble/lib/x86_64-linux-gnu:/opt/ros/humble/lib /usr/bin/cmake --install /root/ros2_ws/build/cartographer_ros
[8.142s] Level 1:colcon.colcon_core.environment:create_environment_scripts_only(cartographer_ros)
[8.143s] Level 1:colcon.colcon_core.environment:checking '/root/ros2_ws/install/cartographer_ros' for CMake module files
[8.156s] Level 1:colcon.colcon_core.environment:checking '/root/ros2_ws/install/cartographer_ros' for CMake config files
[8.157s] Level 1:colcon.colcon_core.shell:create_environment_hook('cartographer_ros', 'cmake_prefix_path')
[8.158s] INFO:colcon.colcon_core.shell:Creating environment hook '/root/ros2_ws/install/cartographer_ros/share/cartographer_ros/hook/cmake_prefix_path.ps1'
[8.165s] INFO:colcon.colcon_core.shell:Creating environment descriptor '/root/ros2_ws/install/cartographer_ros/share/cartographer_ros/hook/cmake_prefix_path.dsv'
[8.167s] INFO:colcon.colcon_core.shell:Creating environment hook '/root/ros2_ws/install/cartographer_ros/share/cartographer_ros/hook/cmake_prefix_path.sh'
[8.173s] DEBUG:colcon.colcon_core.event_handler.log_command:Invoked command in '/root/ros2_ws/build/cartographer_ros' returned '0': CMAKE_PREFIX_PATH=/root/ros2_ws/install/cartographer_ros_msgs:/root/ros2_ws/install/cartographer:/root/ros2_ws/install/robocar_test_cpp:/root/ros2_ws/install/Test_FirstPkg:/root/ros2_ws/install/rplidar_ros:/root/ros2_ws/install/cartographer_rviz:/root/ros2_ws/install/cartographer_ros:/root/ros2_ws/install/ros2_opencv:/opt/ros/humble LD_LIBRARY_PATH=/root/ros2_ws/install/cartographer_ros_msgs/lib:/root/ros2_ws/install/cartographer_rviz/lib:/root/ros2_ws/install/cartographer_ros/lib:/opt/ros/humble/opt/rviz_ogre_vendor/lib:/opt/ros/humble/lib/x86_64-linux-gnu:/opt/ros/humble/lib /usr/bin/cmake --install /root/ros2_ws/build/cartographer_ros
[8.174s] Level 1:colcon.colcon_core.environment:checking '/root/ros2_ws/install/cartographer_ros/lib'
[8.174s] Level 1:colcon.colcon_core.environment:checking '/root/ros2_ws/install/cartographer_ros/bin'
[8.174s] Level 1:colcon.colcon_core.environment:checking '/root/ros2_ws/install/cartographer_ros/lib/pkgconfig/cartographer_ros.pc'
[8.175s] Level 1:colcon.colcon_core.environment:checking '/root/ros2_ws/install/cartographer_ros/lib/python3.10/site-packages'
[8.177s] Level 1:colcon.colcon_core.environment:checking '/root/ros2_ws/install/cartographer_ros/bin'
[8.179s] INFO:colcon.colcon_core.shell:Creating package script '/root/ros2_ws/install/cartographer_ros/share/cartographer_ros/package.ps1'
[8.182s] INFO:colcon.colcon_core.shell:Creating package descriptor '/root/ros2_ws/install/cartographer_ros/share/cartographer_ros/package.dsv'
[8.184s] INFO:colcon.colcon_core.shell:Creating package script '/root/ros2_ws/install/cartographer_ros/share/cartographer_ros/package.sh'
[8.185s] INFO:colcon.colcon_core.shell:Creating package script '/root/ros2_ws/install/cartographer_ros/share/cartographer_ros/package.bash'
[8.188s] INFO:colcon.colcon_core.shell:Creating package script '/root/ros2_ws/install/cartographer_ros/share/cartographer_ros/package.zsh'
[8.191s] Level 1:colcon.colcon_core.environment:create_file_with_runtime_dependencies(/root/ros2_ws/install/cartographer_ros/share/colcon-core/packages/cartographer_ros)
[8.196s] Level 1:colcon.colcon_core.environment:create_environment_scripts_only(cartographer_ros)
[8.198s] Level 1:colcon.colcon_core.environment:checking '/root/ros2_ws/install/cartographer_ros' for CMake module files
[8.201s] Level 1:colcon.colcon_core.environment:checking '/root/ros2_ws/install/cartographer_ros' for CMake config files
[8.202s] Level 1:colcon.colcon_core.shell:create_environment_hook('cartographer_ros', 'cmake_prefix_path')
[8.205s] INFO:colcon.colcon_core.shell:Creating environment hook '/root/ros2_ws/install/cartographer_ros/share/cartographer_ros/hook/cmake_prefix_path.ps1'
[8.207s] INFO:colcon.colcon_core.shell:Creating environment descriptor '/root/ros2_ws/install/cartographer_ros/share/cartographer_ros/hook/cmake_prefix_path.dsv'
[8.209s] INFO:colcon.colcon_core.shell:Creating environment hook '/root/ros2_ws/install/cartographer_ros/share/cartographer_ros/hook/cmake_prefix_path.sh'
[8.214s] Level 1:colcon.colcon_core.environment:checking '/root/ros2_ws/install/cartographer_ros/lib'
[8.214s] Level 1:colcon.colcon_core.environment:checking '/root/ros2_ws/install/cartographer_ros/bin'
[8.215s] Level 1:colcon.colcon_core.environment:checking '/root/ros2_ws/install/cartographer_ros/lib/pkgconfig/cartographer_ros.pc'
[8.216s] Level 1:colcon.colcon_core.environment:checking '/root/ros2_ws/install/cartographer_ros/lib/python3.10/site-packages'
[8.217s] Level 1:colcon.colcon_core.environment:checking '/root/ros2_ws/install/cartographer_ros/bin'
[8.218s] INFO:colcon.colcon_core.shell:Creating package script '/root/ros2_ws/install/cartographer_ros/share/cartographer_ros/package.ps1'
[8.222s] INFO:colcon.colcon_core.shell:Creating package descriptor '/root/ros2_ws/install/cartographer_ros/share/cartographer_ros/package.dsv'
[8.224s] INFO:colcon.colcon_core.shell:Creating package script '/root/ros2_ws/install/cartographer_ros/share/cartographer_ros/package.sh'
[8.228s] INFO:colcon.colcon_core.shell:Creating package script '/root/ros2_ws/install/cartographer_ros/share/cartographer_ros/package.bash'
[8.233s] INFO:colcon.colcon_core.shell:Creating package script '/root/ros2_ws/install/cartographer_ros/share/cartographer_ros/package.zsh'
[8.235s] Level 1:colcon.colcon_core.environment:create_file_with_runtime_dependencies(/root/ros2_ws/install/cartographer_ros/share/colcon-core/packages/cartographer_ros)
[8.239s] INFO:colcon.colcon_ros.task.ament_cmake.build:Building ROS package in '/root/ros2_ws/src/cartographer_ros/cartographer_rviz' with build type 'ament_cmake'
[8.239s] INFO:colcon.colcon_cmake.task.cmake.build:Building CMake package in '/root/ros2_ws/src/cartographer_ros/cartographer_rviz'
[8.242s] INFO:colcon.colcon_core.shell:Skip shell extension 'powershell' for command environment: Not usable outside of PowerShell
[8.243s] DEBUG:colcon.colcon_core.shell:Skip shell extension 'dsv' for command environment
[8.267s] Level 1:colcon.colcon_core.environment:checking '/root/ros2_ws/install/ros2_opencv' for CMake module files
[8.272s] Level 1:colcon.colcon_core.environment:checking '/root/ros2_ws/install/ros2_opencv' for CMake config files
[8.273s] DEBUG:colcon.colcon_core.event_handler.log_command:Invoked command in '/root/ros2_ws/src/ros2_opencv' returned '0': PYTHONPATH=/root/ros2_ws/build/ros2_opencv/prefix_override:/usr/lib/python3/dist-packages/colcon_core/task/python/colcon_distutils_commands:/root/ros2_ws/install/ros2_opencv/lib/python3.10/site-packages:${PYTHONPATH} /usr/bin/python3 -W ignore:setup.py install is deprecated -W ignore:easy_install command is deprecated setup.py egg_info --egg-base ../../build/ros2_opencv build --build-base /root/ros2_ws/build/ros2_opencv/build install --record /root/ros2_ws/build/ros2_opencv/install.log --single-version-externally-managed install_data
[8.276s] Level 1:colcon.colcon_core.environment:checking '/root/ros2_ws/install/ros2_opencv/lib'
[8.278s] Level 1:colcon.colcon_core.environment:checking '/root/ros2_ws/install/ros2_opencv/bin'
[8.279s] Level 1:colcon.colcon_core.environment:checking '/root/ros2_ws/install/ros2_opencv/lib/pkgconfig/ros2_opencv.pc'
[8.281s] Level 1:colcon.colcon_core.environment:checking '/root/ros2_ws/install/ros2_opencv/lib/python3.10/site-packages'
[8.281s] Level 1:colcon.colcon_core.shell:create_environment_hook('ros2_opencv', 'pythonpath')
[8.282s] INFO:colcon.colcon_core.shell:Creating environment hook '/root/ros2_ws/install/ros2_opencv/share/ros2_opencv/hook/pythonpath.ps1'
[8.285s] INFO:colcon.colcon_core.shell:Creating environment descriptor '/root/ros2_ws/install/ros2_opencv/share/ros2_opencv/hook/pythonpath.dsv'
[8.288s] INFO:colcon.colcon_core.shell:Creating environment hook '/root/ros2_ws/install/ros2_opencv/share/ros2_opencv/hook/pythonpath.sh'
[8.291s] Level 1:colcon.colcon_core.environment:checking '/root/ros2_ws/install/ros2_opencv/bin'
[8.292s] Level 1:colcon.colcon_core.environment:create_environment_scripts_only(ros2_opencv)
[8.296s] INFO:colcon.colcon_core.shell:Creating package script '/root/ros2_ws/install/ros2_opencv/share/ros2_opencv/package.ps1'
[8.298s] INFO:colcon.colcon_core.shell:Creating package descriptor '/root/ros2_ws/install/ros2_opencv/share/ros2_opencv/package.dsv'
[8.303s] INFO:colcon.colcon_core.shell:Creating package script '/root/ros2_ws/install/ros2_opencv/share/ros2_opencv/package.sh'
[8.308s] INFO:colcon.colcon_core.shell:Creating package script '/root/ros2_ws/install/ros2_opencv/share/ros2_opencv/package.bash'
[8.309s] INFO:colcon.colcon_core.shell:Creating package script '/root/ros2_ws/install/ros2_opencv/share/ros2_opencv/package.zsh'
[8.311s] Level 1:colcon.colcon_core.environment:create_file_with_runtime_dependencies(/root/ros2_ws/install/ros2_opencv/share/colcon-core/packages/ros2_opencv)
[8.334s] DEBUG:colcon.colcon_core.event_handler.log_command:Invoking command in '/root/ros2_ws/build/cartographer_rviz': CMAKE_PREFIX_PATH=/root/ros2_ws/install/cartographer_ros:/root/ros2_ws/install/cartographer_ros_msgs:/root/ros2_ws/install/cartographer:/root/ros2_ws/install/robocar_test_cpp:/root/ros2_ws/install/Test_FirstPkg:/root/ros2_ws/install/rplidar_ros:/root/ros2_ws/install/cartographer_rviz:/root/ros2_ws/install/ros2_opencv:/opt/ros/humble LD_LIBRARY_PATH=/root/ros2_ws/install/cartographer_ros_msgs/lib:/root/ros2_ws/install/cartographer_rviz/lib:/root/ros2_ws/install/cartographer_ros/lib:/opt/ros/humble/opt/rviz_ogre_vendor/lib:/opt/ros/humble/lib/x86_64-linux-gnu:/opt/ros/humble/lib /usr/bin/cmake --build /root/ros2_ws/build/cartographer_rviz -- -j8 -l8
[8.908s] DEBUG:colcon.colcon_core.event_handler.log_command:Invoked command in '/root/ros2_ws/build/cartographer_rviz' returned '0': CMAKE_PREFIX_PATH=/root/ros2_ws/install/cartographer_ros:/root/ros2_ws/install/cartographer_ros_msgs:/root/ros2_ws/install/cartographer:/root/ros2_ws/install/robocar_test_cpp:/root/ros2_ws/install/Test_FirstPkg:/root/ros2_ws/install/rplidar_ros:/root/ros2_ws/install/cartographer_rviz:/root/ros2_ws/install/ros2_opencv:/opt/ros/humble LD_LIBRARY_PATH=/root/ros2_ws/install/cartographer_ros_msgs/lib:/root/ros2_ws/install/cartographer_rviz/lib:/root/ros2_ws/install/cartographer_ros/lib:/opt/ros/humble/opt/rviz_ogre_vendor/lib:/opt/ros/humble/lib/x86_64-linux-gnu:/opt/ros/humble/lib /usr/bin/cmake --build /root/ros2_ws/build/cartographer_rviz -- -j8 -l8
[8.915s] DEBUG:colcon.colcon_core.event_handler.log_command:Invoking command in '/root/ros2_ws/build/cartographer_rviz': CMAKE_PREFIX_PATH=/root/ros2_ws/install/cartographer_ros:/root/ros2_ws/install/cartographer_ros_msgs:/root/ros2_ws/install/cartographer:/root/ros2_ws/install/robocar_test_cpp:/root/ros2_ws/install/Test_FirstPkg:/root/ros2_ws/install/rplidar_ros:/root/ros2_ws/install/cartographer_rviz:/root/ros2_ws/install/ros2_opencv:/opt/ros/humble LD_LIBRARY_PATH=/root/ros2_ws/install/cartographer_ros_msgs/lib:/root/ros2_ws/install/cartographer_rviz/lib:/root/ros2_ws/install/cartographer_ros/lib:/opt/ros/humble/opt/rviz_ogre_vendor/lib:/opt/ros/humble/lib/x86_64-linux-gnu:/opt/ros/humble/lib /usr/bin/cmake --install /root/ros2_ws/build/cartographer_rviz
[8.957s] Level 1:colcon.colcon_core.environment:create_environment_scripts_only(cartographer_rviz)
[8.958s] Level 1:colcon.colcon_core.environment:checking '/root/ros2_ws/install/cartographer_rviz' for CMake module files
[8.961s] DEBUG:colcon.colcon_core.event_handler.log_command:Invoked command in '/root/ros2_ws/build/cartographer_rviz' returned '0': CMAKE_PREFIX_PATH=/root/ros2_ws/install/cartographer_ros:/root/ros2_ws/install/cartographer_ros_msgs:/root/ros2_ws/install/cartographer:/root/ros2_ws/install/robocar_test_cpp:/root/ros2_ws/install/Test_FirstPkg:/root/ros2_ws/install/rplidar_ros:/root/ros2_ws/install/cartographer_rviz:/root/ros2_ws/install/ros2_opencv:/opt/ros/humble LD_LIBRARY_PATH=/root/ros2_ws/install/cartographer_ros_msgs/lib:/root/ros2_ws/install/cartographer_rviz/lib:/root/ros2_ws/install/cartographer_ros/lib:/opt/ros/humble/opt/rviz_ogre_vendor/lib:/opt/ros/humble/lib/x86_64-linux-gnu:/opt/ros/humble/lib /usr/bin/cmake --install /root/ros2_ws/build/cartographer_rviz
[8.962s] Level 1:colcon.colcon_core.environment:checking '/root/ros2_ws/install/cartographer_rviz' for CMake config files
[8.963s] Level 1:colcon.colcon_core.shell:create_environment_hook('cartographer_rviz', 'cmake_prefix_path')
[8.965s] INFO:colcon.colcon_core.shell:Creating environment hook '/root/ros2_ws/install/cartographer_rviz/share/cartographer_rviz/hook/cmake_prefix_path.ps1'
[8.967s] INFO:colcon.colcon_core.shell:Creating environment descriptor '/root/ros2_ws/install/cartographer_rviz/share/cartographer_rviz/hook/cmake_prefix_path.dsv'
[8.969s] INFO:colcon.colcon_core.shell:Creating environment hook '/root/ros2_ws/install/cartographer_rviz/share/cartographer_rviz/hook/cmake_prefix_path.sh'
[8.972s] Level 1:colcon.colcon_core.environment:checking '/root/ros2_ws/install/cartographer_rviz/lib'
[8.972s] Level 1:colcon.colcon_core.shell:create_environment_hook('cartographer_rviz', 'ld_library_path_lib')
[8.973s] INFO:colcon.colcon_core.shell:Creating environment hook '/root/ros2_ws/install/cartographer_rviz/share/cartographer_rviz/hook/ld_library_path_lib.ps1'
[8.975s] INFO:colcon.colcon_core.shell:Creating environment descriptor '/root/ros2_ws/install/cartographer_rviz/share/cartographer_rviz/hook/ld_library_path_lib.dsv'
[8.977s] INFO:colcon.colcon_core.shell:Creating environment hook '/root/ros2_ws/install/cartographer_rviz/share/cartographer_rviz/hook/ld_library_path_lib.sh'
[8.980s] Level 1:colcon.colcon_core.environment:checking '/root/ros2_ws/install/cartographer_rviz/bin'
[8.980s] Level 1:colcon.colcon_core.environment:checking '/root/ros2_ws/install/cartographer_rviz/lib/pkgconfig/cartographer_rviz.pc'
[8.981s] Level 1:colcon.colcon_core.environment:checking '/root/ros2_ws/install/cartographer_rviz/lib/python3.10/site-packages'
[8.982s] Level 1:colcon.colcon_core.environment:checking '/root/ros2_ws/install/cartographer_rviz/bin'
[8.984s] INFO:colcon.colcon_core.shell:Creating package script '/root/ros2_ws/install/cartographer_rviz/share/cartographer_rviz/package.ps1'
[8.986s] INFO:colcon.colcon_core.shell:Creating package descriptor '/root/ros2_ws/install/cartographer_rviz/share/cartographer_rviz/package.dsv'
[8.988s] INFO:colcon.colcon_core.shell:Creating package script '/root/ros2_ws/install/cartographer_rviz/share/cartographer_rviz/package.sh'
[8.992s] INFO:colcon.colcon_core.shell:Creating package script '/root/ros2_ws/install/cartographer_rviz/share/cartographer_rviz/package.bash'
[8.993s] INFO:colcon.colcon_core.shell:Creating package script '/root/ros2_ws/install/cartographer_rviz/share/cartographer_rviz/package.zsh'
[8.996s] Level 1:colcon.colcon_core.environment:create_file_with_runtime_dependencies(/root/ros2_ws/install/cartographer_rviz/share/colcon-core/packages/cartographer_rviz)
[8.999s] Level 1:colcon.colcon_core.environment:create_environment_scripts_only(cartographer_rviz)
[9.000s] Level 1:colcon.colcon_core.environment:checking '/root/ros2_ws/install/cartographer_rviz' for CMake module files
[9.002s] Level 1:colcon.colcon_core.environment:checking '/root/ros2_ws/install/cartographer_rviz' for CMake config files
[9.003s] Level 1:colcon.colcon_core.shell:create_environment_hook('cartographer_rviz', 'cmake_prefix_path')
[9.005s] INFO:colcon.colcon_core.shell:Creating environment hook '/root/ros2_ws/install/cartographer_rviz/share/cartographer_rviz/hook/cmake_prefix_path.ps1'
[9.008s] INFO:colcon.colcon_core.shell:Creating environment descriptor '/root/ros2_ws/install/cartographer_rviz/share/cartographer_rviz/hook/cmake_prefix_path.dsv'
[9.010s] INFO:colcon.colcon_core.shell:Creating environment hook '/root/ros2_ws/install/cartographer_rviz/share/cartographer_rviz/hook/cmake_prefix_path.sh'
[9.014s] Level 1:colcon.colcon_core.environment:checking '/root/ros2_ws/install/cartographer_rviz/lib'
[9.014s] Level 1:colcon.colcon_core.shell:create_environment_hook('cartographer_rviz', 'ld_library_path_lib')
[9.015s] INFO:colcon.colcon_core.shell:Creating environment hook '/root/ros2_ws/install/cartographer_rviz/share/cartographer_rviz/hook/ld_library_path_lib.ps1'
[9.016s] INFO:colcon.colcon_core.shell:Creating environment descriptor '/root/ros2_ws/install/cartographer_rviz/share/cartographer_rviz/hook/ld_library_path_lib.dsv'
[9.018s] INFO:colcon.colcon_core.shell:Creating environment hook '/root/ros2_ws/install/cartographer_rviz/share/cartographer_rviz/hook/ld_library_path_lib.sh'
[9.021s] Level 1:colcon.colcon_core.environment:checking '/root/ros2_ws/install/cartographer_rviz/bin'
[9.021s] Level 1:colcon.colcon_core.environment:checking '/root/ros2_ws/install/cartographer_rviz/lib/pkgconfig/cartographer_rviz.pc'
[9.022s] Level 1:colcon.colcon_core.environment:checking '/root/ros2_ws/install/cartographer_rviz/lib/python3.10/site-packages'
[9.023s] Level 1:colcon.colcon_core.environment:checking '/root/ros2_ws/install/cartographer_rviz/bin'
[9.024s] INFO:colcon.colcon_core.shell:Creating package script '/root/ros2_ws/install/cartographer_rviz/share/cartographer_rviz/package.ps1'
[9.026s] INFO:colcon.colcon_core.shell:Creating package descriptor '/root/ros2_ws/install/cartographer_rviz/share/cartographer_rviz/package.dsv'
[9.029s] INFO:colcon.colcon_core.shell:Creating package script '/root/ros2_ws/install/cartographer_rviz/share/cartographer_rviz/package.sh'
[9.032s] INFO:colcon.colcon_core.shell:Creating package script '/root/ros2_ws/install/cartographer_rviz/share/cartographer_rviz/package.bash'
[9.034s] INFO:colcon.colcon_core.shell:Creating package script '/root/ros2_ws/install/cartographer_rviz/share/cartographer_rviz/package.zsh'
[9.037s] Level 1:colcon.colcon_core.environment:create_file_with_runtime_dependencies(/root/ros2_ws/install/cartographer_rviz/share/colcon-core/packages/cartographer_rviz)
[30.824s] DEBUG:colcon.colcon_core.event_handler.log_command:Invoked command in '/root/ros2_ws/build/robocar_test_cpp' returned '0': CMAKE_PREFIX_PATH=${CMAKE_PREFIX_PATH}:/root/ros2_ws/install/ros2_opencv:/opt/ros/humble /usr/bin/cmake --build /root/ros2_ws/build/robocar_test_cpp -- -j8 -l8
[30.827s] DEBUG:colcon.colcon_core.event_handler.log_command:Invoking command in '/root/ros2_ws/build/robocar_test_cpp': CMAKE_PREFIX_PATH=${CMAKE_PREFIX_PATH}:/root/ros2_ws/install/ros2_opencv:/opt/ros/humble /usr/bin/cmake --install /root/ros2_ws/build/robocar_test_cpp
[30.868s] Level 1:colcon.colcon_core.environment:create_environment_scripts_only(robocar_test_cpp)
[30.869s] Level 1:colcon.colcon_core.environment:checking '/root/ros2_ws/install/robocar_test_cpp' for CMake module files
[30.870s] DEBUG:colcon.colcon_core.event_handler.log_command:Invoked command in '/root/ros2_ws/build/robocar_test_cpp' returned '0': CMAKE_PREFIX_PATH=${CMAKE_PREFIX_PATH}:/root/ros2_ws/install/ros2_opencv:/opt/ros/humble /usr/bin/cmake --install /root/ros2_ws/build/robocar_test_cpp
[30.871s] Level 1:colcon.colcon_core.environment:checking '/root/ros2_ws/install/robocar_test_cpp' for CMake config files
[30.872s] Level 1:colcon.colcon_core.shell:create_environment_hook('robocar_test_cpp', 'cmake_prefix_path')
[30.873s] INFO:colcon.colcon_core.shell:Creating environment hook '/root/ros2_ws/install/robocar_test_cpp/share/robocar_test_cpp/hook/cmake_prefix_path.ps1'
[30.875s] INFO:colcon.colcon_core.shell:Creating environment descriptor '/root/ros2_ws/install/robocar_test_cpp/share/robocar_test_cpp/hook/cmake_prefix_path.dsv'
[30.875s] INFO:colcon.colcon_core.shell:Creating environment hook '/root/ros2_ws/install/robocar_test_cpp/share/robocar_test_cpp/hook/cmake_prefix_path.sh'
[30.877s] Level 1:colcon.colcon_core.environment:checking '/root/ros2_ws/install/robocar_test_cpp/lib'
[30.877s] Level 1:colcon.colcon_core.environment:checking '/root/ros2_ws/install/robocar_test_cpp/bin'
[30.877s] Level 1:colcon.colcon_core.environment:checking '/root/ros2_ws/install/robocar_test_cpp/lib/pkgconfig/robocar_test_cpp.pc'
[30.878s] Level 1:colcon.colcon_core.environment:checking '/root/ros2_ws/install/robocar_test_cpp/lib/python3.10/site-packages'
[30.878s] Level 1:colcon.colcon_core.environment:checking '/root/ros2_ws/install/robocar_test_cpp/bin'
[30.880s] INFO:colcon.colcon_core.shell:Creating package script '/root/ros2_ws/install/robocar_test_cpp/share/robocar_test_cpp/package.ps1'
[30.881s] INFO:colcon.colcon_core.shell:Creating package descriptor '/root/ros2_ws/install/robocar_test_cpp/share/robocar_test_cpp/package.dsv'
[30.882s] INFO:colcon.colcon_core.shell:Creating package script '/root/ros2_ws/install/robocar_test_cpp/share/robocar_test_cpp/package.sh'
[30.883s] INFO:colcon.colcon_core.shell:Creating package script '/root/ros2_ws/install/robocar_test_cpp/share/robocar_test_cpp/package.bash'
[30.884s] INFO:colcon.colcon_core.shell:Creating package script '/root/ros2_ws/install/robocar_test_cpp/share/robocar_test_cpp/package.zsh'
[30.885s] Level 1:colcon.colcon_core.environment:create_file_with_runtime_dependencies(/root/ros2_ws/install/robocar_test_cpp/share/colcon-core/packages/robocar_test_cpp)
[30.886s] Level 1:colcon.colcon_core.environment:create_environment_scripts_only(robocar_test_cpp)
[30.887s] Level 1:colcon.colcon_core.environment:checking '/root/ros2_ws/install/robocar_test_cpp' for CMake module files
[30.888s] Level 1:colcon.colcon_core.environment:checking '/root/ros2_ws/install/robocar_test_cpp' for CMake config files
[30.889s] Level 1:colcon.colcon_core.shell:create_environment_hook('robocar_test_cpp', 'cmake_prefix_path')
[30.890s] INFO:colcon.colcon_core.shell:Creating environment hook '/root/ros2_ws/install/robocar_test_cpp/share/robocar_test_cpp/hook/cmake_prefix_path.ps1'
[30.891s] INFO:colcon.colcon_core.shell:Creating environment descriptor '/root/ros2_ws/install/robocar_test_cpp/share/robocar_test_cpp/hook/cmake_prefix_path.dsv'
[30.892s] INFO:colcon.colcon_core.shell:Creating environment hook '/root/ros2_ws/install/robocar_test_cpp/share/robocar_test_cpp/hook/cmake_prefix_path.sh'
[30.893s] Level 1:colcon.colcon_core.environment:checking '/root/ros2_ws/install/robocar_test_cpp/lib'
[30.893s] Level 1:colcon.colcon_core.environment:checking '/root/ros2_ws/install/robocar_test_cpp/bin'
[30.893s] Level 1:colcon.colcon_core.environment:checking '/root/ros2_ws/install/robocar_test_cpp/lib/pkgconfig/robocar_test_cpp.pc'
[30.894s] Level 1:colcon.colcon_core.environment:checking '/root/ros2_ws/install/robocar_test_cpp/lib/python3.10/site-packages'
[30.894s] Level 1:colcon.colcon_core.environment:checking '/root/ros2_ws/install/robocar_test_cpp/bin'
[30.896s] INFO:colcon.colcon_core.shell:Creating package script '/root/ros2_ws/install/robocar_test_cpp/share/robocar_test_cpp/package.ps1'
[30.898s] INFO:colcon.colcon_core.shell:Creating package descriptor '/root/ros2_ws/install/robocar_test_cpp/share/robocar_test_cpp/package.dsv'
[30.899s] INFO:colcon.colcon_core.shell:Creating package script '/root/ros2_ws/install/robocar_test_cpp/share/robocar_test_cpp/package.sh'
[30.900s] INFO:colcon.colcon_core.shell:Creating package script '/root/ros2_ws/install/robocar_test_cpp/share/robocar_test_cpp/package.bash'
[30.901s] INFO:colcon.colcon_core.shell:Creating package script '/root/ros2_ws/install/robocar_test_cpp/share/robocar_test_cpp/package.zsh'
[30.902s] Level 1:colcon.colcon_core.environment:create_file_with_runtime_dependencies(/root/ros2_ws/install/robocar_test_cpp/share/colcon-core/packages/robocar_test_cpp)
[30.903s] DEBUG:colcon.colcon_parallel_executor.executor.parallel:closing loop
[30.904s] DEBUG:colcon.colcon_parallel_executor.executor.parallel:loop closed
[30.906s] DEBUG:colcon.colcon_parallel_executor.executor.parallel:run_until_complete finished with '0'
[30.907s] DEBUG:colcon.colcon_core.event_reactor:joining thread
[30.924s] INFO:colcon.colcon_core.plugin_system:Skipping extension 'colcon_notification.desktop_notification.notify_send': Could not find 'notify-send'
[30.924s] INFO:colcon.colcon_core.plugin_system:Skipping extension 'colcon_notification.desktop_notification.terminal_notifier': Not used on non-Darwin systems
[30.924s] INFO:colcon.colcon_core.plugin_system:Skipping extension 'colcon_notification.desktop_notification.win32': Not used on non-Windows systems
[30.924s] INFO:colcon.colcon_notification.desktop_notification:Sending desktop notification using 'notify2'
[30.929s] DEBUG:colcon.colcon_notification.desktop_notification.notify2:Failed to initialize notify2: org.freedesktop.DBus.Error.Spawn.ExecFailed: /usr/bin/dbus-launch terminated abnormally without any error message
[30.930s] DEBUG:colcon.colcon_core.event_reactor:joined thread
[30.932s] INFO:colcon.colcon_core.shell:Creating prefix script '/root/ros2_ws/install/local_setup.ps1'
[30.938s] INFO:colcon.colcon_core.shell:Creating prefix util module '/root/ros2_ws/install/_local_setup_util_ps1.py'
[30.944s] INFO:colcon.colcon_core.shell:Creating prefix chain script '/root/ros2_ws/install/setup.ps1'
[30.950s] INFO:colcon.colcon_core.shell:Creating prefix script '/root/ros2_ws/install/local_setup.sh'
[30.952s] INFO:colcon.colcon_core.shell:Creating prefix util module '/root/ros2_ws/install/_local_setup_util_sh.py'
[30.956s] INFO:colcon.colcon_core.shell:Creating prefix chain script '/root/ros2_ws/install/setup.sh'
[30.960s] INFO:colcon.colcon_core.shell:Creating prefix script '/root/ros2_ws/install/local_setup.bash'
[30.963s] INFO:colcon.colcon_core.shell:Creating prefix chain script '/root/ros2_ws/install/setup.bash'
[30.967s] INFO:colcon.colcon_core.shell:Creating prefix script '/root/ros2_ws/install/local_setup.zsh'
[30.968s] INFO:colcon.colcon_core.shell:Creating prefix chain script '/root/ros2_ws/install/setup.zsh'
