[3.906s] Invoking command in '/root/ros2_ws/src/ros2_opencv': PYTHONPATH=/root/ros2_ws/build/ros2_opencv/prefix_override:/usr/lib/python3/dist-packages/colcon_core/task/python/colcon_distutils_commands:/root/ros2_ws/install/ros2_opencv/lib/python3.10/site-packages:${PYTHONPATH} /usr/bin/python3 -W ignore:setup.py install is deprecated -W ignore:easy_install command is deprecated setup.py egg_info --egg-base ../../build/ros2_opencv build --build-base /root/ros2_ws/build/ros2_opencv/build install --record /root/ros2_ws/build/ros2_opencv/install.log --single-version-externally-managed install_data
[5.046s] running egg_info
[5.056s] writing ../../build/ros2_opencv/ros2_opencv.egg-info/PKG-INFO
[5.057s] writing dependency_links to ../../build/ros2_opencv/ros2_opencv.egg-info/dependency_links.txt
[5.065s] writing entry points to ../../build/ros2_opencv/ros2_opencv.egg-info/entry_points.txt
[5.066s] writing requirements to ../../build/ros2_opencv/ros2_opencv.egg-info/requires.txt
[5.067s] writing top-level names to ../../build/ros2_opencv/ros2_opencv.egg-info/top_level.txt
[5.081s] reading manifest file '../../build/ros2_opencv/ros2_opencv.egg-info/SOURCES.txt'
[5.081s] writing manifest file '../../build/ros2_opencv/ros2_opencv.egg-info/SOURCES.txt'
[5.081s] running build
[5.084s] running build_py
[5.084s] running install
[5.085s] running install_lib
[5.089s] running install_data
[5.098s] running install_egg_info
[5.098s] removing '/root/ros2_ws/install/ros2_opencv/lib/python3.10/site-packages/ros2_opencv-0.0.0-py3.10.egg-info' (and everything under it)
[5.099s] Copying ../../build/ros2_opencv/ros2_opencv.egg-info to /root/ros2_ws/install/ros2_opencv/lib/python3.10/site-packages/ros2_opencv-0.0.0-py3.10.egg-info
[5.100s] running install_scripts
[5.157s] writing list of installed files to '/root/ros2_ws/build/ros2_opencv/install.log'
[5.288s] Invoked command in '/root/ros2_ws/src/ros2_opencv' returned '0': PYTHONPATH=/root/ros2_ws/build/ros2_opencv/prefix_override:/usr/lib/python3/dist-packages/colcon_core/task/python/colcon_distutils_commands:/root/ros2_ws/install/ros2_opencv/lib/python3.10/site-packages:${PYTHONPATH} /usr/bin/python3 -W ignore:setup.py install is deprecated -W ignore:easy_install command is deprecated setup.py egg_info --egg-base ../../build/ros2_opencv build --build-base /root/ros2_ws/build/ros2_opencv/build install --record /root/ros2_ws/build/ros2_opencv/install.log --single-version-externally-managed install_data
