[0.137s] Invoking command in '/root/ros2_ws/build/cartographer': CMAKE_PREFIX_PATH=${CMAKE_PREFIX_PATH}:/root/ros2_ws/install/ros2_opencv:/opt/ros/humble /usr/bin/cmake --build /root/ros2_ws/build/cartographer -- -j8 -l8
[1.383s] [  0%] Built target cartographer_detect_changes
[1.384s] [  0%] [34m[1mBuilding documentation.[0m
[1.384s] [  1%] Built target gtest
[1.386s] [  2%] Built target gmock
[1.387s] [  2%] Built target gmock_main
[1.995s] [ 55%] Built target cartographer
[2.123s] [ 56%] Built target cartographer_pbstream
[2.137s] [ 57%] Built target cartographer_autogenerate_ground_truth
[2.149s] [ 57%] Built target cartographer_compute_relations_metrics
[2.163s] [ 57%] Built target cartographer_print_configuration
[2.217s] [ 58%] Built target cartographer_test_library
[2.400s] [ 58%] Built target cartographer.common.task_test
[2.446s] [ 58%] Built target cartographer.common.configuration_files_test
[2.472s] [ 59%] Built target cartographer.common.math_test
[2.498s] [ 59%] Built target cartographer.common.lua_parameter_dictionary_test
[2.516s] [ 59%] Built target cartographer.common.internal.blocking_queue_test
[2.572s] [ 60%] Built target cartographer.common.internal.rate_timer_test
[2.582s] [ 61%] Built target cartographer.common.fixed_ratio_sampler_test
[2.650s] [ 62%] Built target cartographer.common.thread_pool_test
[2.688s] [ 62%] Built target cartographer.io.fake_file_writer_test
[2.762s] [ 63%] Built target cartographer.io.probability_grid_points_processor_test
[2.893s] [ 63%] Built target cartographer.io.points_processor_pipeline_builder_test
[2.899s] [ 64%] Built target cartographer.io.internal.in_memory_proto_stream_test
[2.957s] [ 65%] Built target cartographer.io.proto_stream_test
[2.957s] [ 65%] Built target cartographer.io.proto_stream_deserializer_test
[3.300s] [ 66%] Built target cartographer.mapping.2d.map_limits_test
[3.300s] [ 66%] Built target cartographer.io.serialization_format_migration_test
[3.300s] [ 66%] Built target cartographer.mapping.2d.probability_grid_test
[3.300s] [ 66%] Built target cartographer.mapping.3d.hybrid_grid_test
[3.305s] [ 66%] Built target cartographer.mapping.2d.submap_2d_test
[3.306s] [ 67%] Built target cartographer.mapping.2d.range_data_inserter_2d_test
[3.306s] [ 68%] Built target cartographer.mapping.2d.xy_index_test
[3.306s] [ 69%] Built target cartographer.mapping.3d.range_data_inserter_3d_test
[3.315s] [01mRunning Sphinx v4.3.2[39;49;00m
[3.315s] [ 69%] Built target cartographer.mapping.internal.2d.overlapping_submaps_trimmer_2d_test
[3.316s] [ 69%] Built target cartographer.mapping.imu_tracker_test
[3.329s] [ 70%] Built target cartographer.mapping.id_test
[3.338s] [ 70%] Built target cartographer.mapping.3d.submap_3d_test
[3.387s] [ 71%] Built target cartographer.mapping.internal.2d.normal_estimation_2d_test
[3.482s] [ 72%] Built target cartographer.mapping.internal.2d.scan_matching.ceres_scan_matcher_2d_test
[3.499s] [ 73%] Built target cartographer.mapping.internal.2d.pose_graph_2d_test
[3.591s] [ 74%] Built target cartographer.mapping.internal.2d.scan_matching.fast_correlative_scan_matcher_2d_test
[3.592s] [ 74%] Built target cartographer.mapping.internal.2d.ray_to_pixel_mask_test
[3.594s] [ 74%] Built target cartographer.mapping.internal.2d.scan_matching.correlative_scan_matcher_test
[3.768s] [ 74%] Built target cartographer.mapping.internal.2d.scan_matching.occupied_space_cost_function_2d_test
[3.775s] [ 75%] Built target cartographer.mapping.internal.2d.scan_matching.real_time_correlative_scan_matcher_2d_test
[3.776s] [ 76%] Built target cartographer.mapping.internal.2d.scan_matching.interpolated_tsdf_2d_test
[3.820s] [ 77%] Built target cartographer.mapping.internal.2d.tsd_value_converter_test
[3.859s] [ 78%] Built target cartographer.mapping.internal.3d.pose_graph_3d_test
[3.859s] [ 78%] Built target cartographer.mapping.internal.2d.scan_matching.tsdf_match_cost_function_2d_test
[3.864s] [ 78%] Built target cartographer.mapping.internal.3d.local_trajectory_builder_3d_test
[3.878s] [ 79%] Built target cartographer.mapping.internal.2d.tsdf_range_data_inserter_2d_test
[3.888s] [ 79%] Built target cartographer.mapping.internal.2d.tsdf_2d_test
[3.955s] [ 79%] Built target cartographer.mapping.internal.3d.rotation_parameterization_test
[4.052s] [ 79%] Built target cartographer.mapping.internal.3d.scan_matching.real_time_correlative_scan_matcher_3d_test
[4.076s] [01mloading pickled environment... [39;49;00mdone
[4.085s] [ 80%] Built target cartographer.mapping.internal.3d.scan_matching.ceres_scan_matcher_3d_test
[4.085s] [01mbuilding [mo]: [39;49;00mtargets for 0 po files that are out of date
[4.086s] [01mbuilding [html]: [39;49;00mtargets for 0 source files that are out of date
[4.089s] [01mupdating environment: [39;49;00m0 added, 0 changed, 0 removed
[4.094s] [01mlooking for now-outdated files... [39;49;00mnone found
[4.094s] [01mno targets are out of date.[39;49;00m
[4.095s] [01mbuild succeeded.[39;49;00m
[4.098s] 
[4.099s] The HTML pages are in html.
[4.102s] [ 80%] Built target cartographer.mapping.internal.3d.scan_matching.fast_correlative_scan_matcher_3d_test
[4.159s] [ 81%] Built target cartographer.mapping.internal.3d.scan_matching.precomputation_grid_3d_test
[4.159s] [ 82%] Built target cartographer.mapping.internal.3d.scan_matching.rotation_delta_cost_functor_3d_test
[4.214s] [ 82%] Built target cartographer.mapping.internal.3d.scan_matching.interpolated_grid_test
[4.219s] [ 83%] Built target cartographer.mapping.internal.3d.scan_matching.intensity_cost_function_3d_test
[4.257s] [ 83%] Built target cartographer.mapping.internal.3d.scan_matching.rotational_scan_matcher_test
[4.373s] [ 84%] Built target cartographer.mapping.internal.connected_components_test
[4.407s] [ 85%] Built target cartographer.mapping.internal.constraints.constraint_builder_3d_test
[4.414s] [ 85%] Built target cartographer.mapping.internal.constraints.constraint_builder_2d_test
[4.427s] [ 85%] Built target build_doc
[4.487s] [ 86%] Built target cartographer.mapping.internal.optimization.cost_functions.landmark_cost_function_2d_test
[4.525s] [ 87%] Built target cartographer.mapping.internal.motion_filter_test
[4.534s] [ 87%] Built target cartographer.mapping.internal.optimization.cost_functions.spa_cost_function_2d_test
[4.597s] [ 87%] Built target cartographer.mapping.internal.optimization.cost_functions.landmark_cost_function_3d_test
[4.611s] [ 87%] Built target cartographer.mapping.internal.optimization.optimization_problem_3d_test
[4.674s] [ 88%] Built target cartographer.mapping.internal.range_data_collator_test
[4.709s] [ 89%] Built target cartographer.mapping.map_builder_test
[4.743s] [ 89%] Built target cartographer.mapping.internal.trajectory_connectivity_state_test
[4.762s] [ 89%] Built target cartographer.mapping.pose_graph_trimmer_test
[4.782s] [ 89%] Built target cartographer.mapping.pose_extrapolator_test
[4.835s] [ 90%] Built target cartographer.mapping.pose_graph_test
[4.839s] [ 90%] Built target cartographer.mapping.submaps_test
[4.910s] [ 91%] Built target cartographer.mapping.probability_values_test
[4.930s] [ 92%] Built target cartographer.mapping.trajectory_node_test
[4.946s] [ 92%] Built target cartographer.mapping.value_conversion_tables_test
[5.003s] [ 93%] Built target cartographer.sensor.compressed_point_cloud_test
[5.026s] [ 93%] Built target cartographer.sensor.internal.collator_test
[5.058s] [ 94%] Built target cartographer.sensor.internal.ordered_multi_queue_test
[5.068s] [ 95%] Built target cartographer.sensor.internal.trajectory_collator_test
[5.068s] [ 95%] Built target cartographer.sensor.internal.voxel_filter_test
[5.163s] [ 96%] Built target cartographer.sensor.landmark_data_test
[5.173s] [ 96%] Built target cartographer.sensor.map_by_time_test
[5.193s] [ 97%] Built target cartographer.sensor.point_cloud_test
[5.271s] [ 97%] Built target cartographer.transform.timestamped_transform_test
[5.280s] [ 97%] Built target cartographer.transform.transform_test
[5.281s] [ 98%] Built target cartographer.transform.transform_interpolation_buffer_test
[5.294s] [ 98%] Built target cartographer.sensor.range_data_test
[5.295s] [100%] Built target cartographer.transform.rigid_transform_test
[5.350s] Invoked command in '/root/ros2_ws/build/cartographer' returned '0': CMAKE_PREFIX_PATH=${CMAKE_PREFIX_PATH}:/root/ros2_ws/install/ros2_opencv:/opt/ros/humble /usr/bin/cmake --build /root/ros2_ws/build/cartographer -- -j8 -l8
[5.357s] Invoking command in '/root/ros2_ws/build/cartographer': CMAKE_PREFIX_PATH=${CMAKE_PREFIX_PATH}:/root/ros2_ws/install/ros2_opencv:/opt/ros/humble /usr/bin/cmake --install /root/ros2_ws/build/cartographer
[5.385s] -- Install configuration: "Release"
[5.389s] -- Up-to-date: /root/ros2_ws/install/cartographer/share/cartographer/package.xml
[5.392s] -- Up-to-date: /root/ros2_ws/install/cartographer/share/cartographer//configuration_files
[5.393s] -- Up-to-date: /root/ros2_ws/install/cartographer/share/cartographer//configuration_files/trajectory_builder_3d.lua
[5.393s] -- Up-to-date: /root/ros2_ws/install/cartographer/share/cartographer//configuration_files/map_builder_server.lua
[5.394s] -- Up-to-date: /root/ros2_ws/install/cartographer/share/cartographer//configuration_files/trajectory_builder_2d.lua
[5.394s] -- Up-to-date: /root/ros2_ws/install/cartographer/share/cartographer//configuration_files/trajectory_builder.lua
[5.394s] -- Up-to-date: /root/ros2_ws/install/cartographer/share/cartographer//configuration_files/map_builder.lua
[5.394s] -- Up-to-date: /root/ros2_ws/install/cartographer/share/cartographer//configuration_files/laser_2d.lua
[5.394s] -- Up-to-date: /root/ros2_ws/install/cartographer/share/cartographer//configuration_files/pose_graph.lua
[5.394s] -- Up-to-date: /root/ros2_ws/install/cartographer/share/cartographer//cmake
[5.394s] -- Up-to-date: /root/ros2_ws/install/cartographer/share/cartographer//cmake/modules
[5.395s] -- Up-to-date: /root/ros2_ws/install/cartographer/share/cartographer//cmake/modules/FindSphinx.cmake
[5.395s] -- Up-to-date: /root/ros2_ws/install/cartographer/share/cartographer//cmake/modules/FindLuaGoogle.cmake
[5.395s] -- Up-to-date: /root/ros2_ws/install/cartographer/share/cartographer//cmake/modules/FindGMock.cmake
[5.395s] -- Up-to-date: /root/ros2_ws/install/cartographer/share/cartographer//cmake/modules/FindEigen3.cmake
[5.396s] -- Up-to-date: /root/ros2_ws/install/cartographer/share/cartographer//cmake/functions.cmake
[5.399s] -- Up-to-date: /root/ros2_ws/install/cartographer/bin/cartographer_autogenerate_ground_truth
[5.400s] -- Up-to-date: /root/ros2_ws/install/cartographer/bin/cartographer_compute_relations_metrics
[5.400s] -- Up-to-date: /root/ros2_ws/install/cartographer/bin/cartographer_pbstream
[5.403s] -- Up-to-date: /root/ros2_ws/install/cartographer/bin/cartographer_print_configuration
[5.404s] -- Up-to-date: /root/ros2_ws/install/cartographer/lib/libcartographer.a
[5.405s] -- Up-to-date: /root/ros2_ws/install/cartographer/include/cartographer/common/configuration_file_resolver.h
[5.405s] -- Up-to-date: /root/ros2_ws/install/cartographer/include/cartographer/common/fixed_ratio_sampler.h
[5.405s] -- Up-to-date: /root/ros2_ws/install/cartographer/include/cartographer/common/histogram.h
[5.408s] -- Up-to-date: /root/ros2_ws/install/cartographer/include/cartographer/common/lua.h
[5.408s] -- Up-to-date: /root/ros2_ws/install/cartographer/include/cartographer/common/lua_parameter_dictionary.h
[5.412s] -- Up-to-date: /root/ros2_ws/install/cartographer/include/cartographer/common/math.h
[5.416s] -- Up-to-date: /root/ros2_ws/install/cartographer/include/cartographer/common/port.h
[5.417s] -- Up-to-date: /root/ros2_ws/install/cartographer/include/cartographer/common/task.h
[5.417s] -- Up-to-date: /root/ros2_ws/install/cartographer/include/cartographer/common/thread_pool.h
[5.417s] -- Up-to-date: /root/ros2_ws/install/cartographer/include/cartographer/common/time.h
[5.426s] -- Up-to-date: /root/ros2_ws/install/cartographer/include/cartographer/ground_truth/autogenerate_ground_truth.h
[5.427s] -- Up-to-date: /root/ros2_ws/install/cartographer/include/cartographer/ground_truth/relations_text_file.h
[5.428s] -- Up-to-date: /root/ros2_ws/install/cartographer/include/cartographer/io/color.h
[5.429s] -- Up-to-date: /root/ros2_ws/install/cartographer/include/cartographer/io/coloring_points_processor.h
[5.430s] -- Up-to-date: /root/ros2_ws/install/cartographer/include/cartographer/io/counting_points_processor.h
[5.433s] -- Up-to-date: /root/ros2_ws/install/cartographer/include/cartographer/io/draw_trajectories.h
[5.433s] -- Up-to-date: /root/ros2_ws/install/cartographer/include/cartographer/io/file_writer.h
[5.436s] -- Up-to-date: /root/ros2_ws/install/cartographer/include/cartographer/io/fixed_ratio_sampling_points_processor.h
[5.436s] -- Up-to-date: /root/ros2_ws/install/cartographer/include/cartographer/io/frame_id_filtering_points_processor.h
[5.436s] -- Up-to-date: /root/ros2_ws/install/cartographer/include/cartographer/io/hybrid_grid_points_processor.h
[5.437s] -- Up-to-date: /root/ros2_ws/install/cartographer/include/cartographer/io/image.h
[5.437s] -- Up-to-date: /root/ros2_ws/install/cartographer/include/cartographer/io/intensity_to_color_points_processor.h
[5.439s] -- Up-to-date: /root/ros2_ws/install/cartographer/include/cartographer/io/min_max_range_filtering_points_processor.h
[5.442s] -- Up-to-date: /root/ros2_ws/install/cartographer/include/cartographer/io/null_points_processor.h
[5.443s] -- Up-to-date: /root/ros2_ws/install/cartographer/include/cartographer/io/outlier_removing_points_processor.h
[5.443s] -- Up-to-date: /root/ros2_ws/install/cartographer/include/cartographer/io/pcd_writing_points_processor.h
[5.445s] -- Up-to-date: /root/ros2_ws/install/cartographer/include/cartographer/io/ply_writing_points_processor.h
[5.445s] -- Up-to-date: /root/ros2_ws/install/cartographer/include/cartographer/io/points_batch.h
[5.448s] -- Up-to-date: /root/ros2_ws/install/cartographer/include/cartographer/io/points_processor.h
[5.448s] -- Up-to-date: /root/ros2_ws/install/cartographer/include/cartographer/io/points_processor_pipeline_builder.h
[5.449s] -- Up-to-date: /root/ros2_ws/install/cartographer/include/cartographer/io/probability_grid_points_processor.h
[5.449s] -- Up-to-date: /root/ros2_ws/install/cartographer/include/cartographer/io/proto_stream.h
[5.451s] -- Up-to-date: /root/ros2_ws/install/cartographer/include/cartographer/io/proto_stream_deserializer.h
[5.451s] -- Up-to-date: /root/ros2_ws/install/cartographer/include/cartographer/io/proto_stream_interface.h
[5.451s] -- Up-to-date: /root/ros2_ws/install/cartographer/include/cartographer/io/serialization_format_migration.h
[5.452s] -- Up-to-date: /root/ros2_ws/install/cartographer/include/cartographer/io/submap_painter.h
[5.452s] -- Up-to-date: /root/ros2_ws/install/cartographer/include/cartographer/io/vertical_range_filtering_points_processor.h
[5.452s] -- Up-to-date: /root/ros2_ws/install/cartographer/include/cartographer/io/xray_points_processor.h
[5.452s] -- Up-to-date: /root/ros2_ws/install/cartographer/include/cartographer/io/xyz_writing_points_processor.h
[5.453s] -- Up-to-date: /root/ros2_ws/install/cartographer/include/cartographer/mapping/2d/grid_2d.h
[5.453s] -- Up-to-date: /root/ros2_ws/install/cartographer/include/cartographer/mapping/2d/map_limits.h
[5.453s] -- Up-to-date: /root/ros2_ws/install/cartographer/include/cartographer/mapping/2d/probability_grid.h
[5.453s] -- Up-to-date: /root/ros2_ws/install/cartographer/include/cartographer/mapping/2d/probability_grid_range_data_inserter_2d.h
[5.454s] -- Up-to-date: /root/ros2_ws/install/cartographer/include/cartographer/mapping/2d/submap_2d.h
[5.454s] -- Up-to-date: /root/ros2_ws/install/cartographer/include/cartographer/mapping/2d/xy_index.h
[5.454s] -- Up-to-date: /root/ros2_ws/install/cartographer/include/cartographer/mapping/3d/hybrid_grid.h
[5.454s] -- Up-to-date: /root/ros2_ws/install/cartographer/include/cartographer/mapping/3d/range_data_inserter_3d.h
[5.459s] -- Up-to-date: /root/ros2_ws/install/cartographer/include/cartographer/mapping/3d/submap_3d.h
[5.459s] -- Up-to-date: /root/ros2_ws/install/cartographer/include/cartographer/mapping/detect_floors.h
[5.461s] -- Up-to-date: /root/ros2_ws/install/cartographer/include/cartographer/mapping/grid_interface.h
[5.462s] -- Up-to-date: /root/ros2_ws/install/cartographer/include/cartographer/mapping/id.h
[5.462s] -- Up-to-date: /root/ros2_ws/install/cartographer/include/cartographer/mapping/imu_tracker.h
[5.462s] -- Up-to-date: /root/ros2_ws/install/cartographer/include/cartographer/mapping/map_builder.h
[5.463s] -- Up-to-date: /root/ros2_ws/install/cartographer/include/cartographer/mapping/map_builder_interface.h
[5.463s] -- Up-to-date: /root/ros2_ws/install/cartographer/include/cartographer/mapping/pose_extrapolator.h
[5.464s] -- Up-to-date: /root/ros2_ws/install/cartographer/include/cartographer/mapping/pose_extrapolator_interface.h
[5.464s] -- Up-to-date: /root/ros2_ws/install/cartographer/include/cartographer/mapping/pose_graph.h
[5.465s] -- Up-to-date: /root/ros2_ws/install/cartographer/include/cartographer/mapping/pose_graph_interface.h
[5.477s] -- Up-to-date: /root/ros2_ws/install/cartographer/include/cartographer/mapping/pose_graph_trimmer.h
[5.477s] -- Up-to-date: /root/ros2_ws/install/cartographer/include/cartographer/mapping/probability_values.h
[5.478s] -- Up-to-date: /root/ros2_ws/install/cartographer/include/cartographer/mapping/range_data_inserter_interface.h
[5.478s] -- Up-to-date: /root/ros2_ws/install/cartographer/include/cartographer/mapping/submaps.h
[5.478s] -- Up-to-date: /root/ros2_ws/install/cartographer/include/cartographer/mapping/trajectory_builder_interface.h
[5.479s] -- Up-to-date: /root/ros2_ws/install/cartographer/include/cartographer/mapping/trajectory_node.h
[5.479s] -- Up-to-date: /root/ros2_ws/install/cartographer/include/cartographer/mapping/value_conversion_tables.h
[5.479s] -- Up-to-date: /root/ros2_ws/install/cartographer/include/cartographer/metrics/counter.h
[5.479s] -- Up-to-date: /root/ros2_ws/install/cartographer/include/cartographer/metrics/family_factory.h
[5.480s] -- Up-to-date: /root/ros2_ws/install/cartographer/include/cartographer/metrics/gauge.h
[5.482s] -- Up-to-date: /root/ros2_ws/install/cartographer/include/cartographer/metrics/histogram.h
[5.482s] -- Up-to-date: /root/ros2_ws/install/cartographer/include/cartographer/metrics/register.h
[5.483s] -- Up-to-date: /root/ros2_ws/install/cartographer/include/cartographer/sensor/collator_interface.h
[5.483s] -- Up-to-date: /root/ros2_ws/install/cartographer/include/cartographer/sensor/compressed_point_cloud.h
[5.484s] -- Up-to-date: /root/ros2_ws/install/cartographer/include/cartographer/sensor/data.h
[5.484s] -- Up-to-date: /root/ros2_ws/install/cartographer/include/cartographer/sensor/fixed_frame_pose_data.h
[5.485s] -- Up-to-date: /root/ros2_ws/install/cartographer/include/cartographer/sensor/imu_data.h
[5.485s] -- Up-to-date: /root/ros2_ws/install/cartographer/include/cartographer/sensor/landmark_data.h
[5.486s] -- Up-to-date: /root/ros2_ws/install/cartographer/include/cartographer/sensor/map_by_time.h
[5.486s] -- Up-to-date: /root/ros2_ws/install/cartographer/include/cartographer/sensor/odometry_data.h
[5.486s] -- Up-to-date: /root/ros2_ws/install/cartographer/include/cartographer/sensor/point_cloud.h
[5.487s] -- Up-to-date: /root/ros2_ws/install/cartographer/include/cartographer/sensor/range_data.h
[5.487s] -- Up-to-date: /root/ros2_ws/install/cartographer/include/cartographer/sensor/rangefinder_point.h
[5.487s] -- Up-to-date: /root/ros2_ws/install/cartographer/include/cartographer/sensor/timed_point_cloud_data.h
[5.488s] -- Up-to-date: /root/ros2_ws/install/cartographer/include/cartographer/transform/rigid_transform.h
[5.488s] -- Up-to-date: /root/ros2_ws/install/cartographer/include/cartographer/transform/timestamped_transform.h
[5.488s] -- Up-to-date: /root/ros2_ws/install/cartographer/include/cartographer/transform/transform.h
[5.488s] -- Up-to-date: /root/ros2_ws/install/cartographer/include/cartographer/transform/transform_interpolation_buffer.h
[5.489s] -- Up-to-date: /root/ros2_ws/install/cartographer/include/cartographer/io/fake_file_writer.h
[5.489s] -- Up-to-date: /root/ros2_ws/install/cartographer/include/cartographer/transform/rigid_transform_test_helpers.h
[5.493s] -- Up-to-date: /root/ros2_ws/install/cartographer/include/cartographer/common/proto/ceres_solver_options.pb.h
[5.493s] -- Up-to-date: /root/ros2_ws/install/cartographer/include/cartographer/ground_truth/proto/relations.pb.h
[5.493s] -- Up-to-date: /root/ros2_ws/install/cartographer/include/cartographer/mapping/proto/cell_limits_2d.pb.h
[5.494s] -- Up-to-date: /root/ros2_ws/install/cartographer/include/cartographer/mapping/proto/connected_components.pb.h
[5.494s] -- Up-to-date: /root/ros2_ws/install/cartographer/include/cartographer/mapping/proto/grid_2d.pb.h
[5.495s] -- Up-to-date: /root/ros2_ws/install/cartographer/include/cartographer/mapping/proto/grid_2d_options.pb.h
[5.495s] -- Up-to-date: /root/ros2_ws/install/cartographer/include/cartographer/mapping/proto/hybrid_grid.pb.h
[5.495s] -- Up-to-date: /root/ros2_ws/install/cartographer/include/cartographer/mapping/proto/local_trajectory_builder_options_2d.pb.h
[5.496s] -- Up-to-date: /root/ros2_ws/install/cartographer/include/cartographer/mapping/proto/local_trajectory_builder_options_3d.pb.h
[5.496s] -- Up-to-date: /root/ros2_ws/install/cartographer/include/cartographer/mapping/proto/map_builder_options.pb.h
[5.496s] -- Up-to-date: /root/ros2_ws/install/cartographer/include/cartographer/mapping/proto/map_limits.pb.h
[5.497s] -- Up-to-date: /root/ros2_ws/install/cartographer/include/cartographer/mapping/proto/motion_filter_options.pb.h
[5.497s] -- Up-to-date: /root/ros2_ws/install/cartographer/include/cartographer/mapping/proto/normal_estimation_options_2d.pb.h
[5.497s] -- Up-to-date: /root/ros2_ws/install/cartographer/include/cartographer/mapping/proto/pose_extrapolator_options.pb.h
[5.498s] -- Up-to-date: /root/ros2_ws/install/cartographer/include/cartographer/mapping/proto/pose_graph.pb.h
[5.498s] -- Up-to-date: /root/ros2_ws/install/cartographer/include/cartographer/mapping/proto/pose_graph/constraint_builder_options.pb.h
[5.503s] -- Up-to-date: /root/ros2_ws/install/cartographer/include/cartographer/mapping/proto/pose_graph/optimization_problem_options.pb.h
[5.503s] -- Up-to-date: /root/ros2_ws/install/cartographer/include/cartographer/mapping/proto/pose_graph_options.pb.h
[5.507s] -- Up-to-date: /root/ros2_ws/install/cartographer/include/cartographer/mapping/proto/probability_grid.pb.h
[5.507s] -- Up-to-date: /root/ros2_ws/install/cartographer/include/cartographer/mapping/proto/probability_grid_range_data_inserter_options_2d.pb.h
[5.508s] -- Up-to-date: /root/ros2_ws/install/cartographer/include/cartographer/mapping/proto/range_data_inserter_options.pb.h
[5.508s] -- Up-to-date: /root/ros2_ws/install/cartographer/include/cartographer/mapping/proto/range_data_inserter_options_3d.pb.h
[5.508s] -- Up-to-date: /root/ros2_ws/install/cartographer/include/cartographer/mapping/proto/scan_matching/ceres_scan_matcher_options_2d.pb.h
[5.508s] -- Up-to-date: /root/ros2_ws/install/cartographer/include/cartographer/mapping/proto/scan_matching/ceres_scan_matcher_options_3d.pb.h
[5.509s] -- Up-to-date: /root/ros2_ws/install/cartographer/include/cartographer/mapping/proto/scan_matching/fast_correlative_scan_matcher_options_2d.pb.h
[5.509s] -- Up-to-date: /root/ros2_ws/install/cartographer/include/cartographer/mapping/proto/scan_matching/fast_correlative_scan_matcher_options_3d.pb.h
[5.510s] -- Up-to-date: /root/ros2_ws/install/cartographer/include/cartographer/mapping/proto/scan_matching/real_time_correlative_scan_matcher_options.pb.h
[5.510s] -- Up-to-date: /root/ros2_ws/install/cartographer/include/cartographer/mapping/proto/serialization.pb.h
[5.511s] -- Up-to-date: /root/ros2_ws/install/cartographer/include/cartographer/mapping/proto/submap.pb.h
[5.512s] -- Up-to-date: /root/ros2_ws/install/cartographer/include/cartographer/mapping/proto/submap_visualization.pb.h
[5.517s] -- Up-to-date: /root/ros2_ws/install/cartographer/include/cartographer/mapping/proto/submaps_options_2d.pb.h
[5.519s] -- Up-to-date: /root/ros2_ws/install/cartographer/include/cartographer/mapping/proto/submaps_options_3d.pb.h
[5.520s] -- Up-to-date: /root/ros2_ws/install/cartographer/include/cartographer/mapping/proto/trajectory.pb.h
[5.520s] -- Up-to-date: /root/ros2_ws/install/cartographer/include/cartographer/mapping/proto/trajectory_builder_options.pb.h
[5.522s] -- Up-to-date: /root/ros2_ws/install/cartographer/include/cartographer/mapping/proto/trajectory_node_data.pb.h
[5.523s] -- Up-to-date: /root/ros2_ws/install/cartographer/include/cartographer/mapping/proto/tsdf_2d.pb.h
[5.523s] -- Up-to-date: /root/ros2_ws/install/cartographer/include/cartographer/mapping/proto/tsdf_range_data_inserter_options_2d.pb.h
[5.524s] -- Up-to-date: /root/ros2_ws/install/cartographer/include/cartographer/sensor/proto/adaptive_voxel_filter_options.pb.h
[5.524s] -- Up-to-date: /root/ros2_ws/install/cartographer/include/cartographer/sensor/proto/sensor.pb.h
[5.525s] -- Up-to-date: /root/ros2_ws/install/cartographer/include/cartographer/transform/proto/timestamped_transform.pb.h
[5.526s] -- Up-to-date: /root/ros2_ws/install/cartographer/include/cartographer/transform/proto/transform.pb.h
[5.526s] -- Up-to-date: /root/ros2_ws/install/cartographer/share/cartographer/cmake/CartographerTargets.cmake
[5.527s] -- Up-to-date: /root/ros2_ws/install/cartographer/share/cartographer/cmake/CartographerTargets-release.cmake
[5.528s] -- Up-to-date: /root/ros2_ws/install/cartographer/share/cartographer/cartographer-config.cmake
[5.538s] Invoked command in '/root/ros2_ws/build/cartographer' returned '0': CMAKE_PREFIX_PATH=${CMAKE_PREFIX_PATH}:/root/ros2_ws/install/ros2_opencv:/opt/ros/humble /usr/bin/cmake --install /root/ros2_ws/build/cartographer
