running egg_info
creating ../../build/ros2_opencv/ros2_opencv.egg-info
writing ../../build/ros2_opencv/ros2_opencv.egg-info/PKG-INFO
writing dependency_links to ../../build/ros2_opencv/ros2_opencv.egg-info/dependency_links.txt
writing entry points to ../../build/ros2_opencv/ros2_opencv.egg-info/entry_points.txt
writing requirements to ../../build/ros2_opencv/ros2_opencv.egg-info/requires.txt
writing top-level names to ../../build/ros2_opencv/ros2_opencv.egg-info/top_level.txt
writing manifest file '../../build/ros2_opencv/ros2_opencv.egg-info/SOURCES.txt'
reading manifest file '../../build/ros2_opencv/ros2_opencv.egg-info/SOURCES.txt'
writing manifest file '../../build/ros2_opencv/ros2_opencv.egg-info/SOURCES.txt'
running build
running build_py
creating /root/ros2_ws/build/ros2_opencv/build
creating /root/ros2_ws/build/ros2_opencv/build/lib
creating /root/ros2_ws/build/ros2_opencv/build/lib/ros2_opencv
copying ros2_opencv/node_object.py -> /root/ros2_ws/build/ros2_opencv/build/lib/ros2_opencv
copying ros2_opencv/__init__.py -> /root/ros2_ws/build/ros2_opencv/build/lib/ros2_opencv
running install
running install_lib
creating /root/ros2_ws/install/ros2_opencv/lib/python3.10/site-packages/ros2_opencv
copying /root/ros2_ws/build/ros2_opencv/build/lib/ros2_opencv/node_object.py -> /root/ros2_ws/install/ros2_opencv/lib/python3.10/site-packages/ros2_opencv
copying /root/ros2_ws/build/ros2_opencv/build/lib/ros2_opencv/__init__.py -> /root/ros2_ws/install/ros2_opencv/lib/python3.10/site-packages/ros2_opencv
byte-compiling /root/ros2_ws/install/ros2_opencv/lib/python3.10/site-packages/ros2_opencv/node_object.py to node_object.cpython-310.pyc
byte-compiling /root/ros2_ws/install/ros2_opencv/lib/python3.10/site-packages/ros2_opencv/__init__.py to __init__.cpython-310.pyc
running install_data
creating /root/ros2_ws/install/ros2_opencv/share/ament_index
creating /root/ros2_ws/install/ros2_opencv/share/ament_index/resource_index
creating /root/ros2_ws/install/ros2_opencv/share/ament_index/resource_index/packages
copying resource/ros2_opencv -> /root/ros2_ws/install/ros2_opencv/share/ament_index/resource_index/packages
copying package.xml -> /root/ros2_ws/install/ros2_opencv/share/ros2_opencv
running install_egg_info
Copying ../../build/ros2_opencv/ros2_opencv.egg-info to /root/ros2_ws/install/ros2_opencv/lib/python3.10/site-packages/ros2_opencv-0.0.0-py3.10.egg-info
running install_scripts
writing list of installed files to '/root/ros2_ws/build/ros2_opencv/install.log'
