[0.092s] Invoking command in '/root/ros2_ws/build/car_launch': CMAKE_PREFIX_PATH=${CMAKE_PREFIX_PATH}:/root/ros2_ws/install/ros2_opencv:/opt/ros/humble /usr/bin/cmake /root/ros2_ws/src/car_launch -DCMAKE_INSTALL_PREFIX=/root/ros2_ws/install/car_launch
[1.359s] -- The C compiler identification is GNU 11.4.0
[1.369s] -- The CXX compiler identification is GNU 11.4.0
[1.374s] -- Detecting C compiler ABI info
[1.474s] -- Detecting C compiler ABI info - done
[1.513s] -- Check for working C compiler: /usr/bin/cc - skipped
[1.514s] -- Detecting C compile features
[1.528s] -- Detecting C compile features - done
[1.564s] -- Detecting CXX compiler ABI info
[2.311s] -- Detecting CXX compiler ABI info - done
[2.549s] -- Check for working CXX compiler: /usr/bin/c++ - skipped
[2.549s] -- Detecting CXX compile features
[2.549s] -- Detecting CXX compile features - done
[2.557s] -- Found ament_cmake: 1.3.11 (/opt/ros/humble/share/ament_cmake/cmake)
[3.662s] -- Found Python3: /usr/bin/python3 (found version "3.10.12") found components: Interpreter 
[4.550s] -- Found ament_lint_auto: 0.12.12 (/opt/ros/humble/share/ament_lint_auto/cmake)
[4.873s] -- Added test 'flake8' to check Python code syntax and style conventions
[4.875s] -- Added test 'lint_cmake' to check CMake code style
[4.880s] -- Added test 'pep257' to check Python code against some of the docstring style conventions in PEP 257
[4.883s] -- Added test 'xmllint' to check XML markup files
[4.893s] -- Configuring done
[4.917s] -- Generating done
[4.917s] -- Build files have been written to: /root/ros2_ws/build/car_launch
[4.926s] Invoked command in '/root/ros2_ws/build/car_launch' returned '0': CMAKE_PREFIX_PATH=${CMAKE_PREFIX_PATH}:/root/ros2_ws/install/ros2_opencv:/opt/ros/humble /usr/bin/cmake /root/ros2_ws/src/car_launch -DCMAKE_INSTALL_PREFIX=/root/ros2_ws/install/car_launch
[4.930s] Invoking command in '/root/ros2_ws/build/car_launch': CMAKE_PREFIX_PATH=${CMAKE_PREFIX_PATH}:/root/ros2_ws/install/ros2_opencv:/opt/ros/humble /usr/bin/cmake --build /root/ros2_ws/build/car_launch -- -j8 -l8
[5.054s] Invoked command in '/root/ros2_ws/build/car_launch' returned '0': CMAKE_PREFIX_PATH=${CMAKE_PREFIX_PATH}:/root/ros2_ws/install/ros2_opencv:/opt/ros/humble /usr/bin/cmake --build /root/ros2_ws/build/car_launch -- -j8 -l8
[5.058s] Invoking command in '/root/ros2_ws/build/car_launch': CMAKE_PREFIX_PATH=${CMAKE_PREFIX_PATH}:/root/ros2_ws/install/ros2_opencv:/opt/ros/humble /usr/bin/cmake --install /root/ros2_ws/build/car_launch
[5.077s] -- Install configuration: ""
[5.079s] -- Installing: /root/ros2_ws/install/car_launch/share/car_launch//launch
[5.084s] -- Installing: /root/ros2_ws/install/car_launch/share/car_launch//launch/car_launch.launch.py
[5.085s] -- Installing: /root/ros2_ws/install/car_launch/share/ament_index/resource_index/package_run_dependencies/car_launch
[5.085s] -- Installing: /root/ros2_ws/install/car_launch/share/ament_index/resource_index/parent_prefix_path/car_launch
[5.095s] -- Installing: /root/ros2_ws/install/car_launch/share/car_launch/environment/ament_prefix_path.sh
[5.096s] -- Installing: /root/ros2_ws/install/car_launch/share/car_launch/environment/ament_prefix_path.dsv
[5.096s] -- Installing: /root/ros2_ws/install/car_launch/share/car_launch/environment/path.sh
[5.096s] -- Installing: /root/ros2_ws/install/car_launch/share/car_launch/environment/path.dsv
[5.096s] -- Installing: /root/ros2_ws/install/car_launch/share/car_launch/local_setup.bash
[5.097s] -- Installing: /root/ros2_ws/install/car_launch/share/car_launch/local_setup.sh
[5.100s] -- Installing: /root/ros2_ws/install/car_launch/share/car_launch/local_setup.zsh
[5.101s] -- Installing: /root/ros2_ws/install/car_launch/share/car_launch/local_setup.dsv
[5.103s] -- Installing: /root/ros2_ws/install/car_launch/share/car_launch/package.dsv
[5.106s] -- Installing: /root/ros2_ws/install/car_launch/share/ament_index/resource_index/packages/car_launch
[5.106s] -- Installing: /root/ros2_ws/install/car_launch/share/car_launch/cmake/car_launchConfig.cmake
[5.106s] -- Installing: /root/ros2_ws/install/car_launch/share/car_launch/cmake/car_launchConfig-version.cmake
[5.106s] -- Installing: /root/ros2_ws/install/car_launch/share/car_launch/package.xml
[5.114s] Invoked command in '/root/ros2_ws/build/car_launch' returned '0': CMAKE_PREFIX_PATH=${CMAKE_PREFIX_PATH}:/root/ros2_ws/install/ros2_opencv:/opt/ros/humble /usr/bin/cmake --install /root/ros2_ws/build/car_launch
