[0.100s] Invoking command in '/root/ros2_ws/build/car_launch': CMAKE_PREFIX_PATH=${CMAKE_PREFIX_PATH}:/root/ros2_ws/install/ros2_opencv:/opt/ros/humble /usr/bin/cmake --build /root/ros2_ws/build/car_launch -- -j8 -l8
[1.586s] Invoked command in '/root/ros2_ws/build/car_launch' returned '0': CMAKE_PREFIX_PATH=${CMAKE_PREFIX_PATH}:/root/ros2_ws/install/ros2_opencv:/opt/ros/humble /usr/bin/cmake --build /root/ros2_ws/build/car_launch -- -j8 -l8
[1.624s] Invoking command in '/root/ros2_ws/build/car_launch': CMAKE_PREFIX_PATH=${CMAKE_PREFIX_PATH}:/root/ros2_ws/install/ros2_opencv:/opt/ros/humble /usr/bin/cmake --install /root/ros2_ws/build/car_launch
[1.688s] -- Install configuration: ""
[1.688s] -- Up-to-date: /root/ros2_ws/install/car_launch/share/car_launch//launch
[1.689s] -- Up-to-date: /root/ros2_ws/install/car_launch/share/car_launch//launch/car_launch.launch.py
[1.689s] -- Up-to-date: /root/ros2_ws/install/car_launch/share/ament_index/resource_index/package_run_dependencies/car_launch
[1.689s] -- Up-to-date: /root/ros2_ws/install/car_launch/share/ament_index/resource_index/parent_prefix_path/car_launch
[1.690s] -- Up-to-date: /root/ros2_ws/install/car_launch/share/car_launch/environment/ament_prefix_path.sh
[1.690s] -- Up-to-date: /root/ros2_ws/install/car_launch/share/car_launch/environment/ament_prefix_path.dsv
[1.690s] -- Up-to-date: /root/ros2_ws/install/car_launch/share/car_launch/environment/path.sh
[1.699s] -- Up-to-date: /root/ros2_ws/install/car_launch/share/car_launch/environment/path.dsv
[1.701s] -- Up-to-date: /root/ros2_ws/install/car_launch/share/car_launch/local_setup.bash
[1.702s] -- Up-to-date: /root/ros2_ws/install/car_launch/share/car_launch/local_setup.sh
[1.702s] -- Up-to-date: /root/ros2_ws/install/car_launch/share/car_launch/local_setup.zsh
[1.702s] -- Up-to-date: /root/ros2_ws/install/car_launch/share/car_launch/local_setup.dsv
[1.702s] -- Installing: /root/ros2_ws/install/car_launch/share/car_launch/package.dsv
[1.703s] -- Up-to-date: /root/ros2_ws/install/car_launch/share/ament_index/resource_index/packages/car_launch
[1.703s] -- Up-to-date: /root/ros2_ws/install/car_launch/share/car_launch/cmake/car_launchConfig.cmake
[1.711s] -- Up-to-date: /root/ros2_ws/install/car_launch/share/car_launch/cmake/car_launchConfig-version.cmake
[1.711s] -- Up-to-date: /root/ros2_ws/install/car_launch/share/car_launch/package.xml
[1.712s] Invoked command in '/root/ros2_ws/build/car_launch' returned '0': CMAKE_PREFIX_PATH=${CMAKE_PREFIX_PATH}:/root/ros2_ws/install/ros2_opencv:/opt/ros/humble /usr/bin/cmake --install /root/ros2_ws/build/car_launch
