[0.103s] Invoking command in '/root/ros2_ws/build/cartographer': CMAKE_PREFIX_PATH=${CMAKE_PREFIX_PATH}:/root/ros2_ws/install/ros2_opencv:/opt/ros/humble /usr/bin/cmake --build /root/ros2_ws/build/cartographer -- -j8 -l8
[1.809s] [35m[1mConsolidate compiler generated dependencies of target gtest[0m
[1.810s] [  0%] [34m[1mBuilding documentation.[0m
[1.811s] [  0%] Built target cartographer_detect_changes
[1.811s] [  1%] Built target gtest
[1.811s] [35m[1mConsolidate compiler generated dependencies of target gmock[0m
[1.812s] [  2%] Built target gmock
[1.812s] [35m[1mConsolidate compiler generated dependencies of target gmock_main[0m
[1.812s] [  2%] Built target gmock_main
[1.812s] [35m[1mConsolidate compiler generated dependencies of target cartographer[0m
[2.973s] [01mRunning Sphinx v4.3.2[39;49;00m
[3.482s] [ 55%] Built target cartographer
[3.529s] [35m[1mConsolidate compiler generated dependencies of target cartographer_compute_relations_metrics[0m
[3.530s] [35m[1mConsolidate compiler generated dependencies of target cartographer_print_configuration[0m
[3.548s] [35m[1mConsolidate compiler generated dependencies of target cartographer_pbstream[0m
[3.552s] [35m[1mConsolidate compiler generated dependencies of target cartographer_autogenerate_ground_truth[0m
[3.572s] [35m[1mConsolidate compiler generated dependencies of target cartographer_test_library[0m
[3.624s] [ 55%] Built target cartographer_print_configuration
[3.641s] [ 55%] Built target cartographer_compute_relations_metrics
[3.644s] [ 56%] Built target cartographer_pbstream
[3.668s] [ 57%] Built target cartographer_autogenerate_ground_truth
[3.698s] [ 58%] Built target cartographer_test_library
[3.762s] [35m[1mConsolidate compiler generated dependencies of target cartographer.common.math_test[0m
[3.782s] [35m[1mConsolidate compiler generated dependencies of target cartographer.common.internal.rate_timer_test[0m
[3.816s] [35m[1mConsolidate compiler generated dependencies of target cartographer.common.fixed_ratio_sampler_test[0m
[3.820s] [35m[1mConsolidate compiler generated dependencies of target cartographer.common.internal.blocking_queue_test[0m
[3.826s] [35m[1mConsolidate compiler generated dependencies of target cartographer.common.task_test[0m
[3.836s] [35m[1mConsolidate compiler generated dependencies of target cartographer.common.configuration_files_test[0m
[3.837s] [35m[1mConsolidate compiler generated dependencies of target cartographer.common.lua_parameter_dictionary_test[0m
[3.880s] [ 59%] Built target cartographer.common.math_test
[3.910s] [ 60%] Built target cartographer.common.internal.rate_timer_test
[3.956s] [35m[1mConsolidate compiler generated dependencies of target cartographer.common.thread_pool_test[0m
[3.966s] [ 61%] Built target cartographer.common.fixed_ratio_sampler_test
[3.967s] [ 61%] Built target cartographer.common.task_test
[3.987s] [ 61%] Built target cartographer.common.internal.blocking_queue_test
[4.020s] [35m[1mConsolidate compiler generated dependencies of target cartographer.io.fake_file_writer_test[0m
[4.038s] [ 61%] Built target cartographer.common.lua_parameter_dictionary_test
[4.038s] [ 61%] Built target cartographer.common.configuration_files_test
[4.045s] [35m[1mConsolidate compiler generated dependencies of target cartographer.io.internal.in_memory_proto_stream_test[0m
[4.071s] [01mloading pickled environment... [39;49;00m[35m[1mConsolidate compiler generated dependencies of target cartographer.io.points_processor_pipeline_builder_test[0m
[4.086s] [ 62%] Built target cartographer.common.thread_pool_test
[4.108s] done
[4.113s] [35m[1mConsolidate compiler generated dependencies of target cartographer.io.proto_stream_deserializer_test[0m
[4.124s] [35m[1mConsolidate compiler generated dependencies of target cartographer.io.probability_grid_points_processor_test[0m
[4.137s] [35m[1mConsolidate compiler generated dependencies of target cartographer.io.proto_stream_test[0m
[4.140s] [ 62%] Built target cartographer.io.fake_file_writer_test
[4.149s] [01mbuilding [mo]: [39;49;00mtargets for 0 po files that are out of date
[4.167s] [01mbuilding [html]: [39;49;00mtargets for 0 source files that are out of date
[4.186s] [01mupdating environment: [39;49;00m[35m[1mConsolidate compiler generated dependencies of target cartographer.io.serialization_format_migration_test[0m
[4.189s] 0 added, 0 changed, 0 removed
[4.198s] [01mlooking for now-outdated files... [39;49;00mnone found
[4.199s] [01mno targets are out of date.[39;49;00m
[4.200s] [01mbuild succeeded.[39;49;00m
[4.200s] 
[4.200s] The HTML pages are in html.
[4.229s] [ 63%] Built target cartographer.io.internal.in_memory_proto_stream_test
[4.231s] [35m[1mConsolidate compiler generated dependencies of target cartographer.mapping.2d.map_limits_test[0m
[4.261s] [ 63%] Built target cartographer.io.proto_stream_deserializer_test
[4.293s] [ 63%] Built target cartographer.io.points_processor_pipeline_builder_test
[4.323s] [35m[1mConsolidate compiler generated dependencies of target cartographer.mapping.2d.probability_grid_test[0m
[4.356s] [ 64%] Built target cartographer.io.probability_grid_points_processor_test
[4.374s] [ 65%] Built target cartographer.io.proto_stream_test
[4.375s] [35m[1mConsolidate compiler generated dependencies of target cartographer.mapping.2d.range_data_inserter_2d_test[0m
[4.380s] [ 65%] Built target cartographer.io.serialization_format_migration_test
[4.397s] [35m[1mConsolidate compiler generated dependencies of target cartographer.mapping.2d.submap_2d_test[0m
[4.421s] [ 66%] Built target cartographer.mapping.2d.map_limits_test
[4.452s] [35m[1mConsolidate compiler generated dependencies of target cartographer.mapping.2d.xy_index_test[0m
[4.466s] [35m[1mConsolidate compiler generated dependencies of target cartographer.mapping.3d.hybrid_grid_test[0m
[4.487s] [35m[1mConsolidate compiler generated dependencies of target cartographer.mapping.3d.range_data_inserter_3d_test[0m
[4.492s] [ 66%] Built target cartographer.mapping.2d.probability_grid_test
[4.516s] [ 67%] Built target cartographer.mapping.2d.range_data_inserter_2d_test
[4.525s] [35m[1mConsolidate compiler generated dependencies of target cartographer.mapping.3d.submap_3d_test[0m
[4.557s] [35m[1mConsolidate compiler generated dependencies of target cartographer.mapping.id_test[0m
[4.592s] [ 67%] Built target cartographer.mapping.2d.submap_2d_test
[4.601s] [35m[1mConsolidate compiler generated dependencies of target cartographer.mapping.imu_tracker_test[0m
[4.618s] [ 68%] Built target cartographer.mapping.2d.xy_index_test
[4.667s] [ 68%] Built target cartographer.mapping.3d.submap_3d_test
[4.688s] [35m[1mConsolidate compiler generated dependencies of target cartographer.mapping.internal.2d.normal_estimation_2d_test[0m
[4.708s] [ 69%] Built target cartographer.mapping.3d.range_data_inserter_3d_test
[4.733s] [ 70%] Built target cartographer.mapping.id_test
[4.746s] [ 70%] Built target cartographer.mapping.imu_tracker_test
[4.751s] [35m[1mConsolidate compiler generated dependencies of target cartographer.mapping.internal.2d.overlapping_submaps_trimmer_2d_test[0m
[4.767s] [ 70%] Built target cartographer.mapping.3d.hybrid_grid_test
[4.804s] [35m[1mConsolidate compiler generated dependencies of target cartographer.mapping.internal.2d.pose_graph_2d_test[0m
[4.805s] [35m[1mConsolidate compiler generated dependencies of target cartographer.mapping.internal.2d.scan_matching.correlative_scan_matcher_test[0m
[4.823s] [35m[1mConsolidate compiler generated dependencies of target cartographer.mapping.internal.2d.scan_matching.ceres_scan_matcher_2d_test[0m
[4.836s] [35m[1mConsolidate compiler generated dependencies of target cartographer.mapping.internal.2d.ray_to_pixel_mask_test[0m
[4.873s] [35m[1mConsolidate compiler generated dependencies of target cartographer.mapping.internal.2d.scan_matching.fast_correlative_scan_matcher_2d_test[0m
[4.903s] [ 71%] Built target cartographer.mapping.internal.2d.normal_estimation_2d_test
[4.907s] [ 71%] Built target cartographer.mapping.internal.2d.overlapping_submaps_trimmer_2d_test
[4.958s] [ 71%] Built target build_doc
[4.973s] [35m[1mConsolidate compiler generated dependencies of target cartographer.mapping.internal.2d.scan_matching.occupied_space_cost_function_2d_test[0m
[4.979s] [ 71%] Built target cartographer.mapping.internal.2d.ray_to_pixel_mask_test
[4.980s] [ 72%] Built target cartographer.mapping.internal.2d.scan_matching.ceres_scan_matcher_2d_test
[4.992s] [ 72%] Built target cartographer.mapping.internal.2d.scan_matching.correlative_scan_matcher_test
[5.004s] [ 73%] Built target cartographer.mapping.internal.2d.pose_graph_2d_test
[5.019s] [35m[1mConsolidate compiler generated dependencies of target cartographer.mapping.internal.2d.scan_matching.interpolated_tsdf_2d_test[0m
[5.045s] [ 74%] Built target cartographer.mapping.internal.2d.scan_matching.fast_correlative_scan_matcher_2d_test
[5.049s] [35m[1mConsolidate compiler generated dependencies of target cartographer.mapping.internal.2d.scan_matching.tsdf_match_cost_function_2d_test[0m
[5.063s] [35m[1mConsolidate compiler generated dependencies of target cartographer.mapping.internal.2d.scan_matching.real_time_correlative_scan_matcher_2d_test[0m
[5.073s] [35m[1mConsolidate compiler generated dependencies of target cartographer.mapping.internal.2d.tsd_value_converter_test[0m
[5.079s] [35m[1mConsolidate compiler generated dependencies of target cartographer.mapping.internal.2d.tsdf_range_data_inserter_2d_test[0m
[5.112s] [35m[1mConsolidate compiler generated dependencies of target cartographer.mapping.internal.2d.tsdf_2d_test[0m
[5.144s] [ 75%] Built target cartographer.mapping.internal.2d.scan_matching.interpolated_tsdf_2d_test
[5.145s] [35m[1mConsolidate compiler generated dependencies of target cartographer.mapping.internal.3d.local_trajectory_builder_3d_test[0m
[5.148s] [ 75%] Built target cartographer.mapping.internal.2d.scan_matching.occupied_space_cost_function_2d_test
[5.212s] [35m[1mConsolidate compiler generated dependencies of target cartographer.mapping.internal.3d.rotation_parameterization_test[0m
[5.222s] [35m[1mConsolidate compiler generated dependencies of target cartographer.mapping.internal.3d.pose_graph_3d_test[0m
[5.264s] [ 75%] Built target cartographer.mapping.internal.2d.scan_matching.tsdf_match_cost_function_2d_test
[5.265s] [ 76%] Built target cartographer.mapping.internal.2d.tsdf_range_data_inserter_2d_test
[5.265s] [ 77%] Built target cartographer.mapping.internal.2d.tsd_value_converter_test
[5.265s] [ 78%] Built target cartographer.mapping.internal.2d.scan_matching.real_time_correlative_scan_matcher_2d_test
[5.271s] [ 78%] Built target cartographer.mapping.internal.2d.tsdf_2d_test
[5.280s] [ 78%] Built target cartographer.mapping.internal.3d.rotation_parameterization_test
[5.285s] [ 78%] Built target cartographer.mapping.internal.3d.local_trajectory_builder_3d_test
[5.334s] [35m[1mConsolidate compiler generated dependencies of target cartographer.mapping.internal.3d.scan_matching.real_time_correlative_scan_matcher_3d_test[0m
[5.355s] [35m[1mConsolidate compiler generated dependencies of target cartographer.mapping.internal.3d.scan_matching.interpolated_grid_test[0m
[5.361s] [35m[1mConsolidate compiler generated dependencies of target cartographer.mapping.internal.3d.scan_matching.ceres_scan_matcher_3d_test[0m
[5.365s] [35m[1mConsolidate compiler generated dependencies of target cartographer.mapping.internal.3d.scan_matching.intensity_cost_function_3d_test[0m
[5.370s] [35m[1mConsolidate compiler generated dependencies of target cartographer.mapping.internal.3d.scan_matching.rotation_delta_cost_functor_3d_test[0m
[5.376s] [35m[1mConsolidate compiler generated dependencies of target cartographer.mapping.internal.3d.scan_matching.fast_correlative_scan_matcher_3d_test[0m
[5.385s] [35m[1mConsolidate compiler generated dependencies of target cartographer.mapping.internal.3d.scan_matching.precomputation_grid_3d_test[0m
[5.400s] [ 79%] Built target cartographer.mapping.internal.3d.pose_graph_3d_test
[5.476s] [35m[1mConsolidate compiler generated dependencies of target cartographer.mapping.internal.3d.scan_matching.rotational_scan_matcher_test[0m
[5.509s] [ 79%] Built target cartographer.mapping.internal.3d.scan_matching.fast_correlative_scan_matcher_3d_test
[5.527s] [ 80%] Built target cartographer.mapping.internal.3d.scan_matching.intensity_cost_function_3d_test
[5.541s] [ 81%] Built target cartographer.mapping.internal.3d.scan_matching.precomputation_grid_3d_test
[5.541s] [ 82%] Built target cartographer.mapping.internal.3d.scan_matching.ceres_scan_matcher_3d_test
[5.547s] [ 82%] Built target cartographer.mapping.internal.3d.scan_matching.real_time_correlative_scan_matcher_3d_test
[5.551s] [ 82%] Built target cartographer.mapping.internal.3d.scan_matching.interpolated_grid_test
[5.571s] [ 83%] Built target cartographer.mapping.internal.3d.scan_matching.rotation_delta_cost_functor_3d_test
[5.606s] [35m[1mConsolidate compiler generated dependencies of target cartographer.mapping.internal.optimization.cost_functions.landmark_cost_function_2d_test[0m
[5.614s] [35m[1mConsolidate compiler generated dependencies of target cartographer.mapping.internal.constraints.constraint_builder_2d_test[0m
[5.617s] [35m[1mConsolidate compiler generated dependencies of target cartographer.mapping.internal.motion_filter_test[0m
[5.625s] [35m[1mConsolidate compiler generated dependencies of target cartographer.mapping.internal.optimization.cost_functions.landmark_cost_function_3d_test[0m
[5.638s] [ 83%] Built target cartographer.mapping.internal.3d.scan_matching.rotational_scan_matcher_test
[5.642s] [35m[1mConsolidate compiler generated dependencies of target cartographer.mapping.internal.connected_components_test[0m
[5.657s] [35m[1mConsolidate compiler generated dependencies of target cartographer.mapping.internal.constraints.constraint_builder_3d_test[0m
[5.658s] [35m[1mConsolidate compiler generated dependencies of target cartographer.mapping.internal.optimization.cost_functions.spa_cost_function_2d_test[0m
[5.732s] [35m[1mConsolidate compiler generated dependencies of target cartographer.mapping.internal.optimization.optimization_problem_3d_test[0m
[5.762s] [ 84%] Built target cartographer.mapping.internal.motion_filter_test
[5.769s] [ 84%] Built target cartographer.mapping.internal.optimization.cost_functions.landmark_cost_function_2d_test
[5.813s] [ 85%] Built target cartographer.mapping.internal.optimization.cost_functions.spa_cost_function_2d_test
[5.813s] [ 85%] Built target cartographer.mapping.internal.optimization.cost_functions.landmark_cost_function_3d_test
[5.820s] [ 85%] Built target cartographer.mapping.internal.constraints.constraint_builder_2d_test
[5.830s] [ 86%] Built target cartographer.mapping.internal.constraints.constraint_builder_3d_test
[5.838s] [35m[1mConsolidate compiler generated dependencies of target cartographer.mapping.internal.range_data_collator_test[0m
[5.846s] [35m[1mConsolidate compiler generated dependencies of target cartographer.mapping.internal.trajectory_connectivity_state_test[0m
[5.859s] [ 86%] Built target cartographer.mapping.internal.optimization.optimization_problem_3d_test
[5.877s] [35m[1mConsolidate compiler generated dependencies of target cartographer.mapping.map_builder_test[0m
[5.890s] [ 87%] Built target cartographer.mapping.internal.connected_components_test
[5.890s] [35m[1mConsolidate compiler generated dependencies of target cartographer.mapping.pose_extrapolator_test[0m
[5.901s] [35m[1mConsolidate compiler generated dependencies of target cartographer.mapping.pose_graph_trimmer_test[0m
[5.907s] [35m[1mConsolidate compiler generated dependencies of target cartographer.mapping.pose_graph_test[0m
[5.937s] [35m[1mConsolidate compiler generated dependencies of target cartographer.mapping.probability_values_test[0m
[5.971s] [35m[1mConsolidate compiler generated dependencies of target cartographer.mapping.submaps_test[0m
[5.986s] [ 88%] Built target cartographer.mapping.internal.trajectory_connectivity_state_test
[5.987s] [ 88%] Built target cartographer.mapping.internal.range_data_collator_test
[6.037s] [35m[1mConsolidate compiler generated dependencies of target cartographer.mapping.trajectory_node_test[0m
[6.057s] [ 89%] Built target cartographer.mapping.map_builder_test
[6.057s] [ 89%] Built target cartographer.mapping.pose_extrapolator_test
[6.060s] [ 89%] Built target cartographer.mapping.pose_graph_trimmer_test
[6.092s] [35m[1mConsolidate compiler generated dependencies of target cartographer.mapping.value_conversion_tables_test[0m
[6.128s] [ 90%] Built target cartographer.mapping.probability_values_test
[6.147s] [ 91%] Built target cartographer.mapping.pose_graph_test
[6.148s] [35m[1mConsolidate compiler generated dependencies of target cartographer.sensor.internal.collator_test[0m
[6.150s] [ 91%] Built target cartographer.mapping.submaps_test
[6.157s] [35m[1mConsolidate compiler generated dependencies of target cartographer.sensor.compressed_point_cloud_test[0m
[6.179s] [35m[1mConsolidate compiler generated dependencies of target cartographer.sensor.internal.ordered_multi_queue_test[0m
[6.189s] [ 92%] Built target cartographer.mapping.trajectory_node_test
[6.195s] [35m[1mConsolidate compiler generated dependencies of target cartographer.sensor.internal.trajectory_collator_test[0m
[6.231s] [35m[1mConsolidate compiler generated dependencies of target cartographer.sensor.internal.voxel_filter_test[0m
[6.242s] [ 92%] Built target cartographer.mapping.value_conversion_tables_test
[6.258s] [35m[1mConsolidate compiler generated dependencies of target cartographer.sensor.landmark_data_test[0m
[6.273s] [35m[1mConsolidate compiler generated dependencies of target cartographer.sensor.map_by_time_test[0m
[6.341s] [ 93%] Built target cartographer.sensor.internal.ordered_multi_queue_test
[6.346s] [ 94%] Built target cartographer.sensor.internal.trajectory_collator_test
[6.359s] [ 94%] Built target cartographer.sensor.internal.collator_test
[6.390s] [35m[1mConsolidate compiler generated dependencies of target cartographer.sensor.point_cloud_test[0m
[6.398s] [ 95%] Built target cartographer.sensor.compressed_point_cloud_test
[6.404s] [ 96%] Built target cartographer.sensor.landmark_data_test
[6.414s] [35m[1mConsolidate compiler generated dependencies of target cartographer.sensor.range_data_test[0m
[6.422s] [35m[1mConsolidate compiler generated dependencies of target cartographer.transform.timestamped_transform_test[0m
[6.441s] [35m[1mConsolidate compiler generated dependencies of target cartographer.transform.rigid_transform_test[0m
[6.475s] [35m[1mConsolidate compiler generated dependencies of target cartographer.transform.transform_test[0m
[6.483s] [ 96%] Built target cartographer.sensor.map_by_time_test
[6.485s] [ 96%] Built target cartographer.sensor.internal.voxel_filter_test
[6.494s] [35m[1mConsolidate compiler generated dependencies of target cartographer.transform.transform_interpolation_buffer_test[0m
[6.568s] [ 96%] Built target cartographer.transform.timestamped_transform_test
[6.597s] [ 96%] Built target cartographer.sensor.range_data_test
[6.598s] [ 97%] Built target cartographer.sensor.point_cloud_test
[6.599s] [ 97%] Built target cartographer.transform.transform_test
[6.601s] [ 98%] Built target cartographer.transform.rigid_transform_test
[6.605s] [100%] Built target cartographer.transform.transform_interpolation_buffer_test
[6.655s] Invoked command in '/root/ros2_ws/build/cartographer' returned '0': CMAKE_PREFIX_PATH=${CMAKE_PREFIX_PATH}:/root/ros2_ws/install/ros2_opencv:/opt/ros/humble /usr/bin/cmake --build /root/ros2_ws/build/cartographer -- -j8 -l8
[6.667s] Invoking command in '/root/ros2_ws/build/cartographer': CMAKE_PREFIX_PATH=${CMAKE_PREFIX_PATH}:/root/ros2_ws/install/ros2_opencv:/opt/ros/humble /usr/bin/cmake --install /root/ros2_ws/build/cartographer
[6.692s] -- Install configuration: "Release"
[6.693s] -- Up-to-date: /root/ros2_ws/install/cartographer/share/cartographer/package.xml
[6.694s] -- Up-to-date: /root/ros2_ws/install/cartographer/share/cartographer//configuration_files
[6.695s] -- Up-to-date: /root/ros2_ws/install/cartographer/share/cartographer//configuration_files/trajectory_builder_3d.lua
[6.696s] -- Up-to-date: /root/ros2_ws/install/cartographer/share/cartographer//configuration_files/map_builder_server.lua
[6.696s] -- Up-to-date: /root/ros2_ws/install/cartographer/share/cartographer//configuration_files/trajectory_builder_2d.lua
[6.696s] -- Up-to-date: /root/ros2_ws/install/cartographer/share/cartographer//configuration_files/trajectory_builder.lua
[6.697s] -- Up-to-date: /root/ros2_ws/install/cartographer/share/cartographer//configuration_files/map_builder.lua
[6.697s] -- Up-to-date: /root/ros2_ws/install/cartographer/share/cartographer//configuration_files/laser_2d.lua
[6.699s] -- Up-to-date: /root/ros2_ws/install/cartographer/share/cartographer//configuration_files/pose_graph.lua
[6.699s] -- Up-to-date: /root/ros2_ws/install/cartographer/share/cartographer//cmake
[6.700s] -- Up-to-date: /root/ros2_ws/install/cartographer/share/cartographer//cmake/modules
[6.700s] -- Up-to-date: /root/ros2_ws/install/cartographer/share/cartographer//cmake/modules/FindSphinx.cmake
[6.700s] -- Up-to-date: /root/ros2_ws/install/cartographer/share/cartographer//cmake/modules/FindLuaGoogle.cmake
[6.700s] -- Up-to-date: /root/ros2_ws/install/cartographer/share/cartographer//cmake/modules/FindGMock.cmake
[6.701s] -- Up-to-date: /root/ros2_ws/install/cartographer/share/cartographer//cmake/modules/FindEigen3.cmake
[6.701s] -- Up-to-date: /root/ros2_ws/install/cartographer/share/cartographer//cmake/functions.cmake
[6.702s] -- Up-to-date: /root/ros2_ws/install/cartographer/bin/cartographer_autogenerate_ground_truth
[6.702s] -- Up-to-date: /root/ros2_ws/install/cartographer/bin/cartographer_compute_relations_metrics
[6.702s] -- Up-to-date: /root/ros2_ws/install/cartographer/bin/cartographer_pbstream
[6.704s] -- Up-to-date: /root/ros2_ws/install/cartographer/bin/cartographer_print_configuration
[6.706s] -- Up-to-date: /root/ros2_ws/install/cartographer/lib/libcartographer.a
[6.706s] -- Up-to-date: /root/ros2_ws/install/cartographer/include/cartographer/common/configuration_file_resolver.h
[6.707s] -- Up-to-date: /root/ros2_ws/install/cartographer/include/cartographer/common/fixed_ratio_sampler.h
[6.708s] -- Up-to-date: /root/ros2_ws/install/cartographer/include/cartographer/common/histogram.h
[6.708s] -- Up-to-date: /root/ros2_ws/install/cartographer/include/cartographer/common/lua.h
[6.709s] -- Up-to-date: /root/ros2_ws/install/cartographer/include/cartographer/common/lua_parameter_dictionary.h
[6.709s] -- Up-to-date: /root/ros2_ws/install/cartographer/include/cartographer/common/math.h
[6.709s] -- Up-to-date: /root/ros2_ws/install/cartographer/include/cartographer/common/port.h
[6.710s] -- Up-to-date: /root/ros2_ws/install/cartographer/include/cartographer/common/task.h
[6.710s] -- Up-to-date: /root/ros2_ws/install/cartographer/include/cartographer/common/thread_pool.h
[6.710s] -- Up-to-date: /root/ros2_ws/install/cartographer/include/cartographer/common/time.h
[6.710s] -- Up-to-date: /root/ros2_ws/install/cartographer/include/cartographer/ground_truth/autogenerate_ground_truth.h
[6.711s] -- Up-to-date: /root/ros2_ws/install/cartographer/include/cartographer/ground_truth/relations_text_file.h
[6.712s] -- Up-to-date: /root/ros2_ws/install/cartographer/include/cartographer/io/color.h
[6.714s] -- Up-to-date: /root/ros2_ws/install/cartographer/include/cartographer/io/coloring_points_processor.h
[6.714s] -- Up-to-date: /root/ros2_ws/install/cartographer/include/cartographer/io/counting_points_processor.h
[6.715s] -- Up-to-date: /root/ros2_ws/install/cartographer/include/cartographer/io/draw_trajectories.h
[6.716s] -- Up-to-date: /root/ros2_ws/install/cartographer/include/cartographer/io/file_writer.h
[6.716s] -- Up-to-date: /root/ros2_ws/install/cartographer/include/cartographer/io/fixed_ratio_sampling_points_processor.h
[6.717s] -- Up-to-date: /root/ros2_ws/install/cartographer/include/cartographer/io/frame_id_filtering_points_processor.h
[6.717s] -- Up-to-date: /root/ros2_ws/install/cartographer/include/cartographer/io/hybrid_grid_points_processor.h
[6.718s] -- Up-to-date: /root/ros2_ws/install/cartographer/include/cartographer/io/image.h
[6.718s] -- Up-to-date: /root/ros2_ws/install/cartographer/include/cartographer/io/intensity_to_color_points_processor.h
[6.718s] -- Up-to-date: /root/ros2_ws/install/cartographer/include/cartographer/io/min_max_range_filtering_points_processor.h
[6.719s] -- Up-to-date: /root/ros2_ws/install/cartographer/include/cartographer/io/null_points_processor.h
[6.719s] -- Up-to-date: /root/ros2_ws/install/cartographer/include/cartographer/io/outlier_removing_points_processor.h
[6.719s] -- Up-to-date: /root/ros2_ws/install/cartographer/include/cartographer/io/pcd_writing_points_processor.h
[6.721s] -- Up-to-date: /root/ros2_ws/install/cartographer/include/cartographer/io/ply_writing_points_processor.h
[6.722s] -- Up-to-date: /root/ros2_ws/install/cartographer/include/cartographer/io/points_batch.h
[6.723s] -- Up-to-date: /root/ros2_ws/install/cartographer/include/cartographer/io/points_processor.h
[6.724s] -- Up-to-date: /root/ros2_ws/install/cartographer/include/cartographer/io/points_processor_pipeline_builder.h
[6.725s] -- Up-to-date: /root/ros2_ws/install/cartographer/include/cartographer/io/probability_grid_points_processor.h
[6.725s] -- Up-to-date: /root/ros2_ws/install/cartographer/include/cartographer/io/proto_stream.h
[6.725s] -- Up-to-date: /root/ros2_ws/install/cartographer/include/cartographer/io/proto_stream_deserializer.h
[6.725s] -- Up-to-date: /root/ros2_ws/install/cartographer/include/cartographer/io/proto_stream_interface.h
[6.726s] -- Up-to-date: /root/ros2_ws/install/cartographer/include/cartographer/io/serialization_format_migration.h
[6.726s] -- Up-to-date: /root/ros2_ws/install/cartographer/include/cartographer/io/submap_painter.h
[6.726s] -- Up-to-date: /root/ros2_ws/install/cartographer/include/cartographer/io/vertical_range_filtering_points_processor.h
[6.726s] -- Up-to-date: /root/ros2_ws/install/cartographer/include/cartographer/io/xray_points_processor.h
[6.726s] -- Up-to-date: /root/ros2_ws/install/cartographer/include/cartographer/io/xyz_writing_points_processor.h
[6.726s] -- Up-to-date: /root/ros2_ws/install/cartographer/include/cartographer/mapping/2d/grid_2d.h
[6.726s] -- Up-to-date: /root/ros2_ws/install/cartographer/include/cartographer/mapping/2d/map_limits.h
[6.727s] -- Up-to-date: /root/ros2_ws/install/cartographer/include/cartographer/mapping/2d/probability_grid.h
[6.727s] -- Up-to-date: /root/ros2_ws/install/cartographer/include/cartographer/mapping/2d/probability_grid_range_data_inserter_2d.h
[6.727s] -- Up-to-date: /root/ros2_ws/install/cartographer/include/cartographer/mapping/2d/submap_2d.h
[6.727s] -- Up-to-date: /root/ros2_ws/install/cartographer/include/cartographer/mapping/2d/xy_index.h
[6.727s] -- Up-to-date: /root/ros2_ws/install/cartographer/include/cartographer/mapping/3d/hybrid_grid.h
[6.728s] -- Up-to-date: /root/ros2_ws/install/cartographer/include/cartographer/mapping/3d/range_data_inserter_3d.h
[6.729s] -- Up-to-date: /root/ros2_ws/install/cartographer/include/cartographer/mapping/3d/submap_3d.h
[6.729s] -- Up-to-date: /root/ros2_ws/install/cartographer/include/cartographer/mapping/detect_floors.h
[6.730s] -- Up-to-date: /root/ros2_ws/install/cartographer/include/cartographer/mapping/grid_interface.h
[6.730s] -- Up-to-date: /root/ros2_ws/install/cartographer/include/cartographer/mapping/id.h
[6.730s] -- Up-to-date: /root/ros2_ws/install/cartographer/include/cartographer/mapping/imu_tracker.h
[6.730s] -- Up-to-date: /root/ros2_ws/install/cartographer/include/cartographer/mapping/map_builder.h
[6.731s] -- Up-to-date: /root/ros2_ws/install/cartographer/include/cartographer/mapping/map_builder_interface.h
[6.731s] -- Up-to-date: /root/ros2_ws/install/cartographer/include/cartographer/mapping/pose_extrapolator.h
[6.731s] -- Up-to-date: /root/ros2_ws/install/cartographer/include/cartographer/mapping/pose_extrapolator_interface.h
[6.731s] -- Up-to-date: /root/ros2_ws/install/cartographer/include/cartographer/mapping/pose_graph.h
[6.732s] -- Up-to-date: /root/ros2_ws/install/cartographer/include/cartographer/mapping/pose_graph_interface.h
[6.733s] -- Up-to-date: /root/ros2_ws/install/cartographer/include/cartographer/mapping/pose_graph_trimmer.h
[6.734s] -- Up-to-date: /root/ros2_ws/install/cartographer/include/cartographer/mapping/probability_values.h
[6.735s] -- Up-to-date: /root/ros2_ws/install/cartographer/include/cartographer/mapping/range_data_inserter_interface.h
[6.735s] -- Up-to-date: /root/ros2_ws/install/cartographer/include/cartographer/mapping/submaps.h
[6.735s] -- Up-to-date: /root/ros2_ws/install/cartographer/include/cartographer/mapping/trajectory_builder_interface.h
[6.735s] -- Up-to-date: /root/ros2_ws/install/cartographer/include/cartographer/mapping/trajectory_node.h
[6.735s] -- Up-to-date: /root/ros2_ws/install/cartographer/include/cartographer/mapping/value_conversion_tables.h
[6.736s] -- Up-to-date: /root/ros2_ws/install/cartographer/include/cartographer/metrics/counter.h
[6.737s] -- Up-to-date: /root/ros2_ws/install/cartographer/include/cartographer/metrics/family_factory.h
[6.737s] -- Up-to-date: /root/ros2_ws/install/cartographer/include/cartographer/metrics/gauge.h
[6.738s] -- Up-to-date: /root/ros2_ws/install/cartographer/include/cartographer/metrics/histogram.h
[6.739s] -- Up-to-date: /root/ros2_ws/install/cartographer/include/cartographer/metrics/register.h
[6.743s] -- Up-to-date: /root/ros2_ws/install/cartographer/include/cartographer/sensor/collator_interface.h
[6.743s] -- Up-to-date: /root/ros2_ws/install/cartographer/include/cartographer/sensor/compressed_point_cloud.h
[6.744s] -- Up-to-date: /root/ros2_ws/install/cartographer/include/cartographer/sensor/data.h
[6.745s] -- Up-to-date: /root/ros2_ws/install/cartographer/include/cartographer/sensor/fixed_frame_pose_data.h
[6.746s] -- Up-to-date: /root/ros2_ws/install/cartographer/include/cartographer/sensor/imu_data.h
[6.746s] -- Up-to-date: /root/ros2_ws/install/cartographer/include/cartographer/sensor/landmark_data.h
[6.746s] -- Up-to-date: /root/ros2_ws/install/cartographer/include/cartographer/sensor/map_by_time.h
[6.749s] -- Up-to-date: /root/ros2_ws/install/cartographer/include/cartographer/sensor/odometry_data.h
[6.749s] -- Up-to-date: /root/ros2_ws/install/cartographer/include/cartographer/sensor/point_cloud.h
[6.749s] -- Up-to-date: /root/ros2_ws/install/cartographer/include/cartographer/sensor/range_data.h
[6.750s] -- Up-to-date: /root/ros2_ws/install/cartographer/include/cartographer/sensor/rangefinder_point.h
[6.750s] -- Up-to-date: /root/ros2_ws/install/cartographer/include/cartographer/sensor/timed_point_cloud_data.h
[6.750s] -- Up-to-date: /root/ros2_ws/install/cartographer/include/cartographer/transform/rigid_transform.h
[6.751s] -- Up-to-date: /root/ros2_ws/install/cartographer/include/cartographer/transform/timestamped_transform.h
[6.751s] -- Up-to-date: /root/ros2_ws/install/cartographer/include/cartographer/transform/transform.h
[6.753s] -- Up-to-date: /root/ros2_ws/install/cartographer/include/cartographer/transform/transform_interpolation_buffer.h
[6.757s] -- Up-to-date: /root/ros2_ws/install/cartographer/include/cartographer/io/fake_file_writer.h
[6.758s] -- Up-to-date: /root/ros2_ws/install/cartographer/include/cartographer/transform/rigid_transform_test_helpers.h
[6.758s] -- Up-to-date: /root/ros2_ws/install/cartographer/include/cartographer/common/proto/ceres_solver_options.pb.h
[6.760s] -- Up-to-date: /root/ros2_ws/install/cartographer/include/cartographer/ground_truth/proto/relations.pb.h
[6.761s] -- Up-to-date: /root/ros2_ws/install/cartographer/include/cartographer/mapping/proto/cell_limits_2d.pb.h
[6.764s] -- Up-to-date: /root/ros2_ws/install/cartographer/include/cartographer/mapping/proto/connected_components.pb.h
[6.765s] -- Up-to-date: /root/ros2_ws/install/cartographer/include/cartographer/mapping/proto/grid_2d.pb.h
[6.766s] -- Up-to-date: /root/ros2_ws/install/cartographer/include/cartographer/mapping/proto/grid_2d_options.pb.h
[6.766s] -- Up-to-date: /root/ros2_ws/install/cartographer/include/cartographer/mapping/proto/hybrid_grid.pb.h
[6.767s] -- Up-to-date: /root/ros2_ws/install/cartographer/include/cartographer/mapping/proto/local_trajectory_builder_options_2d.pb.h
[6.768s] -- Up-to-date: /root/ros2_ws/install/cartographer/include/cartographer/mapping/proto/local_trajectory_builder_options_3d.pb.h
[6.768s] -- Up-to-date: /root/ros2_ws/install/cartographer/include/cartographer/mapping/proto/map_builder_options.pb.h
[6.771s] -- Up-to-date: /root/ros2_ws/install/cartographer/include/cartographer/mapping/proto/map_limits.pb.h
[6.771s] -- Up-to-date: /root/ros2_ws/install/cartographer/include/cartographer/mapping/proto/motion_filter_options.pb.h
[6.771s] -- Up-to-date: /root/ros2_ws/install/cartographer/include/cartographer/mapping/proto/normal_estimation_options_2d.pb.h
[6.772s] -- Up-to-date: /root/ros2_ws/install/cartographer/include/cartographer/mapping/proto/pose_extrapolator_options.pb.h
[6.772s] -- Up-to-date: /root/ros2_ws/install/cartographer/include/cartographer/mapping/proto/pose_graph.pb.h
[6.773s] -- Up-to-date: /root/ros2_ws/install/cartographer/include/cartographer/mapping/proto/pose_graph/constraint_builder_options.pb.h
[6.774s] -- Up-to-date: /root/ros2_ws/install/cartographer/include/cartographer/mapping/proto/pose_graph/optimization_problem_options.pb.h
[6.775s] -- Up-to-date: /root/ros2_ws/install/cartographer/include/cartographer/mapping/proto/pose_graph_options.pb.h
[6.776s] -- Up-to-date: /root/ros2_ws/install/cartographer/include/cartographer/mapping/proto/probability_grid.pb.h
[6.776s] -- Up-to-date: /root/ros2_ws/install/cartographer/include/cartographer/mapping/proto/probability_grid_range_data_inserter_options_2d.pb.h
[6.776s] -- Up-to-date: /root/ros2_ws/install/cartographer/include/cartographer/mapping/proto/range_data_inserter_options.pb.h
[6.777s] -- Up-to-date: /root/ros2_ws/install/cartographer/include/cartographer/mapping/proto/range_data_inserter_options_3d.pb.h
[6.781s] -- Up-to-date: /root/ros2_ws/install/cartographer/include/cartographer/mapping/proto/scan_matching/ceres_scan_matcher_options_2d.pb.h
[6.781s] -- Up-to-date: /root/ros2_ws/install/cartographer/include/cartographer/mapping/proto/scan_matching/ceres_scan_matcher_options_3d.pb.h
[6.781s] -- Up-to-date: /root/ros2_ws/install/cartographer/include/cartographer/mapping/proto/scan_matching/fast_correlative_scan_matcher_options_2d.pb.h
[6.782s] -- Up-to-date: /root/ros2_ws/install/cartographer/include/cartographer/mapping/proto/scan_matching/fast_correlative_scan_matcher_options_3d.pb.h
[6.782s] -- Up-to-date: /root/ros2_ws/install/cartographer/include/cartographer/mapping/proto/scan_matching/real_time_correlative_scan_matcher_options.pb.h
[6.783s] -- Up-to-date: /root/ros2_ws/install/cartographer/include/cartographer/mapping/proto/serialization.pb.h
[6.784s] -- Up-to-date: /root/ros2_ws/install/cartographer/include/cartographer/mapping/proto/submap.pb.h
[6.784s] -- Up-to-date: /root/ros2_ws/install/cartographer/include/cartographer/mapping/proto/submap_visualization.pb.h
[6.785s] -- Up-to-date: /root/ros2_ws/install/cartographer/include/cartographer/mapping/proto/submaps_options_2d.pb.h
[6.786s] -- Up-to-date: /root/ros2_ws/install/cartographer/include/cartographer/mapping/proto/submaps_options_3d.pb.h
[6.787s] -- Up-to-date: /root/ros2_ws/install/cartographer/include/cartographer/mapping/proto/trajectory.pb.h
[6.787s] -- Up-to-date: /root/ros2_ws/install/cartographer/include/cartographer/mapping/proto/trajectory_builder_options.pb.h
[6.787s] -- Up-to-date: /root/ros2_ws/install/cartographer/include/cartographer/mapping/proto/trajectory_node_data.pb.h
[6.788s] -- Up-to-date: /root/ros2_ws/install/cartographer/include/cartographer/mapping/proto/tsdf_2d.pb.h
[6.788s] -- Up-to-date: /root/ros2_ws/install/cartographer/include/cartographer/mapping/proto/tsdf_range_data_inserter_options_2d.pb.h
[6.789s] -- Up-to-date: /root/ros2_ws/install/cartographer/include/cartographer/sensor/proto/adaptive_voxel_filter_options.pb.h
[6.789s] -- Up-to-date: /root/ros2_ws/install/cartographer/include/cartographer/sensor/proto/sensor.pb.h
[6.790s] -- Up-to-date: /root/ros2_ws/install/cartographer/include/cartographer/transform/proto/timestamped_transform.pb.h
[6.791s] -- Up-to-date: /root/ros2_ws/install/cartographer/include/cartographer/transform/proto/transform.pb.h
[6.792s] -- Up-to-date: /root/ros2_ws/install/cartographer/share/cartographer/cmake/CartographerTargets.cmake
[6.793s] -- Up-to-date: /root/ros2_ws/install/cartographer/share/cartographer/cmake/CartographerTargets-release.cmake
[6.793s] -- Up-to-date: /root/ros2_ws/install/cartographer/share/cartographer/cartographer-config.cmake
[6.794s] Invoked command in '/root/ros2_ws/build/cartographer' returned '0': CMAKE_PREFIX_PATH=${CMAKE_PREFIX_PATH}:/root/ros2_ws/install/ros2_opencv:/opt/ros/humble /usr/bin/cmake --install /root/ros2_ws/build/cartographer
