[0.095s] Invoking command in '/root/ros2_ws/build/cartographer': CMAKE_PREFIX_PATH=${CMAKE_PREFIX_PATH}:/root/ros2_ws/install/ros2_opencv:/opt/ros/humble /usr/bin/cmake /root/ros2_ws/src/cartographer -DCMAKE_INSTALL_PREFIX=/root/ros2_ws/install/cartographer
[1.474s] -- The C compiler identification is GNU 11.4.0
[1.474s] -- The CXX compiler identification is GNU 11.4.0
[1.475s] -- Detecting C compiler ABI info
[1.476s] -- Detecting C compiler ABI info - done
[1.478s] -- Check for working C compiler: /usr/bin/cc - skipped
[1.478s] -- Detecting C compile features
[1.479s] -- Detecting C compile features - done
[1.479s] -- Detecting CXX compiler ABI info
[1.482s] -- Detecting CXX compiler ABI info - done
[1.483s] -- Check for working CXX compiler: /usr/bin/c++ - skipped
[1.483s] -- Detecting CXX compile features
[1.483s] -- Detecting CXX compile features - done
[1.484s] -- Build type: Release
[1.485s] Files /root/ros2_ws/build/cartographer/AllFiles.cmake and - differ
[2.440s] -- Found Python: /usr/bin/python3.10 (found version "3.10.12") found components: Interpreter 
[2.446s] -- Looking for pthread.h
[2.789s] -- Looking for pthread.h - found
[2.795s] -- Performing Test CMAKE_HAVE_LIBC_PTHREAD
[3.088s] -- Performing Test CMAKE_HAVE_LIBC_PTHREAD - Success
[3.093s] -- Found Threads: TRUE  
[3.113s] -- Found GMock: gmock_main  
[3.268s] -- Found Boost: /usr/lib/x86_64-linux-gnu/cmake/Boost-1.74.0/BoostConfig.cmake (found version "1.74.0") found components: iostreams 
[3.354s] -- Found required Ceres dependency: Eigen version 3.4.0 in /usr/include/eigen3
[3.385s] -- Found required Ceres dependency: glog
[3.388s] -- Found required Ceres dependency: gflags
[3.391s] -- Found Ceres version: 2.0.0 installed in: /usr with components: [EigenSparse, SparseLinearAlgebraLibrary, LAPACK, SuiteSparse, CXSparse, SchurSpecializations, Multithreading]
[3.432s] -- Found Lua: /usr/lib/x86_64-linux-gnu/liblua5.2.so;/usr/lib/x86_64-linux-gnu/libm.so (found version "5.2.4") 
[3.514s] -- Found Protobuf: /usr/lib/x86_64-linux-gnu/libprotobuf.so (found suitable version "3.12.4", minimum required is "3.0.0") 
[3.529s] -- Found PkgConfig: /usr/bin/pkg-config (found version "0.29.2") 
[3.530s] -- Checking for one of the modules 'cairo>=1.12.16'
[3.796s] -- Found Sphinx: /usr/bin/sphinx-build  
[3.995s] -- Configuring done
[5.465s] -- Generating done
[5.966s] -- Build files have been written to: /root/ros2_ws/build/cartographer
[6.029s] Invoked command in '/root/ros2_ws/build/cartographer' returned '0': CMAKE_PREFIX_PATH=${CMAKE_PREFIX_PATH}:/root/ros2_ws/install/ros2_opencv:/opt/ros/humble /usr/bin/cmake /root/ros2_ws/src/cartographer -DCMAKE_INSTALL_PREFIX=/root/ros2_ws/install/cartographer
[6.030s] Invoking command in '/root/ros2_ws/build/cartographer': CMAKE_PREFIX_PATH=${CMAKE_PREFIX_PATH}:/root/ros2_ws/install/ros2_opencv:/opt/ros/humble /usr/bin/cmake --build /root/ros2_ws/build/cartographer -- -j8 -l8
[6.295s] [  0%] [34m[1mRunning C++ protocol buffer compiler on /root/ros2_ws/src/cartographer/cartographer/common/proto/ceres_solver_options.proto[0m
[6.315s] [  0%] [34m[1mRunning C++ protocol buffer compiler on /root/ros2_ws/src/cartographer/cartographer/transform/proto/transform.proto[0m
[6.330s] [  1%] [34m[1mRunning C++ protocol buffer compiler on /root/ros2_ws/src/cartographer/cartographer/ground_truth/proto/relations.proto[0m
[6.332s] [  1%] [34m[1mRunning C++ protocol buffer compiler on /root/ros2_ws/src/cartographer/cartographer/mapping/proto/cell_limits_2d.proto[0m
[6.347s] [  1%] [34m[1mRunning C++ protocol buffer compiler on /root/ros2_ws/src/cartographer/cartographer/mapping/proto/connected_components.proto[0m
[6.370s] [  2%] [32mBuilding CXX object googletest/CMakeFiles/gtest.dir/src/gtest-all.cc.o[0m
[6.375s] [  2%] [34m[1mBuilding documentation.[0m
[6.399s] [  2%] Built target cartographer_detect_changes
[6.417s] [  2%] [34m[1mRunning C++ protocol buffer compiler on /root/ros2_ws/src/cartographer/cartographer/mapping/proto/grid_2d_options.proto[0m
[6.419s] [  2%] [34m[1mRunning C++ protocol buffer compiler on /root/ros2_ws/src/cartographer/cartographer/mapping/proto/local_trajectory_builder_options_2d.proto[0m
[6.436s] [  2%] [34m[1mRunning C++ protocol buffer compiler on /root/ros2_ws/src/cartographer/cartographer/mapping/proto/grid_2d.proto[0m
[6.447s] [  2%] [34m[1mRunning C++ protocol buffer compiler on /root/ros2_ws/src/cartographer/cartographer/mapping/proto/map_builder_options.proto[0m
[6.456s] [  2%] [34m[1mRunning C++ protocol buffer compiler on /root/ros2_ws/src/cartographer/cartographer/mapping/proto/local_trajectory_builder_options_3d.proto[0m
[6.474s] [  3%] [34m[1mRunning C++ protocol buffer compiler on /root/ros2_ws/src/cartographer/cartographer/mapping/proto/hybrid_grid.proto[0m
[6.501s] [  4%] [34m[1mRunning C++ protocol buffer compiler on /root/ros2_ws/src/cartographer/cartographer/mapping/proto/map_limits.proto[0m
[6.558s] [  4%] [34m[1mRunning C++ protocol buffer compiler on /root/ros2_ws/src/cartographer/cartographer/mapping/proto/normal_estimation_options_2d.proto[0m
[6.578s] [  4%] [34m[1mRunning C++ protocol buffer compiler on /root/ros2_ws/src/cartographer/cartographer/mapping/proto/motion_filter_options.proto[0m
[6.609s] [  5%] [34m[1mRunning C++ protocol buffer compiler on /root/ros2_ws/src/cartographer/cartographer/mapping/proto/pose_extrapolator_options.proto[0m
[6.610s] [  5%] [34m[1mRunning C++ protocol buffer compiler on /root/ros2_ws/src/cartographer/cartographer/mapping/proto/pose_graph.proto[0m
[6.657s] [  5%] [34m[1mRunning C++ protocol buffer compiler on /root/ros2_ws/src/cartographer/cartographer/mapping/proto/pose_graph/optimization_problem_options.proto[0m
[6.671s] [  5%] [34m[1mRunning C++ protocol buffer compiler on /root/ros2_ws/src/cartographer/cartographer/mapping/proto/pose_graph/constraint_builder_options.proto[0m
[6.674s] [  5%] [34m[1mRunning C++ protocol buffer compiler on /root/ros2_ws/src/cartographer/cartographer/mapping/proto/pose_graph_options.proto[0m
[6.717s] [  6%] [34m[1mRunning C++ protocol buffer compiler on /root/ros2_ws/src/cartographer/cartographer/mapping/proto/probability_grid.proto[0m
[6.718s] [  6%] [34m[1mRunning C++ protocol buffer compiler on /root/ros2_ws/src/cartographer/cartographer/mapping/proto/probability_grid_range_data_inserter_options_2d.proto[0m
[6.792s] [  6%] [34m[1mRunning C++ protocol buffer compiler on /root/ros2_ws/src/cartographer/cartographer/mapping/proto/scan_matching/ceres_scan_matcher_options_3d.proto[0m
[6.796s] [  6%] [34m[1mRunning C++ protocol buffer compiler on /root/ros2_ws/src/cartographer/cartographer/mapping/proto/range_data_inserter_options.proto[0m
[6.807s] [  6%] [34m[1mRunning C++ protocol buffer compiler on /root/ros2_ws/src/cartographer/cartographer/mapping/proto/range_data_inserter_options_3d.proto[0m
[6.853s] [  7%] [34m[1mRunning C++ protocol buffer compiler on /root/ros2_ws/src/cartographer/cartographer/mapping/proto/scan_matching/real_time_correlative_scan_matcher_options.proto[0m
[6.889s] [  7%] [34m[1mRunning C++ protocol buffer compiler on /root/ros2_ws/src/cartographer/cartographer/mapping/proto/serialization.proto[0m
[6.902s] [  7%] [34m[1mRunning C++ protocol buffer compiler on /root/ros2_ws/src/cartographer/cartographer/mapping/proto/submap_visualization.proto[0m
[6.904s] [  7%] [34m[1mRunning C++ protocol buffer compiler on /root/ros2_ws/src/cartographer/cartographer/mapping/proto/scan_matching/fast_correlative_scan_matcher_options_3d.proto[0m
[6.915s] [  7%] [34m[1mRunning C++ protocol buffer compiler on /root/ros2_ws/src/cartographer/cartographer/mapping/proto/submap.proto[0m
[6.915s] [  7%] [34m[1mRunning C++ protocol buffer compiler on /root/ros2_ws/src/cartographer/cartographer/mapping/proto/scan_matching/fast_correlative_scan_matcher_options_2d.proto[0m
[6.918s] [  8%] [34m[1mRunning C++ protocol buffer compiler on /root/ros2_ws/src/cartographer/cartographer/mapping/proto/scan_matching/ceres_scan_matcher_options_2d.proto[0m
[7.001s] [  8%] [34m[1mRunning C++ protocol buffer compiler on /root/ros2_ws/src/cartographer/cartographer/mapping/proto/submaps_options_3d.proto[0m
[7.007s] [  9%] [34m[1mRunning C++ protocol buffer compiler on /root/ros2_ws/src/cartographer/cartographer/mapping/proto/submaps_options_2d.proto[0m
[7.014s] [  9%] [34m[1mRunning C++ protocol buffer compiler on /root/ros2_ws/src/cartographer/cartographer/mapping/proto/tsdf_2d.proto[0m
[7.020s] [  9%] [34m[1mRunning C++ protocol buffer compiler on /root/ros2_ws/src/cartographer/cartographer/mapping/proto/trajectory.proto[0m
[7.046s] [  9%] [34m[1mRunning C++ protocol buffer compiler on /root/ros2_ws/src/cartographer/cartographer/mapping/proto/trajectory_builder_options.proto[0m
[7.069s] [ 10%] [34m[1mRunning C++ protocol buffer compiler on /root/ros2_ws/src/cartographer/cartographer/mapping/proto/trajectory_node_data.proto[0m
[7.088s] [ 10%] [34m[1mRunning C++ protocol buffer compiler on /root/ros2_ws/src/cartographer/cartographer/mapping/proto/tsdf_range_data_inserter_options_2d.proto[0m
[7.134s] [ 11%] [34m[1mRunning C++ protocol buffer compiler on /root/ros2_ws/src/cartographer/cartographer/sensor/proto/adaptive_voxel_filter_options.proto[0m
[7.160s] [ 11%] [34m[1mRunning C++ protocol buffer compiler on /root/ros2_ws/src/cartographer/cartographer/sensor/proto/sensor.proto[0m
[7.185s] [ 11%] [34m[1mRunning C++ protocol buffer compiler on /root/ros2_ws/src/cartographer/cartographer/transform/proto/timestamped_transform.proto[0m
[7.697s] [ 12%] [32mBuilding CXX object CMakeFiles/cartographer.dir/cartographer/common/configuration_file_resolver.cc.o[0m
[7.716s] [ 12%] [32mBuilding CXX object CMakeFiles/cartographer.dir/cartographer/common/histogram.cc.o[0m
[7.720s] [ 12%] [32mBuilding CXX object CMakeFiles/cartographer.dir/cartographer/common/fixed_ratio_sampler.cc.o[0m
[7.721s] [ 12%] [32mBuilding CXX object CMakeFiles/cartographer.dir/cartographer/common/lua_parameter_dictionary.cc.o[0m
[7.741s] [ 13%] [32mBuilding CXX object CMakeFiles/cartographer.dir/cartographer/common/internal/testing/thread_pool_for_testing.cc.o[0m
[7.746s] [ 13%] [32mBuilding CXX object CMakeFiles/cartographer.dir/cartographer/common/internal/ceres_solver_options.cc.o[0m
[8.766s] [01mRunning Sphinx v4.3.2[39;49;00m
[12.280s] [01mmaking output directory... [39;49;00mdone
[12.412s] [01mbuilding [mo]: [39;49;00mtargets for 0 po files that are out of date
[12.427s] [01mbuilding [html]: [39;49;00mtargets for 6 source files that are out of date
[12.437s] [01mupdating environment: [39;49;00m[new config] 6 added, 0 changed, 0 removed
[13.891s] [01mreading sources... [39;49;00m[ 16%] [35mconfiguration[39;49;00m                                        
[14.054s] [01mreading sources... [39;49;00m[ 33%] [35mcost_functions[39;49;00m                                       
[14.201s] [01mreading sources... [39;49;00m[ 50%] [35mevaluation[39;49;00m                                           
[14.546s] [01mreading sources... [39;49;00m[ 66%] [35mindex[39;49;00m                                                
[14.717s] [01mreading sources... [39;49;00m[ 83%] [35mpbstream_migration[39;49;00m                                   
[15.050s] [01mreading sources... [39;49;00m[100%] [35mterminology[39;49;00m                                          
[15.050s] 
[15.050s] [01mlooking for now-outdated files... [39;49;00mnone found
[15.070s] [01mpickling environment... [39;49;00mdone
[15.070s] [01mchecking consistency... [39;49;00mdone
[15.111s] [01mpreparing documents... [39;49;00mdone
[17.420s] [01mwriting output... [39;49;00m[ 16%] [32mconfiguration[39;49;00m                                         
[17.751s] [01mwriting output... [39;49;00m[ 33%] [32mcost_functions[39;49;00m                                        
[18.270s] [01mwriting output... [39;49;00m[ 50%] [32mevaluation[39;49;00m                                            
[18.740s] [01mwriting output... [39;49;00m[ 66%] [32mindex[39;49;00m                                                 
[20.430s] [01mwriting output... [39;49;00m[ 83%] [32mpbstream_migration[39;49;00m                                    
[20.567s] [01mwriting output... [39;49;00m[100%] [32mterminology[39;49;00m                                           
[20.567s] 
[20.752s] [01mgenerating indices... [39;49;00mgenindex done
[20.921s] [01mwriting additional pages... [39;49;00msearch done
[20.928s] [01mcopying images... [39;49;00m[ 50%] [33mautogenerate_groundtruth.png[39;49;00m                          
[20.934s] [01mcopying images... [39;49;00m[100%] [33mhigh_level_system_overview.png[39;49;00m                        
[20.935s] 
[21.139s] [01mcopying static files... [39;49;00mdone
[21.140s] [01mcopying extra files... [39;49;00mdone
[21.148s] [01mdumping search index in English (code: en)... [39;49;00mdone
[21.153s] [01mdumping object inventory... [39;49;00mdone
[21.153s] [01mbuild succeeded.[39;49;00m
[21.153s] 
[21.154s] The HTML pages are in html.
[21.469s] [ 13%] Built target build_doc
[21.557s] [ 13%] [32mBuilding CXX object CMakeFiles/cartographer.dir/cartographer/common/task.cc.o[0m
[34.151s] [ 14%] [32mBuilding CXX object CMakeFiles/cartographer.dir/cartographer/io/coloring_points_processor.cc.o[0m
[46.169s] [ 14%] [32mBuilding CXX object CMakeFiles/cartographer.dir/cartographer/io/counting_points_processor.cc.o[0m
[59.168s] [ 14%] [32mBuilding CXX object CMakeFiles/cartographer.dir/cartographer/io/draw_trajectories.cc.o[0m
[59.701s] [ 14%] [32m[1mLinking CXX static library ../lib/libgtest.a[0m
[59.874s] [ 14%] Built target gtest
[71.504s] [ 15%] [32mBuilding CXX object CMakeFiles/cartographer.dir/cartographer/io/fixed_ratio_sampling_points_processor.cc.o[0m
[83.271s] [ 15%] [32mBuilding CXX object CMakeFiles/cartographer.dir/cartographer/io/file_writer.cc.o[0m
[87.716s] [ 15%] [32mBuilding CXX object CMakeFiles/cartographer.dir/cartographer/io/frame_id_filtering_points_processor.cc.o[0m
[98.715s] [ 15%] [32mBuilding CXX object CMakeFiles/cartographer.dir/cartographer/io/hybrid_grid_points_processor.cc.o[0m
[110.995s] [ 15%] [32mBuilding CXX object CMakeFiles/cartographer.dir/cartographer/io/image.cc.o[0m
[114.048s] [ 16%] [32mBuilding CXX object CMakeFiles/cartographer.dir/cartographer/io/intensity_to_color_points_processor.cc.o[0m
[116.097s] [ 16%] [32mBuilding CXX object CMakeFiles/cartographer.dir/cartographer/io/color.cc.o[0m
[118.144s] [ 16%] [32mBuilding CXX object CMakeFiles/cartographer.dir/cartographer/ground_truth/relations_text_file.cc.o[0m
[129.262s] [ 16%] [32mBuilding CXX object CMakeFiles/cartographer.dir/cartographer/io/internal/pbstream_info.cc.o[0m
[137.179s] [ 17%] [32mBuilding CXX object CMakeFiles/cartographer.dir/cartographer/io/internal/pbstream_migrate.cc.o[0m
[139.201s] [ 17%] [32mBuilding CXX object CMakeFiles/cartographer.dir/cartographer/io/min_max_range_filtering_points_processor.cc.o[0m
[141.230s] [ 17%] [32mBuilding CXX object CMakeFiles/cartographer.dir/cartographer/io/internal/mapping_state_serialization.cc.o[0m
[143.264s] [ 17%] [32mBuilding CXX object CMakeFiles/cartographer.dir/cartographer/io/internal/in_memory_proto_stream.cc.o[0m
[155.092s] [ 18%] [32mBuilding CXX object CMakeFiles/cartographer.dir/cartographer/io/ply_writing_points_processor.cc.o[0m
[159.123s] [ 18%] [32mBuilding CXX object CMakeFiles/cartographer.dir/cartographer/io/points_batch.cc.o[0m
[160.150s] [ 18%] [32mBuilding CXX object CMakeFiles/cartographer.dir/cartographer/io/pcd_writing_points_processor.cc.o[0m
[161.205s] [ 18%] [32mBuilding CXX object CMakeFiles/cartographer.dir/cartographer/io/outlier_removing_points_processor.cc.o[0m
[162.308s] [ 18%] [32mBuilding CXX object CMakeFiles/cartographer.dir/cartographer/ground_truth/autogenerate_ground_truth.cc.o[0m
[162.393s] [ 19%] [32mBuilding CXX object CMakeFiles/cartographer.dir/cartographer/common/time.cc.o[0m
[163.510s] [ 19%] [32mBuilding CXX object CMakeFiles/cartographer.dir/cartographer/common/thread_pool.cc.o[0m
[181.798s] [ 20%] [32mBuilding CXX object CMakeFiles/cartographer.dir/cartographer/io/submap_painter.cc.o[0m
[202.226s] [ 20%] [32mBuilding CXX object CMakeFiles/cartographer.dir/cartographer/io/vertical_range_filtering_points_processor.cc.o[0m
[212.486s] [ 20%] [32mBuilding CXX object CMakeFiles/cartographer.dir/cartographer/io/xray_points_processor.cc.o[0m
[226.764s] [ 20%] [32mBuilding CXX object CMakeFiles/cartographer.dir/cartographer/io/xyz_writing_points_processor.cc.o[0m
[234.903s] [ 21%] [32mBuilding CXX object CMakeFiles/cartographer.dir/cartographer/mapping/2d/grid_2d.cc.o[0m
[238.925s] [ 21%] [32mBuilding CXX object CMakeFiles/cartographer.dir/cartographer/mapping/2d/probability_grid.cc.o[0m
[239.948s] [ 21%] [32mBuilding CXX object CMakeFiles/cartographer.dir/cartographer/io/serialization_format_migration.cc.o[0m
[240.988s] [ 21%] [32mBuilding CXX object CMakeFiles/cartographer.dir/cartographer/io/proto_stream_deserializer.cc.o[0m
[242.013s] [ 22%] [32mBuilding CXX object CMakeFiles/cartographer.dir/cartographer/io/proto_stream.cc.o[0m
[243.046s] [ 22%] [32mBuilding CXX object CMakeFiles/cartographer.dir/cartographer/io/probability_grid_points_processor.cc.o[0m
[244.082s] [ 22%] [32mBuilding CXX object CMakeFiles/cartographer.dir/cartographer/io/points_processor_pipeline_builder.cc.o[0m
[244.311s] [ 22%] [32mBuilding CXX object CMakeFiles/cartographer.dir/cartographer/mapping/2d/probability_grid_range_data_inserter_2d.cc.o[0m
[263.705s] [ 23%] [32mBuilding CXX object CMakeFiles/cartographer.dir/cartographer/mapping/internal/2d/local_slam_result_2d.cc.o[0m
[265.729s] [ 23%] [32mBuilding CXX object CMakeFiles/cartographer.dir/cartographer/mapping/internal/2d/local_trajectory_builder_2d.cc.o[0m
[267.751s] [ 23%] [32mBuilding CXX object CMakeFiles/cartographer.dir/cartographer/mapping/imu_tracker.cc.o[0m
[269.773s] [ 23%] [32mBuilding CXX object CMakeFiles/cartographer.dir/cartographer/mapping/detect_floors.cc.o[0m
[271.806s] [ 23%] [32mBuilding CXX object CMakeFiles/cartographer.dir/cartographer/mapping/3d/submap_3d.cc.o[0m
[295.134s] [ 23%] [32mBuilding CXX object CMakeFiles/cartographer.dir/cartographer/mapping/internal/2d/pose_graph_2d.cc.o[0m
[304.162s] [ 23%] [32mBuilding CXX object CMakeFiles/cartographer.dir/cartographer/mapping/internal/2d/ray_to_pixel_mask.cc.o[0m
[306.183s] [ 24%] [32mBuilding CXX object CMakeFiles/cartographer.dir/cartographer/mapping/internal/2d/overlapping_submaps_trimmer_2d.cc.o[0m
[308.204s] [ 24%] [32mBuilding CXX object CMakeFiles/cartographer.dir/cartographer/mapping/internal/2d/normal_estimation_2d.cc.o[0m
[309.224s] [ 24%] [32mBuilding CXX object CMakeFiles/cartographer.dir/cartographer/mapping/internal/2d/local_trajectory_builder_options_2d.cc.o[0m
[310.280s] [ 25%] [32mBuilding CXX object CMakeFiles/cartographer.dir/cartographer/mapping/3d/range_data_inserter_3d.cc.o[0m
[311.306s] [ 25%] [32mBuilding CXX object CMakeFiles/cartographer.dir/cartographer/mapping/2d/submap_2d.cc.o[0m
[328.627s] [ 25%] [32mBuilding CXX object CMakeFiles/cartographer.dir/cartographer/mapping/internal/2d/scan_matching/real_time_correlative_scan_matcher_2d.cc.o[0m
[328.628s] [ 26%] [32mBuilding CXX object CMakeFiles/cartographer.dir/cartographer/mapping/internal/2d/scan_matching/tsdf_match_cost_function_2d.cc.o[0m
[329.649s] [ 26%] [32mBuilding CXX object CMakeFiles/cartographer.dir/cartographer/mapping/internal/2d/tsd_value_converter.cc.o[0m
[330.675s] [ 26%] [32mBuilding CXX object CMakeFiles/cartographer.dir/cartographer/mapping/internal/2d/scan_matching/occupied_space_cost_function_2d.cc.o[0m
[331.707s] [ 26%] [32mBuilding CXX object CMakeFiles/cartographer.dir/cartographer/mapping/internal/2d/scan_matching/fast_correlative_scan_matcher_2d.cc.o[0m
[332.770s] [ 27%] [32mBuilding CXX object CMakeFiles/cartographer.dir/cartographer/mapping/internal/2d/scan_matching/correlative_scan_matcher_2d.cc.o[0m
[350.453s] [ 27%] [32mBuilding CXX object CMakeFiles/cartographer.dir/cartographer/mapping/internal/3d/local_trajectory_builder_options_3d.cc.o[0m
[361.251s] [ 27%] [32mBuilding CXX object CMakeFiles/cartographer.dir/cartographer/mapping/internal/3d/pose_graph_3d.cc.o[0m
[393.323s] [ 28%] [32mBuilding CXX object CMakeFiles/cartographer.dir/cartographer/mapping/internal/3d/scan_matching/ceres_scan_matcher_3d.cc.o[0m
[410.555s] [ 28%] [32mBuilding CXX object CMakeFiles/cartographer.dir/cartographer/mapping/internal/3d/scan_matching/fast_correlative_scan_matcher_3d.cc.o[0m
[423.587s] [ 28%] [32mBuilding CXX object CMakeFiles/cartographer.dir/cartographer/mapping/internal/3d/scan_matching/intensity_cost_function_3d.cc.o[0m
[424.609s] [ 28%] [32mBuilding CXX object CMakeFiles/cartographer.dir/cartographer/mapping/internal/3d/local_trajectory_builder_3d.cc.o[0m
[425.636s] [ 29%] [32mBuilding CXX object CMakeFiles/cartographer.dir/cartographer/mapping/internal/3d/local_slam_result_3d.cc.o[0m
[426.666s] [ 29%] [32mBuilding CXX object CMakeFiles/cartographer.dir/cartographer/mapping/internal/2d/tsdf_range_data_inserter_2d.cc.o[0m
[427.094s] [ 29%] [32mBuilding CXX object CMakeFiles/cartographer.dir/cartographer/mapping/internal/2d/tsdf_2d.cc.o[0m
[428.141s] [ 29%] [32mBuilding CXX object CMakeFiles/cartographer.dir/cartographer/mapping/internal/3d/scan_matching/low_resolution_matcher.cc.o[0m
[430.225s] [ 29%] [32mBuilding CXX object CMakeFiles/cartographer.dir/cartographer/mapping/internal/2d/scan_matching/ceres_scan_matcher_2d.cc.o[0m
[451.091s] [ 29%] [32mBuilding CXX object CMakeFiles/cartographer.dir/cartographer/mapping/internal/constraints/constraint_builder.cc.o[0m
[460.772s] [ 29%] [32mBuilding CXX object CMakeFiles/cartographer.dir/cartographer/mapping/internal/constraints/constraint_builder_2d.cc.o[0m
[468.805s] [ 30%] [32mBuilding CXX object CMakeFiles/cartographer.dir/cartographer/mapping/internal/connected_components.cc.o[0m
[468.805s] [ 30%] [32mBuilding CXX object CMakeFiles/cartographer.dir/cartographer/mapping/internal/constraints/constraint_builder_3d.cc.o[0m
[469.831s] [ 31%] [32mBuilding CXX object CMakeFiles/cartographer.dir/cartographer/mapping/internal/collated_trajectory_builder.cc.o[0m
[470.868s] [ 31%] [32mBuilding CXX object CMakeFiles/cartographer.dir/cartographer/mapping/internal/3d/scan_matching/rotational_scan_matcher.cc.o[0m
[471.898s] [ 31%] [32mBuilding CXX object CMakeFiles/cartographer.dir/cartographer/mapping/internal/3d/scan_matching/real_time_correlative_scan_matcher_3d.cc.o[0m
[472.965s] [ 32%] [32mBuilding CXX object CMakeFiles/cartographer.dir/cartographer/mapping/internal/3d/scan_matching/precomputation_grid_3d.cc.o[0m
[494.654s] [ 32%] [32mBuilding CXX object CMakeFiles/cartographer.dir/cartographer/mapping/internal/optimization/cost_functions/spa_cost_function_2d.cc.o[0m
[505.104s] [ 32%] [32mBuilding CXX object CMakeFiles/cartographer.dir/cartographer/mapping/internal/optimization/optimization_problem_2d.cc.o[0m
[524.146s] [ 33%] [32mBuilding CXX object CMakeFiles/cartographer.dir/cartographer/mapping/internal/optimization/optimization_problem_3d.cc.o[0m
[525.173s] [ 33%] [32mBuilding CXX object CMakeFiles/cartographer.dir/cartographer/mapping/internal/optimization/ceres_pose.cc.o[0m
[526.198s] [ 34%] [32mBuilding CXX object CMakeFiles/cartographer.dir/cartographer/mapping/internal/motion_filter.cc.o[0m
[527.225s] [ 34%] [32mBuilding CXX object CMakeFiles/cartographer.dir/cartographer/mapping/internal/imu_based_pose_extrapolator.cc.o[0m
[528.273s] [ 34%] [32mBuilding CXX object CMakeFiles/cartographer.dir/cartographer/mapping/internal/global_trajectory_builder.cc.o[0m
[563.897s] [ 34%] [32mBuilding CXX object CMakeFiles/cartographer.dir/cartographer/mapping/internal/trajectory_connectivity_state.cc.o[0m
[564.918s] [ 35%] [32mBuilding CXX object CMakeFiles/cartographer.dir/cartographer/mapping/internal/submap_controller.cc.o[0m
[565.940s] [ 35%] [32mBuilding CXX object CMakeFiles/cartographer.dir/cartographer/mapping/internal/scan_matching/real_time_correlative_scan_matcher.cc.o[0m
[566.974s] [ 35%] [32mBuilding CXX object CMakeFiles/cartographer.dir/cartographer/mapping/internal/range_data_collator.cc.o[0m
[568.006s] [ 35%] [32mBuilding CXX object CMakeFiles/cartographer.dir/cartographer/mapping/internal/optimization/optimization_problem_options.cc.o[0m
[582.107s] [ 35%] [32mBuilding CXX object CMakeFiles/cartographer.dir/cartographer/mapping/pose_graph.cc.o[0m
[593.605s] [ 35%] [32mBuilding CXX object CMakeFiles/cartographer.dir/cartographer/mapping/pose_graph_trimmer.cc.o[0m
[601.940s] [ 36%] [32mBuilding CXX object CMakeFiles/cartographer.dir/cartographer/mapping/probability_values.cc.o[0m
[603.965s] [ 36%] [32mBuilding CXX object CMakeFiles/cartographer.dir/cartographer/mapping/range_data_inserter_interface.cc.o[0m
[605.000s] [ 36%] [32mBuilding CXX object CMakeFiles/cartographer.dir/cartographer/mapping/pose_extrapolator_interface.cc.o[0m
[606.026s] [ 37%] [32mBuilding CXX object CMakeFiles/cartographer.dir/cartographer/mapping/pose_extrapolator.cc.o[0m
[607.058s] [ 37%] [32mBuilding CXX object CMakeFiles/cartographer.dir/cartographer/mapping/map_builder_interface.cc.o[0m
[608.105s] [ 37%] [32mBuilding CXX object CMakeFiles/cartographer.dir/cartographer/mapping/map_builder.cc.o[0m
[609.127s] [ 37%] [32mBuilding CXX object CMakeFiles/cartographer.dir/cartographer/mapping/internal/eigen_quaterniond_from_two_vectors.cc.o[0m
[609.149s] [ 37%] [32mBuilding CXX object CMakeFiles/cartographer.dir/cartographer/mapping/trajectory_builder_interface.cc.o[0m
[630.588s] [ 38%] [32mBuilding CXX object CMakeFiles/cartographer.dir/cartographer/metrics/register.cc.o[0m
[633.608s] [ 38%] [32mBuilding CXX object CMakeFiles/cartographer.dir/cartographer/sensor/compressed_point_cloud.cc.o[0m
[635.629s] [ 38%] [32mBuilding CXX object CMakeFiles/cartographer.dir/cartographer/metrics/histogram.cc.o[0m
[638.019s] [ 38%] [32mBuilding CXX object CMakeFiles/cartographer.dir/cartographer/sensor/fixed_frame_pose_data.cc.o[0m
[639.047s] [ 38%] [32mBuilding CXX object CMakeFiles/cartographer.dir/cartographer/metrics/gauge.cc.o[0m
[639.575s] [ 38%] [32mBuilding CXX object CMakeFiles/cartographer.dir/cartographer/metrics/counter.cc.o[0m
[640.162s] [ 38%] [32mBuilding CXX object CMakeFiles/cartographer.dir/cartographer/sensor/imu_data.cc.o[0m
[641.195s] [ 39%] [32mBuilding CXX object CMakeFiles/cartographer.dir/cartographer/sensor/internal/collator.cc.o[0m
[642.223s] [ 40%] [32mBuilding CXX object CMakeFiles/cartographer.dir/cartographer/mapping/value_conversion_tables.cc.o[0m
[643.259s] [ 40%] [32mBuilding CXX object CMakeFiles/cartographer.dir/cartographer/mapping/trajectory_node.cc.o[0m
[649.466s] [ 40%] [32mBuilding CXX object CMakeFiles/cartographer.dir/cartographer/sensor/landmark_data.cc.o[0m
[650.167s] [ 41%] [32mBuilding CXX object CMakeFiles/cartographer.dir/cartographer/sensor/internal/voxel_filter.cc.o[0m
[651.187s] [ 41%] [32mBuilding CXX object CMakeFiles/cartographer.dir/cartographer/sensor/odometry_data.cc.o[0m
[652.221s] [ 41%] [32mBuilding CXX object CMakeFiles/cartographer.dir/cartographer/sensor/internal/trajectory_collator.cc.o[0m
[653.020s] [ 41%] [32mBuilding CXX object CMakeFiles/cartographer.dir/cartographer/sensor/internal/ordered_multi_queue.cc.o[0m
[653.744s] [ 41%] [32mBuilding CXX object CMakeFiles/cartographer.dir/cartographer/sensor/point_cloud.cc.o[0m
[654.827s] [ 42%] [32mBuilding CXX object CMakeFiles/cartographer.dir/cartographer/sensor/range_data.cc.o[0m
[664.181s] [ 42%] [32mBuilding CXX object CMakeFiles/cartographer.dir/cartographer/transform/rigid_transform.cc.o[0m
[665.208s] [ 42%] [32mBuilding CXX object CMakeFiles/cartographer.dir/cartographer/sensor/timed_point_cloud_data.cc.o[0m
[666.621s] [ 42%] [32mBuilding CXX object CMakeFiles/cartographer.dir/cartographer/transform/timestamped_transform.cc.o[0m
[667.113s] [ 43%] [32mBuilding CXX object CMakeFiles/cartographer.dir/cartographer/transform/transform.cc.o[0m
[667.354s] [ 43%] [32mBuilding CXX object CMakeFiles/cartographer.dir/cartographer/transform/transform_interpolation_buffer.cc.o[0m
[674.095s] [ 44%] [32mBuilding CXX object CMakeFiles/cartographer.dir/cartographer/mapping/proto/cell_limits_2d.pb.cc.o[0m
[674.691s] [ 44%] [32mBuilding CXX object CMakeFiles/cartographer.dir/cartographer/ground_truth/proto/relations.pb.cc.o[0m
[675.716s] [ 44%] [32mBuilding CXX object CMakeFiles/cartographer.dir/cartographer/mapping/proto/connected_components.pb.cc.o[0m
[676.026s] [ 44%] [32mBuilding CXX object CMakeFiles/cartographer.dir/cartographer/common/proto/ceres_solver_options.pb.cc.o[0m
[676.309s] [ 44%] [32mBuilding CXX object CMakeFiles/cartographer.dir/cartographer/mapping/proto/grid_2d.pb.cc.o[0m
[676.329s] [ 44%] [32mBuilding CXX object CMakeFiles/cartographer.dir/cartographer/mapping/proto/grid_2d_options.pb.cc.o[0m
[677.079s] [ 45%] [32mBuilding CXX object CMakeFiles/cartographer.dir/cartographer/mapping/proto/hybrid_grid.pb.cc.o[0m
[678.113s] [ 45%] [32mBuilding CXX object CMakeFiles/cartographer.dir/cartographer/mapping/proto/local_trajectory_builder_options_2d.pb.cc.o[0m
[678.263s] [ 45%] [32mBuilding CXX object CMakeFiles/cartographer.dir/cartographer/mapping/proto/local_trajectory_builder_options_3d.pb.cc.o[0m
[682.535s] [ 46%] [32mBuilding CXX object CMakeFiles/cartographer.dir/cartographer/mapping/proto/pose_graph.pb.cc.o[0m
[683.552s] [ 46%] [32mBuilding CXX object CMakeFiles/cartographer.dir/cartographer/mapping/proto/pose_graph/constraint_builder_options.pb.cc.o[0m
[683.553s] [ 46%] [32mBuilding CXX object CMakeFiles/cartographer.dir/cartographer/mapping/proto/pose_extrapolator_options.pb.cc.o[0m
[684.573s] [ 46%] [32mBuilding CXX object CMakeFiles/cartographer.dir/cartographer/mapping/proto/motion_filter_options.pb.cc.o[0m
[684.577s] [ 46%] [32mBuilding CXX object CMakeFiles/cartographer.dir/cartographer/mapping/proto/normal_estimation_options_2d.pb.cc.o[0m
[685.604s] [ 47%] [32mBuilding CXX object CMakeFiles/cartographer.dir/cartographer/mapping/proto/map_limits.pb.cc.o[0m
[685.604s] [ 47%] [32mBuilding CXX object CMakeFiles/cartographer.dir/cartographer/mapping/proto/map_builder_options.pb.cc.o[0m
[686.824s] [ 47%] [32mBuilding CXX object CMakeFiles/cartographer.dir/cartographer/mapping/proto/pose_graph/optimization_problem_options.pb.cc.o[0m
[687.125s] [ 47%] [32mBuilding CXX object CMakeFiles/cartographer.dir/cartographer/mapping/proto/pose_graph_options.pb.cc.o[0m
[687.434s] [ 48%] [32mBuilding CXX object CMakeFiles/cartographer.dir/cartographer/mapping/proto/probability_grid.pb.cc.o[0m
[688.041s] [ 48%] [32mBuilding CXX object CMakeFiles/cartographer.dir/cartographer/mapping/proto/probability_grid_range_data_inserter_options_2d.pb.cc.o[0m
[688.125s] [ 48%] [32mBuilding CXX object CMakeFiles/cartographer.dir/cartographer/mapping/proto/range_data_inserter_options.pb.cc.o[0m
[689.548s] [ 48%] [32mBuilding CXX object CMakeFiles/cartographer.dir/cartographer/mapping/proto/range_data_inserter_options_3d.pb.cc.o[0m
[689.715s] [ 49%] [32mBuilding CXX object CMakeFiles/cartographer.dir/cartographer/mapping/proto/scan_matching/ceres_scan_matcher_options_2d.pb.cc.o[0m
[690.806s] [ 49%] [32mBuilding CXX object CMakeFiles/cartographer.dir/cartographer/mapping/proto/scan_matching/ceres_scan_matcher_options_3d.pb.cc.o[0m
[690.934s] [ 49%] [32mBuilding CXX object CMakeFiles/cartographer.dir/cartographer/mapping/proto/scan_matching/fast_correlative_scan_matcher_options_2d.pb.cc.o[0m
[691.729s] [ 49%] [32mBuilding CXX object CMakeFiles/cartographer.dir/cartographer/mapping/proto/scan_matching/fast_correlative_scan_matcher_options_3d.pb.cc.o[0m
[691.752s] [ 50%] [32mBuilding CXX object CMakeFiles/cartographer.dir/cartographer/mapping/proto/scan_matching/real_time_correlative_scan_matcher_options.pb.cc.o[0m
[691.927s] [ 50%] [32mBuilding CXX object CMakeFiles/cartographer.dir/cartographer/mapping/proto/serialization.pb.cc.o[0m
[693.123s] [ 50%] [32mBuilding CXX object CMakeFiles/cartographer.dir/cartographer/mapping/proto/submap.pb.cc.o[0m
[693.594s] [ 51%] [32mBuilding CXX object CMakeFiles/cartographer.dir/cartographer/mapping/proto/submap_visualization.pb.cc.o[0m
[694.750s] [ 51%] [32mBuilding CXX object CMakeFiles/cartographer.dir/cartographer/mapping/proto/submaps_options_2d.pb.cc.o[0m
[695.245s] [ 51%] [32mBuilding CXX object CMakeFiles/cartographer.dir/cartographer/mapping/proto/submaps_options_3d.pb.cc.o[0m
[695.488s] [ 51%] [32mBuilding CXX object CMakeFiles/cartographer.dir/cartographer/mapping/proto/trajectory.pb.cc.o[0m
[695.502s] [ 52%] [32mBuilding CXX object CMakeFiles/cartographer.dir/cartographer/mapping/proto/trajectory_builder_options.pb.cc.o[0m
[697.962s] [ 52%] [32mBuilding CXX object CMakeFiles/cartographer.dir/cartographer/mapping/proto/trajectory_node_data.pb.cc.o[0m
[701.716s] [ 52%] [32mBuilding CXX object CMakeFiles/cartographer.dir/cartographer/transform/proto/transform.pb.cc.o[0m
[706.077s] [ 53%] [32mBuilding CXX object CMakeFiles/cartographer.dir/cartographer/sensor/proto/adaptive_voxel_filter_options.pb.cc.o[0m
[706.078s] [ 53%] [32mBuilding CXX object CMakeFiles/cartographer.dir/cartographer/sensor/proto/sensor.pb.cc.o[0m
[706.078s] [ 53%] [32mBuilding CXX object CMakeFiles/cartographer.dir/cartographer/transform/proto/timestamped_transform.pb.cc.o[0m
[708.319s] [ 53%] [32mBuilding CXX object CMakeFiles/cartographer.dir/cartographer/mapping/proto/tsdf_range_data_inserter_options_2d.pb.cc.o[0m
[708.319s] [ 53%] [32mBuilding CXX object CMakeFiles/cartographer.dir/cartographer/mapping/proto/tsdf_2d.pb.cc.o[0m
[711.864s] [ 54%] [32m[1mLinking CXX static library libcartographer.a[0m
[712.193s] [ 54%] Built target cartographer
[712.235s] [ 54%] [32mBuilding CXX object CMakeFiles/cartographer_pbstream.dir/cartographer/io/pbstream_main.cc.o[0m
[712.238s] [ 54%] [32mBuilding CXX object CMakeFiles/cartographer_compute_relations_metrics.dir/cartographer/ground_truth/compute_relations_metrics_main.cc.o[0m
[712.239s] [ 54%] [32mBuilding CXX object CMakeFiles/cartographer_print_configuration.dir/cartographer/common/print_configuration_main.cc.o[0m
[712.239s] [ 54%] [32mBuilding CXX object CMakeFiles/cartographer_autogenerate_ground_truth.dir/cartographer/ground_truth/autogenerate_ground_truth_main.cc.o[0m
[712.240s] [ 55%] [32mBuilding CXX object gmock/CMakeFiles/gmock.dir/src/gmock-all.cc.o[0m
[715.957s] [ 56%] [32m[1mLinking CXX executable cartographer_pbstream[0m
[716.676s] [ 56%] Built target cartographer_pbstream
[716.733s] [ 56%] [32mBuilding CXX object CMakeFiles/cartographer_test_library.dir/cartographer/io/internal/testing/test_helpers.cc.o[0m
[716.733s] [ 56%] [32mBuilding CXX object CMakeFiles/cartographer_test_library.dir/cartographer/mapping/internal/testing/test_helpers.cc.o[0m
[716.735s] [ 57%] [32mBuilding CXX object CMakeFiles/cartographer_test_library.dir/cartographer/io/fake_file_writer_test.cc.o[0m
[716.739s] [ 57%] [32mBuilding CXX object CMakeFiles/cartographer_test_library.dir/cartographer/io/fake_file_writer.cc.o[0m
[718.534s] [ 57%] [32m[1mLinking CXX executable cartographer_print_configuration[0m
[718.950s] [ 57%] Built target cartographer_print_configuration
[722.121s] [ 58%] [32m[1mLinking CXX executable cartographer_autogenerate_ground_truth[0m
[722.702s] [ 58%] Built target cartographer_autogenerate_ground_truth
[723.600s] [ 58%] [32m[1mLinking CXX static library ../lib/libgmock.a[0m
[723.687s] [ 58%] Built target gmock
[723.750s] [ 58%] [32mBuilding CXX object gmock/CMakeFiles/gmock_main.dir/src/gmock_main.cc.o[0m
[725.535s] [ 58%] [32m[1mLinking CXX executable cartographer_compute_relations_metrics[0m
[726.069s] [ 58%] Built target cartographer_compute_relations_metrics
[726.976s] [ 58%] [32m[1mLinking CXX static library ../lib/libgmock_main.a[0m
[727.040s] [ 58%] Built target gmock_main
[729.043s] [ 58%] [32m[1mLinking CXX static library libcartographer_test_library.a[0m
[729.105s] [ 58%] Built target cartographer_test_library
[729.153s] [ 58%] [32mBuilding CXX object CMakeFiles/cartographer.common.internal.blocking_queue_test.dir/cartographer/common/internal/blocking_queue_test.cc.o[0m
[729.154s] [ 58%] [32mBuilding CXX object CMakeFiles/cartographer.common.internal.rate_timer_test.dir/cartographer/common/internal/rate_timer_test.cc.o[0m
[729.155s] [ 58%] [32mBuilding CXX object CMakeFiles/cartographer.common.math_test.dir/cartographer/common/math_test.cc.o[0m
[729.158s] [ 58%] [32mBuilding CXX object CMakeFiles/cartographer.common.configuration_files_test.dir/cartographer/common/configuration_files_test.cc.o[0m
[729.159s] [ 58%] [32mBuilding CXX object CMakeFiles/cartographer.common.fixed_ratio_sampler_test.dir/cartographer/common/fixed_ratio_sampler_test.cc.o[0m
[729.159s] [ 58%] [32mBuilding CXX object CMakeFiles/cartographer.common.lua_parameter_dictionary_test.dir/cartographer/common/lua_parameter_dictionary_test.cc.o[0m
[730.201s] [ 58%] [32mBuilding CXX object CMakeFiles/cartographer.common.task_test.dir/cartographer/common/task_test.cc.o[0m
[730.205s] [ 58%] [32mBuilding CXX object CMakeFiles/cartographer.common.thread_pool_test.dir/cartographer/common/thread_pool_test.cc.o[0m
[738.229s] [ 59%] [32m[1mLinking CXX executable cartographer.common.fixed_ratio_sampler_test[0m
[738.692s] [ 59%] Built target cartographer.common.fixed_ratio_sampler_test
[738.752s] [ 59%] [32mBuilding CXX object CMakeFiles/cartographer.io.fake_file_writer_test.dir/cartographer/io/fake_file_writer_test.cc.o[0m
[739.838s] [ 60%] [32m[1mLinking CXX executable cartographer.common.math_test[0m
[740.174s] [ 61%] [32m[1mLinking CXX executable cartographer.common.thread_pool_test[0m
[740.261s] [ 61%] Built target cartographer.common.math_test
[740.342s] [ 61%] [32mBuilding CXX object CMakeFiles/cartographer.io.internal.in_memory_proto_stream_test.dir/cartographer/io/internal/in_memory_proto_stream_test.cc.o[0m
[740.670s] [ 61%] Built target cartographer.common.thread_pool_test
[740.744s] [ 61%] [32mBuilding CXX object CMakeFiles/cartographer.io.points_processor_pipeline_builder_test.dir/cartographer/io/points_processor_pipeline_builder_test.cc.o[0m
[741.720s] [ 62%] [32m[1mLinking CXX executable cartographer.common.internal.rate_timer_test[0m
[742.128s] [ 62%] Built target cartographer.common.internal.rate_timer_test
[742.219s] [ 62%] [32mBuilding CXX object CMakeFiles/cartographer.io.probability_grid_points_processor_test.dir/cartographer/io/probability_grid_points_processor_test.cc.o[0m
[743.274s] [ 62%] [32m[1mLinking CXX executable cartographer.common.internal.blocking_queue_test[0m
[743.804s] [ 62%] Built target cartographer.common.internal.blocking_queue_test
[743.917s] [ 62%] [32mBuilding CXX object CMakeFiles/cartographer.io.proto_stream_deserializer_test.dir/cartographer/io/proto_stream_deserializer_test.cc.o[0m
[744.851s] [ 62%] [32m[1mLinking CXX executable cartographer.common.task_test[0m
[744.899s] [ 62%] [32m[1mLinking CXX executable cartographer.common.lua_parameter_dictionary_test[0m
[745.017s] [ 62%] [32m[1mLinking CXX executable cartographer.common.configuration_files_test[0m
[745.551s] [ 62%] Built target cartographer.common.task_test
[745.608s] [ 62%] Built target cartographer.common.lua_parameter_dictionary_test
[745.634s] [ 63%] [32mBuilding CXX object CMakeFiles/cartographer.io.proto_stream_test.dir/cartographer/io/proto_stream_test.cc.o[0m
[745.687s] [ 63%] [32mBuilding CXX object CMakeFiles/cartographer.io.serialization_format_migration_test.dir/cartographer/io/serialization_format_migration_test.cc.o[0m
[746.183s] [ 63%] Built target cartographer.common.configuration_files_test
[746.278s] [ 64%] [32mBuilding CXX object CMakeFiles/cartographer.mapping.2d.map_limits_test.dir/cartographer/mapping/2d/map_limits_test.cc.o[0m
[750.670s] [ 64%] [32m[1mLinking CXX executable cartographer.io.fake_file_writer_test[0m
[751.198s] [ 64%] Built target cartographer.io.fake_file_writer_test
[751.284s] [ 64%] [32mBuilding CXX object CMakeFiles/cartographer.mapping.2d.probability_grid_test.dir/cartographer/mapping/2d/probability_grid_test.cc.o[0m
[753.326s] [ 65%] [32m[1mLinking CXX executable cartographer.io.internal.in_memory_proto_stream_test[0m
[753.946s] [ 65%] Built target cartographer.io.internal.in_memory_proto_stream_test
[755.006s] [ 65%] [32m[1mLinking CXX executable cartographer.io.proto_stream_test[0m
[755.622s] [ 65%] Built target cartographer.io.proto_stream_test
[756.043s] [ 65%] [32m[1mLinking CXX executable cartographer.io.points_processor_pipeline_builder_test[0m
[756.622s] [ 65%] Built target cartographer.io.points_processor_pipeline_builder_test
[758.205s] [ 65%] [32m[1mLinking CXX executable cartographer.io.proto_stream_deserializer_test[0m
[758.835s] [ 65%] Built target cartographer.io.proto_stream_deserializer_test
[759.533s] [ 65%] [32m[1mLinking CXX executable cartographer.mapping.2d.map_limits_test[0m
[759.882s] [ 65%] Built target cartographer.mapping.2d.map_limits_test
[761.429s] [ 66%] [32m[1mLinking CXX executable cartographer.io.probability_grid_points_processor_test[0m
[761.880s] [ 66%] Built target cartographer.io.probability_grid_points_processor_test
[762.285s] [ 66%] [32m[1mLinking CXX executable cartographer.io.serialization_format_migration_test[0m
[762.885s] [ 66%] Built target cartographer.io.serialization_format_migration_test
[764.891s] [ 66%] [32m[1mLinking CXX executable cartographer.mapping.2d.probability_grid_test[0m
[765.224s] [ 66%] Built target cartographer.mapping.2d.probability_grid_test
[765.268s] [ 67%] [32mBuilding CXX object CMakeFiles/cartographer.mapping.id_test.dir/cartographer/mapping/id_test.cc.o[0m
[769.297s] [ 67%] [32mBuilding CXX object CMakeFiles/cartographer.mapping.imu_tracker_test.dir/cartographer/mapping/imu_tracker_test.cc.o[0m
[769.297s] [ 67%] [32mBuilding CXX object CMakeFiles/cartographer.mapping.3d.submap_3d_test.dir/cartographer/mapping/3d/submap_3d_test.cc.o[0m
[770.353s] [ 68%] [32mBuilding CXX object CMakeFiles/cartographer.mapping.3d.range_data_inserter_3d_test.dir/cartographer/mapping/3d/range_data_inserter_3d_test.cc.o[0m
[770.387s] [ 68%] [32mBuilding CXX object CMakeFiles/cartographer.mapping.3d.hybrid_grid_test.dir/cartographer/mapping/3d/hybrid_grid_test.cc.o[0m
[771.421s] [ 69%] [32mBuilding CXX object CMakeFiles/cartographer.mapping.2d.xy_index_test.dir/cartographer/mapping/2d/xy_index_test.cc.o[0m
[772.465s] [ 69%] [32mBuilding CXX object CMakeFiles/cartographer.mapping.2d.submap_2d_test.dir/cartographer/mapping/2d/submap_2d_test.cc.o[0m
[773.542s] [ 70%] [32mBuilding CXX object CMakeFiles/cartographer.mapping.2d.range_data_inserter_2d_test.dir/cartographer/mapping/2d/range_data_inserter_2d_test.cc.o[0m
[779.375s] [ 70%] [32m[1mLinking CXX executable cartographer.mapping.id_test[0m
[779.918s] [ 70%] Built target cartographer.mapping.id_test
[780.532s] [ 70%] [32m[1mLinking CXX executable cartographer.mapping.imu_tracker_test[0m
[781.299s] [ 70%] Built target cartographer.mapping.imu_tracker_test
[784.330s] [ 70%] [32m[1mLinking CXX executable cartographer.mapping.2d.xy_index_test[0m
[784.788s] [ 70%] Built target cartographer.mapping.2d.xy_index_test
[785.861s] [ 70%] [32m[1mLinking CXX executable cartographer.mapping.3d.submap_3d_test[0m
[786.387s] [ 70%] Built target cartographer.mapping.3d.submap_3d_test
[788.267s] [ 70%] [32m[1mLinking CXX executable cartographer.mapping.2d.range_data_inserter_2d_test[0m
[788.363s] [ 70%] [32m[1mLinking CXX executable cartographer.mapping.3d.range_data_inserter_3d_test[0m
[788.683s] [ 70%] Built target cartographer.mapping.2d.range_data_inserter_2d_test
[788.717s] [ 70%] Built target cartographer.mapping.3d.range_data_inserter_3d_test
[788.723s] [ 70%] [32mBuilding CXX object CMakeFiles/cartographer.mapping.internal.2d.ray_to_pixel_mask_test.dir/cartographer/mapping/internal/2d/ray_to_pixel_mask_test.cc.o[0m
[788.761s] [ 71%] [32mBuilding CXX object CMakeFiles/cartographer.mapping.internal.2d.scan_matching.ceres_scan_matcher_2d_test.dir/cartographer/mapping/internal/2d/scan_matching/ceres_scan_matcher_2d_test.cc.o[0m
[789.797s] [ 71%] [32mBuilding CXX object CMakeFiles/cartographer.mapping.internal.2d.scan_matching.correlative_scan_matcher_test.dir/cartographer/mapping/internal/2d/scan_matching/correlative_scan_matcher_test.cc.o[0m
[789.835s] [ 71%] [32m[1mLinking CXX executable cartographer.mapping.2d.submap_2d_test[0m
[790.524s] [ 71%] Built target cartographer.mapping.2d.submap_2d_test
[790.563s] [ 72%] [32mBuilding CXX object CMakeFiles/cartographer.mapping.internal.2d.pose_graph_2d_test.dir/cartographer/mapping/internal/2d/pose_graph_2d_test.cc.o[0m
[790.601s] [ 72%] [32mBuilding CXX object CMakeFiles/cartographer.mapping.internal.2d.overlapping_submaps_trimmer_2d_test.dir/cartographer/mapping/internal/2d/overlapping_submaps_trimmer_2d_test.cc.o[0m
[791.645s] [ 73%] [32mBuilding CXX object CMakeFiles/cartographer.mapping.internal.2d.scan_matching.fast_correlative_scan_matcher_2d_test.dir/cartographer/mapping/internal/2d/scan_matching/fast_correlative_scan_matcher_2d_test.cc.o[0m
[792.418s] [ 73%] [32m[1mLinking CXX executable cartographer.mapping.3d.hybrid_grid_test[0m
[792.737s] [ 74%] [32mBuilding CXX object CMakeFiles/cartographer.mapping.internal.2d.normal_estimation_2d_test.dir/cartographer/mapping/internal/2d/normal_estimation_2d_test.cc.o[0m
[792.970s] [ 74%] Built target cartographer.mapping.3d.hybrid_grid_test
[793.047s] [ 74%] [32mBuilding CXX object CMakeFiles/cartographer.mapping.internal.2d.scan_matching.interpolated_tsdf_2d_test.dir/cartographer/mapping/internal/2d/scan_matching/interpolated_tsdf_2d_test.cc.o[0m
[806.319s] [ 74%] [32m[1mLinking CXX executable cartographer.mapping.internal.2d.scan_matching.correlative_scan_matcher_test[0m
[807.078s] [ 74%] Built target cartographer.mapping.internal.2d.scan_matching.correlative_scan_matcher_test
[808.933s] [ 74%] [32m[1mLinking CXX executable cartographer.mapping.internal.2d.scan_matching.ceres_scan_matcher_2d_test[0m
[809.742s] [ 74%] Built target cartographer.mapping.internal.2d.scan_matching.ceres_scan_matcher_2d_test
[809.800s] [ 74%] [32m[1mLinking CXX executable cartographer.mapping.internal.2d.ray_to_pixel_mask_test[0m
[810.193s] [ 75%] [32m[1mLinking CXX executable cartographer.mapping.internal.2d.scan_matching.interpolated_tsdf_2d_test[0m
[810.223s] [ 75%] Built target cartographer.mapping.internal.2d.ray_to_pixel_mask_test
[810.467s] [ 75%] [32m[1mLinking CXX executable cartographer.mapping.internal.2d.normal_estimation_2d_test[0m
[810.611s] [ 75%] Built target cartographer.mapping.internal.2d.scan_matching.interpolated_tsdf_2d_test
[810.810s] [ 75%] Built target cartographer.mapping.internal.2d.normal_estimation_2d_test
[813.473s] [ 75%] [32m[1mLinking CXX executable cartographer.mapping.internal.2d.scan_matching.fast_correlative_scan_matcher_2d_test[0m
[813.746s] [ 75%] [32m[1mLinking CXX executable cartographer.mapping.internal.2d.overlapping_submaps_trimmer_2d_test[0m
[813.867s] [ 75%] Built target cartographer.mapping.internal.2d.scan_matching.fast_correlative_scan_matcher_2d_test
[814.212s] [ 75%] Built target cartographer.mapping.internal.2d.overlapping_submaps_trimmer_2d_test
[818.894s] [ 75%] [32m[1mLinking CXX executable cartographer.mapping.internal.2d.pose_graph_2d_test[0m
[819.470s] [ 75%] Built target cartographer.mapping.internal.2d.pose_graph_2d_test
[819.511s] [ 75%] [32mBuilding CXX object CMakeFiles/cartographer.mapping.internal.3d.local_trajectory_builder_3d_test.dir/cartographer/mapping/internal/3d/local_trajectory_builder_3d_test.cc.o[0m
[824.541s] [ 75%] [32mBuilding CXX object CMakeFiles/cartographer.mapping.internal.3d.pose_graph_3d_test.dir/cartographer/mapping/internal/3d/pose_graph_3d_test.cc.o[0m
[824.541s] [ 75%] [32mBuilding CXX object CMakeFiles/cartographer.mapping.internal.2d.tsdf_range_data_inserter_2d_test.dir/cartographer/mapping/internal/2d/tsdf_range_data_inserter_2d_test.cc.o[0m
[825.564s] [ 75%] [32mBuilding CXX object CMakeFiles/cartographer.mapping.internal.2d.tsdf_2d_test.dir/cartographer/mapping/internal/2d/tsdf_2d_test.cc.o[0m
[826.611s] [ 75%] [32mBuilding CXX object CMakeFiles/cartographer.mapping.internal.2d.tsd_value_converter_test.dir/cartographer/mapping/internal/2d/tsd_value_converter_test.cc.o[0m
[826.618s] [ 75%] [32mBuilding CXX object CMakeFiles/cartographer.mapping.internal.2d.scan_matching.tsdf_match_cost_function_2d_test.dir/cartographer/mapping/internal/2d/scan_matching/tsdf_match_cost_function_2d_test.cc.o[0m
[827.659s] [ 75%] [32mBuilding CXX object CMakeFiles/cartographer.mapping.internal.2d.scan_matching.real_time_correlative_scan_matcher_2d_test.dir/cartographer/mapping/internal/2d/scan_matching/real_time_correlative_scan_matcher_2d_test.cc.o[0m
[838.577s] [ 76%] [32m[1mLinking CXX executable cartographer.mapping.internal.2d.tsd_value_converter_test[0m
[839.055s] [ 76%] Built target cartographer.mapping.internal.2d.tsd_value_converter_test
[840.470s] [ 76%] [32m[1mLinking CXX executable cartographer.mapping.internal.3d.local_trajectory_builder_3d_test[0m
[841.230s] [ 76%] [32m[1mLinking CXX executable cartographer.mapping.internal.2d.tsdf_2d_test[0m
[841.530s] [ 76%] Built target cartographer.mapping.internal.3d.local_trajectory_builder_3d_test
[841.807s] [ 76%] Built target cartographer.mapping.internal.2d.tsdf_2d_test
[843.000s] [ 77%] [32m[1mLinking CXX executable cartographer.mapping.internal.2d.tsdf_range_data_inserter_2d_test[0m
[843.402s] [ 77%] Built target cartographer.mapping.internal.2d.tsdf_range_data_inserter_2d_test
[843.853s] [ 78%] [32m[1mLinking CXX executable cartographer.mapping.internal.2d.scan_matching.real_time_correlative_scan_matcher_2d_test[0m
[844.250s] [ 78%] Built target cartographer.mapping.internal.2d.scan_matching.real_time_correlative_scan_matcher_2d_test
[845.585s] [ 78%] [32m[1mLinking CXX executable cartographer.mapping.internal.2d.scan_matching.tsdf_match_cost_function_2d_test[0m
[845.968s] [ 78%] Built target cartographer.mapping.internal.2d.scan_matching.tsdf_match_cost_function_2d_test
[847.283s] [ 79%] [32m[1mLinking CXX executable cartographer.mapping.internal.3d.pose_graph_3d_test[0m
[847.857s] [ 79%] Built target cartographer.mapping.internal.3d.pose_graph_3d_test
[847.896s] [ 79%] [32mBuilding CXX object CMakeFiles/cartographer.mapping.internal.3d.scan_matching.precomputation_grid_3d_test.dir/cartographer/mapping/internal/3d/scan_matching/precomputation_grid_3d_test.cc.o[0m
[849.922s] [ 79%] [32mBuilding CXX object CMakeFiles/cartographer.mapping.internal.3d.scan_matching.real_time_correlative_scan_matcher_3d_test.dir/cartographer/mapping/internal/3d/scan_matching/real_time_correlative_scan_matcher_3d_test.cc.o[0m
[851.951s] [ 79%] [32mBuilding CXX object CMakeFiles/cartographer.mapping.internal.3d.scan_matching.interpolated_grid_test.dir/cartographer/mapping/internal/3d/scan_matching/interpolated_grid_test.cc.o[0m
[853.975s] [ 79%] [32mBuilding CXX object CMakeFiles/cartographer.mapping.internal.3d.scan_matching.fast_correlative_scan_matcher_3d_test.dir/cartographer/mapping/internal/3d/scan_matching/fast_correlative_scan_matcher_3d_test.cc.o[0m
[853.985s] [ 79%] [32mBuilding CXX object CMakeFiles/cartographer.mapping.internal.3d.scan_matching.intensity_cost_function_3d_test.dir/cartographer/mapping/internal/3d/scan_matching/intensity_cost_function_3d_test.cc.o[0m
[855.060s] [ 79%] [32mBuilding CXX object CMakeFiles/cartographer.mapping.internal.3d.rotation_parameterization_test.dir/cartographer/mapping/internal/3d/rotation_parameterization_test.cc.o[0m
[855.096s] [ 79%] [32mBuilding CXX object CMakeFiles/cartographer.mapping.internal.3d.scan_matching.ceres_scan_matcher_3d_test.dir/cartographer/mapping/internal/3d/scan_matching/ceres_scan_matcher_3d_test.cc.o[0m
[855.123s] [ 79%] [32m[1mLinking CXX executable cartographer.mapping.internal.3d.rotation_parameterization_test[0m
[855.523s] [ 79%] Built target cartographer.mapping.internal.3d.rotation_parameterization_test
[855.581s] [ 79%] [32mBuilding CXX object CMakeFiles/cartographer.mapping.internal.2d.scan_matching.occupied_space_cost_function_2d_test.dir/cartographer/mapping/internal/2d/scan_matching/occupied_space_cost_function_2d_test.cc.o[0m
[855.595s] [ 79%] [32mBuilding CXX object CMakeFiles/cartographer.mapping.internal.3d.scan_matching.rotation_delta_cost_functor_3d_test.dir/cartographer/mapping/internal/3d/scan_matching/rotation_delta_cost_functor_3d_test.cc.o[0m
[859.397s] [ 80%] [32m[1mLinking CXX executable cartographer.mapping.internal.3d.scan_matching.precomputation_grid_3d_test[0m
[859.933s] [ 80%] Built target cartographer.mapping.internal.3d.scan_matching.precomputation_grid_3d_test
[860.068s] [ 80%] [32mBuilding CXX object CMakeFiles/cartographer.mapping.internal.3d.scan_matching.rotational_scan_matcher_test.dir/cartographer/mapping/internal/3d/scan_matching/rotational_scan_matcher_test.cc.o[0m
[868.808s] [ 80%] [32m[1mLinking CXX executable cartographer.mapping.internal.3d.scan_matching.interpolated_grid_test[0m
[869.420s] [ 80%] Built target cartographer.mapping.internal.3d.scan_matching.interpolated_grid_test
[869.712s] [ 80%] [32m[1mLinking CXX executable cartographer.mapping.internal.3d.scan_matching.real_time_correlative_scan_matcher_3d_test[0m
[870.194s] [ 81%] [32m[1mLinking CXX executable cartographer.mapping.internal.3d.scan_matching.rotation_delta_cost_functor_3d_test[0m
[870.258s] [ 81%] Built target cartographer.mapping.internal.3d.scan_matching.real_time_correlative_scan_matcher_3d_test
[870.565s] [ 81%] Built target cartographer.mapping.internal.3d.scan_matching.rotation_delta_cost_functor_3d_test
[872.809s] [ 82%] [32m[1mLinking CXX executable cartographer.mapping.internal.3d.scan_matching.intensity_cost_function_3d_test[0m
[873.220s] [ 82%] Built target cartographer.mapping.internal.3d.scan_matching.intensity_cost_function_3d_test
[873.266s] [ 82%] [32m[1mLinking CXX executable cartographer.mapping.internal.2d.scan_matching.occupied_space_cost_function_2d_test[0m
[873.700s] [ 82%] Built target cartographer.mapping.internal.2d.scan_matching.occupied_space_cost_function_2d_test
[873.891s] [ 82%] [32m[1mLinking CXX executable cartographer.mapping.internal.3d.scan_matching.rotational_scan_matcher_test[0m
[874.187s] [ 82%] Built target cartographer.mapping.internal.3d.scan_matching.rotational_scan_matcher_test
[875.229s] [ 82%] [32mBuilding CXX object CMakeFiles/cartographer.mapping.internal.optimization.cost_functions.landmark_cost_function_3d_test.dir/cartographer/mapping/internal/optimization/cost_functions/landmark_cost_function_3d_test.cc.o[0m
[877.253s] [ 83%] [32mBuilding CXX object CMakeFiles/cartographer.mapping.internal.optimization.cost_functions.landmark_cost_function_2d_test.dir/cartographer/mapping/internal/optimization/cost_functions/landmark_cost_function_2d_test.cc.o[0m
[877.548s] [ 84%] [32m[1mLinking CXX executable cartographer.mapping.internal.3d.scan_matching.ceres_scan_matcher_3d_test[0m
[877.935s] [ 84%] Built target cartographer.mapping.internal.3d.scan_matching.ceres_scan_matcher_3d_test
[878.189s] [ 84%] [32m[1mLinking CXX executable cartographer.mapping.internal.3d.scan_matching.fast_correlative_scan_matcher_3d_test[0m
[878.532s] [ 84%] Built target cartographer.mapping.internal.3d.scan_matching.fast_correlative_scan_matcher_3d_test
[879.579s] [ 85%] [32mBuilding CXX object CMakeFiles/cartographer.mapping.internal.optimization.cost_functions.spa_cost_function_2d_test.dir/cartographer/mapping/internal/optimization/cost_functions/spa_cost_function_2d_test.cc.o[0m
[879.579s] [ 85%] [32mBuilding CXX object CMakeFiles/cartographer.mapping.internal.optimization.optimization_problem_3d_test.dir/cartographer/mapping/internal/optimization/optimization_problem_3d_test.cc.o[0m
[880.626s] [ 85%] [32mBuilding CXX object CMakeFiles/cartographer.mapping.internal.motion_filter_test.dir/cartographer/mapping/internal/motion_filter_test.cc.o[0m
[881.666s] [ 85%] [32mBuilding CXX object CMakeFiles/cartographer.mapping.internal.constraints.constraint_builder_2d_test.dir/cartographer/mapping/internal/constraints/constraint_builder_2d_test.cc.o[0m
[881.684s] [ 86%] [32mBuilding CXX object CMakeFiles/cartographer.mapping.internal.constraints.constraint_builder_3d_test.dir/cartographer/mapping/internal/constraints/constraint_builder_3d_test.cc.o[0m
[882.742s] [ 86%] [32mBuilding CXX object CMakeFiles/cartographer.mapping.internal.connected_components_test.dir/cartographer/mapping/internal/connected_components_test.cc.o[0m
[896.251s] [ 86%] [32m[1mLinking CXX executable cartographer.mapping.internal.motion_filter_test[0m
[896.898s] [ 86%] Built target cartographer.mapping.internal.motion_filter_test
[899.537s] [ 86%] [32m[1mLinking CXX executable cartographer.mapping.internal.optimization.cost_functions.landmark_cost_function_3d_test[0m
[900.108s] [ 86%] Built target cartographer.mapping.internal.optimization.cost_functions.landmark_cost_function_3d_test
[900.887s] [ 86%] [32m[1mLinking CXX executable cartographer.mapping.internal.optimization.optimization_problem_3d_test[0m
[901.470s] [ 87%] [32m[1mLinking CXX executable cartographer.mapping.internal.connected_components_test[0m
[901.574s] [ 87%] Built target cartographer.mapping.internal.optimization.optimization_problem_3d_test
[901.932s] [ 87%] Built target cartographer.mapping.internal.connected_components_test
[902.929s] [ 87%] [32m[1mLinking CXX executable cartographer.mapping.internal.optimization.cost_functions.spa_cost_function_2d_test[0m
[903.221s] [ 87%] Built target cartographer.mapping.internal.optimization.cost_functions.spa_cost_function_2d_test
[903.321s] [ 87%] [32m[1mLinking CXX executable cartographer.mapping.internal.optimization.cost_functions.landmark_cost_function_2d_test[0m
[903.595s] [ 87%] Built target cartographer.mapping.internal.optimization.cost_functions.landmark_cost_function_2d_test
[904.639s] [ 87%] [32mBuilding CXX object CMakeFiles/cartographer.mapping.pose_graph_trimmer_test.dir/cartographer/mapping/pose_graph_trimmer_test.cc.o[0m
[905.865s] [ 87%] [32m[1mLinking CXX executable cartographer.mapping.internal.constraints.constraint_builder_2d_test[0m
[906.456s] [ 87%] Built target cartographer.mapping.internal.constraints.constraint_builder_2d_test
[907.434s] [ 87%] [32m[1mLinking CXX executable cartographer.mapping.internal.constraints.constraint_builder_3d_test[0m
[907.497s] [ 88%] [32mBuilding CXX object CMakeFiles/cartographer.mapping.probability_values_test.dir/cartographer/mapping/probability_values_test.cc.o[0m
[908.030s] [ 88%] Built target cartographer.mapping.internal.constraints.constraint_builder_3d_test
[908.069s] [ 89%] [32mBuilding CXX object CMakeFiles/cartographer.mapping.pose_graph_test.dir/cartographer/mapping/pose_graph_test.cc.o[0m
[909.096s] [ 89%] [32mBuilding CXX object CMakeFiles/cartographer.mapping.submaps_test.dir/cartographer/mapping/submaps_test.cc.o[0m
[910.145s] [ 89%] [32mBuilding CXX object CMakeFiles/cartographer.mapping.pose_extrapolator_test.dir/cartographer/mapping/pose_extrapolator_test.cc.o[0m
[911.193s] [ 90%] [32mBuilding CXX object CMakeFiles/cartographer.mapping.map_builder_test.dir/cartographer/mapping/map_builder_test.cc.o[0m
[912.222s] [ 90%] [32mBuilding CXX object CMakeFiles/cartographer.mapping.internal.trajectory_connectivity_state_test.dir/cartographer/mapping/internal/trajectory_connectivity_state_test.cc.o[0m
[913.266s] [ 91%] [32mBuilding CXX object CMakeFiles/cartographer.mapping.internal.range_data_collator_test.dir/cartographer/mapping/internal/range_data_collator_test.cc.o[0m
[917.052s] [ 91%] [32m[1mLinking CXX executable cartographer.mapping.pose_graph_trimmer_test[0m
[917.403s] [ 91%] [32m[1mLinking CXX executable cartographer.mapping.probability_values_test[0m
[917.506s] [ 91%] Built target cartographer.mapping.pose_graph_trimmer_test
[917.807s] [ 91%] Built target cartographer.mapping.probability_values_test
[918.911s] [ 91%] [32mBuilding CXX object CMakeFiles/cartographer.mapping.value_conversion_tables_test.dir/cartographer/mapping/value_conversion_tables_test.cc.o[0m
[919.953s] [ 92%] [32mBuilding CXX object CMakeFiles/cartographer.mapping.trajectory_node_test.dir/cartographer/mapping/trajectory_node_test.cc.o[0m
[922.654s] [ 92%] [32m[1mLinking CXX executable cartographer.mapping.submaps_test[0m
[922.889s] [ 92%] [32m[1mLinking CXX executable cartographer.mapping.pose_graph_test[0m
[923.061s] [ 92%] Built target cartographer.mapping.submaps_test
[923.142s] [ 93%] [32mBuilding CXX object CMakeFiles/cartographer.sensor.compressed_point_cloud_test.dir/cartographer/sensor/compressed_point_cloud_test.cc.o[0m
[923.903s] [ 93%] Built target cartographer.mapping.pose_graph_test
[927.291s] [ 93%] [32m[1mLinking CXX executable cartographer.mapping.value_conversion_tables_test[0m
[927.704s] [ 93%] Built target cartographer.mapping.value_conversion_tables_test
[928.512s] [ 93%] [32m[1mLinking CXX executable cartographer.mapping.internal.trajectory_connectivity_state_test[0m
[929.032s] [ 93%] Built target cartographer.mapping.internal.trajectory_connectivity_state_test
[931.451s] [ 93%] [32m[1mLinking CXX executable cartographer.mapping.internal.range_data_collator_test[0m
[931.936s] [ 93%] Built target cartographer.mapping.internal.range_data_collator_test
[932.366s] [ 93%] [32m[1mLinking CXX executable cartographer.mapping.pose_extrapolator_test[0m
[932.673s] [ 93%] Built target cartographer.mapping.pose_extrapolator_test
[936.362s] [ 93%] [32m[1mLinking CXX executable cartographer.mapping.trajectory_node_test[0m
[936.703s] [ 93%] Built target cartographer.mapping.trajectory_node_test
[937.216s] [ 93%] [32m[1mLinking CXX executable cartographer.sensor.compressed_point_cloud_test[0m
[937.542s] [ 93%] Built target cartographer.sensor.compressed_point_cloud_test
[939.533s] [ 93%] [32m[1mLinking CXX executable cartographer.mapping.map_builder_test[0m
[939.582s] [ 93%] [32mBuilding CXX object CMakeFiles/cartographer.sensor.point_cloud_test.dir/cartographer/sensor/point_cloud_test.cc.o[0m
[939.582s] [ 93%] [32mBuilding CXX object CMakeFiles/cartographer.sensor.map_by_time_test.dir/cartographer/sensor/map_by_time_test.cc.o[0m
[940.276s] [ 93%] Built target cartographer.mapping.map_builder_test
[940.323s] [ 93%] [32mBuilding CXX object CMakeFiles/cartographer.sensor.landmark_data_test.dir/cartographer/sensor/landmark_data_test.cc.o[0m
[940.343s] [ 93%] [32mBuilding CXX object CMakeFiles/cartographer.sensor.range_data_test.dir/cartographer/sensor/range_data_test.cc.o[0m
[941.383s] [ 93%] [32mBuilding CXX object CMakeFiles/cartographer.sensor.internal.voxel_filter_test.dir/cartographer/sensor/internal/voxel_filter_test.cc.o[0m
[942.403s] [ 93%] [32mBuilding CXX object CMakeFiles/cartographer.sensor.internal.trajectory_collator_test.dir/cartographer/sensor/internal/trajectory_collator_test.cc.o[0m
[943.455s] [ 94%] [32mBuilding CXX object CMakeFiles/cartographer.sensor.internal.ordered_multi_queue_test.dir/cartographer/sensor/internal/ordered_multi_queue_test.cc.o[0m
[949.496s] [ 94%] [32mBuilding CXX object CMakeFiles/cartographer.sensor.internal.collator_test.dir/cartographer/sensor/internal/collator_test.cc.o[0m
[950.661s] [ 94%] [32m[1mLinking CXX executable cartographer.sensor.map_by_time_test[0m
[951.267s] [ 94%] Built target cartographer.sensor.map_by_time_test
[951.427s] [ 94%] [32mBuilding CXX object CMakeFiles/cartographer.transform.rigid_transform_test.dir/cartographer/transform/rigid_transform_test.cc.o[0m
[956.090s] [ 94%] [32m[1mLinking CXX executable cartographer.sensor.range_data_test[0m
[956.697s] [ 94%] Built target cartographer.sensor.range_data_test
[958.855s] [ 95%] [32m[1mLinking CXX executable cartographer.sensor.point_cloud_test[0m
[959.401s] [ 95%] Built target cartographer.sensor.point_cloud_test
[959.668s] [ 95%] [32m[1mLinking CXX executable cartographer.sensor.internal.voxel_filter_test[0m
[960.145s] [ 95%] Built target cartographer.sensor.internal.voxel_filter_test
[960.754s] [ 95%] [32m[1mLinking CXX executable cartographer.sensor.internal.ordered_multi_queue_test[0m
[961.269s] [ 95%] Built target cartographer.sensor.internal.ordered_multi_queue_test
[962.833s] [ 96%] [32m[1mLinking CXX executable cartographer.sensor.internal.trajectory_collator_test[0m
[963.128s] [ 96%] Built target cartographer.sensor.internal.trajectory_collator_test
[963.751s] [ 97%] [32m[1mLinking CXX executable cartographer.sensor.landmark_data_test[0m
[964.099s] [ 97%] Built target cartographer.sensor.landmark_data_test
[968.667s] [ 97%] [32m[1mLinking CXX executable cartographer.sensor.internal.collator_test[0m
[968.929s] [ 97%] Built target cartographer.sensor.internal.collator_test
[975.626s] [ 98%] [32m[1mLinking CXX executable cartographer.transform.rigid_transform_test[0m
[975.888s] [ 98%] Built target cartographer.transform.rigid_transform_test
[975.926s] [ 98%] [32mBuilding CXX object CMakeFiles/cartographer.transform.transform_test.dir/cartographer/transform/transform_test.cc.o[0m
[987.503s] [ 98%] [32m[1mLinking CXX executable cartographer.transform.transform_test[0m
[987.755s] [ 98%] Built target cartographer.transform.transform_test
[987.793s] [ 98%] [32mBuilding CXX object CMakeFiles/cartographer.transform.transform_interpolation_buffer_test.dir/cartographer/transform/transform_interpolation_buffer_test.cc.o[0m
[987.793s] [ 98%] [32mBuilding CXX object CMakeFiles/cartographer.transform.timestamped_transform_test.dir/cartographer/transform/timestamped_transform_test.cc.o[0m
[998.131s] [ 98%] [32m[1mLinking CXX executable cartographer.transform.timestamped_transform_test[0m
[998.452s] [ 98%] Built target cartographer.transform.timestamped_transform_test
[999.589s] [100%] [32m[1mLinking CXX executable cartographer.transform.transform_interpolation_buffer_test[0m
[999.899s] [100%] Built target cartographer.transform.transform_interpolation_buffer_test
[999.958s] Invoked command in '/root/ros2_ws/build/cartographer' returned '0': CMAKE_PREFIX_PATH=${CMAKE_PREFIX_PATH}:/root/ros2_ws/install/ros2_opencv:/opt/ros/humble /usr/bin/cmake --build /root/ros2_ws/build/cartographer -- -j8 -l8
[999.986s] Invoking command in '/root/ros2_ws/build/cartographer': CMAKE_PREFIX_PATH=${CMAKE_PREFIX_PATH}:/root/ros2_ws/install/ros2_opencv:/opt/ros/humble /usr/bin/cmake --install /root/ros2_ws/build/cartographer
[1000.002s] -- Install configuration: "Release"
[1000.003s] -- Installing: /root/ros2_ws/install/cartographer/share/cartographer/package.xml
[1000.004s] -- Installing: /root/ros2_ws/install/cartographer/share/cartographer//configuration_files
[1000.004s] -- Installing: /root/ros2_ws/install/cartographer/share/cartographer//configuration_files/trajectory_builder_3d.lua
[1000.005s] -- Installing: /root/ros2_ws/install/cartographer/share/cartographer//configuration_files/map_builder_server.lua
[1000.005s] -- Installing: /root/ros2_ws/install/cartographer/share/cartographer//configuration_files/trajectory_builder_2d.lua
[1000.006s] -- Installing: /root/ros2_ws/install/cartographer/share/cartographer//configuration_files/trajectory_builder.lua
[1000.006s] -- Installing: /root/ros2_ws/install/cartographer/share/cartographer//configuration_files/map_builder.lua
[1000.007s] -- Installing: /root/ros2_ws/install/cartographer/share/cartographer//configuration_files/laser_2d.lua
[1000.007s] -- Installing: /root/ros2_ws/install/cartographer/share/cartographer//configuration_files/pose_graph.lua
[1000.008s] -- Installing: /root/ros2_ws/install/cartographer/share/cartographer//cmake
[1000.008s] -- Installing: /root/ros2_ws/install/cartographer/share/cartographer//cmake/modules
[1000.008s] -- Installing: /root/ros2_ws/install/cartographer/share/cartographer//cmake/modules/FindSphinx.cmake
[1000.009s] -- Installing: /root/ros2_ws/install/cartographer/share/cartographer//cmake/modules/FindLuaGoogle.cmake
[1000.009s] -- Installing: /root/ros2_ws/install/cartographer/share/cartographer//cmake/modules/FindGMock.cmake
[1000.009s] -- Installing: /root/ros2_ws/install/cartographer/share/cartographer//cmake/modules/FindEigen3.cmake
[1000.010s] -- Installing: /root/ros2_ws/install/cartographer/share/cartographer//cmake/functions.cmake
[1000.010s] -- Installing: /root/ros2_ws/install/cartographer/bin/cartographer_autogenerate_ground_truth
[1000.013s] -- Installing: /root/ros2_ws/install/cartographer/bin/cartographer_compute_relations_metrics
[1000.015s] -- Installing: /root/ros2_ws/install/cartographer/bin/cartographer_pbstream
[1000.021s] -- Installing: /root/ros2_ws/install/cartographer/bin/cartographer_print_configuration
[1000.022s] -- Installing: /root/ros2_ws/install/cartographer/lib/libcartographer.a
[1000.038s] -- Installing: /root/ros2_ws/install/cartographer/include/cartographer/common/configuration_file_resolver.h
[1000.039s] -- Installing: /root/ros2_ws/install/cartographer/include/cartographer/common/fixed_ratio_sampler.h
[1000.039s] -- Installing: /root/ros2_ws/install/cartographer/include/cartographer/common/histogram.h
[1000.039s] -- Installing: /root/ros2_ws/install/cartographer/include/cartographer/common/lua.h
[1000.039s] -- Installing: /root/ros2_ws/install/cartographer/include/cartographer/common/lua_parameter_dictionary.h
[1000.040s] -- Installing: /root/ros2_ws/install/cartographer/include/cartographer/common/math.h
[1000.040s] -- Installing: /root/ros2_ws/install/cartographer/include/cartographer/common/port.h
[1000.040s] -- Installing: /root/ros2_ws/install/cartographer/include/cartographer/common/task.h
[1000.040s] -- Installing: /root/ros2_ws/install/cartographer/include/cartographer/common/thread_pool.h
[1000.041s] -- Installing: /root/ros2_ws/install/cartographer/include/cartographer/common/time.h
[1000.041s] -- Installing: /root/ros2_ws/install/cartographer/include/cartographer/ground_truth/autogenerate_ground_truth.h
[1000.041s] -- Installing: /root/ros2_ws/install/cartographer/include/cartographer/ground_truth/relations_text_file.h
[1000.042s] -- Installing: /root/ros2_ws/install/cartographer/include/cartographer/io/color.h
[1000.042s] -- Installing: /root/ros2_ws/install/cartographer/include/cartographer/io/coloring_points_processor.h
[1000.043s] -- Installing: /root/ros2_ws/install/cartographer/include/cartographer/io/counting_points_processor.h
[1000.043s] -- Installing: /root/ros2_ws/install/cartographer/include/cartographer/io/draw_trajectories.h
[1000.044s] -- Installing: /root/ros2_ws/install/cartographer/include/cartographer/io/file_writer.h
[1000.044s] -- Installing: /root/ros2_ws/install/cartographer/include/cartographer/io/fixed_ratio_sampling_points_processor.h
[1000.044s] -- Installing: /root/ros2_ws/install/cartographer/include/cartographer/io/frame_id_filtering_points_processor.h
[1000.045s] -- Installing: /root/ros2_ws/install/cartographer/include/cartographer/io/hybrid_grid_points_processor.h
[1000.045s] -- Installing: /root/ros2_ws/install/cartographer/include/cartographer/io/image.h
[1000.045s] -- Installing: /root/ros2_ws/install/cartographer/include/cartographer/io/intensity_to_color_points_processor.h
[1000.046s] -- Installing: /root/ros2_ws/install/cartographer/include/cartographer/io/min_max_range_filtering_points_processor.h
[1000.046s] -- Installing: /root/ros2_ws/install/cartographer/include/cartographer/io/null_points_processor.h
[1000.047s] -- Installing: /root/ros2_ws/install/cartographer/include/cartographer/io/outlier_removing_points_processor.h
[1000.047s] -- Installing: /root/ros2_ws/install/cartographer/include/cartographer/io/pcd_writing_points_processor.h
[1000.047s] -- Installing: /root/ros2_ws/install/cartographer/include/cartographer/io/ply_writing_points_processor.h
[1000.048s] -- Installing: /root/ros2_ws/install/cartographer/include/cartographer/io/points_batch.h
[1000.048s] -- Installing: /root/ros2_ws/install/cartographer/include/cartographer/io/points_processor.h
[1000.048s] -- Installing: /root/ros2_ws/install/cartographer/include/cartographer/io/points_processor_pipeline_builder.h
[1000.049s] -- Installing: /root/ros2_ws/install/cartographer/include/cartographer/io/probability_grid_points_processor.h
[1000.049s] -- Installing: /root/ros2_ws/install/cartographer/include/cartographer/io/proto_stream.h
[1000.050s] -- Installing: /root/ros2_ws/install/cartographer/include/cartographer/io/proto_stream_deserializer.h
[1000.050s] -- Installing: /root/ros2_ws/install/cartographer/include/cartographer/io/proto_stream_interface.h
[1000.051s] -- Installing: /root/ros2_ws/install/cartographer/include/cartographer/io/serialization_format_migration.h
[1000.051s] -- Installing: /root/ros2_ws/install/cartographer/include/cartographer/io/submap_painter.h
[1000.052s] -- Installing: /root/ros2_ws/install/cartographer/include/cartographer/io/vertical_range_filtering_points_processor.h
[1000.053s] -- Installing: /root/ros2_ws/install/cartographer/include/cartographer/io/xray_points_processor.h
[1000.053s] -- Installing: /root/ros2_ws/install/cartographer/include/cartographer/io/xyz_writing_points_processor.h
[1000.054s] -- Installing: /root/ros2_ws/install/cartographer/include/cartographer/mapping/2d/grid_2d.h
[1000.055s] -- Installing: /root/ros2_ws/install/cartographer/include/cartographer/mapping/2d/map_limits.h
[1000.055s] -- Installing: /root/ros2_ws/install/cartographer/include/cartographer/mapping/2d/probability_grid.h
[1000.055s] -- Installing: /root/ros2_ws/install/cartographer/include/cartographer/mapping/2d/probability_grid_range_data_inserter_2d.h
[1000.056s] -- Installing: /root/ros2_ws/install/cartographer/include/cartographer/mapping/2d/submap_2d.h
[1000.056s] -- Installing: /root/ros2_ws/install/cartographer/include/cartographer/mapping/2d/xy_index.h
[1000.057s] -- Installing: /root/ros2_ws/install/cartographer/include/cartographer/mapping/3d/hybrid_grid.h
[1000.057s] -- Installing: /root/ros2_ws/install/cartographer/include/cartographer/mapping/3d/range_data_inserter_3d.h
[1000.058s] -- Installing: /root/ros2_ws/install/cartographer/include/cartographer/mapping/3d/submap_3d.h
[1000.058s] -- Installing: /root/ros2_ws/install/cartographer/include/cartographer/mapping/detect_floors.h
[1000.059s] -- Installing: /root/ros2_ws/install/cartographer/include/cartographer/mapping/grid_interface.h
[1000.059s] -- Installing: /root/ros2_ws/install/cartographer/include/cartographer/mapping/id.h
[1000.060s] -- Installing: /root/ros2_ws/install/cartographer/include/cartographer/mapping/imu_tracker.h
[1000.060s] -- Installing: /root/ros2_ws/install/cartographer/include/cartographer/mapping/map_builder.h
[1000.060s] -- Installing: /root/ros2_ws/install/cartographer/include/cartographer/mapping/map_builder_interface.h
[1000.061s] -- Installing: /root/ros2_ws/install/cartographer/include/cartographer/mapping/pose_extrapolator.h
[1000.061s] -- Installing: /root/ros2_ws/install/cartographer/include/cartographer/mapping/pose_extrapolator_interface.h
[1000.061s] -- Installing: /root/ros2_ws/install/cartographer/include/cartographer/mapping/pose_graph.h
[1000.061s] -- Installing: /root/ros2_ws/install/cartographer/include/cartographer/mapping/pose_graph_interface.h
[1000.062s] -- Installing: /root/ros2_ws/install/cartographer/include/cartographer/mapping/pose_graph_trimmer.h
[1000.062s] -- Installing: /root/ros2_ws/install/cartographer/include/cartographer/mapping/probability_values.h
[1000.062s] -- Installing: /root/ros2_ws/install/cartographer/include/cartographer/mapping/range_data_inserter_interface.h
[1000.063s] -- Installing: /root/ros2_ws/install/cartographer/include/cartographer/mapping/submaps.h
[1000.063s] -- Installing: /root/ros2_ws/install/cartographer/include/cartographer/mapping/trajectory_builder_interface.h
[1000.064s] -- Installing: /root/ros2_ws/install/cartographer/include/cartographer/mapping/trajectory_node.h
[1000.064s] -- Installing: /root/ros2_ws/install/cartographer/include/cartographer/mapping/value_conversion_tables.h
[1000.065s] -- Installing: /root/ros2_ws/install/cartographer/include/cartographer/metrics/counter.h
[1000.065s] -- Installing: /root/ros2_ws/install/cartographer/include/cartographer/metrics/family_factory.h
[1000.065s] -- Installing: /root/ros2_ws/install/cartographer/include/cartographer/metrics/gauge.h
[1000.066s] -- Installing: /root/ros2_ws/install/cartographer/include/cartographer/metrics/histogram.h
[1000.066s] -- Installing: /root/ros2_ws/install/cartographer/include/cartographer/metrics/register.h
[1000.066s] -- Installing: /root/ros2_ws/install/cartographer/include/cartographer/sensor/collator_interface.h
[1000.067s] -- Installing: /root/ros2_ws/install/cartographer/include/cartographer/sensor/compressed_point_cloud.h
[1000.067s] -- Installing: /root/ros2_ws/install/cartographer/include/cartographer/sensor/data.h
[1000.067s] -- Installing: /root/ros2_ws/install/cartographer/include/cartographer/sensor/fixed_frame_pose_data.h
[1000.068s] -- Installing: /root/ros2_ws/install/cartographer/include/cartographer/sensor/imu_data.h
[1000.068s] -- Installing: /root/ros2_ws/install/cartographer/include/cartographer/sensor/landmark_data.h
[1000.068s] -- Installing: /root/ros2_ws/install/cartographer/include/cartographer/sensor/map_by_time.h
[1000.069s] -- Installing: /root/ros2_ws/install/cartographer/include/cartographer/sensor/odometry_data.h
[1000.069s] -- Installing: /root/ros2_ws/install/cartographer/include/cartographer/sensor/point_cloud.h
[1000.069s] -- Installing: /root/ros2_ws/install/cartographer/include/cartographer/sensor/range_data.h
[1000.070s] -- Installing: /root/ros2_ws/install/cartographer/include/cartographer/sensor/rangefinder_point.h
[1000.070s] -- Installing: /root/ros2_ws/install/cartographer/include/cartographer/sensor/timed_point_cloud_data.h
[1000.070s] -- Installing: /root/ros2_ws/install/cartographer/include/cartographer/transform/rigid_transform.h
[1000.071s] -- Installing: /root/ros2_ws/install/cartographer/include/cartographer/transform/timestamped_transform.h
[1000.071s] -- Installing: /root/ros2_ws/install/cartographer/include/cartographer/transform/transform.h
[1000.071s] -- Installing: /root/ros2_ws/install/cartographer/include/cartographer/transform/transform_interpolation_buffer.h
[1000.072s] -- Installing: /root/ros2_ws/install/cartographer/include/cartographer/io/fake_file_writer.h
[1000.072s] -- Installing: /root/ros2_ws/install/cartographer/include/cartographer/transform/rigid_transform_test_helpers.h
[1000.073s] -- Installing: /root/ros2_ws/install/cartographer/include/cartographer/common/proto/ceres_solver_options.pb.h
[1000.074s] -- Installing: /root/ros2_ws/install/cartographer/include/cartographer/ground_truth/proto/relations.pb.h
[1000.074s] -- Installing: /root/ros2_ws/install/cartographer/include/cartographer/mapping/proto/cell_limits_2d.pb.h
[1000.075s] -- Installing: /root/ros2_ws/install/cartographer/include/cartographer/mapping/proto/connected_components.pb.h
[1000.075s] -- Installing: /root/ros2_ws/install/cartographer/include/cartographer/mapping/proto/grid_2d.pb.h
[1000.075s] -- Installing: /root/ros2_ws/install/cartographer/include/cartographer/mapping/proto/grid_2d_options.pb.h
[1000.076s] -- Installing: /root/ros2_ws/install/cartographer/include/cartographer/mapping/proto/hybrid_grid.pb.h
[1000.076s] -- Installing: /root/ros2_ws/install/cartographer/include/cartographer/mapping/proto/local_trajectory_builder_options_2d.pb.h
[1000.077s] -- Installing: /root/ros2_ws/install/cartographer/include/cartographer/mapping/proto/local_trajectory_builder_options_3d.pb.h
[1000.077s] -- Installing: /root/ros2_ws/install/cartographer/include/cartographer/mapping/proto/map_builder_options.pb.h
[1000.077s] -- Installing: /root/ros2_ws/install/cartographer/include/cartographer/mapping/proto/map_limits.pb.h
[1000.078s] -- Installing: /root/ros2_ws/install/cartographer/include/cartographer/mapping/proto/motion_filter_options.pb.h
[1000.078s] -- Installing: /root/ros2_ws/install/cartographer/include/cartographer/mapping/proto/normal_estimation_options_2d.pb.h
[1000.079s] -- Installing: /root/ros2_ws/install/cartographer/include/cartographer/mapping/proto/pose_extrapolator_options.pb.h
[1000.079s] -- Installing: /root/ros2_ws/install/cartographer/include/cartographer/mapping/proto/pose_graph.pb.h
[1000.080s] -- Installing: /root/ros2_ws/install/cartographer/include/cartographer/mapping/proto/pose_graph/constraint_builder_options.pb.h
[1000.081s] -- Installing: /root/ros2_ws/install/cartographer/include/cartographer/mapping/proto/pose_graph/optimization_problem_options.pb.h
[1000.082s] -- Installing: /root/ros2_ws/install/cartographer/include/cartographer/mapping/proto/pose_graph_options.pb.h
[1000.084s] -- Installing: /root/ros2_ws/install/cartographer/include/cartographer/mapping/proto/probability_grid.pb.h
[1000.084s] -- Installing: /root/ros2_ws/install/cartographer/include/cartographer/mapping/proto/probability_grid_range_data_inserter_options_2d.pb.h
[1000.084s] -- Installing: /root/ros2_ws/install/cartographer/include/cartographer/mapping/proto/range_data_inserter_options.pb.h
[1000.085s] -- Installing: /root/ros2_ws/install/cartographer/include/cartographer/mapping/proto/range_data_inserter_options_3d.pb.h
[1000.086s] -- Installing: /root/ros2_ws/install/cartographer/include/cartographer/mapping/proto/scan_matching/ceres_scan_matcher_options_2d.pb.h
[1000.086s] -- Installing: /root/ros2_ws/install/cartographer/include/cartographer/mapping/proto/scan_matching/ceres_scan_matcher_options_3d.pb.h
[1000.087s] -- Installing: /root/ros2_ws/install/cartographer/include/cartographer/mapping/proto/scan_matching/fast_correlative_scan_matcher_options_2d.pb.h
[1000.087s] -- Installing: /root/ros2_ws/install/cartographer/include/cartographer/mapping/proto/scan_matching/fast_correlative_scan_matcher_options_3d.pb.h
[1000.088s] -- Installing: /root/ros2_ws/install/cartographer/include/cartographer/mapping/proto/scan_matching/real_time_correlative_scan_matcher_options.pb.h
[1000.088s] -- Installing: /root/ros2_ws/install/cartographer/include/cartographer/mapping/proto/serialization.pb.h
[1000.089s] -- Installing: /root/ros2_ws/install/cartographer/include/cartographer/mapping/proto/submap.pb.h
[1000.089s] -- Installing: /root/ros2_ws/install/cartographer/include/cartographer/mapping/proto/submap_visualization.pb.h
[1000.091s] -- Installing: /root/ros2_ws/install/cartographer/include/cartographer/mapping/proto/submaps_options_2d.pb.h
[1000.091s] -- Installing: /root/ros2_ws/install/cartographer/include/cartographer/mapping/proto/submaps_options_3d.pb.h
[1000.092s] -- Installing: /root/ros2_ws/install/cartographer/include/cartographer/mapping/proto/trajectory.pb.h
[1000.092s] -- Installing: /root/ros2_ws/install/cartographer/include/cartographer/mapping/proto/trajectory_builder_options.pb.h
[1000.093s] -- Installing: /root/ros2_ws/install/cartographer/include/cartographer/mapping/proto/trajectory_node_data.pb.h
[1000.093s] -- Installing: /root/ros2_ws/install/cartographer/include/cartographer/mapping/proto/tsdf_2d.pb.h
[1000.094s] -- Installing: /root/ros2_ws/install/cartographer/include/cartographer/mapping/proto/tsdf_range_data_inserter_options_2d.pb.h
[1000.094s] -- Installing: /root/ros2_ws/install/cartographer/include/cartographer/sensor/proto/adaptive_voxel_filter_options.pb.h
[1000.095s] -- Installing: /root/ros2_ws/install/cartographer/include/cartographer/sensor/proto/sensor.pb.h
[1000.095s] -- Installing: /root/ros2_ws/install/cartographer/include/cartographer/transform/proto/timestamped_transform.pb.h
[1000.096s] -- Installing: /root/ros2_ws/install/cartographer/include/cartographer/transform/proto/transform.pb.h
[1000.096s] -- Installing: /root/ros2_ws/install/cartographer/share/cartographer/cmake/CartographerTargets.cmake
[1000.097s] -- Installing: /root/ros2_ws/install/cartographer/share/cartographer/cmake/CartographerTargets-release.cmake
[1000.097s] -- Installing: /root/ros2_ws/install/cartographer/share/cartographer/cartographer-config.cmake
[1000.102s] Invoked command in '/root/ros2_ws/build/cartographer' returned '0': CMAKE_PREFIX_PATH=${CMAKE_PREFIX_PATH}:/root/ros2_ws/install/ros2_opencv:/opt/ros/humble /usr/bin/cmake --install /root/ros2_ws/build/cartographer
