Archive member included to satisfy reference by file (symbol)

/usr/lib/gcc/arm-none-eabi/10.3.1/thumb/v7-m/nofp/libgcc.a(_arm_mulsf3.o)
                              CMakeFiles/Motor.elf.dir/BSP/bsp.c.obj (__aeabi_fmul)
/usr/lib/gcc/arm-none-eabi/10.3.1/thumb/v7-m/nofp/libgcc.a(_arm_addsubdf3.o)
                              CMakeFiles/Motor.elf.dir/BSP/bsp_motion.c.obj (__aeabi_i2d)
/usr/lib/gcc/arm-none-eabi/10.3.1/thumb/v7-m/nofp/libgcc.a(_arm_truncdfsf2.o)
                              CMakeFiles/Motor.elf.dir/BSP/bsp_motion.c.obj (__aeabi_d2f)
/usr/lib/gcc/arm-none-eabi/10.3.1/thumb/v7-m/nofp/libgcc.a(_arm_addsubsf3.o)
                              CMakeFiles/Motor.elf.dir/BSP/bsp_motion.c.obj (__aeabi_fsub)
/usr/lib/gcc/arm-none-eabi/10.3.1/thumb/v7-m/nofp/libgcc.a(_arm_muldivsf3.o)
                              CMakeFiles/Motor.elf.dir/BSP/bsp_motion.c.obj (__aeabi_fdiv)
/usr/lib/gcc/arm-none-eabi/10.3.1/thumb/v7-m/nofp/libgcc.a(_arm_cmpsf2.o)
                              CMakeFiles/Motor.elf.dir/BSP/bsp_pid.c.obj (__aeabi_fcmplt)
/usr/lib/gcc/arm-none-eabi/10.3.1/thumb/v7-m/nofp/libgcc.a(_arm_fixsfsi.o)
                              CMakeFiles/Motor.elf.dir/BSP/bsp.c.obj (__aeabi_f2iz)
/usr/lib/gcc/arm-none-eabi/10.3.1/../../../arm-none-eabi/lib/thumb/v7-m/nofp/libg.a(lib_a-atexit.o)
                              /usr/lib/gcc/arm-none-eabi/10.3.1/../../../arm-none-eabi/lib/thumb/v7-m/nofp/crt0.o (atexit)
/usr/lib/gcc/arm-none-eabi/10.3.1/../../../arm-none-eabi/lib/thumb/v7-m/nofp/libg.a(lib_a-errno.o)
                              CMakeFiles/Motor.elf.dir/Core/Src/syscalls.c.obj (__errno)
/usr/lib/gcc/arm-none-eabi/10.3.1/../../../arm-none-eabi/lib/thumb/v7-m/nofp/libg.a(lib_a-exit.o)
                              /usr/lib/gcc/arm-none-eabi/10.3.1/../../../arm-none-eabi/lib/thumb/v7-m/nofp/crt0.o (exit)
/usr/lib/gcc/arm-none-eabi/10.3.1/../../../arm-none-eabi/lib/thumb/v7-m/nofp/libg.a(lib_a-fini.o)
                              /usr/lib/gcc/arm-none-eabi/10.3.1/../../../arm-none-eabi/lib/thumb/v7-m/nofp/crt0.o (__libc_fini_array)
/usr/lib/gcc/arm-none-eabi/10.3.1/../../../arm-none-eabi/lib/thumb/v7-m/nofp/libg.a(lib_a-impure.o)
                              /usr/lib/gcc/arm-none-eabi/10.3.1/../../../arm-none-eabi/lib/thumb/v7-m/nofp/libg.a(lib_a-exit.o) (_global_impure_ptr)
/usr/lib/gcc/arm-none-eabi/10.3.1/../../../arm-none-eabi/lib/thumb/v7-m/nofp/libg.a(lib_a-init.o)
                              /usr/lib/gcc/arm-none-eabi/10.3.1/../../../arm-none-eabi/lib/thumb/v7-m/nofp/crt0.o (__libc_init_array)
/usr/lib/gcc/arm-none-eabi/10.3.1/../../../arm-none-eabi/lib/thumb/v7-m/nofp/libg.a(lib_a-memset.o)
                              /usr/lib/gcc/arm-none-eabi/10.3.1/../../../arm-none-eabi/lib/thumb/v7-m/nofp/crt0.o (memset)
/usr/lib/gcc/arm-none-eabi/10.3.1/../../../arm-none-eabi/lib/thumb/v7-m/nofp/libg.a(lib_a-printf.o)
                              CMakeFiles/Motor.elf.dir/BSP/bsp.c.obj (printf)
/usr/lib/gcc/arm-none-eabi/10.3.1/../../../arm-none-eabi/lib/thumb/v7-m/nofp/libg.a(lib_a-puts.o)
                              CMakeFiles/Motor.elf.dir/BSP/bsp_sbus.c.obj (puts)
/usr/lib/gcc/arm-none-eabi/10.3.1/../../../arm-none-eabi/lib/thumb/v7-m/nofp/libg.a(lib_a-sscanf.o)
                              CMakeFiles/Motor.elf.dir/BSP/bsp_uart.c.obj (sscanf)
/usr/lib/gcc/arm-none-eabi/10.3.1/../../../arm-none-eabi/lib/thumb/v7-m/nofp/libg.a(lib_a-stdio.o)
                              /usr/lib/gcc/arm-none-eabi/10.3.1/../../../arm-none-eabi/lib/thumb/v7-m/nofp/libg.a(lib_a-sscanf.o) (__seofread)
/usr/lib/gcc/arm-none-eabi/10.3.1/../../../arm-none-eabi/lib/thumb/v7-m/nofp/libg.a(lib_a-strlen-stub.o)
                              /usr/lib/gcc/arm-none-eabi/10.3.1/../../../arm-none-eabi/lib/thumb/v7-m/nofp/libg.a(lib_a-puts.o) (strlen)
/usr/lib/gcc/arm-none-eabi/10.3.1/../../../arm-none-eabi/lib/thumb/v7-m/nofp/libg.a(lib_a-strstr.o)
                              CMakeFiles/Motor.elf.dir/BSP/bsp_uart.c.obj (strstr)
/usr/lib/gcc/arm-none-eabi/10.3.1/../../../arm-none-eabi/lib/thumb/v7-m/nofp/libg.a(lib_a-svfscanf.o)
                              /usr/lib/gcc/arm-none-eabi/10.3.1/../../../arm-none-eabi/lib/thumb/v7-m/nofp/libg.a(lib_a-sscanf.o) (__ssvfscanf_r)
/usr/lib/gcc/arm-none-eabi/10.3.1/../../../arm-none-eabi/lib/thumb/v7-m/nofp/libg.a(lib_a-vfprintf.o)
                              /usr/lib/gcc/arm-none-eabi/10.3.1/../../../arm-none-eabi/lib/thumb/v7-m/nofp/libg.a(lib_a-printf.o) (_vfprintf_r)
/usr/lib/gcc/arm-none-eabi/10.3.1/../../../arm-none-eabi/lib/thumb/v7-m/nofp/libg.a(lib_a-writer.o)
                              /usr/lib/gcc/arm-none-eabi/10.3.1/../../../arm-none-eabi/lib/thumb/v7-m/nofp/libg.a(lib_a-stdio.o) (_write_r)
/usr/lib/gcc/arm-none-eabi/10.3.1/../../../arm-none-eabi/lib/thumb/v7-m/nofp/libg.a(lib_a-wsetup.o)
                              /usr/lib/gcc/arm-none-eabi/10.3.1/../../../arm-none-eabi/lib/thumb/v7-m/nofp/libg.a(lib_a-vfprintf.o) (__swsetup_r)
[...]
Memory Configuration

Name             Origin             Length             Attributes
RAM              0x0000000020000000 0x000000000000c000 xrw
FLASH            0x0000000008000000 0x0000000000040000 xr
*default*        0x0000000000000000 0xffffffffffffffff

Linker script and memory map

LOAD /usr/lib/gcc/arm-none-eabi/10.3.1/thumb/v7-m/nofp/crti.o
LOAD /usr/lib/gcc/arm-none-eabi/10.3.1/thumb/v7-m/nofp/crtbegin.o
LOAD /usr/lib/gcc/arm-none-eabi/10.3.1/../../../arm-none-eabi/lib/thumb/v7-m/nofp/crt0.o
LOAD CMakeFiles/Motor.elf.dir/BSP/bsp.c.obj
LOAD CMakeFiles/Motor.elf.dir/BSP/bsp_beep.c.obj
LOAD CMakeFiles/Motor.elf.dir/BSP/bsp_encoder.c.obj
LOAD CMakeFiles/Motor.elf.dir/BSP/bsp_key.c.obj
LOAD CMakeFiles/Motor.elf.dir/BSP/bsp_motion.c.obj
LOAD CMakeFiles/Motor.elf.dir/BSP/bsp_motor.c.obj
LOAD CMakeFiles/Motor.elf.dir/BSP/bsp_pid.c.obj
LOAD CMakeFiles/Motor.elf.dir/BSP/bsp_sbus.c.obj
LOAD CMakeFiles/Motor.elf.dir/BSP/bsp_uart.c.obj
LOAD CMakeFiles/Motor.elf.dir/Core/Src/dma.c.obj
LOAD CMakeFiles/Motor.elf.dir/Core/Src/gpio.c.obj
LOAD CMakeFiles/Motor.elf.dir/Core/Src/main.c.obj
LOAD CMakeFiles/Motor.elf.dir/Core/Src/stm32f1xx_hal_msp.c.obj
LOAD CMakeFiles/Motor.elf.dir/Core/Src/stm32f1xx_it.c.obj
LOAD CMakeFiles/Motor.elf.dir/Core/Src/syscalls.c.obj
LOAD CMakeFiles/Motor.elf.dir/Core/Src/sysmem.c.obj
LOAD CMakeFiles/Motor.elf.dir/Core/Src/system_stm32f1xx.c.obj
LOAD CMakeFiles/Motor.elf.dir/Core/Src/tim.c.obj
LOAD CMakeFiles/Motor.elf.dir/Core/Src/usart.c.obj
LOAD CMakeFiles/Motor.elf.dir/Core/Startup/startup_stm32f103rctx.s.obj
LOAD CMakeFiles/Motor.elf.dir/Drivers/STM32F1xx_HAL_Driver/Src/stm32f1xx_hal.c.obj
LOAD CMakeFiles/Motor.elf.dir/Drivers/STM32F1xx_HAL_Driver/Src/stm32f1xx_hal_cortex.c.obj
LOAD CMakeFiles/Motor.elf.dir/Drivers/STM32F1xx_HAL_Driver/Src/stm32f1xx_hal_dma.c.obj
LOAD CMakeFiles/Motor.elf.dir/Drivers/STM32F1xx_HAL_Driver/Src/stm32f1xx_hal_exti.c.obj
LOAD CMakeFiles/Motor.elf.dir/Drivers/STM32F1xx_HAL_Driver/Src/stm32f1xx_hal_flash.c.obj
LOAD CMakeFiles/Motor.elf.dir/Drivers/STM32F1xx_HAL_Driver/Src/stm32f1xx_hal_flash_ex.c.obj
LOAD CMakeFiles/Motor.elf.dir/Drivers/STM32F1xx_HAL_Driver/Src/stm32f1xx_hal_gpio.c.obj
LOAD CMakeFiles/Motor.elf.dir/Drivers/STM32F1xx_HAL_Driver/Src/stm32f1xx_hal_gpio_ex.c.obj
LOAD CMakeFiles/Motor.elf.dir/Drivers/STM32F1xx_HAL_Driver/Src/stm32f1xx_hal_pwr.c.obj
LOAD CMakeFiles/Motor.elf.dir/Drivers/STM32F1xx_HAL_Driver/Src/stm32f1xx_hal_rcc.c.obj
LOAD CMakeFiles/Motor.elf.dir/Drivers/STM32F1xx_HAL_Driver/Src/stm32f1xx_hal_rcc_ex.c.obj
LOAD CMakeFiles/Motor.elf.dir/Drivers/STM32F1xx_HAL_Driver/Src/stm32f1xx_hal_tim.c.obj
LOAD CMakeFiles/Motor.elf.dir/Drivers/STM32F1xx_HAL_Driver/Src/stm32f1xx_hal_tim_ex.c.obj
LOAD CMakeFiles/Motor.elf.dir/Drivers/STM32F1xx_HAL_Driver/Src/stm32f1xx_hal_uart.c.obj
START GROUP
LOAD /usr/lib/gcc/arm-none-eabi/10.3.1/thumb/v7-m/nofp/libgcc.a
LOAD /usr/lib/gcc/arm-none-eabi/10.3.1/../../../arm-none-eabi/lib/thumb/v7-m/nofp/libg.a
LOAD /usr/lib/gcc/arm-none-eabi/10.3.1/../../../arm-none-eabi/lib/thumb/v7-m/nofp/libc.a
END GROUP
LOAD /usr/lib/gcc/arm-none-eabi/10.3.1/thumb/v7-m/nofp/crtend.o
LOAD /usr/lib/gcc/arm-none-eabi/10.3.1/thumb/v7-m/nofp/crtn.o
                0x000000002000c000                _estack = (ORIGIN (RAM) + LENGTH (RAM))
                0x0000000000000200                _Min_Heap_Size = 0x200
                0x0000000000000400                _Min_Stack_Size = 0x400

.isr_vector     0x0000000008000000      0x1e4
                0x0000000008000000                . = ALIGN (0x4)
 *(.isr_vector)
 .isr_vector    0x0000000008000000      0x1e4 CMakeFiles/Motor.elf.dir/Core/Startup/startup_stm32f103rctx.s.obj
                0x0000000008000000                g_pfnVectors
                0x00000000080001e4                . = ALIGN (0x4)

.text           0x00000000080001e8     0xf854
                0x00000000080001e8                . = ALIGN (0x4)
 *(.text)
 .text          0x00000000080001e8       0x88 /usr/lib/gcc/arm-none-eabi/10.3.1/thumb/v7-m/nofp/crtbegin.o
 .text          0x0000000008000270      0x378 /usr/lib/gcc/arm-none-eabi/10.3.1/thumb/v7-m/nofp/libgcc.a(_arm_addsubdf3.o)
                0x0000000008000270                __aeabi_drsub
                0x0000000008000278                __aeabi_dsub
                0x0000000008000278                __subdf3
                0x000000000800027c                __adddf3
                0x000000000800027c                __aeabi_dadd
                0x00000000080004f4                __aeabi_ui2d
                0x00000000080004f4                __floatunsidf
                0x0000000008000514                __floatsidf
                0x0000000008000514                __aeabi_i2d
                0x0000000008000538                __extendsfdf2
                0x0000000008000538                __aeabi_f2d
                0x000000000800057c                __aeabi_ul2d
                0x000000000800057c                __floatundidf
                0x000000000800058c                __floatdidf
                0x000000000800058c                __aeabi_l2d
 .text          0x00000000080005e8       0xa0 /usr/lib/gcc/arm-none-eabi/10.3.1/thumb/v7-m/nofp/libgcc.a(_arm_truncdfsf2.o)
                0x00000000080005e8                __aeabi_d2f
                0x00000000080005e8                __truncdfsf2
 .text          0x0000000008000688      0x2a0 /usr/lib/gcc/arm-none-eabi/10.3.1/thumb/v7-m/nofp/libgcc.a(_arm_muldivsf3.o)
                0x0000000008000688                __mulsf3
                0x0000000008000688                __aeabi_fmul
                0x00000000080007f0                __divsf3
                0x00000000080007f0                __aeabi_fdiv
 .text          0x0000000008000928       0xec /usr/lib/gcc/arm-none-eabi/10.3.1/thumb/v7-m/nofp/libgcc.a(_arm_cmpsf2.o)
                0x0000000008000928                __gtsf2
                0x0000000008000928                __gesf2
                0x0000000008000930                __lesf2
                0x0000000008000930                __ltsf2
                0x0000000008000938                __nesf2
                0x0000000008000938                __eqsf2
                0x0000000008000938                __cmpsf2
                0x0000000008000998                __aeabi_cfrcmple
                0x00000000080009a0                __aeabi_cfcmple
                0x00000000080009a0                __aeabi_cfcmpeq
                0x00000000080009b0                __aeabi_fcmpeq
                0x00000000080009c4                __aeabi_fcmplt
                0x00000000080009d8                __aeabi_fcmple
                0x00000000080009ec                __aeabi_fcmpge
                0x0000000008000a00                __aeabi_fcmpgt
 .text          0x0000000008000a14       0x4c /usr/lib/gcc/arm-none-eabi/10.3.1/thumb/v7-m/nofp/libgcc.a(_arm_fixsfsi.o)
                0x0000000008000a14                __fixsfsi
                0x0000000008000a14                __aeabi_f2iz
 .text          0x0000000008000a60        0xc /usr/lib/gcc/arm-none-eabi/10.3.1/../../../arm-none-eabi/lib/thumb/v7-m/nofp/libg.a(lib_a-atexit.o)
                0x0000000008000a60                atexit
 .text          0x0000000008000a6c        0xc /usr/lib/gcc/arm-none-eabi/10.3.1/../../../arm-none-eabi/lib/thumb/v7-m/nofp/libg.a(lib_a-errno.o)
                0x0000000008000a6c                __errno
 .text          0x0000000008000a78       0x2c /usr/lib/gcc/arm-none-eabi/10.3.1/../../../arm-none-eabi/lib/thumb/v7-m/nofp/libg.a(lib_a-fini.o)
                0x0000000008000a78                __libc_fini_array
 .text          0x0000000008000aa4       0x48 /usr/lib/gcc/arm-none-eabi/10.3.1/../../../arm-none-eabi/lib/thumb/v7-m/nofp/libg.a(lib_a-init.o)
                0x0000000008000aa4                __libc_init_array
 .text          0x0000000008000aec       0xa4 /usr/lib/gcc/arm-none-eabi/10.3.1/../../../arm-none-eabi/lib/thumb/v7-m/nofp/libg.a(lib_a-memset.o)
                0x0000000008000aec                memset
 .text          0x0000000008000b90       0xac /usr/lib/gcc/arm-none-eabi/10.3.1/../../../arm-none-eabi/lib/thumb/v7-m/nofp/libg.a(lib_a-sscanf.o)
                0x0000000008000b90                sscanf
                0x0000000008000be8                _sscanf_r
 .text          0x0000000008000c3c       0x90 /usr/lib/gcc/arm-none-eabi/10.3.1/../../../arm-none-eabi/lib/thumb/v7-m/nofp/libg.a(lib_a-stdio.o)
                0x0000000008000c3c                __sread
                0x0000000008000c60                __seofread
                0x0000000008000c64                __swrite
                0x0000000008000ca4                __sseek
                0x0000000008000cc4                __sclose
 .text          0x0000000008000ccc       0x5c /usr/lib/gcc/arm-none-eabi/10.3.1/../../../arm-none-eabi/lib/thumb/v7-m/nofp/libg.a(lib_a-strlen-stub.o)
                0x0000000008000ccc                strlen
 .text          0x0000000008000d28      0x420 /usr/lib/gcc/arm-none-eabi/10.3.1/../../../arm-none-eabi/lib/thumb/v7-m/nofp/libg.a(lib_a-strstr.o)
                0x0000000008000fe0                strstr
 .text          0x0000000008001148     0x1060 /usr/lib/gcc/arm-none-eabi/10.3.1/../../../arm-none-eabi/lib/thumb/v7-m/nofp/libg.a(lib_a-svfscanf.o)
                0x0000000008001148                __ssvfscanf_r
 .text          0x00000000080021a8       0x2c /usr/lib/gcc/arm-none-eabi/10.3.1/../../../arm-none-eabi/lib/thumb/v7-m/nofp/libg.a(lib_a-writer.o)
                0x00000000080021a8                _write_r
 .text          0x00000000080021d4       0xd4 /usr/lib/gcc/arm-none-eabi/10.3.1/../../../arm-none-eabi/lib/thumb/v7-m/nofp/libg.a(lib_a-wsetup.o)
                0x00000000080021d4                __swsetup_r
 .text          0x00000000080022a8       0x64 /usr/lib/gcc/arm-none-eabi/10.3.1/../../../arm-none-eabi/lib/thumb/v7-m/nofp/libg.a(lib_a-__atexit.o)
                0x00000000080022a8                __register_exitproc
 .text          0x000000000800230c       0x24 /usr/lib/gcc/arm-none-eabi/10.3.1/../../../arm-none-eabi/lib/thumb/v7-m/nofp/libg.a(lib_a-closer.o)
                0x000000000800230c                _close_r
 .text          0x0000000008002330      0xff4 /usr/lib/gcc/arm-none-eabi/10.3.1/../../../arm-none-eabi/lib/thumb/v7-m/nofp/libg.a(lib_a-dtoa.o)
                0x000000000800245c                _dtoa_r
 .text          0x0000000008003324      0x1a0 /usr/lib/gcc/arm-none-eabi/10.3.1/../../../arm-none-eabi/lib/thumb/v7-m/nofp/libg.a(lib_a-fflush.o)
                0x0000000008003324                __sflush_r
                0x0000000008003448                _fflush_r
                0x0000000008003474                fflush
 .text          0x00000000080034c4      0x214 /usr/lib/gcc/arm-none-eabi/10.3.1/../../../arm-none-eabi/lib/thumb/v7-m/nofp/libg.a(lib_a-findfp.o)
                0x00000000080034c8                _cleanup_r
                0x00000000080035ac                __sfmoreglue
                0x00000000080035dc                __sfp
                0x0000000008003684                _cleanup
                0x0000000008003698                __sinit
                0x00000000080036a0                __sfp_lock_acquire
                0x00000000080036a4                __sfp_lock_release
                0x00000000080036a8                __sinit_lock_acquire
                0x00000000080036ac                __sinit_lock_release
                0x00000000080036b0                __fp_lock_all
                0x00000000080036c4                __fp_unlock_all
 .text          0x00000000080036d8      0x2a0 /usr/lib/gcc/arm-none-eabi/10.3.1/../../../arm-none-eabi/lib/thumb/v7-m/nofp/libg.a(lib_a-freer.o)
                0x00000000080036d8                _malloc_trim_r
                0x0000000008003778                _free_r
 .text          0x0000000008003978      0x2f0 /usr/lib/gcc/arm-none-eabi/10.3.1/../../../arm-none-eabi/lib/thumb/v7-m/nofp/libg.a(lib_a-fvwrite.o)
                0x0000000008003978                __sfvwrite_r
 .text          0x0000000008003c68       0x88 /usr/lib/gcc/arm-none-eabi/10.3.1/../../../arm-none-eabi/lib/thumb/v7-m/nofp/libg.a(lib_a-fwalk.o)
                0x0000000008003c68                _fwalk
                0x0000000008003ca8                _fwalk_reent
 .text          0x0000000008003cf0        0x8 /usr/lib/gcc/arm-none-eabi/10.3.1/../../../arm-none-eabi/lib/thumb/v7-m/nofp/libg.a(lib_a-iswspace.o)
                0x0000000008003cf0                iswspace
 .text          0x0000000008003cf8       0x14 /usr/lib/gcc/arm-none-eabi/10.3.1/../../../arm-none-eabi/lib/thumb/v7-m/nofp/libg.a(lib_a-iswspace_l.o)
                0x0000000008003cf8                iswspace_l
 .text          0x0000000008003d0c       0x8c /usr/lib/gcc/arm-none-eabi/10.3.1/../../../arm-none-eabi/lib/thumb/v7-m/nofp/libg.a(lib_a-locale.o)
                0x0000000008003d0c                _setlocale_r
                0x0000000008003d4c                __locale_mb_cur_max
                0x0000000008003d58                setlocale
 .text          0x0000000008003d98       0x14 /usr/lib/gcc/arm-none-eabi/10.3.1/../../../arm-none-eabi/lib/thumb/v7-m/nofp/libg.a(lib_a-localeconv.o)
                0x0000000008003d98                __localeconv_l
                0x0000000008003d9c                _localeconv_r
                0x0000000008003da4                localeconv
 .text          0x0000000008003dac       0x2c /usr/lib/gcc/arm-none-eabi/10.3.1/../../../arm-none-eabi/lib/thumb/v7-m/nofp/libg.a(lib_a-lseekr.o)
                0x0000000008003dac                _lseek_r
 .text          0x0000000008003dd8      0x140 /usr/lib/gcc/arm-none-eabi/10.3.1/../../../arm-none-eabi/lib/thumb/v7-m/nofp/libg.a(lib_a-makebuf.o)
                0x0000000008003dd8                __smakebuf_r
                0x0000000008003eb8                __swhatbuf_r
 .text          0x0000000008003f18      0x54c /usr/lib/gcc/arm-none-eabi/10.3.1/../../../arm-none-eabi/lib/thumb/v7-m/nofp/libg.a(lib_a-mallocr.o)
                0x0000000008003f18                _malloc_r
 .text          0x0000000008004464       0x98 /usr/lib/gcc/arm-none-eabi/10.3.1/../../../arm-none-eabi/lib/thumb/v7-m/nofp/libg.a(lib_a-mbrtowc.o)
                0x0000000008004464                _mbrtowc_r
                0x00000000080044a8                mbrtowc
 .text          0x00000000080044fc       0x40 /usr/lib/gcc/arm-none-eabi/10.3.1/../../../arm-none-eabi/lib/thumb/v7-m/nofp/libg.a(lib_a-mbtowc_r.o)
                0x00000000080044fc                _mbtowc_r
                0x0000000008004510                __ascii_mbtowc
 .text          0x000000000800453c       0x90 /usr/lib/gcc/arm-none-eabi/10.3.1/../../../arm-none-eabi/lib/thumb/v7-m/nofp/libg.a(lib_a-memchr-stub.o)
                0x000000000800453c                memchr
 .text          0x00000000080045cc       0x68 /usr/lib/gcc/arm-none-eabi/10.3.1/../../../arm-none-eabi/lib/thumb/v7-m/nofp/libg.a(lib_a-memcmp.o)
                0x00000000080045cc                memcmp
 .text          0x0000000008004634       0xec /usr/lib/gcc/arm-none-eabi/10.3.1/../../../arm-none-eabi/lib/thumb/v7-m/nofp/libg.a(lib_a-memcpy.o)
                0x0000000008004634                memcpy
 .text          0x0000000008004720       0xf8 /usr/lib/gcc/arm-none-eabi/10.3.1/../../../arm-none-eabi/lib/thumb/v7-m/nofp/libg.a(lib_a-memmove.o)
                0x0000000008004720                memmove
 .text          0x0000000008004818        0x8 /usr/lib/gcc/arm-none-eabi/10.3.1/../../../arm-none-eabi/lib/thumb/v7-m/nofp/libg.a(lib_a-mlock.o)
                0x0000000008004818                __malloc_lock
                0x000000000800481c                __malloc_unlock
 .text          0x0000000008004820      0xa68 /usr/lib/gcc/arm-none-eabi/10.3.1/../../../arm-none-eabi/lib/thumb/v7-m/nofp/libg.a(lib_a-mprec.o)
                0x0000000008004820                _Balloc
                0x000000000800486c                _Bfree
                0x0000000008004880                __multadd
                0x0000000008004924                __s2b
                0x00000000080049d8                __hi0bits
                0x0000000008004a18                __lo0bits
                0x0000000008004a70                __i2b
                0x0000000008004acc                __multiply
                0x0000000008004c28                __pow5mult
                0x0000000008004ce0                __lshift
                0x0000000008004dcc                __mcmp
                0x0000000008004e0c                __mdiff
                0x0000000008004f58                __ulp
                0x0000000008004f9c                __b2d
                0x000000000800506c                __d2b
                0x0000000008005130                __ratio
                0x0000000008005190                _mprec_log10
                0x00000000080051c8                __copybits
                0x0000000008005228                __any_on
 .text          0x0000000008005288       0x2c /usr/lib/gcc/arm-none-eabi/10.3.1/../../../arm-none-eabi/lib/thumb/v7-m/nofp/libg.a(lib_a-readr.o)
                0x0000000008005288                _read_r
 .text          0x00000000080052b4      0x3dc /usr/lib/gcc/arm-none-eabi/10.3.1/../../../arm-none-eabi/lib/thumb/v7-m/nofp/libg.a(lib_a-reallocr.o)
                0x00000000080052b4                _realloc_r
 .text          0x0000000008005690       0x24 /usr/lib/gcc/arm-none-eabi/10.3.1/../../../arm-none-eabi/lib/thumb/v7-m/nofp/libg.a(lib_a-sbrkr.o)
                0x0000000008005690                _sbrk_r
 .text          0x00000000080056b4       0x8c /usr/lib/gcc/arm-none-eabi/10.3.1/../../../arm-none-eabi/lib/thumb/v7-m/nofp/libg.a(lib_a-sccl.o)
                0x00000000080056b4                __sccl
 .text          0x0000000008005740        0x8 /usr/lib/gcc/arm-none-eabi/10.3.1/../../../arm-none-eabi/lib/thumb/v7-m/nofp/libg.a(lib_a-sf_nan.o)
                0x0000000008005740                nanf
 .text          0x0000000008005748       0x80 /usr/lib/gcc/arm-none-eabi/10.3.1/../../../arm-none-eabi/lib/thumb/v7-m/nofp/libg.a(lib_a-sprintf.o)
                0x0000000008005748                _sprintf_r
                0x0000000008005784                sprintf
 .text          0x00000000080057c8       0xcc /usr/lib/gcc/arm-none-eabi/10.3.1/../../../arm-none-eabi/lib/thumb/v7-m/nofp/libg.a(lib_a-strchr.o)
                0x00000000080057c8                strchr
 .text          0x0000000008005894      0x1bc /usr/lib/gcc/arm-none-eabi/10.3.1/../../../arm-none-eabi/lib/thumb/v7-m/nofp/libg.a(lib_a-strcmp.o)
                0x0000000008005894                strcmp
 .text          0x0000000008005a50       0x24 /usr/lib/gcc/arm-none-eabi/10.3.1/../../../arm-none-eabi/lib/thumb/v7-m/nofp/libg.a(lib_a-strnlen.o)
                0x0000000008005a50                strnlen
 *fill*         0x0000000008005a74        0x4 
 .text          0x0000000008005a78     0x10b8 /usr/lib/gcc/arm-none-eabi/10.3.1/../../../arm-none-eabi/lib/thumb/v7-m/nofp/libg.a(lib_a-strtod.o)
                0x0000000008005a78                _strtod_l
                0x00000000080069b0                _strtod_r
                0x00000000080069bc                strtod_l
                0x00000000080069d8                strtod
                0x00000000080069f0                strtof_l
                0x0000000008006a90                strtof
 .text          0x0000000008006b30      0x190 /usr/lib/gcc/arm-none-eabi/10.3.1/../../../arm-none-eabi/lib/thumb/v7-m/nofp/libg.a(lib_a-strtol.o)
                0x0000000008006c50                _strtol_r
                0x0000000008006c68                strtol_l
                0x0000000008006c94                strtol
 .text          0x0000000008006cc0      0x1b4 /usr/lib/gcc/arm-none-eabi/10.3.1/../../../arm-none-eabi/lib/thumb/v7-m/nofp/libg.a(lib_a-strtoll.o)
                0x0000000008006e38                _strtoll_r
                0x0000000008006e3c                strtoll_l
                0x0000000008006e58                strtoll
 .text          0x0000000008006e74      0x178 /usr/lib/gcc/arm-none-eabi/10.3.1/../../../arm-none-eabi/lib/thumb/v7-m/nofp/libg.a(lib_a-strtoul.o)
                0x0000000008006fb0                _strtoul_r
                0x0000000008006fb4                strtoul_l
                0x0000000008006fd0                strtoul
 .text          0x0000000008006fec      0x1e0 /usr/lib/gcc/arm-none-eabi/10.3.1/../../../arm-none-eabi/lib/thumb/v7-m/nofp/libg.a(lib_a-strtoull.o)
                0x0000000008007190                _strtoull_r
                0x0000000008007194                strtoull_l
                0x00000000080071b0                strtoull
 .text          0x00000000080071cc     0x1138 /usr/lib/gcc/arm-none-eabi/10.3.1/../../../arm-none-eabi/lib/thumb/v7-m/nofp/libg.a(lib_a-svfiscanf.o)
                0x00000000080071cc                _sungetc_r
                0x000000000800724c                __ssrefill_r
                0x0000000008007288                _sfread_r
                0x000000000800733c                __ssvfiscanf_r
 .text          0x0000000008008304     0x1498 /usr/lib/gcc/arm-none-eabi/10.3.1/../../../arm-none-eabi/lib/thumb/v7-m/nofp/libg.a(lib_a-svfprintf.o)
                0x0000000008008304                _svfprintf_r
 .text          0x000000000800979c      0x168 /usr/lib/gcc/arm-none-eabi/10.3.1/../../../arm-none-eabi/lib/thumb/v7-m/nofp/libg.a(lib_a-ungetc.o)
                0x000000000800979c                __submore
                0x0000000008009814                _ungetc_r
                0x00000000080098f0                ungetc
 .text          0x0000000008009904      0xd48 /usr/lib/gcc/arm-none-eabi/10.3.1/../../../arm-none-eabi/lib/thumb/v7-m/nofp/libg.a(lib_a-vfiprintf.o)
                0x000000000800997c                __sprint_r
                0x0000000008009990                _vfiprintf_r
                0x000000000800a5c4                vfiprintf
 .text          0x000000000800a64c       0x30 /usr/lib/gcc/arm-none-eabi/10.3.1/../../../arm-none-eabi/lib/thumb/v7-m/nofp/libg.a(lib_a-wctomb_r.o)
                0x000000000800a64c                _wctomb_r
                0x000000000800a660                __ascii_wctomb
 .text          0x000000000800a67c       0x4c /usr/lib/gcc/arm-none-eabi/10.3.1/../../../arm-none-eabi/lib/thumb/v7-m/nofp/libg.a(lib_a-assert.o)
                0x000000000800a67c                __assert_func
                0x000000000800a6bc                __assert
 .text          0x000000000800a6c8       0x60 /usr/lib/gcc/arm-none-eabi/10.3.1/../../../arm-none-eabi/lib/thumb/v7-m/nofp/libg.a(lib_a-callocr.o)
                0x000000000800a6c8                _calloc_r
 .text          0x000000000800a728       0xd4 /usr/lib/gcc/arm-none-eabi/10.3.1/../../../arm-none-eabi/lib/thumb/v7-m/nofp/libg.a(lib_a-fclose.o)
                0x000000000800a78c                _fclose_r
                0x000000000800a7c0                fclose
 .text          0x000000000800a7fc       0x44 /usr/lib/gcc/arm-none-eabi/10.3.1/../../../arm-none-eabi/lib/thumb/v7-m/nofp/libg.a(lib_a-fiprintf.o)
                0x000000000800a7fc                _fiprintf_r
                0x000000000800a818                fiprintf
 .text          0x000000000800a840      0x104 /usr/lib/gcc/arm-none-eabi/10.3.1/../../../arm-none-eabi/lib/thumb/v7-m/nofp/libg.a(lib_a-fputwc.o)
                0x000000000800a840                __fputwc
                0x000000000800a8e0                _fputwc_r
                0x000000000800a904                fputwc
 .text          0x000000000800a944       0x28 /usr/lib/gcc/arm-none-eabi/10.3.1/../../../arm-none-eabi/lib/thumb/v7-m/nofp/libg.a(lib_a-fstatr.o)
                0x000000000800a944                _fstat_r
 .text          0x000000000800a96c      0x668 /usr/lib/gcc/arm-none-eabi/10.3.1/../../../arm-none-eabi/lib/thumb/v7-m/nofp/libg.a(lib_a-gdtoa-gethex.o)
                0x000000000800aa10                __gethex
 .text          0x000000000800afd4      0x1e0 /usr/lib/gcc/arm-none-eabi/10.3.1/../../../arm-none-eabi/lib/thumb/v7-m/nofp/libg.a(lib_a-gdtoa-hexnan.o)
                0x000000000800afd4                __match
                0x000000000800b008                __hexnan
 .text          0x000000000800b1b4       0x24 /usr/lib/gcc/arm-none-eabi/10.3.1/../../../arm-none-eabi/lib/thumb/v7-m/nofp/libg.a(lib_a-isattyr.o)
                0x000000000800b1b4                _isatty_r
 .text          0x000000000800b1d8        0xc /usr/lib/gcc/arm-none-eabi/10.3.1/../../../arm-none-eabi/lib/thumb/v7-m/nofp/libg.a(lib_a-s_nan.o)
                0x000000000800b1d8                nan
 .text          0x000000000800b1e4       0x7c /usr/lib/gcc/arm-none-eabi/10.3.1/../../../arm-none-eabi/lib/thumb/v7-m/nofp/libg.a(lib_a-strncmp.o)
                0x000000000800b1e4                strncmp
 .text          0x000000000800b260      0xb7c /usr/lib/gcc/arm-none-eabi/10.3.1/../../../arm-none-eabi/lib/thumb/v7-m/nofp/libg.a(lib_a-svfiprintf.o)
                0x000000000800b260                __ssprint_r
                0x000000000800b35c                _svfiprintf_r
 .text          0x000000000800bddc       0xc4 /usr/lib/gcc/arm-none-eabi/10.3.1/../../../arm-none-eabi/lib/thumb/v7-m/nofp/libg.a(lib_a-wbuf.o)
                0x000000000800bddc                __swbuf_r
                0x000000000800be8c                __swbuf
 .text          0x000000000800bea0       0x88 /usr/lib/gcc/arm-none-eabi/10.3.1/../../../arm-none-eabi/lib/thumb/v7-m/nofp/libg.a(lib_a-wcrtomb.o)
                0x000000000800bea0                _wcrtomb_r
                0x000000000800bedc                wcrtomb
 .text          0x000000000800bf28       0x10 /usr/lib/gcc/arm-none-eabi/10.3.1/../../../arm-none-eabi/lib/thumb/v7-m/nofp/libg.a(lib_a-abort.o)
                0x000000000800bf28                abort
 .text          0x000000000800bf38      0x28c /usr/lib/gcc/arm-none-eabi/10.3.1/../../../arm-none-eabi/lib/thumb/v7-m/nofp/libg.a(lib_a-signal.o)
                0x000000000800bf38                _init_signal_r
                0x000000000800bf68                _signal_r
                0x000000000800bfb4                _raise_r
                0x000000000800c00c                __sigtramp_r
                0x000000000800c074                raise
                0x000000000800c0d0                signal
                0x000000000800c124                _init_signal
                0x000000000800c15c                __sigtramp
 .text          0x000000000800c1c4       0x2c /usr/lib/gcc/arm-none-eabi/10.3.1/../../../arm-none-eabi/lib/thumb/v7-m/nofp/libg.a(lib_a-signalr.o)
                0x000000000800c1c4                _kill_r
                0x000000000800c1ec                _getpid_r
 .text          0x000000000800c1f0      0x424 /usr/lib/gcc/arm-none-eabi/10.3.1/thumb/v7-m/nofp/libgcc.a(_arm_muldivdf3.o)
                0x000000000800c1f0                __aeabi_dmul
                0x000000000800c1f0                __muldf3
                0x000000000800c444                __aeabi_ddiv
                0x000000000800c444                __divdf3
 .text          0x000000000800c614      0x110 /usr/lib/gcc/arm-none-eabi/10.3.1/thumb/v7-m/nofp/libgcc.a(_arm_cmpdf2.o)
                0x000000000800c614                __gtdf2
                0x000000000800c614                __gedf2
                0x000000000800c61c                __ltdf2
                0x000000000800c61c                __ledf2
                0x000000000800c624                __cmpdf2
                0x000000000800c624                __eqdf2
                0x000000000800c624                __nedf2
                0x000000000800c6a0                __aeabi_cdrcmple
                0x000000000800c6b0                __aeabi_cdcmple
                0x000000000800c6b0                __aeabi_cdcmpeq
                0x000000000800c6c0                __aeabi_dcmpeq
                0x000000000800c6d4                __aeabi_dcmplt
                0x000000000800c6e8                __aeabi_dcmple
                0x000000000800c6fc                __aeabi_dcmpge
                0x000000000800c710                __aeabi_dcmpgt
 .text          0x000000000800c724       0x2c /usr/lib/gcc/arm-none-eabi/10.3.1/thumb/v7-m/nofp/libgcc.a(_arm_unorddf2.o)
                0x000000000800c724                __aeabi_dcmpun
                0x000000000800c724                __unorddf2
 .text          0x000000000800c750       0x50 /usr/lib/gcc/arm-none-eabi/10.3.1/thumb/v7-m/nofp/libgcc.a(_arm_fixdfsi.o)
                0x000000000800c750                __fixdfsi
                0x000000000800c750                __aeabi_d2iz
 .text          0x000000000800c7a0       0x40 /usr/lib/gcc/arm-none-eabi/10.3.1/thumb/v7-m/nofp/libgcc.a(_arm_fixunsdfsi.o)
                0x000000000800c7a0                __fixunsdfsi
                0x000000000800c7a0                __aeabi_d2uiz
 .text          0x000000000800c7e0       0x2c /usr/lib/gcc/arm-none-eabi/10.3.1/thumb/v7-m/nofp/libgcc.a(_arm_unordsf2.o)
                0x000000000800c7e0                __aeabi_fcmpun
                0x000000000800c7e0                __unordsf2
 .text          0x000000000800c80c       0x30 /usr/lib/gcc/arm-none-eabi/10.3.1/thumb/v7-m/nofp/libgcc.a(_aeabi_uldivmod.o)
                0x000000000800c80c                __aeabi_uldivmod
 .text          0x000000000800c83c       0x34 /usr/lib/gcc/arm-none-eabi/10.3.1/thumb/v7-m/nofp/libgcc.a(_fixdfdi.o)
                0x000000000800c83c                __aeabi_d2lz
                0x000000000800c83c                __fixdfdi
 .text          0x000000000800c870       0x3c /usr/lib/gcc/arm-none-eabi/10.3.1/thumb/v7-m/nofp/libgcc.a(_fixunsdfdi.o)
                0x000000000800c870                __aeabi_d2ulz
                0x000000000800c870                __fixunsdfdi
 .text          0x000000000800c8ac      0x2d4 /usr/lib/gcc/arm-none-eabi/10.3.1/thumb/v7-m/nofp/libgcc.a(_udivmoddi4.o)
                0x000000000800c8ac                __udivmoddi4
 .text          0x000000000800cb80        0x4 /usr/lib/gcc/arm-none-eabi/10.3.1/thumb/v7-m/nofp/libgcc.a(_dvmd_tls.o)
                0x000000000800cb80                __aeabi_ldiv0
                0x000000000800cb80                __aeabi_idiv0
 *(.text*)
 .text.Bsp_Init
                0x000000000800cb84       0x1a CMakeFiles/Motor.elf.dir/BSP/bsp.c.obj
                0x000000000800cb84                Bsp_Init
 *fill*         0x000000000800cb9e        0x2 
 .text.Bsp_Loop_Test_ros2_cmdvel
                0x000000000800cba0      0x148 CMakeFiles/Motor.elf.dir/BSP/bsp.c.obj
                0x000000000800cba0                Bsp_Loop_Test_ros2_cmdvel
 .text.Beep_Set_Time
                0x000000000800cce8        0xc CMakeFiles/Motor.elf.dir/BSP/bsp_beep.c.obj
 .text.Beep_Set_State
                0x000000000800ccf4        0xc CMakeFiles/Motor.elf.dir/BSP/bsp_beep.c.obj
 .text.Beep_On_Time
                0x000000000800cd00       0x68 CMakeFiles/Motor.elf.dir/BSP/bsp_beep.c.obj
                0x000000000800cd00                Beep_On_Time
 .text.Encoder_Init
                0x000000000800cd68       0x34 CMakeFiles/Motor.elf.dir/BSP/bsp_encoder.c.obj
                0x000000000800cd68                Encoder_Init
 .text.Motor_Ignore_Dead_Zone
                0x000000000800cd9c       0x1c CMakeFiles/Motor.elf.dir/BSP/bsp_motor.c.obj
 .text.Motor_Init
                0x000000000800cdb8       0x50 CMakeFiles/Motor.elf.dir/BSP/bsp_motor.c.obj
                0x000000000800cdb8                Motor_Init
 .text.Motor_Stop
                0x000000000800ce08       0x2c CMakeFiles/Motor.elf.dir/BSP/bsp_motor.c.obj
                0x000000000800ce08                Motor_Stop
 .text.Motor_Set_Pwm
                0x000000000800ce34       0xa8 CMakeFiles/Motor.elf.dir/BSP/bsp_motor.c.obj
                0x000000000800ce34                Motor_Set_Pwm
 .text.PID_Param_Init
                0x000000000800cedc       0x48 CMakeFiles/Motor.elf.dir/BSP/bsp_pid.c.obj
                0x000000000800cedc                PID_Param_Init
 .text.USART1_Init
                0x000000000800cf24       0x18 CMakeFiles/Motor.elf.dir/BSP/bsp_uart.c.obj
                0x000000000800cf24                USART1_Init
 .text.parse_uart_data
                0x000000000800cf3c       0x54 CMakeFiles/Motor.elf.dir/BSP/bsp_uart.c.obj
                0x000000000800cf3c                parse_uart_data
 .text.HAL_UART_RxCpltCallback
                0x000000000800cf90       0x5c CMakeFiles/Motor.elf.dir/BSP/bsp_uart.c.obj
                0x000000000800cf90                HAL_UART_RxCpltCallback
 .text.__io_putchar
                0x000000000800cfec       0x20 CMakeFiles/Motor.elf.dir/BSP/bsp_uart.c.obj
                0x000000000800cfec                __io_putchar
 .text.MX_DMA_Init
                0x000000000800d00c       0x34 CMakeFiles/Motor.elf.dir/Core/Src/dma.c.obj
                0x000000000800d00c                MX_DMA_Init
 .text.MX_GPIO_Init
                0x000000000800d040       0xa0 CMakeFiles/Motor.elf.dir/Core/Src/gpio.c.obj
                0x000000000800d040                MX_GPIO_Init
 .text.Error_Handler
                0x000000000800d0e0        0x4 CMakeFiles/Motor.elf.dir/Core/Src/main.c.obj
                0x000000000800d0e0                Error_Handler
 .text.SystemClock_Config
                0x000000000800d0e4       0x64 CMakeFiles/Motor.elf.dir/Core/Src/main.c.obj
                0x000000000800d0e4                SystemClock_Config
 .text.main     0x000000000800d148       0x3c CMakeFiles/Motor.elf.dir/Core/Src/main.c.obj
                0x000000000800d148                main
 .text.HAL_MspInit
                0x000000000800d184       0x44 CMakeFiles/Motor.elf.dir/Core/Src/stm32f1xx_hal_msp.c.obj
                0x000000000800d184                HAL_MspInit
 .text.NMI_Handler
                0x000000000800d1c8        0x2 CMakeFiles/Motor.elf.dir/Core/Src/stm32f1xx_it.c.obj
                0x000000000800d1c8                NMI_Handler
 .text.HardFault_Handler
                0x000000000800d1ca        0x2 CMakeFiles/Motor.elf.dir/Core/Src/stm32f1xx_it.c.obj
                0x000000000800d1ca                HardFault_Handler
 .text.MemManage_Handler
                0x000000000800d1cc        0x2 CMakeFiles/Motor.elf.dir/Core/Src/stm32f1xx_it.c.obj
                0x000000000800d1cc                MemManage_Handler
 .text.BusFault_Handler
                0x000000000800d1ce        0x2 CMakeFiles/Motor.elf.dir/Core/Src/stm32f1xx_it.c.obj
                0x000000000800d1ce                BusFault_Handler
 .text.UsageFault_Handler
                0x000000000800d1d0        0x2 CMakeFiles/Motor.elf.dir/Core/Src/stm32f1xx_it.c.obj
                0x000000000800d1d0                UsageFault_Handler
 .text.SVC_Handler
                0x000000000800d1d2        0x2 CMakeFiles/Motor.elf.dir/Core/Src/stm32f1xx_it.c.obj
                0x000000000800d1d2                SVC_Handler
 .text.DebugMon_Handler
                0x000000000800d1d4        0x2 CMakeFiles/Motor.elf.dir/Core/Src/stm32f1xx_it.c.obj
                0x000000000800d1d4                DebugMon_Handler
 .text.PendSV_Handler
                0x000000000800d1d6        0x2 CMakeFiles/Motor.elf.dir/Core/Src/stm32f1xx_it.c.obj
                0x000000000800d1d6                PendSV_Handler
 .text.SysTick_Handler
                0x000000000800d1d8        0x8 CMakeFiles/Motor.elf.dir/Core/Src/stm32f1xx_it.c.obj
                0x000000000800d1d8                SysTick_Handler
 .text.DMA1_Channel4_IRQHandler
                0x000000000800d1e0       0x10 CMakeFiles/Motor.elf.dir/Core/Src/stm32f1xx_it.c.obj
                0x000000000800d1e0                DMA1_Channel4_IRQHandler
 .text.USART1_IRQHandler
                0x000000000800d1f0       0x10 CMakeFiles/Motor.elf.dir/Core/Src/stm32f1xx_it.c.obj
                0x000000000800d1f0                USART1_IRQHandler
 .text.USART2_IRQHandler
                0x000000000800d200       0x10 CMakeFiles/Motor.elf.dir/Core/Src/stm32f1xx_it.c.obj
                0x000000000800d200                USART2_IRQHandler
 .text._getpid  0x000000000800d210        0x4 CMakeFiles/Motor.elf.dir/Core/Src/syscalls.c.obj
                0x000000000800d210                _getpid
 .text._kill    0x000000000800d214       0x10 CMakeFiles/Motor.elf.dir/Core/Src/syscalls.c.obj
                0x000000000800d214                _kill
 .text._exit    0x000000000800d224        0xc CMakeFiles/Motor.elf.dir/Core/Src/syscalls.c.obj
                0x000000000800d224                _exit
 .text._read    0x000000000800d230       0x20 CMakeFiles/Motor.elf.dir/Core/Src/syscalls.c.obj
                0x000000000800d230                _read
 .text._write   0x000000000800d250       0x1c CMakeFiles/Motor.elf.dir/Core/Src/syscalls.c.obj
                0x000000000800d250                _write
 .text._close   0x000000000800d26c        0x6 CMakeFiles/Motor.elf.dir/Core/Src/syscalls.c.obj
                0x000000000800d26c                _close
 .text._fstat   0x000000000800d272        0xa CMakeFiles/Motor.elf.dir/Core/Src/syscalls.c.obj
                0x000000000800d272                _fstat
 .text._isatty  0x000000000800d27c        0x4 CMakeFiles/Motor.elf.dir/Core/Src/syscalls.c.obj
                0x000000000800d27c                _isatty
 .text._lseek   0x000000000800d280        0x4 CMakeFiles/Motor.elf.dir/Core/Src/syscalls.c.obj
                0x000000000800d280                _lseek
 .text._sbrk    0x000000000800d284       0x48 CMakeFiles/Motor.elf.dir/Core/Src/sysmem.c.obj
                0x000000000800d284                _sbrk
 .text.SystemInit
                0x000000000800d2cc        0x2 CMakeFiles/Motor.elf.dir/Core/Src/system_stm32f1xx.c.obj
                0x000000000800d2cc                SystemInit
 *fill*         0x000000000800d2ce        0x2 
 .text.MX_TIM2_Init
                0x000000000800d2d0       0x64 CMakeFiles/Motor.elf.dir/Core/Src/tim.c.obj
                0x000000000800d2d0                MX_TIM2_Init
 .text.MX_TIM3_Init
                0x000000000800d334       0x64 CMakeFiles/Motor.elf.dir/Core/Src/tim.c.obj
                0x000000000800d334                MX_TIM3_Init
 .text.MX_TIM4_Init
                0x000000000800d398       0x64 CMakeFiles/Motor.elf.dir/Core/Src/tim.c.obj
                0x000000000800d398                MX_TIM4_Init
 .text.MX_TIM5_Init
                0x000000000800d3fc       0x64 CMakeFiles/Motor.elf.dir/Core/Src/tim.c.obj
                0x000000000800d3fc                MX_TIM5_Init
 .text.HAL_TIM_Base_MspInit
                0x000000000800d460       0x4c CMakeFiles/Motor.elf.dir/Core/Src/tim.c.obj
                0x000000000800d460                HAL_TIM_Base_MspInit
 .text.HAL_TIM_Encoder_MspInit
                0x000000000800d4ac      0x154 CMakeFiles/Motor.elf.dir/Core/Src/tim.c.obj
                0x000000000800d4ac                HAL_TIM_Encoder_MspInit
 .text.HAL_TIM_MspPostInit
                0x000000000800d600       0xc4 CMakeFiles/Motor.elf.dir/Core/Src/tim.c.obj
                0x000000000800d600                HAL_TIM_MspPostInit
 .text.MX_TIM1_Init
                0x000000000800d6c4      0x120 CMakeFiles/Motor.elf.dir/Core/Src/tim.c.obj
                0x000000000800d6c4                MX_TIM1_Init
 .text.MX_TIM8_Init
                0x000000000800d7e4      0x120 CMakeFiles/Motor.elf.dir/Core/Src/tim.c.obj
                0x000000000800d7e4                MX_TIM8_Init
 .text.MX_USART1_UART_Init
                0x000000000800d904       0x34 CMakeFiles/Motor.elf.dir/Core/Src/usart.c.obj
                0x000000000800d904                MX_USART1_UART_Init
 .text.MX_USART2_UART_Init
                0x000000000800d938       0x44 CMakeFiles/Motor.elf.dir/Core/Src/usart.c.obj
                0x000000000800d938                MX_USART2_UART_Init
 .text.HAL_UART_MspInit
                0x000000000800d97c      0x128 CMakeFiles/Motor.elf.dir/Core/Src/usart.c.obj
                0x000000000800d97c                HAL_UART_MspInit
 .text.Reset_Handler
                0x000000000800daa4       0x48 CMakeFiles/Motor.elf.dir/Core/Startup/startup_stm32f103rctx.s.obj
                0x000000000800daa4                Reset_Handler
 .text.Default_Handler
                0x000000000800daec        0x2 CMakeFiles/Motor.elf.dir/Core/Startup/startup_stm32f103rctx.s.obj
                0x000000000800daec                RTC_Alarm_IRQHandler
                0x000000000800daec                EXTI2_IRQHandler
                0x000000000800daec                TIM8_TRG_COM_IRQHandler
                0x000000000800daec                TIM8_CC_IRQHandler
                0x000000000800daec                TIM1_CC_IRQHandler
                0x000000000800daec                TIM6_IRQHandler
                0x000000000800daec                PVD_IRQHandler
                0x000000000800daec                SDIO_IRQHandler
                0x000000000800daec                EXTI3_IRQHandler
                0x000000000800daec                EXTI0_IRQHandler
                0x000000000800daec                I2C2_EV_IRQHandler
                0x000000000800daec                ADC1_2_IRQHandler
                0x000000000800daec                SPI1_IRQHandler
                0x000000000800daec                TAMPER_IRQHandler
                0x000000000800daec                TIM8_UP_IRQHandler
                0x000000000800daec                DMA2_Channel2_IRQHandler
                0x000000000800daec                USART3_IRQHandler
                0x000000000800daec                RTC_IRQHandler
                0x000000000800daec                DMA1_Channel7_IRQHandler
                0x000000000800daec                CAN1_RX1_IRQHandler
                0x000000000800daec                UART5_IRQHandler
                0x000000000800daec                ADC3_IRQHandler
                0x000000000800daec                TIM4_IRQHandler
                0x000000000800daec                DMA2_Channel1_IRQHandler
                0x000000000800daec                I2C1_EV_IRQHandler
                0x000000000800daec                DMA1_Channel6_IRQHandler
                0x000000000800daec                UART4_IRQHandler
                0x000000000800daec                TIM3_IRQHandler
                0x000000000800daec                RCC_IRQHandler
                0x000000000800daec                TIM1_TRG_COM_IRQHandler
                0x000000000800daec                DMA1_Channel1_IRQHandler
                0x000000000800daec                Default_Handler
                0x000000000800daec                EXTI15_10_IRQHandler
                0x000000000800daec                TIM7_IRQHandler
                0x000000000800daec                TIM5_IRQHandler
                0x000000000800daec                EXTI9_5_IRQHandler
                0x000000000800daec                SPI2_IRQHandler
                0x000000000800daec                DMA1_Channel5_IRQHandler
                0x000000000800daec                EXTI4_IRQHandler
                0x000000000800daec                USB_LP_CAN1_RX0_IRQHandler
                0x000000000800daec                USB_HP_CAN1_TX_IRQHandler
                0x000000000800daec                DMA1_Channel3_IRQHandler
                0x000000000800daec                FSMC_IRQHandler
                0x000000000800daec                TIM1_UP_IRQHandler
                0x000000000800daec                WWDG_IRQHandler
                0x000000000800daec                TIM2_IRQHandler
                0x000000000800daec                TIM1_BRK_IRQHandler
                0x000000000800daec                EXTI1_IRQHandler
                0x000000000800daec                DMA2_Channel4_5_IRQHandler
                0x000000000800daec                I2C2_ER_IRQHandler
                0x000000000800daec                DMA1_Channel2_IRQHandler
                0x000000000800daec                TIM8_BRK_IRQHandler
                0x000000000800daec                CAN1_SCE_IRQHandler
                0x000000000800daec                FLASH_IRQHandler
                0x000000000800daec                SPI3_IRQHandler
                0x000000000800daec                I2C1_ER_IRQHandler
                0x000000000800daec                USBWakeUp_IRQHandler
                0x000000000800daec                DMA2_Channel3_IRQHandler
 *fill*         0x000000000800daee        0x2 
 .text.HAL_InitTick
                0x000000000800daf0       0x4c CMakeFiles/Motor.elf.dir/Drivers/STM32F1xx_HAL_Driver/Src/stm32f1xx_hal.c.obj
                0x000000000800daf0                HAL_InitTick
 .text.HAL_Init
                0x000000000800db3c       0x24 CMakeFiles/Motor.elf.dir/Drivers/STM32F1xx_HAL_Driver/Src/stm32f1xx_hal.c.obj
                0x000000000800db3c                HAL_Init
 .text.HAL_IncTick
                0x000000000800db60       0x18 CMakeFiles/Motor.elf.dir/Drivers/STM32F1xx_HAL_Driver/Src/stm32f1xx_hal.c.obj
                0x000000000800db60                HAL_IncTick
 .text.HAL_GetTick
                0x000000000800db78        0xc CMakeFiles/Motor.elf.dir/Drivers/STM32F1xx_HAL_Driver/Src/stm32f1xx_hal.c.obj
                0x000000000800db78                HAL_GetTick
 .text.HAL_Delay
                0x000000000800db84       0x28 CMakeFiles/Motor.elf.dir/Drivers/STM32F1xx_HAL_Driver/Src/stm32f1xx_hal.c.obj
                0x000000000800db84                HAL_Delay
 .text.HAL_NVIC_SetPriorityGrouping
                0x000000000800dbac       0x24 CMakeFiles/Motor.elf.dir/Drivers/STM32F1xx_HAL_Driver/Src/stm32f1xx_hal_cortex.c.obj
                0x000000000800dbac                HAL_NVIC_SetPriorityGrouping
 .text.HAL_NVIC_SetPriority
                0x000000000800dbd0       0x70 CMakeFiles/Motor.elf.dir/Drivers/STM32F1xx_HAL_Driver/Src/stm32f1xx_hal_cortex.c.obj
                0x000000000800dbd0                HAL_NVIC_SetPriority
 .text.HAL_NVIC_EnableIRQ
                0x000000000800dc40       0x1c CMakeFiles/Motor.elf.dir/Drivers/STM32F1xx_HAL_Driver/Src/stm32f1xx_hal_cortex.c.obj
                0x000000000800dc40                HAL_NVIC_EnableIRQ
 .text.HAL_SYSTICK_Config
                0x000000000800dc5c       0x28 CMakeFiles/Motor.elf.dir/Drivers/STM32F1xx_HAL_Driver/Src/stm32f1xx_hal_cortex.c.obj
                0x000000000800dc5c                HAL_SYSTICK_Config
 .text.HAL_DMA_Init
                0x000000000800dc84       0x98 CMakeFiles/Motor.elf.dir/Drivers/STM32F1xx_HAL_Driver/Src/stm32f1xx_hal_dma.c.obj
                0x000000000800dc84                HAL_DMA_Init
 .text.HAL_DMA_Abort
                0x000000000800dd1c       0x44 CMakeFiles/Motor.elf.dir/Drivers/STM32F1xx_HAL_Driver/Src/stm32f1xx_hal_dma.c.obj
                0x000000000800dd1c                HAL_DMA_Abort
 .text.HAL_DMA_Abort_IT
                0x000000000800dd60      0x168 CMakeFiles/Motor.elf.dir/Drivers/STM32F1xx_HAL_Driver/Src/stm32f1xx_hal_dma.c.obj
                0x000000000800dd60                HAL_DMA_Abort_IT
 .text.HAL_DMA_IRQHandler
                0x000000000800dec8      0x2ec CMakeFiles/Motor.elf.dir/Drivers/STM32F1xx_HAL_Driver/Src/stm32f1xx_hal_dma.c.obj
                0x000000000800dec8                HAL_DMA_IRQHandler
 .text.HAL_GPIO_Init
                0x000000000800e1b4      0x240 CMakeFiles/Motor.elf.dir/Drivers/STM32F1xx_HAL_Driver/Src/stm32f1xx_hal_gpio.c.obj
                0x000000000800e1b4                HAL_GPIO_Init
 .text.HAL_GPIO_WritePin
                0x000000000800e3f4        0xc CMakeFiles/Motor.elf.dir/Drivers/STM32F1xx_HAL_Driver/Src/stm32f1xx_hal_gpio.c.obj
                0x000000000800e3f4                HAL_GPIO_WritePin
 .text.RCC_Delay
                0x000000000800e400       0x2c CMakeFiles/Motor.elf.dir/Drivers/STM32F1xx_HAL_Driver/Src/stm32f1xx_hal_rcc.c.obj
 .text.HAL_RCC_OscConfig
                0x000000000800e42c      0x410 CMakeFiles/Motor.elf.dir/Drivers/STM32F1xx_HAL_Driver/Src/stm32f1xx_hal_rcc.c.obj
                0x000000000800e42c                HAL_RCC_OscConfig
 .text.HAL_RCC_GetSysClockFreq
                0x000000000800e83c       0x70 CMakeFiles/Motor.elf.dir/Drivers/STM32F1xx_HAL_Driver/Src/stm32f1xx_hal_rcc.c.obj
                0x000000000800e83c                HAL_RCC_GetSysClockFreq
 .text.HAL_RCC_ClockConfig
                0x000000000800e8ac      0x16c CMakeFiles/Motor.elf.dir/Drivers/STM32F1xx_HAL_Driver/Src/stm32f1xx_hal_rcc.c.obj
                0x000000000800e8ac                HAL_RCC_ClockConfig
 .text.HAL_RCC_GetHCLKFreq
                0x000000000800ea18        0xc CMakeFiles/Motor.elf.dir/Drivers/STM32F1xx_HAL_Driver/Src/stm32f1xx_hal_rcc.c.obj
                0x000000000800ea18                HAL_RCC_GetHCLKFreq
 .text.HAL_RCC_GetPCLK1Freq
                0x000000000800ea24       0x20 CMakeFiles/Motor.elf.dir/Drivers/STM32F1xx_HAL_Driver/Src/stm32f1xx_hal_rcc.c.obj
                0x000000000800ea24                HAL_RCC_GetPCLK1Freq
 .text.HAL_RCC_GetPCLK2Freq
                0x000000000800ea44       0x20 CMakeFiles/Motor.elf.dir/Drivers/STM32F1xx_HAL_Driver/Src/stm32f1xx_hal_rcc.c.obj
                0x000000000800ea44                HAL_RCC_GetPCLK2Freq
 .text.TIM_OC1_SetConfig
                0x000000000800ea64       0x68 CMakeFiles/Motor.elf.dir/Drivers/STM32F1xx_HAL_Driver/Src/stm32f1xx_hal_tim.c.obj
 .text.TIM_OC3_SetConfig
                0x000000000800eacc       0x70 CMakeFiles/Motor.elf.dir/Drivers/STM32F1xx_HAL_Driver/Src/stm32f1xx_hal_tim.c.obj
 .text.TIM_OC4_SetConfig
                0x000000000800eb3c       0x50 CMakeFiles/Motor.elf.dir/Drivers/STM32F1xx_HAL_Driver/Src/stm32f1xx_hal_tim.c.obj
 .text.TIM_TI1_ConfigInputStage
                0x000000000800eb8c       0x24 CMakeFiles/Motor.elf.dir/Drivers/STM32F1xx_HAL_Driver/Src/stm32f1xx_hal_tim.c.obj
 .text.TIM_TI2_ConfigInputStage
                0x000000000800ebb0       0x26 CMakeFiles/Motor.elf.dir/Drivers/STM32F1xx_HAL_Driver/Src/stm32f1xx_hal_tim.c.obj
 .text.TIM_ITRx_SetConfig
                0x000000000800ebd6       0x10 CMakeFiles/Motor.elf.dir/Drivers/STM32F1xx_HAL_Driver/Src/stm32f1xx_hal_tim.c.obj
 .text.HAL_TIM_PWM_MspInit
                0x000000000800ebe6        0x2 CMakeFiles/Motor.elf.dir/Drivers/STM32F1xx_HAL_Driver/Src/stm32f1xx_hal_tim.c.obj
                0x000000000800ebe6                HAL_TIM_PWM_MspInit
 .text.TIM_Base_SetConfig
                0x000000000800ebe8       0x98 CMakeFiles/Motor.elf.dir/Drivers/STM32F1xx_HAL_Driver/Src/stm32f1xx_hal_tim.c.obj
                0x000000000800ebe8                TIM_Base_SetConfig
 .text.HAL_TIM_Base_Init
                0x000000000800ec80       0x58 CMakeFiles/Motor.elf.dir/Drivers/STM32F1xx_HAL_Driver/Src/stm32f1xx_hal_tim.c.obj
                0x000000000800ec80                HAL_TIM_Base_Init
 .text.HAL_TIM_PWM_Init
                0x000000000800ecd8       0x58 CMakeFiles/Motor.elf.dir/Drivers/STM32F1xx_HAL_Driver/Src/stm32f1xx_hal_tim.c.obj
                0x000000000800ecd8                HAL_TIM_PWM_Init
 .text.HAL_TIM_Encoder_Init
                0x000000000800ed30       0xb8 CMakeFiles/Motor.elf.dir/Drivers/STM32F1xx_HAL_Driver/Src/stm32f1xx_hal_tim.c.obj
                0x000000000800ed30                HAL_TIM_Encoder_Init
 .text.TIM_OC2_SetConfig
                0x000000000800ede8       0x70 CMakeFiles/Motor.elf.dir/Drivers/STM32F1xx_HAL_Driver/Src/stm32f1xx_hal_tim.c.obj
                0x000000000800ede8                TIM_OC2_SetConfig
 .text.HAL_TIM_PWM_ConfigChannel
                0x000000000800ee58       0xd0 CMakeFiles/Motor.elf.dir/Drivers/STM32F1xx_HAL_Driver/Src/stm32f1xx_hal_tim.c.obj
                0x000000000800ee58                HAL_TIM_PWM_ConfigChannel
 .text.TIM_ETR_SetConfig
                0x000000000800ef28       0x18 CMakeFiles/Motor.elf.dir/Drivers/STM32F1xx_HAL_Driver/Src/stm32f1xx_hal_tim.c.obj
                0x000000000800ef28                TIM_ETR_SetConfig
 .text.HAL_TIM_ConfigClockSource
                0x000000000800ef40       0xda CMakeFiles/Motor.elf.dir/Drivers/STM32F1xx_HAL_Driver/Src/stm32f1xx_hal_tim.c.obj
                0x000000000800ef40                HAL_TIM_ConfigClockSource
 .text.TIM_CCxChannelCmd
                0x000000000800f01a       0x1e CMakeFiles/Motor.elf.dir/Drivers/STM32F1xx_HAL_Driver/Src/stm32f1xx_hal_tim.c.obj
                0x000000000800f01a                TIM_CCxChannelCmd
 .text.HAL_TIM_PWM_Start
                0x000000000800f038       0xf4 CMakeFiles/Motor.elf.dir/Drivers/STM32F1xx_HAL_Driver/Src/stm32f1xx_hal_tim.c.obj
                0x000000000800f038                HAL_TIM_PWM_Start
 .text.HAL_TIM_Encoder_Start
                0x000000000800f12c       0xcc CMakeFiles/Motor.elf.dir/Drivers/STM32F1xx_HAL_Driver/Src/stm32f1xx_hal_tim.c.obj
                0x000000000800f12c                HAL_TIM_Encoder_Start
 .text.TIM_CCxNChannelCmd
                0x000000000800f1f8       0x1e CMakeFiles/Motor.elf.dir/Drivers/STM32F1xx_HAL_Driver/Src/stm32f1xx_hal_tim_ex.c.obj
 *fill*         0x000000000800f216        0x2 
 .text.HAL_TIMEx_PWMN_Start
                0x000000000800f218       0xe8 CMakeFiles/Motor.elf.dir/Drivers/STM32F1xx_HAL_Driver/Src/stm32f1xx_hal_tim_ex.c.obj
                0x000000000800f218                HAL_TIMEx_PWMN_Start
 .text.HAL_TIMEx_MasterConfigSynchronization
                0x000000000800f300       0x7c CMakeFiles/Motor.elf.dir/Drivers/STM32F1xx_HAL_Driver/Src/stm32f1xx_hal_tim_ex.c.obj
                0x000000000800f300                HAL_TIMEx_MasterConfigSynchronization
 .text.HAL_TIMEx_ConfigBreakDeadTime
                0x000000000800f37c       0x52 CMakeFiles/Motor.elf.dir/Drivers/STM32F1xx_HAL_Driver/Src/stm32f1xx_hal_tim_ex.c.obj
                0x000000000800f37c                HAL_TIMEx_ConfigBreakDeadTime
 .text.UART_EndRxTransfer
                0x000000000800f3ce       0x32 CMakeFiles/Motor.elf.dir/Drivers/STM32F1xx_HAL_Driver/Src/stm32f1xx_hal_uart.c.obj
 .text.UART_Transmit_IT
                0x000000000800f400       0x60 CMakeFiles/Motor.elf.dir/Drivers/STM32F1xx_HAL_Driver/Src/stm32f1xx_hal_uart.c.obj
 .text.UART_SetConfig
                0x000000000800f460       0x94 CMakeFiles/Motor.elf.dir/Drivers/STM32F1xx_HAL_Driver/Src/stm32f1xx_hal_uart.c.obj
 .text.UART_WaitOnFlagUntilTimeout
                0x000000000800f4f4       0x6c CMakeFiles/Motor.elf.dir/Drivers/STM32F1xx_HAL_Driver/Src/stm32f1xx_hal_uart.c.obj
 .text.HAL_UART_Init
                0x000000000800f560       0x5e CMakeFiles/Motor.elf.dir/Drivers/STM32F1xx_HAL_Driver/Src/stm32f1xx_hal_uart.c.obj
                0x000000000800f560                HAL_UART_Init
 .text.HAL_UART_Transmit
                0x000000000800f5be       0xd8 CMakeFiles/Motor.elf.dir/Drivers/STM32F1xx_HAL_Driver/Src/stm32f1xx_hal_uart.c.obj
                0x000000000800f5be                HAL_UART_Transmit
 .text.HAL_UART_TxCpltCallback
                0x000000000800f696        0x2 CMakeFiles/Motor.elf.dir/Drivers/STM32F1xx_HAL_Driver/Src/stm32f1xx_hal_uart.c.obj
                0x000000000800f696                HAL_UART_TxCpltCallback
 .text.UART_EndTransmit_IT
                0x000000000800f698       0x1a CMakeFiles/Motor.elf.dir/Drivers/STM32F1xx_HAL_Driver/Src/stm32f1xx_hal_uart.c.obj
 .text.HAL_UART_ErrorCallback
                0x000000000800f6b2        0x2 CMakeFiles/Motor.elf.dir/Drivers/STM32F1xx_HAL_Driver/Src/stm32f1xx_hal_uart.c.obj
                0x000000000800f6b2                HAL_UART_ErrorCallback
 .text.UART_DMAAbortOnError
                0x000000000800f6b4       0x10 CMakeFiles/Motor.elf.dir/Drivers/STM32F1xx_HAL_Driver/Src/stm32f1xx_hal_uart.c.obj
 .text.HAL_UARTEx_RxEventCallback
                0x000000000800f6c4        0x2 CMakeFiles/Motor.elf.dir/Drivers/STM32F1xx_HAL_Driver/Src/stm32f1xx_hal_uart.c.obj
                0x000000000800f6c4                HAL_UARTEx_RxEventCallback
 .text.UART_Receive_IT
                0x000000000800f6c6       0xd4 CMakeFiles/Motor.elf.dir/Drivers/STM32F1xx_HAL_Driver/Src/stm32f1xx_hal_uart.c.obj
 *fill*         0x000000000800f79a        0x2 
 .text.HAL_UART_IRQHandler
                0x000000000800f79c      0x204 CMakeFiles/Motor.elf.dir/Drivers/STM32F1xx_HAL_Driver/Src/stm32f1xx_hal_uart.c.obj
                0x000000000800f79c                HAL_UART_IRQHandler
 .text.UART_Start_Receive_IT
                0x000000000800f9a0       0x36 CMakeFiles/Motor.elf.dir/Drivers/STM32F1xx_HAL_Driver/Src/stm32f1xx_hal_uart.c.obj
                0x000000000800f9a0                UART_Start_Receive_IT
 .text.HAL_UART_Receive_IT
                0x000000000800f9d6       0x38 CMakeFiles/Motor.elf.dir/Drivers/STM32F1xx_HAL_Driver/Src/stm32f1xx_hal_uart.c.obj
                0x000000000800f9d6                HAL_UART_Receive_IT
 *fill*         0x000000000800fa0e        0x2 
 .text.startup  0x000000000800fa10       0x14 /usr/lib/gcc/arm-none-eabi/10.3.1/../../../arm-none-eabi/lib/thumb/v7-m/nofp/libg.a(lib_a-__call_atexit.o)
 *(.glue_7)
 .glue_7        0x000000000800fa24        0x0 linker stubs
 *(.glue_7t)
 .glue_7t       0x000000000800fa24        0x0 linker stubs
 *(.eh_frame)
 .eh_frame      0x000000000800fa24        0x0 /usr/lib/gcc/arm-none-eabi/10.3.1/thumb/v7-m/nofp/crtbegin.o
 *(.init)
 .init          0x000000000800fa24        0x4 /usr/lib/gcc/arm-none-eabi/10.3.1/thumb/v7-m/nofp/crti.o
                0x000000000800fa24                _init
 .init          0x000000000800fa28        0x8 /usr/lib/gcc/arm-none-eabi/10.3.1/thumb/v7-m/nofp/crtn.o
 *(.fini)
 .fini          0x000000000800fa30        0x4 /usr/lib/gcc/arm-none-eabi/10.3.1/thumb/v7-m/nofp/crti.o
                0x000000000800fa30                _fini
 .fini          0x000000000800fa34        0x8 /usr/lib/gcc/arm-none-eabi/10.3.1/thumb/v7-m/nofp/crtn.o
                0x000000000800fa3c                . = ALIGN (0x4)
                0x000000000800fa3c                _etext = .

.vfp11_veneer   0x000000000800fa3c        0x0
 .vfp11_veneer  0x000000000800fa3c        0x0 linker stubs

.v4_bx          0x000000000800fa3c        0x0
 .v4_bx         0x000000000800fa3c        0x0 linker stubs

.iplt           0x000000000800fa3c        0x0
 .iplt          0x000000000800fa3c        0x0 /usr/lib/gcc/arm-none-eabi/10.3.1/thumb/v7-m/nofp/crtbegin.o

.rodata         0x000000000800fa40      0x60c
                0x000000000800fa40                . = ALIGN (0x4)
 *(.rodata)
 .rodata        0x000000000800fa40        0x4 /usr/lib/gcc/arm-none-eabi/10.3.1/../../../arm-none-eabi/lib/thumb/v7-m/nofp/libg.a(lib_a-impure.o)
                0x000000000800fa40                _global_impure_ptr
 .rodata        0x000000000800fa44       0x22 /usr/lib/gcc/arm-none-eabi/10.3.1/../../../arm-none-eabi/lib/thumb/v7-m/nofp/libg.a(lib_a-svfscanf.o)
 *fill*         0x000000000800fa66        0x2 
 .rodata        0x000000000800fa68      0x101 /usr/lib/gcc/arm-none-eabi/10.3.1/../../../arm-none-eabi/lib/thumb/v7-m/nofp/libg.a(lib_a-ctype_.o)
                0x000000000800fa68                _ctype_
 *fill*         0x000000000800fb69        0x7 
 .rodata        0x000000000800fb70      0x128 /usr/lib/gcc/arm-none-eabi/10.3.1/../../../arm-none-eabi/lib/thumb/v7-m/nofp/libg.a(lib_a-mprec.o)
                0x000000000800fb80                __mprec_tens
                0x000000000800fc48                __mprec_tinytens
                0x000000000800fc70                __mprec_bigtens
 .rodata        0x000000000800fc98       0x50 /usr/lib/gcc/arm-none-eabi/10.3.1/../../../arm-none-eabi/lib/thumb/v7-m/nofp/libg.a(lib_a-strtod.o)
 .rodata        0x000000000800fce8       0x22 /usr/lib/gcc/arm-none-eabi/10.3.1/../../../arm-none-eabi/lib/thumb/v7-m/nofp/libg.a(lib_a-svfiscanf.o)
 *fill*         0x000000000800fd0a        0x2 
 .rodata        0x000000000800fd0c       0x20 /usr/lib/gcc/arm-none-eabi/10.3.1/../../../arm-none-eabi/lib/thumb/v7-m/nofp/libg.a(lib_a-svfprintf.o)
 .rodata        0x000000000800fd2c       0x20 /usr/lib/gcc/arm-none-eabi/10.3.1/../../../arm-none-eabi/lib/thumb/v7-m/nofp/libg.a(lib_a-vfiprintf.o)
 .rodata        0x000000000800fd4c      0x100 /usr/lib/gcc/arm-none-eabi/10.3.1/../../../arm-none-eabi/lib/thumb/v7-m/nofp/libg.a(lib_a-gdtoa-gethex.o)
                0x000000000800fd4c                __hexdig
 .rodata        0x000000000800fe4c        0xc /usr/lib/gcc/arm-none-eabi/10.3.1/../../../arm-none-eabi/lib/thumb/v7-m/nofp/libg.a(lib_a-lnumeric.o)
                0x000000000800fe4c                _C_numeric_locale
 .rodata        0x000000000800fe58       0x20 /usr/lib/gcc/arm-none-eabi/10.3.1/../../../arm-none-eabi/lib/thumb/v7-m/nofp/libg.a(lib_a-svfiprintf.o)
 *(.rodata*)
 .rodata.parse_uart_data.str1.4
                0x000000000800fe78       0x31 CMakeFiles/Motor.elf.dir/BSP/bsp_uart.c.obj
 *fill*         0x000000000800fea9        0x3 
 .rodata.AHBPrescTable
                0x000000000800feac       0x10 CMakeFiles/Motor.elf.dir/Core/Src/system_stm32f1xx.c.obj
                0x000000000800feac                AHBPrescTable
 .rodata.APBPrescTable
                0x000000000800febc        0x8 CMakeFiles/Motor.elf.dir/Core/Src/system_stm32f1xx.c.obj
                0x000000000800febc                APBPrescTable
 .rodata.HAL_RCC_GetSysClockFreq.str1.4
                0x000000000800fec4       0x11 CMakeFiles/Motor.elf.dir/Drivers/STM32F1xx_HAL_Driver/Src/stm32f1xx_hal_rcc.c.obj
 *fill*         0x000000000800fed5        0x3 
 .rodata.str1.4
                0x000000000800fed8        0x5 /usr/lib/gcc/arm-none-eabi/10.3.1/../../../arm-none-eabi/lib/thumb/v7-m/nofp/libg.a(lib_a-svfscanf.o)
                                          0x9 (size before relaxing)
 *fill*         0x000000000800fedd        0x3 
 .rodata.str1.4
                0x000000000800fee0       0x5a /usr/lib/gcc/arm-none-eabi/10.3.1/../../../arm-none-eabi/lib/thumb/v7-m/nofp/libg.a(lib_a-dtoa.o)
 *fill*         0x000000000800ff3a        0x2 
 .rodata.str1.4
                0x000000000800ff3c        0xe /usr/lib/gcc/arm-none-eabi/10.3.1/../../../arm-none-eabi/lib/thumb/v7-m/nofp/libg.a(lib_a-locale.o)
                                         0x12 (size before relaxing)
 .rodata.str1.4
                0x000000000800ff4a        0x1 /usr/lib/gcc/arm-none-eabi/10.3.1/../../../arm-none-eabi/lib/thumb/v7-m/nofp/libg.a(lib_a-mbrtowc.o)
 *fill*         0x000000000800ff4a        0x2 
 .rodata.str1.4
                0x000000000800ff4c       0x33 /usr/lib/gcc/arm-none-eabi/10.3.1/../../../arm-none-eabi/lib/thumb/v7-m/nofp/libg.a(lib_a-mprec.o)
                                         0x47 (size before relaxing)
 *fill*         0x000000000800ff7f        0x1 
 .rodata.str1.4
                0x000000000800ff80        0xf /usr/lib/gcc/arm-none-eabi/10.3.1/../../../arm-none-eabi/lib/thumb/v7-m/nofp/libg.a(lib_a-strtod.o)
                                         0x11 (size before relaxing)
 *fill*         0x000000000800ff8f        0x1 
 .rodata.str1.4
                0x000000000800ff90       0x3f /usr/lib/gcc/arm-none-eabi/10.3.1/../../../arm-none-eabi/lib/thumb/v7-m/nofp/libg.a(lib_a-svfprintf.o)
                                         0x42 (size before relaxing)
 .rodata.str1.4
                0x000000000800ffcf       0x2f /usr/lib/gcc/arm-none-eabi/10.3.1/../../../arm-none-eabi/lib/thumb/v7-m/nofp/libg.a(lib_a-vfiprintf.o)
 *fill*         0x000000000800ffcf        0x1 
 .rodata.str1.4
                0x000000000800ffd0       0x3f /usr/lib/gcc/arm-none-eabi/10.3.1/../../../arm-none-eabi/lib/thumb/v7-m/nofp/libg.a(lib_a-assert.o)
                                         0x43 (size before relaxing)
 *fill*         0x000000000801000f        0x1 
 .rodata.str1.4
                0x0000000008010010       0x3a /usr/lib/gcc/arm-none-eabi/10.3.1/../../../arm-none-eabi/lib/thumb/v7-m/nofp/libg.a(lib_a-gdtoa-gethex.o)
                                         0x4e (size before relaxing)
 .rodata.str1.4
                0x000000000801004a        0x5 /usr/lib/gcc/arm-none-eabi/10.3.1/../../../arm-none-eabi/lib/thumb/v7-m/nofp/libg.a(lib_a-lnumeric.o)
 .rodata.str1.4
                0x000000000801004a       0x2f /usr/lib/gcc/arm-none-eabi/10.3.1/../../../arm-none-eabi/lib/thumb/v7-m/nofp/libg.a(lib_a-svfiprintf.o)
                0x000000000801007c                . = ALIGN (0x4)
 *fill*         0x000000000801004a        0x2 

.ARM.extab      0x000000000801004c        0x0
                0x000000000801004c                . = ALIGN (0x4)
 *(.ARM.extab* .gnu.linkonce.armextab.*)
                0x000000000801004c                . = ALIGN (0x4)

.ARM            0x000000000801004c        0x8
                0x000000000801004c                . = ALIGN (0x4)
                0x000000000801004c                __exidx_start = .
 *(.ARM.exidx*)
 .ARM.exidx     0x000000000801004c        0x8 /usr/lib/gcc/arm-none-eabi/10.3.1/thumb/v7-m/nofp/libgcc.a(_udivmoddi4.o)
                0x0000000008010054                __exidx_end = .
                0x0000000008010054                . = ALIGN (0x4)

.rel.dyn        0x0000000008010054        0x0
 .rel.iplt      0x0000000008010054        0x0 /usr/lib/gcc/arm-none-eabi/10.3.1/thumb/v7-m/nofp/crtbegin.o

.preinit_array  0x0000000008010054        0x0
                0x0000000008010054                . = ALIGN (0x4)
                0x0000000008010054                PROVIDE (__preinit_array_start = .)
 *(.preinit_array*)
                0x0000000008010054                PROVIDE (__preinit_array_end = .)
                0x0000000008010054                . = ALIGN (0x4)

.init_array     0x0000000008010054        0x8
                0x0000000008010054                . = ALIGN (0x4)
                0x0000000008010054                PROVIDE (__init_array_start = .)
 *(SORT_BY_NAME(.init_array.*))
 .init_array.00000
                0x0000000008010054        0x4 /usr/lib/gcc/arm-none-eabi/10.3.1/../../../arm-none-eabi/lib/thumb/v7-m/nofp/libg.a(lib_a-__call_atexit.o)
 *(.init_array*)
 .init_array    0x0000000008010058        0x4 /usr/lib/gcc/arm-none-eabi/10.3.1/thumb/v7-m/nofp/crtbegin.o
                0x000000000801005c                PROVIDE (__init_array_end = .)
                0x000000000801005c                . = ALIGN (0x4)

.fini_array     0x000000000801005c        0x4
                0x000000000801005c                . = ALIGN (0x4)
                0x000000000801005c                PROVIDE (__fini_array_start = .)
 *(SORT_BY_NAME(.fini_array.*))
 *(.fini_array*)
 .fini_array    0x000000000801005c        0x4 /usr/lib/gcc/arm-none-eabi/10.3.1/thumb/v7-m/nofp/crtbegin.o
                0x0000000008010060                PROVIDE (__fini_array_end = .)
                0x0000000008010060                . = ALIGN (0x4)
                0x0000000008010060                _sidata = LOADADDR (.data)

.data           0x0000000020000000      0x9bc load address 0x0000000008010060
                0x0000000020000000                . = ALIGN (0x4)
                0x0000000020000000                _sdata = .
 *(.data)
 .data          0x0000000020000000      0x430 /usr/lib/gcc/arm-none-eabi/10.3.1/../../../arm-none-eabi/lib/thumb/v7-m/nofp/libg.a(lib_a-impure.o)
                0x0000000020000000                _impure_ptr
 .data          0x0000000020000430      0x16c /usr/lib/gcc/arm-none-eabi/10.3.1/../../../arm-none-eabi/lib/thumb/v7-m/nofp/libg.a(lib_a-locale.o)
                0x0000000020000430                __global_locale
 .data          0x000000002000059c      0x410 /usr/lib/gcc/arm-none-eabi/10.3.1/../../../arm-none-eabi/lib/thumb/v7-m/nofp/libg.a(lib_a-mallocr.o)
                0x000000002000059c                __malloc_av_
                0x00000000200009a4                __malloc_sbrk_base
                0x00000000200009a8                __malloc_trim_threshold
 .data          0x00000000200009ac        0x2 /usr/lib/gcc/arm-none-eabi/10.3.1/../../../arm-none-eabi/lib/thumb/v7-m/nofp/libg.a(lib_a-lnumeric.o)
 *(.data*)
 *fill*         0x00000000200009ae        0x2 
 .data.SystemCoreClock
                0x00000000200009b0        0x4 CMakeFiles/Motor.elf.dir/Core/Src/system_stm32f1xx.c.obj
                0x00000000200009b0                SystemCoreClock
 .data.uwTickFreq
                0x00000000200009b4        0x1 CMakeFiles/Motor.elf.dir/Drivers/STM32F1xx_HAL_Driver/Src/stm32f1xx_hal.c.obj
                0x00000000200009b4                uwTickFreq
 *fill*         0x00000000200009b5        0x3 
 .data.uwTickPrio
                0x00000000200009b8        0x4 CMakeFiles/Motor.elf.dir/Drivers/STM32F1xx_HAL_Driver/Src/stm32f1xx_hal.c.obj
                0x00000000200009b8                uwTickPrio
 *(.RamFunc)
 *(.RamFunc*)
                0x00000000200009bc                . = ALIGN (0x4)
                0x00000000200009bc                _edata = .

.tm_clone_table
                0x00000000200009bc        0x0 load address 0x0000000008010a1c
 .tm_clone_table
                0x00000000200009bc        0x0 /usr/lib/gcc/arm-none-eabi/10.3.1/thumb/v7-m/nofp/crtbegin.o
 .tm_clone_table
                0x00000000200009bc        0x0 /usr/lib/gcc/arm-none-eabi/10.3.1/thumb/v7-m/nofp/crtend.o

.igot.plt       0x00000000200009bc        0x0 load address 0x0000000008010a1c
 .igot.plt      0x00000000200009bc        0x0 /usr/lib/gcc/arm-none-eabi/10.3.1/thumb/v7-m/nofp/crtbegin.o
                0x00000000200009bc                . = ALIGN (0x4)

.bss            0x00000000200009bc      0x3e4 load address 0x0000000008010a1c
                0x00000000200009bc                _sbss = .
                0x00000000200009bc                __bss_start__ = _sbss
 *(.bss)
 .bss           0x00000000200009bc       0x1c /usr/lib/gcc/arm-none-eabi/10.3.1/thumb/v7-m/nofp/crtbegin.o
 .bss           0x00000000200009d8       0x34 /usr/lib/gcc/arm-none-eabi/10.3.1/../../../arm-none-eabi/lib/thumb/v7-m/nofp/libg.a(lib_a-mallocr.o)
                0x00000000200009d8                __malloc_top_pad
                0x00000000200009dc                __malloc_current_mallinfo
                0x0000000020000a04                __malloc_max_sbrked_mem
                0x0000000020000a08                __malloc_max_total_mem
 .bss           0x0000000020000a0c        0x4 /usr/lib/gcc/arm-none-eabi/10.3.1/../../../arm-none-eabi/lib/thumb/v7-m/nofp/libg.a(lib_a-reent.o)
                0x0000000020000a0c                errno
 *(.bss*)
 .bss.status_flag.0
                0x0000000020000a10        0x1 CMakeFiles/Motor.elf.dir/BSP/bsp.c.obj
 *fill*         0x0000000020000a11        0x1 
 .bss.beep_on_time
                0x0000000020000a12        0x2 CMakeFiles/Motor.elf.dir/BSP/bsp_beep.c.obj
                0x0000000020000a12                beep_on_time
 .bss.beep_state
                0x0000000020000a14        0x1 CMakeFiles/Motor.elf.dir/BSP/bsp_beep.c.obj
                0x0000000020000a14                beep_state
 *fill*         0x0000000020000a15        0x3 
 .bss.pid_motor
                0x0000000020000a18       0x90 CMakeFiles/Motor.elf.dir/BSP/bsp_pid.c.obj
                0x0000000020000a18                pid_motor
 .bss.RxTemp    0x0000000020000aa8        0x1 CMakeFiles/Motor.elf.dir/BSP/bsp_uart.c.obj
                0x0000000020000aa8                RxTemp
 *fill*         0x0000000020000aa9        0x3 
 .bss.angular_z_value
                0x0000000020000aac        0x4 CMakeFiles/Motor.elf.dir/BSP/bsp_uart.c.obj
                0x0000000020000aac                angular_z_value
 .bss.linear_x_value
                0x0000000020000ab0        0x4 CMakeFiles/Motor.elf.dir/BSP/bsp_uart.c.obj
                0x0000000020000ab0                linear_x_value
 .bss.rxBuffer  0x0000000020000ab4       0x64 CMakeFiles/Motor.elf.dir/BSP/bsp_uart.c.obj
                0x0000000020000ab4                rxBuffer
 .bss.rxIndex   0x0000000020000b18        0x2 CMakeFiles/Motor.elf.dir/BSP/bsp_uart.c.obj
                0x0000000020000b18                rxIndex
 *fill*         0x0000000020000b1a        0x2 
 .bss.__sbrk_heap_end
                0x0000000020000b1c        0x4 CMakeFiles/Motor.elf.dir/Core/Src/sysmem.c.obj
 .bss.htim1     0x0000000020000b20       0x48 CMakeFiles/Motor.elf.dir/Core/Src/tim.c.obj
                0x0000000020000b20                htim1
 .bss.htim2     0x0000000020000b68       0x48 CMakeFiles/Motor.elf.dir/Core/Src/tim.c.obj
                0x0000000020000b68                htim2
 .bss.htim3     0x0000000020000bb0       0x48 CMakeFiles/Motor.elf.dir/Core/Src/tim.c.obj
                0x0000000020000bb0                htim3
 .bss.htim4     0x0000000020000bf8       0x48 CMakeFiles/Motor.elf.dir/Core/Src/tim.c.obj
                0x0000000020000bf8                htim4
 .bss.htim5     0x0000000020000c40       0x48 CMakeFiles/Motor.elf.dir/Core/Src/tim.c.obj
                0x0000000020000c40                htim5
 .bss.htim8     0x0000000020000c88       0x48 CMakeFiles/Motor.elf.dir/Core/Src/tim.c.obj
                0x0000000020000c88                htim8
 .bss.hdma_usart1_tx
                0x0000000020000cd0       0x44 CMakeFiles/Motor.elf.dir/Core/Src/usart.c.obj
                0x0000000020000cd0                hdma_usart1_tx
 .bss.huart1    0x0000000020000d14       0x44 CMakeFiles/Motor.elf.dir/Core/Src/usart.c.obj
                0x0000000020000d14                huart1
 .bss.huart2    0x0000000020000d58       0x44 CMakeFiles/Motor.elf.dir/Core/Src/usart.c.obj
                0x0000000020000d58                huart2
 .bss.uwTick    0x0000000020000d9c        0x4 CMakeFiles/Motor.elf.dir/Drivers/STM32F1xx_HAL_Driver/Src/stm32f1xx_hal.c.obj
                0x0000000020000d9c                uwTick
 *(COMMON)
                0x0000000020000da0                . = ALIGN (0x4)
                0x0000000020000da0                _ebss = .
                0x0000000020000da0                __bss_end__ = _ebss

._user_heap_stack
                0x0000000020000da0      0x600 load address 0x0000000008010a1c
                0x0000000020000da0                . = ALIGN (0x8)
                [!provide]                        PROVIDE (end = .)
                0x0000000020000da0                PROVIDE (_end = .)
                0x0000000020000fa0                . = (. + _Min_Heap_Size)
 *fill*         0x0000000020000da0      0x200 
                0x00000000200013a0                . = (. + _Min_Stack_Size)
 *fill*         0x0000000020000fa0      0x400 
                0x00000000200013a0                . = ALIGN (0x8)

/DISCARD/
 libc.a(*)
 libm.a(*)
 libgcc.a(*)

.ARM.attributes
                0x0000000000000000       0x29
 *(.ARM.attributes)
 .ARM.attributes
                0x0000000000000000       0x1d /usr/lib/gcc/arm-none-eabi/10.3.1/thumb/v7-m/nofp/crti.o
 .ARM.attributes
                0x000000000000001d       0x2d /usr/lib/gcc/arm-none-eabi/10.3.1/thumb/v7-m/nofp/crtbegin.o
 .ARM.attributes
                0x000000000000004a       0x2d CMakeFiles/Motor.elf.dir/BSP/bsp.c.obj
 .ARM.attributes
                0x0000000000000077       0x2d CMakeFiles/Motor.elf.dir/BSP/bsp_beep.c.obj
 .ARM.attributes
                0x00000000000000a4       0x2d CMakeFiles/Motor.elf.dir/BSP/bsp_encoder.c.obj
 .ARM.attributes
                0x00000000000000d1       0x2d CMakeFiles/Motor.elf.dir/BSP/bsp_motor.c.obj
 .ARM.attributes
                0x00000000000000fe       0x2d CMakeFiles/Motor.elf.dir/BSP/bsp_pid.c.obj
 .ARM.attributes
                0x000000000000012b       0x2d CMakeFiles/Motor.elf.dir/BSP/bsp_uart.c.obj
 .ARM.attributes
                0x0000000000000158       0x2d CMakeFiles/Motor.elf.dir/Core/Src/dma.c.obj
 .ARM.attributes
                0x0000000000000185       0x2d CMakeFiles/Motor.elf.dir/Core/Src/gpio.c.obj
 .ARM.attributes
                0x00000000000001b2       0x2d CMakeFiles/Motor.elf.dir/Core/Src/main.c.obj
 .ARM.attributes
                0x00000000000001df       0x2d CMakeFiles/Motor.elf.dir/Core/Src/stm32f1xx_hal_msp.c.obj
 .ARM.attributes
                0x000000000000020c       0x2d CMakeFiles/Motor.elf.dir/Core/Src/stm32f1xx_it.c.obj
 .ARM.attributes
                0x0000000000000239       0x2d CMakeFiles/Motor.elf.dir/Core/Src/syscalls.c.obj
 .ARM.attributes
                0x0000000000000266       0x2d CMakeFiles/Motor.elf.dir/Core/Src/sysmem.c.obj
 .ARM.attributes
                0x0000000000000293       0x2d CMakeFiles/Motor.elf.dir/Core/Src/system_stm32f1xx.c.obj
 .ARM.attributes
                0x00000000000002c0       0x2d CMakeFiles/Motor.elf.dir/Core/Src/tim.c.obj
 .ARM.attributes
                0x00000000000002ed       0x2d CMakeFiles/Motor.elf.dir/Core/Src/usart.c.obj
 .ARM.attributes
                0x000000000000031a       0x21 CMakeFiles/Motor.elf.dir/Core/Startup/startup_stm32f103rctx.s.obj
 .ARM.attributes
                0x000000000000033b       0x2d CMakeFiles/Motor.elf.dir/Drivers/STM32F1xx_HAL_Driver/Src/stm32f1xx_hal.c.obj
 .ARM.attributes
                0x0000000000000368       0x2d CMakeFiles/Motor.elf.dir/Drivers/STM32F1xx_HAL_Driver/Src/stm32f1xx_hal_cortex.c.obj
 .ARM.attributes
                0x0000000000000395       0x2d CMakeFiles/Motor.elf.dir/Drivers/STM32F1xx_HAL_Driver/Src/stm32f1xx_hal_dma.c.obj
 .ARM.attributes
                0x00000000000003c2       0x2d CMakeFiles/Motor.elf.dir/Drivers/STM32F1xx_HAL_Driver/Src/stm32f1xx_hal_gpio.c.obj
 .ARM.attributes
                0x00000000000003ef       0x2d CMakeFiles/Motor.elf.dir/Drivers/STM32F1xx_HAL_Driver/Src/stm32f1xx_hal_rcc.c.obj
 .ARM.attributes
                0x000000000000041c       0x2d CMakeFiles/Motor.elf.dir/Drivers/STM32F1xx_HAL_Driver/Src/stm32f1xx_hal_tim.c.obj
 .ARM.attributes
                0x0000000000000449       0x2d CMakeFiles/Motor.elf.dir/Drivers/STM32F1xx_HAL_Driver/Src/stm32f1xx_hal_tim_ex.c.obj
 .ARM.attributes
                0x0000000000000476       0x2d CMakeFiles/Motor.elf.dir/Drivers/STM32F1xx_HAL_Driver/Src/stm32f1xx_hal_uart.c.obj
 .ARM.attributes
                0x00000000000004a3       0x1d /usr/lib/gcc/arm-none-eabi/10.3.1/thumb/v7-m/nofp/libgcc.a(_arm_addsubdf3.o)
 .ARM.attributes
                0x00000000000004c0       0x1d /usr/lib/gcc/arm-none-eabi/10.3.1/thumb/v7-m/nofp/libgcc.a(_arm_truncdfsf2.o)
 .ARM.attributes
                0x00000000000004dd       0x1d /usr/lib/gcc/arm-none-eabi/10.3.1/thumb/v7-m/nofp/libgcc.a(_arm_muldivsf3.o)
 .ARM.attributes
                0x00000000000004fa       0x1d /usr/lib/gcc/arm-none-eabi/10.3.1/thumb/v7-m/nofp/libgcc.a(_arm_cmpsf2.o)
 .ARM.attributes
                0x0000000000000517       0x1d /usr/lib/gcc/arm-none-eabi/10.3.1/thumb/v7-m/nofp/libgcc.a(_arm_fixsfsi.o)
 .ARM.attributes
                0x0000000000000534       0x2d /usr/lib/gcc/arm-none-eabi/10.3.1/../../../arm-none-eabi/lib/thumb/v7-m/nofp/libg.a(lib_a-atexit.o)
 .ARM.attributes
                0x0000000000000561       0x2d /usr/lib/gcc/arm-none-eabi/10.3.1/../../../arm-none-eabi/lib/thumb/v7-m/nofp/libg.a(lib_a-errno.o)
 .ARM.attributes
                0x000000000000058e       0x2d /usr/lib/gcc/arm-none-eabi/10.3.1/../../../arm-none-eabi/lib/thumb/v7-m/nofp/libg.a(lib_a-fini.o)
 .ARM.attributes
                0x00000000000005bb       0x2d /usr/lib/gcc/arm-none-eabi/10.3.1/../../../arm-none-eabi/lib/thumb/v7-m/nofp/libg.a(lib_a-impure.o)
 .ARM.attributes
                0x00000000000005e8       0x2d /usr/lib/gcc/arm-none-eabi/10.3.1/../../../arm-none-eabi/lib/thumb/v7-m/nofp/libg.a(lib_a-init.o)
 .ARM.attributes
                0x0000000000000615       0x2d /usr/lib/gcc/arm-none-eabi/10.3.1/../../../arm-none-eabi/lib/thumb/v7-m/nofp/libg.a(lib_a-memset.o)
 .ARM.attributes
                0x0000000000000642       0x2d /usr/lib/gcc/arm-none-eabi/10.3.1/../../../arm-none-eabi/lib/thumb/v7-m/nofp/libg.a(lib_a-sscanf.o)
 .ARM.attributes
                0x000000000000066f       0x2d /usr/lib/gcc/arm-none-eabi/10.3.1/../../../arm-none-eabi/lib/thumb/v7-m/nofp/libg.a(lib_a-stdio.o)
 .ARM.attributes
                0x000000000000069c       0x2d /usr/lib/gcc/arm-none-eabi/10.3.1/../../../arm-none-eabi/lib/thumb/v7-m/nofp/libg.a(lib_a-strlen-stub.o)
 .ARM.attributes
                0x00000000000006c9       0x2d /usr/lib/gcc/arm-none-eabi/10.3.1/../../../arm-none-eabi/lib/thumb/v7-m/nofp/libg.a(lib_a-strstr.o)
 .ARM.attributes
                0x00000000000006f6       0x2d /usr/lib/gcc/arm-none-eabi/10.3.1/../../../arm-none-eabi/lib/thumb/v7-m/nofp/libg.a(lib_a-svfscanf.o)
 .ARM.attributes
                0x0000000000000723       0x2d /usr/lib/gcc/arm-none-eabi/10.3.1/../../../arm-none-eabi/lib/thumb/v7-m/nofp/libg.a(lib_a-writer.o)
 .ARM.attributes
                0x0000000000000750       0x2d /usr/lib/gcc/arm-none-eabi/10.3.1/../../../arm-none-eabi/lib/thumb/v7-m/nofp/libg.a(lib_a-wsetup.o)
 .ARM.attributes
                0x000000000000077d       0x2d /usr/lib/gcc/arm-none-eabi/10.3.1/../../../arm-none-eabi/lib/thumb/v7-m/nofp/libg.a(lib_a-__atexit.o)
 .ARM.attributes
                0x00000000000007aa       0x2d /usr/lib/gcc/arm-none-eabi/10.3.1/../../../arm-none-eabi/lib/thumb/v7-m/nofp/libg.a(lib_a-__call_atexit.o)
 .ARM.attributes
                0x00000000000007d7       0x2d /usr/lib/gcc/arm-none-eabi/10.3.1/../../../arm-none-eabi/lib/thumb/v7-m/nofp/libg.a(lib_a-closer.o)
 .ARM.attributes
                0x0000000000000804       0x2d /usr/lib/gcc/arm-none-eabi/10.3.1/../../../arm-none-eabi/lib/thumb/v7-m/nofp/libg.a(lib_a-ctype_.o)
 .ARM.attributes
                0x0000000000000831       0x2d /usr/lib/gcc/arm-none-eabi/10.3.1/../../../arm-none-eabi/lib/thumb/v7-m/nofp/libg.a(lib_a-dtoa.o)
 .ARM.attributes
                0x000000000000085e       0x2d /usr/lib/gcc/arm-none-eabi/10.3.1/../../../arm-none-eabi/lib/thumb/v7-m/nofp/libg.a(lib_a-fflush.o)
 .ARM.attributes
                0x000000000000088b       0x2d /usr/lib/gcc/arm-none-eabi/10.3.1/../../../arm-none-eabi/lib/thumb/v7-m/nofp/libg.a(lib_a-findfp.o)
 .ARM.attributes
                0x00000000000008b8       0x2d /usr/lib/gcc/arm-none-eabi/10.3.1/../../../arm-none-eabi/lib/thumb/v7-m/nofp/libg.a(lib_a-freer.o)
 .ARM.attributes
                0x00000000000008e5       0x2d /usr/lib/gcc/arm-none-eabi/10.3.1/../../../arm-none-eabi/lib/thumb/v7-m/nofp/libg.a(lib_a-fvwrite.o)
 .ARM.attributes
                0x0000000000000912       0x2d /usr/lib/gcc/arm-none-eabi/10.3.1/../../../arm-none-eabi/lib/thumb/v7-m/nofp/libg.a(lib_a-fwalk.o)
 .ARM.attributes
                0x000000000000093f       0x2d /usr/lib/gcc/arm-none-eabi/10.3.1/../../../arm-none-eabi/lib/thumb/v7-m/nofp/libg.a(lib_a-iswspace.o)
 .ARM.attributes
                0x000000000000096c       0x2d /usr/lib/gcc/arm-none-eabi/10.3.1/../../../arm-none-eabi/lib/thumb/v7-m/nofp/libg.a(lib_a-iswspace_l.o)
 .ARM.attributes
                0x0000000000000999       0x2d /usr/lib/gcc/arm-none-eabi/10.3.1/../../../arm-none-eabi/lib/thumb/v7-m/nofp/libg.a(lib_a-locale.o)
 .ARM.attributes
                0x00000000000009c6       0x2d /usr/lib/gcc/arm-none-eabi/10.3.1/../../../arm-none-eabi/lib/thumb/v7-m/nofp/libg.a(lib_a-localeconv.o)
 .ARM.attributes
                0x00000000000009f3       0x2d /usr/lib/gcc/arm-none-eabi/10.3.1/../../../arm-none-eabi/lib/thumb/v7-m/nofp/libg.a(lib_a-lseekr.o)
 .ARM.attributes
                0x0000000000000a20       0x2d /usr/lib/gcc/arm-none-eabi/10.3.1/../../../arm-none-eabi/lib/thumb/v7-m/nofp/libg.a(lib_a-makebuf.o)
 .ARM.attributes
                0x0000000000000a4d       0x2d /usr/lib/gcc/arm-none-eabi/10.3.1/../../../arm-none-eabi/lib/thumb/v7-m/nofp/libg.a(lib_a-mallocr.o)
 .ARM.attributes
                0x0000000000000a7a       0x2d /usr/lib/gcc/arm-none-eabi/10.3.1/../../../arm-none-eabi/lib/thumb/v7-m/nofp/libg.a(lib_a-mbrtowc.o)
 .ARM.attributes
                0x0000000000000aa7       0x2d /usr/lib/gcc/arm-none-eabi/10.3.1/../../../arm-none-eabi/lib/thumb/v7-m/nofp/libg.a(lib_a-mbtowc_r.o)
 .ARM.attributes
                0x0000000000000ad4       0x2d /usr/lib/gcc/arm-none-eabi/10.3.1/../../../arm-none-eabi/lib/thumb/v7-m/nofp/libg.a(lib_a-memchr-stub.o)
 .ARM.attributes
                0x0000000000000b01       0x2d /usr/lib/gcc/arm-none-eabi/10.3.1/../../../arm-none-eabi/lib/thumb/v7-m/nofp/libg.a(lib_a-memcmp.o)
 .ARM.attributes
                0x0000000000000b2e       0x1b /usr/lib/gcc/arm-none-eabi/10.3.1/../../../arm-none-eabi/lib/thumb/v7-m/nofp/libg.a(lib_a-memcpy.o)
 .ARM.attributes
                0x0000000000000b49       0x2d /usr/lib/gcc/arm-none-eabi/10.3.1/../../../arm-none-eabi/lib/thumb/v7-m/nofp/libg.a(lib_a-memmove.o)
 .ARM.attributes
                0x0000000000000b76       0x2d /usr/lib/gcc/arm-none-eabi/10.3.1/../../../arm-none-eabi/lib/thumb/v7-m/nofp/libg.a(lib_a-mlock.o)
 .ARM.attributes
                0x0000000000000ba3       0x2d /usr/lib/gcc/arm-none-eabi/10.3.1/../../../arm-none-eabi/lib/thumb/v7-m/nofp/libg.a(lib_a-mprec.o)
 .ARM.attributes
                0x0000000000000bd0       0x2d /usr/lib/gcc/arm-none-eabi/10.3.1/../../../arm-none-eabi/lib/thumb/v7-m/nofp/libg.a(lib_a-readr.o)
 .ARM.attributes
                0x0000000000000bfd       0x2d /usr/lib/gcc/arm-none-eabi/10.3.1/../../../arm-none-eabi/lib/thumb/v7-m/nofp/libg.a(lib_a-reallocr.o)
 .ARM.attributes
                0x0000000000000c2a       0x2d /usr/lib/gcc/arm-none-eabi/10.3.1/../../../arm-none-eabi/lib/thumb/v7-m/nofp/libg.a(lib_a-reent.o)
 .ARM.attributes
                0x0000000000000c57       0x2d /usr/lib/gcc/arm-none-eabi/10.3.1/../../../arm-none-eabi/lib/thumb/v7-m/nofp/libg.a(lib_a-sbrkr.o)
 .ARM.attributes
                0x0000000000000c84       0x2d /usr/lib/gcc/arm-none-eabi/10.3.1/../../../arm-none-eabi/lib/thumb/v7-m/nofp/libg.a(lib_a-sccl.o)
 .ARM.attributes
                0x0000000000000cb1       0x2d /usr/lib/gcc/arm-none-eabi/10.3.1/../../../arm-none-eabi/lib/thumb/v7-m/nofp/libg.a(lib_a-sf_nan.o)
 .ARM.attributes
                0x0000000000000cde       0x2d /usr/lib/gcc/arm-none-eabi/10.3.1/../../../arm-none-eabi/lib/thumb/v7-m/nofp/libg.a(lib_a-sprintf.o)
 .ARM.attributes
                0x0000000000000d0b       0x2d /usr/lib/gcc/arm-none-eabi/10.3.1/../../../arm-none-eabi/lib/thumb/v7-m/nofp/libg.a(lib_a-strchr.o)
 .ARM.attributes
                0x0000000000000d38       0x1b /usr/lib/gcc/arm-none-eabi/10.3.1/../../../arm-none-eabi/lib/thumb/v7-m/nofp/libg.a(lib_a-strcmp.o)
 .ARM.attributes
                0x0000000000000d53       0x2d /usr/lib/gcc/arm-none-eabi/10.3.1/../../../arm-none-eabi/lib/thumb/v7-m/nofp/libg.a(lib_a-strnlen.o)
 .ARM.attributes
                0x0000000000000d80       0x2d /usr/lib/gcc/arm-none-eabi/10.3.1/../../../arm-none-eabi/lib/thumb/v7-m/nofp/libg.a(lib_a-strtod.o)
 .ARM.attributes
                0x0000000000000dad       0x2d /usr/lib/gcc/arm-none-eabi/10.3.1/../../../arm-none-eabi/lib/thumb/v7-m/nofp/libg.a(lib_a-strtol.o)
 .ARM.attributes
                0x0000000000000dda       0x2d /usr/lib/gcc/arm-none-eabi/10.3.1/../../../arm-none-eabi/lib/thumb/v7-m/nofp/libg.a(lib_a-strtoll.o)
 .ARM.attributes
                0x0000000000000e07       0x2d /usr/lib/gcc/arm-none-eabi/10.3.1/../../../arm-none-eabi/lib/thumb/v7-m/nofp/libg.a(lib_a-strtoul.o)
 .ARM.attributes
                0x0000000000000e34       0x2d /usr/lib/gcc/arm-none-eabi/10.3.1/../../../arm-none-eabi/lib/thumb/v7-m/nofp/libg.a(lib_a-strtoull.o)
 .ARM.attributes
                0x0000000000000e61       0x2d /usr/lib/gcc/arm-none-eabi/10.3.1/../../../arm-none-eabi/lib/thumb/v7-m/nofp/libg.a(lib_a-svfiscanf.o)
 .ARM.attributes
                0x0000000000000e8e       0x2d /usr/lib/gcc/arm-none-eabi/10.3.1/../../../arm-none-eabi/lib/thumb/v7-m/nofp/libg.a(lib_a-svfprintf.o)
 .ARM.attributes
                0x0000000000000ebb       0x2d /usr/lib/gcc/arm-none-eabi/10.3.1/../../../arm-none-eabi/lib/thumb/v7-m/nofp/libg.a(lib_a-ungetc.o)
 .ARM.attributes
                0x0000000000000ee8       0x2d /usr/lib/gcc/arm-none-eabi/10.3.1/../../../arm-none-eabi/lib/thumb/v7-m/nofp/libg.a(lib_a-vfiprintf.o)
 .ARM.attributes
                0x0000000000000f15       0x2d /usr/lib/gcc/arm-none-eabi/10.3.1/../../../arm-none-eabi/lib/thumb/v7-m/nofp/libg.a(lib_a-wctomb_r.o)
 .ARM.attributes
                0x0000000000000f42       0x2d /usr/lib/gcc/arm-none-eabi/10.3.1/../../../arm-none-eabi/lib/thumb/v7-m/nofp/libg.a(lib_a-assert.o)
 .ARM.attributes
                0x0000000000000f6f       0x2d /usr/lib/gcc/arm-none-eabi/10.3.1/../../../arm-none-eabi/lib/thumb/v7-m/nofp/libg.a(lib_a-callocr.o)
 .ARM.attributes
                0x0000000000000f9c       0x2d /usr/lib/gcc/arm-none-eabi/10.3.1/../../../arm-none-eabi/lib/thumb/v7-m/nofp/libg.a(lib_a-fclose.o)
 .ARM.attributes
                0x0000000000000fc9       0x2d /usr/lib/gcc/arm-none-eabi/10.3.1/../../../arm-none-eabi/lib/thumb/v7-m/nofp/libg.a(lib_a-fiprintf.o)
 .ARM.attributes
                0x0000000000000ff6       0x2d /usr/lib/gcc/arm-none-eabi/10.3.1/../../../arm-none-eabi/lib/thumb/v7-m/nofp/libg.a(lib_a-fputwc.o)
 .ARM.attributes
                0x0000000000001023       0x2d /usr/lib/gcc/arm-none-eabi/10.3.1/../../../arm-none-eabi/lib/thumb/v7-m/nofp/libg.a(lib_a-fstatr.o)
 .ARM.attributes
                0x0000000000001050       0x2d /usr/lib/gcc/arm-none-eabi/10.3.1/../../../arm-none-eabi/lib/thumb/v7-m/nofp/libg.a(lib_a-gdtoa-gethex.o)
 .ARM.attributes
                0x000000000000107d       0x2d /usr/lib/gcc/arm-none-eabi/10.3.1/../../../arm-none-eabi/lib/thumb/v7-m/nofp/libg.a(lib_a-gdtoa-hexnan.o)
 .ARM.attributes
                0x00000000000010aa       0x2d /usr/lib/gcc/arm-none-eabi/10.3.1/../../../arm-none-eabi/lib/thumb/v7-m/nofp/libg.a(lib_a-isattyr.o)
 .ARM.attributes
                0x00000000000010d7       0x2d /usr/lib/gcc/arm-none-eabi/10.3.1/../../../arm-none-eabi/lib/thumb/v7-m/nofp/libg.a(lib_a-lnumeric.o)
 .ARM.attributes
                0x0000000000001104       0x2d /usr/lib/gcc/arm-none-eabi/10.3.1/../../../arm-none-eabi/lib/thumb/v7-m/nofp/libg.a(lib_a-s_nan.o)
 .ARM.attributes
                0x0000000000001131       0x2d /usr/lib/gcc/arm-none-eabi/10.3.1/../../../arm-none-eabi/lib/thumb/v7-m/nofp/libg.a(lib_a-strncmp.o)
 .ARM.attributes
                0x000000000000115e       0x2d /usr/lib/gcc/arm-none-eabi/10.3.1/../../../arm-none-eabi/lib/thumb/v7-m/nofp/libg.a(lib_a-svfiprintf.o)
 .ARM.attributes
                0x000000000000118b       0x2d /usr/lib/gcc/arm-none-eabi/10.3.1/../../../arm-none-eabi/lib/thumb/v7-m/nofp/libg.a(lib_a-wbuf.o)
 .ARM.attributes
                0x00000000000011b8       0x2d /usr/lib/gcc/arm-none-eabi/10.3.1/../../../arm-none-eabi/lib/thumb/v7-m/nofp/libg.a(lib_a-wcrtomb.o)
 .ARM.attributes
                0x00000000000011e5       0x2d /usr/lib/gcc/arm-none-eabi/10.3.1/../../../arm-none-eabi/lib/thumb/v7-m/nofp/libg.a(lib_a-abort.o)
 .ARM.attributes
                0x0000000000001212       0x2d /usr/lib/gcc/arm-none-eabi/10.3.1/../../../arm-none-eabi/lib/thumb/v7-m/nofp/libg.a(lib_a-signal.o)
 .ARM.attributes
                0x000000000000123f       0x2d /usr/lib/gcc/arm-none-eabi/10.3.1/../../../arm-none-eabi/lib/thumb/v7-m/nofp/libg.a(lib_a-signalr.o)
 .ARM.attributes
                0x000000000000126c       0x1d /usr/lib/gcc/arm-none-eabi/10.3.1/thumb/v7-m/nofp/libgcc.a(_arm_muldivdf3.o)
 .ARM.attributes
                0x0000000000001289       0x1d /usr/lib/gcc/arm-none-eabi/10.3.1/thumb/v7-m/nofp/libgcc.a(_arm_cmpdf2.o)
 .ARM.attributes
                0x00000000000012a6       0x1d /usr/lib/gcc/arm-none-eabi/10.3.1/thumb/v7-m/nofp/libgcc.a(_arm_unorddf2.o)
 .ARM.attributes
                0x00000000000012c3       0x1d /usr/lib/gcc/arm-none-eabi/10.3.1/thumb/v7-m/nofp/libgcc.a(_arm_fixdfsi.o)
 .ARM.attributes
                0x00000000000012e0       0x1d /usr/lib/gcc/arm-none-eabi/10.3.1/thumb/v7-m/nofp/libgcc.a(_arm_fixunsdfsi.o)
 .ARM.attributes
                0x00000000000012fd       0x1d /usr/lib/gcc/arm-none-eabi/10.3.1/thumb/v7-m/nofp/libgcc.a(_arm_unordsf2.o)
 .ARM.attributes
                0x000000000000131a       0x1d /usr/lib/gcc/arm-none-eabi/10.3.1/thumb/v7-m/nofp/libgcc.a(_aeabi_uldivmod.o)
 .ARM.attributes
                0x0000000000001337       0x2d /usr/lib/gcc/arm-none-eabi/10.3.1/thumb/v7-m/nofp/libgcc.a(_fixdfdi.o)
 .ARM.attributes
                0x0000000000001364       0x2d /usr/lib/gcc/arm-none-eabi/10.3.1/thumb/v7-m/nofp/libgcc.a(_fixunsdfdi.o)
 .ARM.attributes
                0x0000000000001391       0x2d /usr/lib/gcc/arm-none-eabi/10.3.1/thumb/v7-m/nofp/libgcc.a(_udivmoddi4.o)
 .ARM.attributes
                0x00000000000013be       0x1d /usr/lib/gcc/arm-none-eabi/10.3.1/thumb/v7-m/nofp/libgcc.a(_dvmd_tls.o)
 .ARM.attributes
                0x00000000000013db       0x2d /usr/lib/gcc/arm-none-eabi/10.3.1/thumb/v7-m/nofp/crtend.o
 .ARM.attributes
                0x0000000000001408       0x1d /usr/lib/gcc/arm-none-eabi/10.3.1/thumb/v7-m/nofp/crtn.o
OUTPUT(Motor.elf elf32-littlearm)
LOAD linker stubs
LOAD /usr/lib/gcc/arm-none-eabi/10.3.1/../../../arm-none-eabi/lib/thumb/v7-m/nofp/libc.a
LOAD /usr/lib/gcc/arm-none-eabi/10.3.1/../../../arm-none-eabi/lib/thumb/v7-m/nofp/libm.a
LOAD /usr/lib/gcc/arm-none-eabi/10.3.1/thumb/v7-m/nofp/libgcc.a

.comment        0x0000000000000000       0x33
 .comment       0x0000000000000000       0x33 /usr/lib/gcc/arm-none-eabi/10.3.1/thumb/v7-m/nofp/crtbegin.o
                                         0x34 (size before relaxing)
 .comment       0x0000000000000033       0x34 CMakeFiles/Motor.elf.dir/BSP/bsp.c.obj
 .comment       0x0000000000000033       0x34 CMakeFiles/Motor.elf.dir/BSP/bsp_beep.c.obj
 .comment       0x0000000000000033       0x34 CMakeFiles/Motor.elf.dir/BSP/bsp_encoder.c.obj
 .comment       0x0000000000000033       0x34 CMakeFiles/Motor.elf.dir/BSP/bsp_motor.c.obj
 .comment       0x0000000000000033       0x34 CMakeFiles/Motor.elf.dir/BSP/bsp_pid.c.obj
 .comment       0x0000000000000033       0x34 CMakeFiles/Motor.elf.dir/BSP/bsp_uart.c.obj
 .comment       0x0000000000000033       0x34 CMakeFiles/Motor.elf.dir/Core/Src/dma.c.obj
 .comment       0x0000000000000033       0x34 CMakeFiles/Motor.elf.dir/Core/Src/gpio.c.obj
 .comment       0x0000000000000033       0x34 CMakeFiles/Motor.elf.dir/Core/Src/main.c.obj
 .comment       0x0000000000000033       0x34 CMakeFiles/Motor.elf.dir/Core/Src/stm32f1xx_hal_msp.c.obj
 .comment       0x0000000000000033       0x34 CMakeFiles/Motor.elf.dir/Core/Src/stm32f1xx_it.c.obj
 .comment       0x0000000000000033       0x34 CMakeFiles/Motor.elf.dir/Core/Src/syscalls.c.obj
 .comment       0x0000000000000033       0x34 CMakeFiles/Motor.elf.dir/Core/Src/sysmem.c.obj
 .comment       0x0000000000000033       0x34 CMakeFiles/Motor.elf.dir/Core/Src/system_stm32f1xx.c.obj
 .comment       0x0000000000000033       0x34 CMakeFiles/Motor.elf.dir/Core/Src/tim.c.obj
 .comment       0x0000000000000033       0x34 CMakeFiles/Motor.elf.dir/Core/Src/usart.c.obj
 .comment       0x0000000000000033       0x34 CMakeFiles/Motor.elf.dir/Drivers/STM32F1xx_HAL_Driver/Src/stm32f1xx_hal.c.obj
 .comment       0x0000000000000033       0x34 CMakeFiles/Motor.elf.dir/Drivers/STM32F1xx_HAL_Driver/Src/stm32f1xx_hal_cortex.c.obj