Archive member included to satisfy reference by file (symbol)

c:/software/clion/tool/gcc-arm-none-eabi-10.3-2021.10/bin/../lib/gcc/arm-none-eabi/10.3.1/thumb/v7-m/nofp\libgcc.a(_arm_mulsf3.o)
                              CMakeFiles/Motor.elf.dir/BSP/bsp.c.obj (__aeabi_fmul)
c:/software/clion/tool/gcc-arm-none-eabi-10.3-2021.10/bin/../lib/gcc/arm-none-eabi/10.3.1/thumb/v7-m/nofp\libgcc.a(_arm_addsubdf3.o)
                              CMakeFiles/Motor.elf.dir/BSP/bsp_motion.c.obj (__aeabi_i2d)
c:/software/clion/tool/gcc-arm-none-eabi-10.3-2021.10/bin/../lib/gcc/arm-none-eabi/10.3.1/thumb/v7-m/nofp\libgcc.a(_arm_truncdfsf2.o)
                              CMakeFiles/Motor.elf.dir/BSP/bsp_motion.c.obj (__aeabi_d2f)
c:/software/clion/tool/gcc-arm-none-eabi-10.3-2021.10/bin/../lib/gcc/arm-none-eabi/10.3.1/thumb/v7-m/nofp\libgcc.a(_arm_addsubsf3.o)
                              CMakeFiles/Motor.elf.dir/BSP/bsp_motion.c.obj (__aeabi_fsub)
c:/software/clion/tool/gcc-arm-none-eabi-10.3-2021.10/bin/../lib/gcc/arm-none-eabi/10.3.1/thumb/v7-m/nofp\libgcc.a(_arm_muldivsf3.o)
                              CMakeFiles/Motor.elf.dir/BSP/bsp_motion.c.obj (__aeabi_fdiv)
c:/software/clion/tool/gcc-arm-none-eabi-10.3-2021.10/bin/../lib/gcc/arm-none-eabi/10.3.1/thumb/v7-m/nofp\libgcc.a(_arm_cmpsf2.o)
                              CMakeFiles/Motor.elf.dir/BSP/bsp_pid.c.obj (__aeabi_fcmplt)
c:/software/clion/tool/gcc-arm-none-eabi-10.3-2021.10/bin/../lib/gcc/arm-none-eabi/10.3.1/thumb/v7-m/nofp\libgcc.a(_arm_fixsfsi.o)
                              CMakeFiles/Motor.elf.dir/BSP/bsp.c.obj (__aeabi_f2iz)
c:/software/clion/tool/gcc-arm-none-eabi-10.3-2021.10/bin/../lib/gcc/arm-none-eabi/10.3.1/../../../../arm-none-eabi/lib/thumb/v7-m/nofp\libg.a(lib_a-errno.o)
                              CMakeFiles/Motor.elf.dir/Core/Src/syscalls.c.obj (__errno)
c:/software/clion/tool/gcc-arm-none-eabi-10.3-2021.10/bin/../lib/gcc/arm-none-eabi/10.3.1/../../../../arm-none-eabi/lib/thumb/v7-m/nofp\libg.a(lib_a-exit.o)
                              c:/software/clion/tool/gcc-arm-none-eabi-10.3-2021.10/bin/../lib/gcc/arm-none-eabi/10.3.1/../../../../arm-none-eabi/lib/thumb/v7-m/nofp/crt0.o (exit)
c:/software/clion/tool/gcc-arm-none-eabi-10.3-2021.10/bin/../lib/gcc/arm-none-eabi/10.3.1/../../../../arm-none-eabi/lib/thumb/v7-m/nofp\libg.a(lib_a-impure.o)
                              c:/software/clion/tool/gcc-arm-none-eabi-10.3-2021.10/bin/../lib/gcc/arm-none-eabi/10.3.1/../../../../arm-none-eabi/lib/thumb/v7-m/nofp\libg.a(lib_a-exit.o) (_global_impure_ptr)
c:/software/clion/tool/gcc-arm-none-eabi-10.3-2021.10/bin/../lib/gcc/arm-none-eabi/10.3.1/../../../../arm-none-eabi/lib/thumb/v7-m/nofp\libg.a(lib_a-init.o)
                              c:/software/clion/tool/gcc-arm-none-eabi-10.3-2021.10/bin/../lib/gcc/arm-none-eabi/10.3.1/../../../../arm-none-eabi/lib/thumb/v7-m/nofp/crt0.o (__libc_init_array)
c:/software/clion/tool/gcc-arm-none-eabi-10.3-2021.10/bin/../lib/gcc/arm-none-eabi/10.3.1/../../../../arm-none-eabi/lib/thumb/v7-m/nofp\libg.a(lib_a-memset.o)
                              c:/software/clion/tool/gcc-arm-none-eabi-10.3-2021.10/bin/../lib/gcc/arm-none-eabi/10.3.1/../../../../arm-none-eabi/lib/thumb/v7-m/nofp/crt0.o (memset)
c:/software/clion/tool/gcc-arm-none-eabi-10.3-2021.10/bin/../lib/gcc/arm-none-eabi/10.3.1/../../../../arm-none-eabi/lib/thumb/v7-m/nofp\libg.a(lib_a-printf.o)
                              CMakeFiles/Motor.elf.dir/BSP/bsp.c.obj (printf)
c:/software/clion/tool/gcc-arm-none-eabi-10.3-2021.10/bin/../lib/gcc/arm-none-eabi/10.3.1/../../../../arm-none-eabi/lib/thumb/v7-m/nofp\libg.a(lib_a-puts.o)
                              CMakeFiles/Motor.elf.dir/BSP/bsp_sbus.c.obj (puts)
c:/software/clion/tool/gcc-arm-none-eabi-10.3-2021.10/bin/../lib/gcc/arm-none-eabi/10.3.1/../../../../arm-none-eabi/lib/thumb/v7-m/nofp\libg.a(lib_a-sscanf.o)
                              CMakeFiles/Motor.elf.dir/BSP/bsp_uart.c.obj (sscanf)
c:/software/clion/tool/gcc-arm-none-eabi-10.3-2021.10/bin/../lib/gcc/arm-none-eabi/10.3.1/../../../../arm-none-eabi/lib/thumb/v7-m/nofp\libg.a(lib_a-stdio.o)
                              c:/software/clion/tool/gcc-arm-none-eabi-10.3-2021.10/bin/../lib/gcc/arm-none-eabi/10.3.1/../../../../arm-none-eabi/lib/thumb/v7-m/nofp\libg.a(lib_a-sscanf.o) (__seofread)
c:/software/clion/tool/gcc-arm-none-eabi-10.3-2021.10/bin/../lib/gcc/arm-none-eabi/10.3.1/../../../../arm-none-eabi/lib/thumb/v7-m/nofp\libg.a(lib_a-strlen-stub.o)
                              c:/software/clion/tool/gcc-arm-none-eabi-10.3-2021.10/bin/../lib/gcc/arm-none-eabi/10.3.1/../../../../arm-none-eabi/lib/thumb/v7-m/nofp\libg.a(lib_a-puts.o) (strlen)
c:/software/clion/tool/gcc-arm-none-eabi-10.3-2021.10/bin/../lib/gcc/arm-none-eabi/10.3.1/../../../../arm-none-eabi/lib/thumb/v7-m/nofp\libg.a(lib_a-strstr.o)
                              CMakeFiles/Motor.elf.dir/BSP/bsp_uart.c.obj (strstr)
[...]
Memory Configuration

Name             Origin             Length             Attributes
RAM              0x20000000         0x0000c000         xrw
FLASH            0x08000000         0x00040000         xr
*default*        0x00000000         0xffffffff

Linker script and memory map

LOAD c:/software/clion/tool/gcc-arm-none-eabi-10.3-2021.10/bin/../lib/gcc/arm-none-eabi/10.3.1/thumb/v7-m/nofp/crti.o
LOAD c:/software/clion/tool/gcc-arm-none-eabi-10.3-2021.10/bin/../lib/gcc/arm-none-eabi/10.3.1/thumb/v7-m/nofp/crtbegin.o
LOAD c:/software/clion/tool/gcc-arm-none-eabi-10.3-2021.10/bin/../lib/gcc/arm-none-eabi/10.3.1/../../../../arm-none-eabi/lib/thumb/v7-m/nofp/crt0.o
LOAD CMakeFiles/Motor.elf.dir/BSP/bsp.c.obj
LOAD CMakeFiles/Motor.elf.dir/BSP/bsp_beep.c.obj
LOAD CMakeFiles/Motor.elf.dir/BSP/bsp_encoder.c.obj
LOAD CMakeFiles/Motor.elf.dir/BSP/bsp_key.c.obj
LOAD CMakeFiles/Motor.elf.dir/BSP/bsp_motion.c.obj
LOAD CMakeFiles/Motor.elf.dir/BSP/bsp_motor.c.obj
LOAD CMakeFiles/Motor.elf.dir/BSP/bsp_pid.c.obj
LOAD CMakeFiles/Motor.elf.dir/BSP/bsp_sbus.c.obj
LOAD CMakeFiles/Motor.elf.dir/BSP/bsp_uart.c.obj
LOAD CMakeFiles/Motor.elf.dir/Core/Src/dma.c.obj
LOAD CMakeFiles/Motor.elf.dir/Core/Src/gpio.c.obj
LOAD CMakeFiles/Motor.elf.dir/Core/Src/main.c.obj
LOAD CMakeFiles/Motor.elf.dir/Core/Src/stm32f1xx_hal_msp.c.obj
LOAD CMakeFiles/Motor.elf.dir/Core/Src/stm32f1xx_it.c.obj
LOAD CMakeFiles/Motor.elf.dir/Core/Src/syscalls.c.obj
LOAD CMakeFiles/Motor.elf.dir/Core/Src/sysmem.c.obj
LOAD CMakeFiles/Motor.elf.dir/Core/Src/system_stm32f1xx.c.obj
LOAD CMakeFiles/Motor.elf.dir/Core/Src/tim.c.obj
LOAD CMakeFiles/Motor.elf.dir/Core/Src/usart.c.obj
LOAD CMakeFiles/Motor.elf.dir/Core/Startup/startup_stm32f103rctx.s.obj
LOAD CMakeFiles/Motor.elf.dir/Drivers/STM32F1xx_HAL_Driver/Src/stm32f1xx_hal.c.obj
LOAD CMakeFiles/Motor.elf.dir/Drivers/STM32F1xx_HAL_Driver/Src/stm32f1xx_hal_cortex.c.obj
LOAD CMakeFiles/Motor.elf.dir/Drivers/STM32F1xx_HAL_Driver/Src/stm32f1xx_hal_dma.c.obj
LOAD CMakeFiles/Motor.elf.dir/Drivers/STM32F1xx_HAL_Driver/Src/stm32f1xx_hal_exti.c.obj
LOAD CMakeFiles/Motor.elf.dir/Drivers/STM32F1xx_HAL_Driver/Src/stm32f1xx_hal_flash.c.obj
LOAD CMakeFiles/Motor.elf.dir/Drivers/STM32F1xx_HAL_Driver/Src/stm32f1xx_hal_flash_ex.c.obj
LOAD CMakeFiles/Motor.elf.dir/Drivers/STM32F1xx_HAL_Driver/Src/stm32f1xx_hal_gpio.c.obj
LOAD CMakeFiles/Motor.elf.dir/Drivers/STM32F1xx_HAL_Driver/Src/stm32f1xx_hal_gpio_ex.c.obj
LOAD CMakeFiles/Motor.elf.dir/Drivers/STM32F1xx_HAL_Driver/Src/stm32f1xx_hal_pwr.c.obj
LOAD CMakeFiles/Motor.elf.dir/Drivers/STM32F1xx_HAL_Driver/Src/stm32f1xx_hal_rcc.c.obj
LOAD CMakeFiles/Motor.elf.dir/Drivers/STM32F1xx_HAL_Driver/Src/stm32f1xx_hal_rcc_ex.c.obj
LOAD CMakeFiles/Motor.elf.dir/Drivers/STM32F1xx_HAL_Driver/Src/stm32f1xx_hal_tim.c.obj
LOAD CMakeFiles/Motor.elf.dir/Drivers/STM32F1xx_HAL_Driver/Src/stm32f1xx_hal_tim_ex.c.obj
LOAD CMakeFiles/Motor.elf.dir/Drivers/STM32F1xx_HAL_Driver/Src/stm32f1xx_hal_uart.c.obj
START GROUP
LOAD c:/software/clion/tool/gcc-arm-none-eabi-10.3-2021.10/bin/../lib/gcc/arm-none-eabi/10.3.1/thumb/v7-m/nofp\libgcc.a
LOAD c:/software/clion/tool/gcc-arm-none-eabi-10.3-2021.10/bin/../lib/gcc/arm-none-eabi/10.3.1/../../../../arm-none-eabi/lib/thumb/v7-m/nofp\libg.a
LOAD c:/software/clion/tool/gcc-arm-none-eabi-10.3-2021.10/bin/../lib/gcc/arm-none-eabi/10.3.1/../../../../arm-none-eabi/lib/thumb/v7-m/nofp\libc.a
END GROUP
LOAD c:/software/clion/tool/gcc-arm-none-eabi-10.3-2021.10/bin/../lib/gcc/arm-none-eabi/10.3.1/thumb/v7-m/nofp/crtend.o
LOAD c:/software/clion/tool/gcc-arm-none-eabi-10.3-2021.10/bin/../lib/gcc/arm-none-eabi/10.3.1/thumb/v7-m/nofp/crtn.o
                0x2000c000                _estack = (ORIGIN (RAM) + LENGTH (RAM))
                0x00000200                _Min_Heap_Size = 0x200
                0x00000400                _Min_Stack_Size = 0x400

.isr_vector     0x08000000      0x1e4
                0x08000000                . = ALIGN (0x4)
 *(.isr_vector)
 .isr_vector    0x08000000      0x1e4 CMakeFiles/Motor.elf.dir/Core/Startup/startup_stm32f103rctx.s.obj
                0x08000000                g_pfnVectors
                0x080001e4                . = ALIGN (0x4)

.text           0x080001e8     0xe0d4
                0x080001e8                . = ALIGN (0x4)
 *(.text)
 .text          0x080001e8       0x40 c:/software/clion/tool/gcc-arm-none-eabi-10.3-2021.10/bin/../lib/gcc/arm-none-eabi/10.3.1/thumb/v7-m/nofp/crtbegin.o
 .text          0x08000228      0x378 c:/software/clion/tool/gcc-arm-none-eabi-10.3-2021.10/bin/../lib/gcc/arm-none-eabi/10.3.1/thumb/v7-m/nofp\libgcc.a(_arm_addsubdf3.o)
                0x08000228                __aeabi_drsub
                0x08000230                __aeabi_dsub
                0x08000230                __subdf3
                0x08000234                __aeabi_dadd
                0x08000234                __adddf3
                0x080004ac                __floatunsidf
                0x080004ac                __aeabi_ui2d
                0x080004cc                __floatsidf
                0x080004cc                __aeabi_i2d
                0x080004f0                __aeabi_f2d
                0x080004f0                __extendsfdf2
                0x08000534                __floatundidf
                0x08000534                __aeabi_ul2d
                0x08000544                __floatdidf
                0x08000544                __aeabi_l2d
 .text          0x080005a0       0xa0 c:/software/clion/tool/gcc-arm-none-eabi-10.3-2021.10/bin/../lib/gcc/arm-none-eabi/10.3.1/thumb/v7-m/nofp\libgcc.a(_arm_truncdfsf2.o)
                0x080005a0                __truncdfsf2
                0x080005a0                __aeabi_d2f
 .text          0x08000640      0x2a0 c:/software/clion/tool/gcc-arm-none-eabi-10.3-2021.10/bin/../lib/gcc/arm-none-eabi/10.3.1/thumb/v7-m/nofp\libgcc.a(_arm_muldivsf3.o)
                0x08000640                __mulsf3
                0x08000640                __aeabi_fmul
                0x080007a8                __aeabi_fdiv
                0x080007a8                __divsf3
 .text          0x080008e0       0x4c c:/software/clion/tool/gcc-arm-none-eabi-10.3-2021.10/bin/../lib/gcc/arm-none-eabi/10.3.1/thumb/v7-m/nofp\libgcc.a(_arm_fixsfsi.o)
                0x080008e0                __aeabi_f2iz
                0x080008e0                __fixsfsi
 .text          0x0800092c       0xec c:/software/clion/tool/gcc-arm-none-eabi-10.3-2021.10/bin/../lib/gcc/arm-none-eabi/10.3.1/../../../../arm-none-eabi/lib/thumb/v7-m/nofp\libg.a(lib_a-memcpy.o)
                0x0800092c                memcpy
 .text          0x08000a18      0x424 c:/software/clion/tool/gcc-arm-none-eabi-10.3-2021.10/bin/../lib/gcc/arm-none-eabi/10.3.1/thumb/v7-m/nofp\libgcc.a(_arm_muldivdf3.o)
                0x08000a18                __aeabi_dmul
                0x08000a18                __muldf3
                0x08000c6c                __divdf3
                0x08000c6c                __aeabi_ddiv
 .text          0x08000e3c      0x110 c:/software/clion/tool/gcc-arm-none-eabi-10.3-2021.10/bin/../lib/gcc/arm-none-eabi/10.3.1/thumb/v7-m/nofp\libgcc.a(_arm_cmpdf2.o)
                0x08000e3c                __gtdf2
                0x08000e3c                __gedf2
                0x08000e44                __ltdf2
                0x08000e44                __ledf2
                0x08000e4c                __nedf2
                0x08000e4c                __eqdf2
                0x08000e4c                __cmpdf2
                0x08000ec8                __aeabi_cdrcmple
                0x08000ed8                __aeabi_cdcmpeq
                0x08000ed8                __aeabi_cdcmple
                0x08000ee8                __aeabi_dcmpeq
                0x08000efc                __aeabi_dcmplt
                0x08000f10                __aeabi_dcmple
                0x08000f24                __aeabi_dcmpge
                0x08000f38                __aeabi_dcmpgt
 .text          0x08000f4c       0x2c c:/software/clion/tool/gcc-arm-none-eabi-10.3-2021.10/bin/../lib/gcc/arm-none-eabi/10.3.1/thumb/v7-m/nofp\libgcc.a(_arm_unorddf2.o)
                0x08000f4c                __unorddf2
                0x08000f4c                __aeabi_dcmpun
 .text          0x08000f78       0x50 c:/software/clion/tool/gcc-arm-none-eabi-10.3-2021.10/bin/../lib/gcc/arm-none-eabi/10.3.1/thumb/v7-m/nofp\libgcc.a(_arm_fixdfsi.o)
                0x08000f78                __aeabi_d2iz
                0x08000f78                __fixdfsi
 .text          0x08000fc8       0x40 c:/software/clion/tool/gcc-arm-none-eabi-10.3-2021.10/bin/../lib/gcc/arm-none-eabi/10.3.1/thumb/v7-m/nofp\libgcc.a(_arm_fixunsdfsi.o)
                0x08000fc8                __aeabi_d2uiz
                0x08000fc8                __fixunsdfsi
 .text          0x08001008       0x30 c:/software/clion/tool/gcc-arm-none-eabi-10.3-2021.10/bin/../lib/gcc/arm-none-eabi/10.3.1/thumb/v7-m/nofp\libgcc.a(_aeabi_uldivmod.o)
                0x08001008                __aeabi_uldivmod
 .text          0x08001038       0x34 c:/software/clion/tool/gcc-arm-none-eabi-10.3-2021.10/bin/../lib/gcc/arm-none-eabi/10.3.1/thumb/v7-m/nofp\libgcc.a(_fixdfdi.o)
                0x08001038                __fixdfdi
                0x08001038                __aeabi_d2lz
 .text          0x0800106c       0x3c c:/software/clion/tool/gcc-arm-none-eabi-10.3-2021.10/bin/../lib/gcc/arm-none-eabi/10.3.1/thumb/v7-m/nofp\libgcc.a(_fixunsdfdi.o)
                0x0800106c                __fixunsdfdi
                0x0800106c                __aeabi_d2ulz
 .text          0x080010a8      0x2d4 c:/software/clion/tool/gcc-arm-none-eabi-10.3-2021.10/bin/../lib/gcc/arm-none-eabi/10.3.1/thumb/v7-m/nofp\libgcc.a(_udivmoddi4.o)
                0x080010a8                __udivmoddi4
 .text          0x0800137c        0x4 c:/software/clion/tool/gcc-arm-none-eabi-10.3-2021.10/bin/../lib/gcc/arm-none-eabi/10.3.1/thumb/v7-m/nofp\libgcc.a(_dvmd_tls.o)
                0x0800137c                __aeabi_idiv0
                0x0800137c                __aeabi_ldiv0
 *(.text*)
 .text.Bsp_Init
                0x08001380       0x1a CMakeFiles/Motor.elf.dir/BSP/bsp.c.obj
                0x08001380                Bsp_Init
 *fill*         0x0800139a        0x2 
 .text.Bsp_Loop_Test_ros2_cmdvel
                0x0800139c      0x148 CMakeFiles/Motor.elf.dir/BSP/bsp.c.obj
                0x0800139c                Bsp_Loop_Test_ros2_cmdvel
 .text.Beep_Set_Time
                0x080014e4        0xc CMakeFiles/Motor.elf.dir/BSP/bsp_beep.c.obj
 .text.Beep_Set_State
                0x080014f0        0xc CMakeFiles/Motor.elf.dir/BSP/bsp_beep.c.obj
 .text.Beep_On_Time
                0x080014fc       0x68 CMakeFiles/Motor.elf.dir/BSP/bsp_beep.c.obj
                0x080014fc                Beep_On_Time
 .text.Encoder_Init
                0x08001564       0x34 CMakeFiles/Motor.elf.dir/BSP/bsp_encoder.c.obj
                0x08001564                Encoder_Init
 .text.Motor_Ignore_Dead_Zone
                0x08001598       0x1c CMakeFiles/Motor.elf.dir/BSP/bsp_motor.c.obj
 .text.Motor_Init
                0x080015b4       0x50 CMakeFiles/Motor.elf.dir/BSP/bsp_motor.c.obj
                0x080015b4                Motor_Init
 .text.Motor_Stop
                0x08001604       0x2c CMakeFiles/Motor.elf.dir/BSP/bsp_motor.c.obj
                0x08001604                Motor_Stop
 .text.Motor_Set_Pwm
                0x08001630       0xa8 CMakeFiles/Motor.elf.dir/BSP/bsp_motor.c.obj
                0x08001630                Motor_Set_Pwm
 .text.PID_Param_Init
                0x080016d8       0x48 CMakeFiles/Motor.elf.dir/BSP/bsp_pid.c.obj
                0x080016d8                PID_Param_Init
 .text.USART1_Init
                0x08001720       0x18 CMakeFiles/Motor.elf.dir/BSP/bsp_uart.c.obj
                0x08001720                USART1_Init
 .text.parse_uart_data
                0x08001738       0x54 CMakeFiles/Motor.elf.dir/BSP/bsp_uart.c.obj
                0x08001738                parse_uart_data
 .text.HAL_UART_RxCpltCallback
                0x0800178c       0x5c CMakeFiles/Motor.elf.dir/BSP/bsp_uart.c.obj
                0x0800178c                HAL_UART_RxCpltCallback
 .text.__io_putchar
                0x080017e8       0x20 CMakeFiles/Motor.elf.dir/BSP/bsp_uart.c.obj
                0x080017e8                __io_putchar
 .text.MX_DMA_Init
                0x08001808       0x34 CMakeFiles/Motor.elf.dir/Core/Src/dma.c.obj
                0x08001808                MX_DMA_Init
 .text.MX_GPIO_Init
                0x0800183c       0xa0 CMakeFiles/Motor.elf.dir/Core/Src/gpio.c.obj
                0x0800183c                MX_GPIO_Init
 .text.Error_Handler
                0x080018dc        0x4 CMakeFiles/Motor.elf.dir/Core/Src/main.c.obj
                0x080018dc                Error_Handler
 .text.SystemClock_Config
                0x080018e0       0x64 CMakeFiles/Motor.elf.dir/Core/Src/main.c.obj
                0x080018e0                SystemClock_Config
 .text.main     0x08001944       0x3c CMakeFiles/Motor.elf.dir/Core/Src/main.c.obj
                0x08001944                main
 .text.HAL_MspInit
                0x08001980       0x44 CMakeFiles/Motor.elf.dir/Core/Src/stm32f1xx_hal_msp.c.obj
                0x08001980                HAL_MspInit
 .text.NMI_Handler
                0x080019c4        0x2 CMakeFiles/Motor.elf.dir/Core/Src/stm32f1xx_it.c.obj
                0x080019c4                NMI_Handler
 .text.HardFault_Handler
                0x080019c6        0x2 CMakeFiles/Motor.elf.dir/Core/Src/stm32f1xx_it.c.obj
                0x080019c6                HardFault_Handler
 .text.MemManage_Handler
                0x080019c8        0x2 CMakeFiles/Motor.elf.dir/Core/Src/stm32f1xx_it.c.obj
                0x080019c8                MemManage_Handler
 .text.BusFault_Handler
                0x080019ca        0x2 CMakeFiles/Motor.elf.dir/Core/Src/stm32f1xx_it.c.obj
                0x080019ca                BusFault_Handler
 .text.UsageFault_Handler
                0x080019cc        0x2 CMakeFiles/Motor.elf.dir/Core/Src/stm32f1xx_it.c.obj
                0x080019cc                UsageFault_Handler
 .text.SVC_Handler
                0x080019ce        0x2 CMakeFiles/Motor.elf.dir/Core/Src/stm32f1xx_it.c.obj
                0x080019ce                SVC_Handler
 .text.DebugMon_Handler
                0x080019d0        0x2 CMakeFiles/Motor.elf.dir/Core/Src/stm32f1xx_it.c.obj
                0x080019d0                DebugMon_Handler
 .text.PendSV_Handler
                0x080019d2        0x2 CMakeFiles/Motor.elf.dir/Core/Src/stm32f1xx_it.c.obj
                0x080019d2                PendSV_Handler
 .text.SysTick_Handler
                0x080019d4        0x8 CMakeFiles/Motor.elf.dir/Core/Src/stm32f1xx_it.c.obj
                0x080019d4                SysTick_Handler
 .text.DMA1_Channel4_IRQHandler
                0x080019dc       0x10 CMakeFiles/Motor.elf.dir/Core/Src/stm32f1xx_it.c.obj
                0x080019dc                DMA1_Channel4_IRQHandler
 .text.USART1_IRQHandler
                0x080019ec       0x10 CMakeFiles/Motor.elf.dir/Core/Src/stm32f1xx_it.c.obj
                0x080019ec                USART1_IRQHandler
 .text.USART2_IRQHandler
                0x080019fc       0x10 CMakeFiles/Motor.elf.dir/Core/Src/stm32f1xx_it.c.obj
                0x080019fc                USART2_IRQHandler
 .text._getpid  0x08001a0c        0x4 CMakeFiles/Motor.elf.dir/Core/Src/syscalls.c.obj
                0x08001a0c                _getpid
 .text._kill    0x08001a10       0x10 CMakeFiles/Motor.elf.dir/Core/Src/syscalls.c.obj
                0x08001a10                _kill
 .text._exit    0x08001a20        0xc CMakeFiles/Motor.elf.dir/Core/Src/syscalls.c.obj
                0x08001a20                _exit
 .text._read    0x08001a2c       0x20 CMakeFiles/Motor.elf.dir/Core/Src/syscalls.c.obj
                0x08001a2c                _read
 .text._write   0x08001a4c       0x1c CMakeFiles/Motor.elf.dir/Core/Src/syscalls.c.obj
                0x08001a4c                _write
 .text._close   0x08001a68        0x6 CMakeFiles/Motor.elf.dir/Core/Src/syscalls.c.obj
                0x08001a68                _close
 .text._fstat   0x08001a6e        0xa CMakeFiles/Motor.elf.dir/Core/Src/syscalls.c.obj
                0x08001a6e                _fstat
 .text._isatty  0x08001a78        0x4 CMakeFiles/Motor.elf.dir/Core/Src/syscalls.c.obj
                0x08001a78                _isatty
 .text._lseek   0x08001a7c        0x4 CMakeFiles/Motor.elf.dir/Core/Src/syscalls.c.obj
                0x08001a7c                _lseek
 .text._sbrk    0x08001a80       0x48 CMakeFiles/Motor.elf.dir/Core/Src/sysmem.c.obj
                0x08001a80                _sbrk
 .text.SystemInit
                0x08001ac8        0x2 CMakeFiles/Motor.elf.dir/Core/Src/system_stm32f1xx.c.obj
                0x08001ac8                SystemInit
 *fill*         0x08001aca        0x2 
 .text.MX_TIM2_Init
                0x08001acc       0x64 CMakeFiles/Motor.elf.dir/Core/Src/tim.c.obj
                0x08001acc                MX_TIM2_Init
 .text.MX_TIM3_Init
                0x08001b30       0x64 CMakeFiles/Motor.elf.dir/Core/Src/tim.c.obj
                0x08001b30                MX_TIM3_Init
 .text.MX_TIM4_Init
                0x08001b94       0x64 CMakeFiles/Motor.elf.dir/Core/Src/tim.c.obj
                0x08001b94                MX_TIM4_Init
 .text.MX_TIM5_Init
                0x08001bf8       0x64 CMakeFiles/Motor.elf.dir/Core/Src/tim.c.obj
                0x08001bf8                MX_TIM5_Init
 .text.HAL_TIM_Base_MspInit
                0x08001c5c       0x4c CMakeFiles/Motor.elf.dir/Core/Src/tim.c.obj
                0x08001c5c                HAL_TIM_Base_MspInit
 .text.HAL_TIM_Encoder_MspInit
                0x08001ca8      0x154 CMakeFiles/Motor.elf.dir/Core/Src/tim.c.obj
                0x08001ca8                HAL_TIM_Encoder_MspInit
 .text.HAL_TIM_MspPostInit
                0x08001dfc       0xc4 CMakeFiles/Motor.elf.dir/Core/Src/tim.c.obj
                0x08001dfc                HAL_TIM_MspPostInit
 .text.MX_TIM1_Init
                0x08001ec0      0x120 CMakeFiles/Motor.elf.dir/Core/Src/tim.c.obj
                0x08001ec0                MX_TIM1_Init
 .text.MX_TIM8_Init
                0x08001fe0      0x120 CMakeFiles/Motor.elf.dir/Core/Src/tim.c.obj
                0x08001fe0                MX_TIM8_Init
 .text.MX_USART1_UART_Init
                0x08002100       0x34 CMakeFiles/Motor.elf.dir/Core/Src/usart.c.obj
                0x08002100                MX_USART1_UART_Init
 .text.MX_USART2_UART_Init
                0x08002134       0x44 CMakeFiles/Motor.elf.dir/Core/Src/usart.c.obj
                0x08002134                MX_USART2_UART_Init
 .text.HAL_UART_MspInit
                0x08002178      0x128 CMakeFiles/Motor.elf.dir/Core/Src/usart.c.obj
                0x08002178                HAL_UART_MspInit
 .text.Reset_Handler
                0x080022a0       0x48 CMakeFiles/Motor.elf.dir/Core/Startup/startup_stm32f103rctx.s.obj
                0x080022a0                Reset_Handler
 .text.Default_Handler
                0x080022e8        0x2 CMakeFiles/Motor.elf.dir/Core/Startup/startup_stm32f103rctx.s.obj
                0x080022e8                RTC_Alarm_IRQHandler
                0x080022e8                EXTI2_IRQHandler
                0x080022e8                TIM8_TRG_COM_IRQHandler
                0x080022e8                TIM8_CC_IRQHandler
                0x080022e8                TIM1_CC_IRQHandler
                0x080022e8                TIM6_IRQHandler
                0x080022e8                PVD_IRQHandler
                0x080022e8                SDIO_IRQHandler
                0x080022e8                EXTI3_IRQHandler
                0x080022e8                EXTI0_IRQHandler
                0x080022e8                I2C2_EV_IRQHandler
                0x080022e8                ADC1_2_IRQHandler
                0x080022e8                SPI1_IRQHandler
                0x080022e8                TAMPER_IRQHandler
                0x080022e8                TIM8_UP_IRQHandler
                0x080022e8                DMA2_Channel2_IRQHandler
                0x080022e8                USART3_IRQHandler
                0x080022e8                RTC_IRQHandler
                0x080022e8                DMA1_Channel7_IRQHandler
                0x080022e8                CAN1_RX1_IRQHandler
                0x080022e8                UART5_IRQHandler
                0x080022e8                ADC3_IRQHandler
                0x080022e8                TIM4_IRQHandler
                0x080022e8                DMA2_Channel1_IRQHandler
                0x080022e8                I2C1_EV_IRQHandler
                0x080022e8                DMA1_Channel6_IRQHandler
                0x080022e8                UART4_IRQHandler
                0x080022e8                TIM3_IRQHandler
                0x080022e8                RCC_IRQHandler
                0x080022e8                TIM1_TRG_COM_IRQHandler
                0x080022e8                DMA1_Channel1_IRQHandler
                0x080022e8                Default_Handler
                0x080022e8                EXTI15_10_IRQHandler
                0x080022e8                TIM7_IRQHandler
                0x080022e8                TIM5_IRQHandler
                0x080022e8                EXTI9_5_IRQHandler
                0x080022e8                SPI2_IRQHandler
                0x080022e8                DMA1_Channel5_IRQHandler
                0x080022e8                EXTI4_IRQHandler
                0x080022e8                USB_LP_CAN1_RX0_IRQHandler
                0x080022e8                USB_HP_CAN1_TX_IRQHandler
                0x080022e8                DMA1_Channel3_IRQHandler
                0x080022e8                FSMC_IRQHandler
                0x080022e8                TIM1_UP_IRQHandler
                0x080022e8                WWDG_IRQHandler
                0x080022e8                TIM2_IRQHandler
                0x080022e8                TIM1_BRK_IRQHandler
                0x080022e8                EXTI1_IRQHandler
                0x080022e8                DMA2_Channel4_5_IRQHandler
                0x080022e8                I2C2_ER_IRQHandler
                0x080022e8                DMA1_Channel2_IRQHandler
                0x080022e8                TIM8_BRK_IRQHandler
                0x080022e8                CAN1_SCE_IRQHandler
                0x080022e8                FLASH_IRQHandler
                0x080022e8                SPI3_IRQHandler
                0x080022e8                I2C1_ER_IRQHandler
                0x080022e8                USBWakeUp_IRQHandler
                0x080022e8                DMA2_Channel3_IRQHandler
 *fill*         0x080022ea        0x2 
 .text.HAL_InitTick
                0x080022ec       0x4c CMakeFiles/Motor.elf.dir/Drivers/STM32F1xx_HAL_Driver/Src/stm32f1xx_hal.c.obj
                0x080022ec                HAL_InitTick
 .text.HAL_Init
                0x08002338       0x24 CMakeFiles/Motor.elf.dir/Drivers/STM32F1xx_HAL_Driver/Src/stm32f1xx_hal.c.obj
                0x08002338                HAL_Init
 .text.HAL_IncTick
                0x0800235c       0x18 CMakeFiles/Motor.elf.dir/Drivers/STM32F1xx_HAL_Driver/Src/stm32f1xx_hal.c.obj
                0x0800235c                HAL_IncTick
 .text.HAL_GetTick
                0x08002374        0xc CMakeFiles/Motor.elf.dir/Drivers/STM32F1xx_HAL_Driver/Src/stm32f1xx_hal.c.obj
                0x08002374                HAL_GetTick
 .text.HAL_Delay
                0x08002380       0x28 CMakeFiles/Motor.elf.dir/Drivers/STM32F1xx_HAL_Driver/Src/stm32f1xx_hal.c.obj
                0x08002380                HAL_Delay
 .text.HAL_NVIC_SetPriorityGrouping
                0x080023a8       0x24 CMakeFiles/Motor.elf.dir/Drivers/STM32F1xx_HAL_Driver/Src/stm32f1xx_hal_cortex.c.obj
                0x080023a8                HAL_NVIC_SetPriorityGrouping
 .text.HAL_NVIC_SetPriority
                0x080023cc       0x70 CMakeFiles/Motor.elf.dir/Drivers/STM32F1xx_HAL_Driver/Src/stm32f1xx_hal_cortex.c.obj
                0x080023cc                HAL_NVIC_SetPriority
 .text.HAL_NVIC_EnableIRQ
                0x0800243c       0x1c CMakeFiles/Motor.elf.dir/Drivers/STM32F1xx_HAL_Driver/Src/stm32f1xx_hal_cortex.c.obj
                0x0800243c                HAL_NVIC_EnableIRQ
 .text.HAL_SYSTICK_Config
                0x08002458       0x28 CMakeFiles/Motor.elf.dir/Drivers/STM32F1xx_HAL_Driver/Src/stm32f1xx_hal_cortex.c.obj
                0x08002458                HAL_SYSTICK_Config
 .text.HAL_DMA_Init
                0x08002480       0x98 CMakeFiles/Motor.elf.dir/Drivers/STM32F1xx_HAL_Driver/Src/stm32f1xx_hal_dma.c.obj
                0x08002480                HAL_DMA_Init
 .text.HAL_DMA_Abort
                0x08002518       0x44 CMakeFiles/Motor.elf.dir/Drivers/STM32F1xx_HAL_Driver/Src/stm32f1xx_hal_dma.c.obj
                0x08002518                HAL_DMA_Abort
 .text.HAL_DMA_Abort_IT
                0x0800255c      0x168 CMakeFiles/Motor.elf.dir/Drivers/STM32F1xx_HAL_Driver/Src/stm32f1xx_hal_dma.c.obj
                0x0800255c                HAL_DMA_Abort_IT
 .text.HAL_DMA_IRQHandler
                0x080026c4      0x2ec CMakeFiles/Motor.elf.dir/Drivers/STM32F1xx_HAL_Driver/Src/stm32f1xx_hal_dma.c.obj
                0x080026c4                HAL_DMA_IRQHandler
 .text.HAL_GPIO_Init
                0x080029b0      0x240 CMakeFiles/Motor.elf.dir/Drivers/STM32F1xx_HAL_Driver/Src/stm32f1xx_hal_gpio.c.obj
                0x080029b0                HAL_GPIO_Init
 .text.HAL_GPIO_WritePin
                0x08002bf0        0xc CMakeFiles/Motor.elf.dir/Drivers/STM32F1xx_HAL_Driver/Src/stm32f1xx_hal_gpio.c.obj
                0x08002bf0                HAL_GPIO_WritePin
 .text.RCC_Delay
                0x08002bfc       0x2c CMakeFiles/Motor.elf.dir/Drivers/STM32F1xx_HAL_Driver/Src/stm32f1xx_hal_rcc.c.obj
 .text.HAL_RCC_OscConfig
                0x08002c28      0x410 CMakeFiles/Motor.elf.dir/Drivers/STM32F1xx_HAL_Driver/Src/stm32f1xx_hal_rcc.c.obj
                0x08002c28                HAL_RCC_OscConfig
 .text.HAL_RCC_GetSysClockFreq
                0x08003038       0x70 CMakeFiles/Motor.elf.dir/Drivers/STM32F1xx_HAL_Driver/Src/stm32f1xx_hal_rcc.c.obj
                0x08003038                HAL_RCC_GetSysClockFreq
 .text.HAL_RCC_ClockConfig
                0x080030a8      0x16c CMakeFiles/Motor.elf.dir/Drivers/STM32F1xx_HAL_Driver/Src/stm32f1xx_hal_rcc.c.obj
                0x080030a8                HAL_RCC_ClockConfig
 .text.HAL_RCC_GetHCLKFreq
                0x08003214        0xc CMakeFiles/Motor.elf.dir/Drivers/STM32F1xx_HAL_Driver/Src/stm32f1xx_hal_rcc.c.obj
                0x08003214                HAL_RCC_GetHCLKFreq
 .text.HAL_RCC_GetPCLK1Freq
                0x08003220       0x20 CMakeFiles/Motor.elf.dir/Drivers/STM32F1xx_HAL_Driver/Src/stm32f1xx_hal_rcc.c.obj
                0x08003220                HAL_RCC_GetPCLK1Freq
 .text.HAL_RCC_GetPCLK2Freq
                0x08003240       0x20 CMakeFiles/Motor.elf.dir/Drivers/STM32F1xx_HAL_Driver/Src/stm32f1xx_hal_rcc.c.obj
                0x08003240                HAL_RCC_GetPCLK2Freq
 .text.TIM_OC1_SetConfig
                0x08003260       0x68 CMakeFiles/Motor.elf.dir/Drivers/STM32F1xx_HAL_Driver/Src/stm32f1xx_hal_tim.c.obj
 .text.TIM_OC3_SetConfig
                0x080032c8       0x70 CMakeFiles/Motor.elf.dir/Drivers/STM32F1xx_HAL_Driver/Src/stm32f1xx_hal_tim.c.obj
 .text.TIM_OC4_SetConfig
                0x08003338       0x50 CMakeFiles/Motor.elf.dir/Drivers/STM32F1xx_HAL_Driver/Src/stm32f1xx_hal_tim.c.obj
 .text.TIM_TI1_ConfigInputStage
                0x08003388       0x24 CMakeFiles/Motor.elf.dir/Drivers/STM32F1xx_HAL_Driver/Src/stm32f1xx_hal_tim.c.obj
 .text.TIM_TI2_ConfigInputStage
                0x080033ac       0x26 CMakeFiles/Motor.elf.dir/Drivers/STM32F1xx_HAL_Driver/Src/stm32f1xx_hal_tim.c.obj
 .text.TIM_ITRx_SetConfig
                0x080033d2       0x10 CMakeFiles/Motor.elf.dir/Drivers/STM32F1xx_HAL_Driver/Src/stm32f1xx_hal_tim.c.obj
 .text.HAL_TIM_PWM_MspInit
                0x080033e2        0x2 CMakeFiles/Motor.elf.dir/Drivers/STM32F1xx_HAL_Driver/Src/stm32f1xx_hal_tim.c.obj
                0x080033e2                HAL_TIM_PWM_MspInit
 .text.TIM_Base_SetConfig
                0x080033e4       0x98 CMakeFiles/Motor.elf.dir/Drivers/STM32F1xx_HAL_Driver/Src/stm32f1xx_hal_tim.c.obj
                0x080033e4                TIM_Base_SetConfig
 .text.HAL_TIM_Base_Init
                0x0800347c       0x58 CMakeFiles/Motor.elf.dir/Drivers/STM32F1xx_HAL_Driver/Src/stm32f1xx_hal_tim.c.obj
                0x0800347c                HAL_TIM_Base_Init
 .text.HAL_TIM_PWM_Init
                0x080034d4       0x58 CMakeFiles/Motor.elf.dir/Drivers/STM32F1xx_HAL_Driver/Src/stm32f1xx_hal_tim.c.obj
                0x080034d4                HAL_TIM_PWM_Init
 .text.HAL_TIM_Encoder_Init
                0x0800352c       0xb8 CMakeFiles/Motor.elf.dir/Drivers/STM32F1xx_HAL_Driver/Src/stm32f1xx_hal_tim.c.obj
                0x0800352c                HAL_TIM_Encoder_Init
 .text.TIM_OC2_SetConfig
                0x080035e4       0x70 CMakeFiles/Motor.elf.dir/Drivers/STM32F1xx_HAL_Driver/Src/stm32f1xx_hal_tim.c.obj
                0x080035e4                TIM_OC2_SetConfig
 .text.HAL_TIM_PWM_ConfigChannel
                0x08003654       0xd0 CMakeFiles/Motor.elf.dir/Drivers/STM32F1xx_HAL_Driver/Src/stm32f1xx_hal_tim.c.obj
                0x08003654                HAL_TIM_PWM_ConfigChannel
 .text.TIM_ETR_SetConfig
                0x08003724       0x18 CMakeFiles/Motor.elf.dir/Drivers/STM32F1xx_HAL_Driver/Src/stm32f1xx_hal_tim.c.obj
                0x08003724                TIM_ETR_SetConfig
 .text.HAL_TIM_ConfigClockSource
                0x0800373c       0xda CMakeFiles/Motor.elf.dir/Drivers/STM32F1xx_HAL_Driver/Src/stm32f1xx_hal_tim.c.obj
                0x0800373c                HAL_TIM_ConfigClockSource
 .text.TIM_CCxChannelCmd
                0x08003816       0x1e CMakeFiles/Motor.elf.dir/Drivers/STM32F1xx_HAL_Driver/Src/stm32f1xx_hal_tim.c.obj
                0x08003816                TIM_CCxChannelCmd
 .text.HAL_TIM_PWM_Start
                0x08003834       0xf4 CMakeFiles/Motor.elf.dir/Drivers/STM32F1xx_HAL_Driver/Src/stm32f1xx_hal_tim.c.obj
                0x08003834                HAL_TIM_PWM_Start
 .text.HAL_TIM_Encoder_Start
                0x08003928       0xcc CMakeFiles/Motor.elf.dir/Drivers/STM32F1xx_HAL_Driver/Src/stm32f1xx_hal_tim.c.obj
                0x08003928                HAL_TIM_Encoder_Start
 .text.TIM_CCxNChannelCmd
                0x080039f4       0x1e CMakeFiles/Motor.elf.dir/Drivers/STM32F1xx_HAL_Driver/Src/stm32f1xx_hal_tim_ex.c.obj
 *fill*         0x08003a12        0x2 
 .text.HAL_TIMEx_PWMN_Start
                0x08003a14       0xe8 CMakeFiles/Motor.elf.dir/Drivers/STM32F1xx_HAL_Driver/Src/stm32f1xx_hal_tim_ex.c.obj
                0x08003a14                HAL_TIMEx_PWMN_Start
 .text.HAL_TIMEx_MasterConfigSynchronization
                0x08003afc       0x7c CMakeFiles/Motor.elf.dir/Drivers/STM32F1xx_HAL_Driver/Src/stm32f1xx_hal_tim_ex.c.obj
                0x08003afc                HAL_TIMEx_MasterConfigSynchronization
 .text.HAL_TIMEx_ConfigBreakDeadTime
                0x08003b78       0x52 CMakeFiles/Motor.elf.dir/Drivers/STM32F1xx_HAL_Driver/Src/stm32f1xx_hal_tim_ex.c.obj
                0x08003b78                HAL_TIMEx_ConfigBreakDeadTime
 .text.UART_EndRxTransfer
                0x08003bca       0x32 CMakeFiles/Motor.elf.dir/Drivers/STM32F1xx_HAL_Driver/Src/stm32f1xx_hal_uart.c.obj
 .text.UART_Transmit_IT
                0x08003bfc       0x60 CMakeFiles/Motor.elf.dir/Drivers/STM32F1xx_HAL_Driver/Src/stm32f1xx_hal_uart.c.obj
 .text.UART_SetConfig
                0x08003c5c       0x94 CMakeFiles/Motor.elf.dir/Drivers/STM32F1xx_HAL_Driver/Src/stm32f1xx_hal_uart.c.obj
 .text.UART_WaitOnFlagUntilTimeout
                0x08003cf0       0x6c CMakeFiles/Motor.elf.dir/Drivers/STM32F1xx_HAL_Driver/Src/stm32f1xx_hal_uart.c.obj
 .text.HAL_UART_Init
                0x08003d5c       0x5e CMakeFiles/Motor.elf.dir/Drivers/STM32F1xx_HAL_Driver/Src/stm32f1xx_hal_uart.c.obj
                0x08003d5c                HAL_UART_Init
 .text.HAL_UART_Transmit
                0x08003dba       0xd8 CMakeFiles/Motor.elf.dir/Drivers/STM32F1xx_HAL_Driver/Src/stm32f1xx_hal_uart.c.obj
                0x08003dba                HAL_UART_Transmit
 .text.HAL_UART_TxCpltCallback
                0x08003e92        0x2 CMakeFiles/Motor.elf.dir/Drivers/STM32F1xx_HAL_Driver/Src/stm32f1xx_hal_uart.c.obj
                0x08003e92                HAL_UART_TxCpltCallback
 .text.UART_EndTransmit_IT
                0x08003e94       0x1a CMakeFiles/Motor.elf.dir/Drivers/STM32F1xx_HAL_Driver/Src/stm32f1xx_hal_uart.c.obj
 .text.HAL_UART_ErrorCallback
                0x08003eae        0x2 CMakeFiles/Motor.elf.dir/Drivers/STM32F1xx_HAL_Driver/Src/stm32f1xx_hal_uart.c.obj
                0x08003eae                HAL_UART_ErrorCallback
 .text.UART_DMAAbortOnError
                0x08003eb0       0x10 CMakeFiles/Motor.elf.dir/Drivers/STM32F1xx_HAL_Driver/Src/stm32f1xx_hal_uart.c.obj
 .text.HAL_UARTEx_RxEventCallback
                0x08003ec0        0x2 CMakeFiles/Motor.elf.dir/Drivers/STM32F1xx_HAL_Driver/Src/stm32f1xx_hal_uart.c.obj
                0x08003ec0                HAL_UARTEx_RxEventCallback
 .text.UART_Receive_IT
                0x08003ec2       0xd4 CMakeFiles/Motor.elf.dir/Drivers/STM32F1xx_HAL_Driver/Src/stm32f1xx_hal_uart.c.obj
 *fill*         0x08003f96        0x2 
 .text.HAL_UART_IRQHandler
                0x08003f98      0x204 CMakeFiles/Motor.elf.dir/Drivers/STM32F1xx_HAL_Driver/Src/stm32f1xx_hal_uart.c.obj
                0x08003f98                HAL_UART_IRQHandler
 .text.UART_Start_Receive_IT
                0x0800419c       0x36 CMakeFiles/Motor.elf.dir/Drivers/STM32F1xx_HAL_Driver/Src/stm32f1xx_hal_uart.c.obj
                0x0800419c                UART_Start_Receive_IT
 .text.HAL_UART_Receive_IT
                0x080041d2       0x38 CMakeFiles/Motor.elf.dir/Drivers/STM32F1xx_HAL_Driver/Src/stm32f1xx_hal_uart.c.obj
                0x080041d2                HAL_UART_Receive_IT
 *fill*         0x0800420a        0x2 
 .text.__errno  0x0800420c        0xc c:/software/clion/tool/gcc-arm-none-eabi-10.3-2021.10/bin/../lib/gcc/arm-none-eabi/10.3.1/../../../../arm-none-eabi/lib/thumb/v7-m/nofp\libg.a(lib_a-errno.o)
                0x0800420c                __errno
 .text.__libc_init_array
                0x08004218       0x48 c:/software/clion/tool/gcc-arm-none-eabi-10.3-2021.10/bin/../lib/gcc/arm-none-eabi/10.3.1/../../../../arm-none-eabi/lib/thumb/v7-m/nofp\libg.a(lib_a-init.o)
                0x08004218                __libc_init_array
 .text.memset   0x08004260       0xa4 c:/software/clion/tool/gcc-arm-none-eabi-10.3-2021.10/bin/../lib/gcc/arm-none-eabi/10.3.1/../../../../arm-none-eabi/lib/thumb/v7-m/nofp\libg.a(lib_a-memset.o)
                0x08004260                memset
 .text.sscanf   0x08004304       0x58 c:/software/clion/tool/gcc-arm-none-eabi-10.3-2021.10/bin/../lib/gcc/arm-none-eabi/10.3.1/../../../../arm-none-eabi/lib/thumb/v7-m/nofp\libg.a(lib_a-sscanf.o)
                0x08004304                sscanf
 .text.__sread  0x0800435c       0x24 c:/software/clion/tool/gcc-arm-none-eabi-10.3-2021.10/bin/../lib/gcc/arm-none-eabi/10.3.1/../../../../arm-none-eabi/lib/thumb/v7-m/nofp\libg.a(lib_a-stdio.o)
                0x0800435c                __sread
 .text.__seofread
                0x08004380        0x4 c:/software/clion/tool/gcc-arm-none-eabi-10.3-2021.10/bin/../lib/gcc/arm-none-eabi/10.3.1/../../../../arm-none-eabi/lib/thumb/v7-m/nofp\libg.a(lib_a-stdio.o)
                0x08004380                __seofread
 .text.__swrite
                0x08004384       0x40 c:/software/clion/tool/gcc-arm-none-eabi-10.3-2021.10/bin/../lib/gcc/arm-none-eabi/10.3.1/../../../../arm-none-eabi/lib/thumb/v7-m/nofp\libg.a(lib_a-stdio.o)
                0x08004384                __swrite
 .text.__sseek  0x080043c4       0x20 c:/software/clion/tool/gcc-arm-none-eabi-10.3-2021.10/bin/../lib/gcc/arm-none-eabi/10.3.1/../../../../arm-none-eabi/lib/thumb/v7-m/nofp\libg.a(lib_a-stdio.o)
                0x080043c4                __sseek
 .text.__sclose
                0x080043e4        0x8 c:/software/clion/tool/gcc-arm-none-eabi-10.3-2021.10/bin/../lib/gcc/arm-none-eabi/10.3.1/../../../../arm-none-eabi/lib/thumb/v7-m/nofp\libg.a(lib_a-stdio.o)
                0x080043e4                __sclose
 .text.strlen   0x080043ec       0x5c c:/software/clion/tool/gcc-arm-none-eabi-10.3-2021.10/bin/../lib/gcc/arm-none-eabi/10.3.1/../../../../arm-none-eabi/lib/thumb/v7-m/nofp\libg.a(lib_a-strlen-stub.o)
                0x080043ec                strlen
 .text.two_way_long_needle
                0x08004448      0x2b8 c:/software/clion/tool/gcc-arm-none-eabi-10.3-2021.10/bin/../lib/gcc/arm-none-eabi/10.3.1/../../../../arm-none-eabi/lib/thumb/v7-m/nofp\libg.a(lib_a-strstr.o)
 .text.strstr   0x08004700      0x168 c:/software/clion/tool/gcc-arm-none-eabi-10.3-2021.10/bin/../lib/gcc/arm-none-eabi/10.3.1/../../../../arm-none-eabi/lib/thumb/v7-m/nofp\libg.a(lib_a-strstr.o)
                0x08004700                strstr
 .text.__ssvfscanf_r
                0x08004868     0x1700 c:/software/clion/tool/gcc-arm-none-eabi-10.3-2021.10/bin/../lib/gcc/arm-none-eabi/10.3.1/../../../../arm-none-eabi/lib/thumb/v7-m/nofp\libg.a(lib_a-svfscanf.o)
                0x08004868                __ssvfscanf_r
 .text._write_r
                0x08005f68       0x2c c:/software/clion/tool/gcc-arm-none-eabi-10.3-2021.10/bin/../lib/gcc/arm-none-eabi/10.3.1/../../../../arm-none-eabi/lib/thumb/v7-m/nofp\libg.a(lib_a-writer.o)
                0x08005f68                _write_r
 .text.__swsetup_r
                0x08005f94       0xd4 c:/software/clion/tool/gcc-arm-none-eabi-10.3-2021.10/bin/../lib/gcc/arm-none-eabi/10.3.1/../../../../arm-none-eabi/lib/thumb/v7-m/nofp\libg.a(lib_a-wsetup.o)
                0x08005f94                __swsetup_r
 .text.startup.register_fini
                0x08006068       0x14 c:/software/clion/tool/gcc-arm-none-eabi-10.3-2021.10/bin/../lib/gcc/arm-none-eabi/10.3.1/../../../../arm-none-eabi/lib/thumb/v7-m/nofp\libg.a(lib_a-__call_atexit.o)
 .text.atexit   0x0800607c        0xc c:/software/clion/tool/gcc-arm-none-eabi-10.3-2021.10/bin/../lib/gcc/arm-none-eabi/10.3.1/../../../../arm-none-eabi/lib/thumb/v7-m/nofp\libg.a(lib_a-atexit.o)
                0x0800607c                atexit
 .text._close_r
                0x08006088       0x24 c:/software/clion/tool/gcc-arm-none-eabi-10.3-2021.10/bin/../lib/gcc/arm-none-eabi/10.3.1/../../../../arm-none-eabi/lib/thumb/v7-m/nofp\libg.a(lib_a-closer.o)
                0x08006088                _close_r
 .text.quorem   0x080060ac      0x12c c:/software/clion/tool/gcc-arm-none-eabi-10.3-2021.10/bin/../lib/gcc/arm-none-eabi/10.3.1/../../../../arm-none-eabi/lib/thumb/v7-m/nofp\libg.a(lib_a-dtoa.o)
 .text._dtoa_r  0x080061d8      0xecc c:/software/clion/tool/gcc-arm-none-eabi-10.3-2021.10/bin/../lib/gcc/arm-none-eabi/10.3.1/../../../../arm-none-eabi/lib/thumb/v7-m/nofp\libg.a(lib_a-dtoa.o)
                0x080061d8                _dtoa_r
 .text.__sflush_r
                0x080070a4      0x124 c:/software/clion/tool/gcc-arm-none-eabi-10.3-2021.10/bin/../lib/gcc/arm-none-eabi/10.3.1/../../../../arm-none-eabi/lib/thumb/v7-m/nofp\libg.a(lib_a-fflush.o)
                0x080070a4                __sflush_r
 .text._fflush_r
                0x080071c8       0x5c c:/software/clion/tool/gcc-arm-none-eabi-10.3-2021.10/bin/../lib/gcc/arm-none-eabi/10.3.1/../../../../arm-none-eabi/lib/thumb/v7-m/nofp\libg.a(lib_a-fflush.o)
                0x080071c8                _fflush_r
 .text._cleanup_r
                0x08007224        0xc c:/software/clion/tool/gcc-arm-none-eabi-10.3-2021.10/bin/../lib/gcc/arm-none-eabi/10.3.1/../../../../arm-none-eabi/lib/thumb/v7-m/nofp\libg.a(lib_a-findfp.o)
                0x08007224                _cleanup_r
 .text.__sinit  0x08007230      0x10c c:/software/clion/tool/gcc-arm-none-eabi-10.3-2021.10/bin/../lib/gcc/arm-none-eabi/10.3.1/../../../../arm-none-eabi/lib/thumb/v7-m/nofp\libg.a(lib_a-findfp.o)
                0x08007230                __sinit
 .text.__sfp_lock_acquire
                0x0800733c        0xc c:/software/clion/tool/gcc-arm-none-eabi-10.3-2021.10/bin/../lib/gcc/arm-none-eabi/10.3.1/../../../../arm-none-eabi/lib/thumb/v7-m/nofp\libg.a(lib_a-findfp.o)
                0x0800733c                __sfp_lock_acquire
 .text.__sfp_lock_release
                0x08007348        0xc c:/software/clion/tool/gcc-arm-none-eabi-10.3-2021.10/bin/../lib/gcc/arm-none-eabi/10.3.1/../../../../arm-none-eabi/lib/thumb/v7-m/nofp\libg.a(lib_a-findfp.o)
                0x08007348                __sfp_lock_release
 .text.__libc_fini_array
                0x08007354       0x2c c:/software/clion/tool/gcc-arm-none-eabi-10.3-2021.10/bin/../lib/gcc/arm-none-eabi/10.3.1/../../../../arm-none-eabi/lib/thumb/v7-m/nofp\libg.a(lib_a-fini.o)
                0x08007354                __libc_fini_array
 .text._malloc_trim_r
                0x08007380       0xa0 c:/software/clion/tool/gcc-arm-none-eabi-10.3-2021.10/bin/../lib/gcc/arm-none-eabi/10.3.1/../../../../arm-none-eabi/lib/thumb/v7-m/nofp\libg.a(lib_a-freer.o)
                0x08007380                _malloc_trim_r
 .text._free_r  0x08007420      0x200 c:/software/clion/tool/gcc-arm-none-eabi-10.3-2021.10/bin/../lib/gcc/arm-none-eabi/10.3.1/../../../../arm-none-eabi/lib/thumb/v7-m/nofp\libg.a(lib_a-freer.o)
                0x08007420                _free_r
 .text.__sfvwrite_r
                0x08007620      0x2f0 c:/software/clion/tool/gcc-arm-none-eabi-10.3-2021.10/bin/../lib/gcc/arm-none-eabi/10.3.1/../../../../arm-none-eabi/lib/thumb/v7-m/nofp\libg.a(lib_a-fvwrite.o)
                0x08007620                __sfvwrite_r
 .text._fwalk_reent
                0x08007910       0x48 c:/software/clion/tool/gcc-arm-none-eabi-10.3-2021.10/bin/../lib/gcc/arm-none-eabi/10.3.1/../../../../arm-none-eabi/lib/thumb/v7-m/nofp\libg.a(lib_a-fwalk.o)
                0x08007910                _fwalk_reent
 .text.iswspace
                0x08007958        0x8 c:/software/clion/tool/gcc-arm-none-eabi-10.3-2021.10/bin/../lib/gcc/arm-none-eabi/10.3.1/../../../../arm-none-eabi/lib/thumb/v7-m/nofp\libg.a(lib_a-iswspace.o)
                0x08007958                iswspace
 .text.iswspace_l
                0x08007960       0x14 c:/software/clion/tool/gcc-arm-none-eabi-10.3-2021.10/bin/../lib/gcc/arm-none-eabi/10.3.1/../../../../arm-none-eabi/lib/thumb/v7-m/nofp\libg.a(lib_a-iswspace_l.o)
                0x08007960                iswspace_l
 .text.__locale_mb_cur_max
                0x08007974        0xc c:/software/clion/tool/gcc-arm-none-eabi-10.3-2021.10/bin/../lib/gcc/arm-none-eabi/10.3.1/../../../../arm-none-eabi/lib/thumb/v7-m/nofp\libg.a(lib_a-locale.o)
                0x08007974                __locale_mb_cur_max
 .text._localeconv_r
                0x08007980        0x8 c:/software/clion/tool/gcc-arm-none-eabi-10.3-2021.10/bin/../lib/gcc/arm-none-eabi/10.3.1/../../../../arm-none-eabi/lib/thumb/v7-m/nofp\libg.a(lib_a-localeconv.o)
                0x08007980                _localeconv_r
 .text.__retarget_lock_init_recursive
                0x08007988        0x4 c:/software/clion/tool/gcc-arm-none-eabi-10.3-2021.10/bin/../lib/gcc/arm-none-eabi/10.3.1/../../../../arm-none-eabi/lib/thumb/v7-m/nofp\libg.a(lib_a-lock.o)
                0x08007988                __retarget_lock_init_recursive
 .text.__retarget_lock_close_recursive
                0x0800798c        0x4 c:/software/clion/tool/gcc-arm-none-eabi-10.3-2021.10/bin/../lib/gcc/arm-none-eabi/10.3.1/../../../../arm-none-eabi/lib/thumb/v7-m/nofp\libg.a(lib_a-lock.o)
                0x0800798c                __retarget_lock_close_recursive
 .text.__retarget_lock_acquire_recursive
                0x08007990        0x4 c:/software/clion/tool/gcc-arm-none-eabi-10.3-2021.10/bin/../lib/gcc/arm-none-eabi/10.3.1/../../../../arm-none-eabi/lib/thumb/v7-m/nofp\libg.a(lib_a-lock.o)
                0x08007990                __retarget_lock_acquire_recursive
 .text.__retarget_lock_release_recursive
                0x08007994        0x4 c:/software/clion/tool/gcc-arm-none-eabi-10.3-2021.10/bin/../lib/gcc/arm-none-eabi/10.3.1/../../../../arm-none-eabi/lib/thumb/v7-m/nofp\libg.a(lib_a-lock.o)
                0x08007994                __retarget_lock_release_recursive
 .text._lseek_r
                0x08007998       0x2c c:/software/clion/tool/gcc-arm-none-eabi-10.3-2021.10/bin/../lib/gcc/arm-none-eabi/10.3.1/../../../../arm-none-eabi/lib/thumb/v7-m/nofp\libg.a(lib_a-lseekr.o)
                0x08007998                _lseek_r
 .text.__smakebuf_r
                0x080079c4       0xe0 c:/software/clion/tool/gcc-arm-none-eabi-10.3-2021.10/bin/../lib/gcc/arm-none-eabi/10.3.1/../../../../arm-none-eabi/lib/thumb/v7-m/nofp\libg.a(lib_a-makebuf.o)
                0x080079c4                __smakebuf_r
 .text.malloc   0x08007aa4       0x10 c:/software/clion/tool/gcc-arm-none-eabi-10.3-2021.10/bin/../lib/gcc/arm-none-eabi/10.3.1/../../../../arm-none-eabi/lib/thumb/v7-m/nofp\libg.a(lib_a-malloc.o)
                0x08007aa4                malloc
 .text.free     0x08007ab4       0x10 c:/software/clion/tool/gcc-arm-none-eabi-10.3-2021.10/bin/../lib/gcc/arm-none-eabi/10.3.1/../../../../arm-none-eabi/lib/thumb/v7-m/nofp\libg.a(lib_a-malloc.o)
                0x08007ab4                free
 .text._malloc_r
                0x08007ac4      0x558 c:/software/clion/tool/gcc-arm-none-eabi-10.3-2021.10/bin/../lib/gcc/arm-none-eabi/10.3.1/../../../../arm-none-eabi/lib/thumb/v7-m/nofp\libg.a(lib_a-mallocr.o)
                0x08007ac4                _malloc_r
 .text._mbrtowc_r
                0x0800801c       0x44 c:/software/clion/tool/gcc-arm-none-eabi-10.3-2021.10/bin/../lib/gcc/arm-none-eabi/10.3.1/../../../../arm-none-eabi/lib/thumb/v7-m/nofp\libg.a(lib_a-mbrtowc.o)
                0x0800801c                _mbrtowc_r
 .text.__ascii_mbtowc
                0x08008060       0x2c c:/software/clion/tool/gcc-arm-none-eabi-10.3-2021.10/bin/../lib/gcc/arm-none-eabi/10.3.1/../../../../arm-none-eabi/lib/thumb/v7-m/nofp\libg.a(lib_a-mbtowc_r.o)
                0x08008060                __ascii_mbtowc
 .text.memchr   0x0800808c       0x90 c:/software/clion/tool/gcc-arm-none-eabi-10.3-2021.10/bin/../lib/gcc/arm-none-eabi/10.3.1/../../../../arm-none-eabi/lib/thumb/v7-m/nofp\libg.a(lib_a-memchr-stub.o)
                0x0800808c                memchr
 .text.memcmp   0x0800811c       0x68 c:/software/clion/tool/gcc-arm-none-eabi-10.3-2021.10/bin/../lib/gcc/arm-none-eabi/10.3.1/../../../../arm-none-eabi/lib/thumb/v7-m/nofp\libg.a(lib_a-memcmp.o)
                0x0800811c                memcmp
 .text.memmove  0x08008184       0xf8 c:/software/clion/tool/gcc-arm-none-eabi-10.3-2021.10/bin/../lib/gcc/arm-none-eabi/10.3.1/../../../../arm-none-eabi/lib/thumb/v7-m/nofp\libg.a(lib_a-memmove.o)
                0x08008184                memmove
 .text.__malloc_lock
                0x0800827c        0xc c:/software/clion/tool/gcc-arm-none-eabi-10.3-2021.10/bin/../lib/gcc/arm-none-eabi/10.3.1/../../../../arm-none-eabi/lib/thumb/v7-m/nofp\libg.a(lib_a-mlock.o)
                0x0800827c                __malloc_lock
 .text.__malloc_unlock
                0x08008288        0xc c:/software/clion/tool/gcc-arm-none-eabi-10.3-2021.10/bin/../lib/gcc/arm-none-eabi/10.3.1/../../../../arm-none-eabi/lib/thumb/v7-m/nofp\libg.a(lib_a-mlock.o)
                0x08008288                __malloc_unlock
 .text._Balloc  0x08008294       0x4c c:/software/clion/tool/gcc-arm-none-eabi-10.3-2021.10/bin/../lib/gcc/arm-none-eabi/10.3.1/../../../../arm-none-eabi/lib/thumb/v7-m/nofp\libg.a(lib_a-mprec.o)
                0x08008294                _Balloc
 .text._Bfree   0x080082e0       0x14 c:/software/clion/tool/gcc-arm-none-eabi-10.3-2021.10/bin/../lib/gcc/arm-none-eabi/10.3.1/../../../../arm-none-eabi/lib/thumb/v7-m/nofp\libg.a(lib_a-mprec.o)
                0x080082e0                _Bfree
 .text.__multadd
                0x080082f4       0xa4 c:/software/clion/tool/gcc-arm-none-eabi-10.3-2021.10/bin/../lib/gcc/arm-none-eabi/10.3.1/../../../../arm-none-eabi/lib/thumb/v7-m/nofp\libg.a(lib_a-mprec.o)
                0x080082f4                __multadd
 .text.__s2b    0x08008398       0xb4 c:/software/clion/tool/gcc-arm-none-eabi-10.3-2021.10/bin/../lib/gcc/arm-none-eabi/10.3.1/../../../../arm-none-eabi/lib/thumb/v7-m/nofp\libg.a(lib_a-mprec.o)
                0x08008398                __s2b
 .text.__hi0bits
                0x0800844c       0x40 c:/software/clion/tool/gcc-arm-none-eabi-10.3-2021.10/bin/../lib/gcc/arm-none-eabi/10.3.1/../../../../arm-none-eabi/lib/thumb/v7-m/nofp\libg.a(lib_a-mprec.o)
                0x0800844c                __hi0bits
 .text.__lo0bits
                0x0800848c       0x58 c:/software/clion/tool/gcc-arm-none-eabi-10.3-2021.10/bin/../lib/gcc/arm-none-eabi/10.3.1/../../../../arm-none-eabi/lib/thumb/v7-m/nofp\libg.a(lib_a-mprec.o)
                0x0800848c                __lo0bits
 .text.__i2b    0x080084e4       0x5c c:/software/clion/tool/gcc-arm-none-eabi-10.3-2021.10/bin/../lib/gcc/arm-none-eabi/10.3.1/../../../../arm-none-eabi/lib/thumb/v7-m/nofp\libg.a(lib_a-mprec.o)
                0x080084e4                __i2b
 .text.__multiply
                0x08008540      0x15c c:/software/clion/tool/gcc-arm-none-eabi-10.3-2021.10/bin/../lib/gcc/arm-none-eabi/10.3.1/../../../../arm-none-eabi/lib/thumb/v7-m/nofp\libg.a(lib_a-mprec.o)
                0x08008540                __multiply
 .text.__pow5mult
                0x0800869c       0xb8 c:/software/clion/tool/gcc-arm-none-eabi-10.3-2021.10/bin/../lib/gcc/arm-none-eabi/10.3.1/../../../../arm-none-eabi/lib/thumb/v7-m/nofp\libg.a(lib_a-mprec.o)
                0x0800869c                __pow5mult
 .text.__lshift
                0x08008754       0xec c:/software/clion/tool/gcc-arm-none-eabi-10.3-2021.10/bin/../lib/gcc/arm-none-eabi/10.3.1/../../../../arm-none-eabi/lib/thumb/v7-m/nofp\libg.a(lib_a-mprec.o)
                0x08008754                __lshift
 .text.__mcmp   0x08008840       0x40 c:/software/clion/tool/gcc-arm-none-eabi-10.3-2021.10/bin/../lib/gcc/arm-none-eabi/10.3.1/../../../../arm-none-eabi/lib/thumb/v7-m/nofp\libg.a(lib_a-mprec.o)
                0x08008840                __mcmp
 .text.__mdiff  0x08008880      0x14c c:/software/clion/tool/gcc-arm-none-eabi-10.3-2021.10/bin/../lib/gcc/arm-none-eabi/10.3.1/../../../../arm-none-eabi/lib/thumb/v7-m/nofp\libg.a(lib_a-mprec.o)
                0x08008880                __mdiff
 .text.__ulp    0x080089cc       0x44 c:/software/clion/tool/gcc-arm-none-eabi-10.3-2021.10/bin/../lib/gcc/arm-none-eabi/10.3.1/../../../../arm-none-eabi/lib/thumb/v7-m/nofp\libg.a(lib_a-mprec.o)
                0x080089cc                __ulp
 .text.__b2d    0x08008a10       0xd0 c:/software/clion/tool/gcc-arm-none-eabi-10.3-2021.10/bin/../lib/gcc/arm-none-eabi/10.3.1/../../../../arm-none-eabi/lib/thumb/v7-m/nofp\libg.a(lib_a-mprec.o)
                0x08008a10                __b2d
 .text.__d2b    0x08008ae0       0xc4 c:/software/clion/tool/gcc-arm-none-eabi-10.3-2021.10/bin/../lib/gcc/arm-none-eabi/10.3.1/../../../../arm-none-eabi/lib/thumb/v7-m/nofp\libg.a(lib_a-mprec.o)
                0x08008ae0                __d2b
 .text.__ratio  0x08008ba4       0x60 c:/software/clion/tool/gcc-arm-none-eabi-10.3-2021.10/bin/../lib/gcc/arm-none-eabi/10.3.1/../../../../arm-none-eabi/lib/thumb/v7-m/nofp\libg.a(lib_a-mprec.o)
                0x08008ba4                __ratio
 .text.__copybits
                0x08008c04       0x60 c:/software/clion/tool/gcc-arm-none-eabi-10.3-2021.10/bin/../lib/gcc/arm-none-eabi/10.3.1/../../../../arm-none-eabi/lib/thumb/v7-m/nofp\libg.a(lib_a-mprec.o)
                0x08008c04                __copybits
 .text.__any_on
                0x08008c64       0x60 c:/software/clion/tool/gcc-arm-none-eabi-10.3-2021.10/bin/../lib/gcc/arm-none-eabi/10.3.1/../../../../arm-none-eabi/lib/thumb/v7-m/nofp\libg.a(lib_a-mprec.o)
                0x08008c64                __any_on
 .text._read_r  0x08008cc4       0x2c c:/software/clion/tool/gcc-arm-none-eabi-10.3-2021.10/bin/../lib/gcc/arm-none-eabi/10.3.1/../../../../arm-none-eabi/lib/thumb/v7-m/nofp\libg.a(lib_a-readr.o)
                0x08008cc4                _read_r
 .text.realloc  0x08008cf0       0x14 c:/software/clion/tool/gcc-arm-none-eabi-10.3-2021.10/bin/../lib/gcc/arm-none-eabi/10.3.1/../../../../arm-none-eabi/lib/thumb/v7-m/nofp\libg.a(lib_a-realloc.o)
                0x08008cf0                realloc
 .text._realloc_r
                0x08008d04      0x3dc c:/software/clion/tool/gcc-arm-none-eabi-10.3-2021.10/bin/../lib/gcc/arm-none-eabi/10.3.1/../../../../arm-none-eabi/lib/thumb/v7-m/nofp\libg.a(lib_a-reallocr.o)
                0x08008d04                _realloc_r
 .text.frexp    0x080090e0       0x70 c:/software/clion/tool/gcc-arm-none-eabi-10.3-2021.10/bin/../lib/gcc/arm-none-eabi/10.3.1/../../../../arm-none-eabi/lib/thumb/v7-m/nofp\libg.a(lib_a-s_frexp.o)
                0x080090e0                frexp
 .text._sbrk_r  0x08009150       0x24 c:/software/clion/tool/gcc-arm-none-eabi-10.3-2021.10/bin/../lib/gcc/arm-none-eabi/10.3.1/../../../../arm-none-eabi/lib/thumb/v7-m/nofp\libg.a(lib_a-sbrkr.o)
                0x08009150                _sbrk_r
 .text.__sccl   0x08009174       0x8c c:/software/clion/tool/gcc-arm-none-eabi-10.3-2021.10/bin/../lib/gcc/arm-none-eabi/10.3.1/../../../../arm-none-eabi/lib/thumb/v7-m/nofp\libg.a(lib_a-sccl.o)
                0x08009174                __sccl
 .text.nanf     0x08009200        0x8 c:/software/clion/tool/gcc-arm-none-eabi-10.3-2021.10/bin/../lib/gcc/arm-none-eabi/10.3.1/../../../../arm-none-eabi/lib/thumb/v7-m/nofp\libg.a(lib_a-sf_nan.o)
                0x08009200                nanf
 .text.sprintf  0x08009208       0x44 c:/software/clion/tool/gcc-arm-none-eabi-10.3-2021.10/bin/../lib/gcc/arm-none-eabi/10.3.1/../../../../arm-none-eabi/lib/thumb/v7-m/nofp\libg.a(lib_a-sprintf.o)
                0x08009208                sprintf
 .text.strchr   0x0800924c       0xcc c:/software/clion/tool/gcc-arm-none-eabi-10.3-2021.10/bin/../lib/gcc/arm-none-eabi/10.3.1/../../../../arm-none-eabi/lib/thumb/v7-m/nofp\libg.a(lib_a-strchr.o)
                0x0800924c                strchr
 .text.strncpy  0x08009318       0x68 c:/software/clion/tool/gcc-arm-none-eabi-10.3-2021.10/bin/../lib/gcc/arm-none-eabi/10.3.1/../../../../arm-none-eabi/lib/thumb/v7-m/nofp\libg.a(lib_a-strncpy.o)
                0x08009318                strncpy
 .text.strnlen  0x08009380       0x24 c:/software/clion/tool/gcc-arm-none-eabi-10.3-2021.10/bin/../lib/gcc/arm-none-eabi/10.3.1/../../../../arm-none-eabi/lib/thumb/v7-m/nofp\libg.a(lib_a-strnlen.o)
                0x08009380                strnlen
 *fill*         0x080093a4        0x4 
 .text._strtod_l
                0x080093a8      0xf38 c:/software/clion/tool/gcc-arm-none-eabi-10.3-2021.10/bin/../lib/gcc/arm-none-eabi/10.3.1/../../../../arm-none-eabi/lib/thumb/v7-m/nofp\libg.a(lib_a-strtod.o)
                0x080093a8                _strtod_l
 .text._strtod_r
                0x0800a2e0        0xc c:/software/clion/tool/gcc-arm-none-eabi-10.3-2021.10/bin/../lib/gcc/arm-none-eabi/10.3.1/../../../../arm-none-eabi/lib/thumb/v7-m/nofp\libg.a(lib_a-strtod.o)
                0x0800a2e0                _strtod_r
 .text._strtol_l.part.0
                0x0800a2ec      0x120 c:/software/clion/tool/gcc-arm-none-eabi-10.3-2021.10/bin/../lib/gcc/arm-none-eabi/10.3.1/../../../../arm-none-eabi/lib/thumb/v7-m/nofp\libg.a(lib_a-strtol.o)
 .text._strtol_r
                0x0800a40c       0x1c c:/software/clion/tool/gcc-arm-none-eabi-10.3-2021.10/bin/../lib/gcc/arm-none-eabi/10.3.1/../../../../arm-none-eabi/lib/thumb/v7-m/nofp\libg.a(lib_a-strtol.o)
                0x0800a40c                _strtol_r
 .text._strtoll_l.constprop.0
                0x0800a428      0x178 c:/software/clion/tool/gcc-arm-none-eabi-10.3-2021.10/bin/../lib/gcc/arm-none-eabi/10.3.1/../../../../arm-none-eabi/lib/thumb/v7-m/nofp\libg.a(lib_a-strtoll.o)
 .text._strtoll_r
                0x0800a5a0        0x4 c:/software/clion/tool/gcc-arm-none-eabi-10.3-2021.10/bin/../lib/gcc/arm-none-eabi/10.3.1/../../../../arm-none-eabi/lib/thumb/v7-m/nofp\libg.a(lib_a-strtoll.o)
                0x0800a5a0                _strtoll_r
 .text._strtoul_l.constprop.0
                0x0800a5a4      0x13c c:/software/clion/tool/gcc-arm-none-eabi-10.3-2021.10/bin/../lib/gcc/arm-none-eabi/10.3.1/../../../../arm-none-eabi/lib/thumb/v7-m/nofp\libg.a(lib_a-strtoul.o)
 .text._strtoul_r
                0x0800a6e0        0x4 c:/software/clion/tool/gcc-arm-none-eabi-10.3-2021.10/bin/../lib/gcc/arm-none-eabi/10.3.1/../../../../arm-none-eabi/lib/thumb/v7-m/nofp\libg.a(lib_a-strtoul.o)
                0x0800a6e0                _strtoul_r
 .text._strtoull_l.constprop.0
                0x0800a6e4      0x1a4 c:/software/clion/tool/gcc-arm-none-eabi-10.3-2021.10/bin/../lib/gcc/arm-none-eabi/10.3.1/../../../../arm-none-eabi/lib/thumb/v7-m/nofp\libg.a(lib_a-strtoull.o)
 .text._strtoull_r
                0x0800a888        0x4 c:/software/clion/tool/gcc-arm-none-eabi-10.3-2021.10/bin/../lib/gcc/arm-none-eabi/10.3.1/../../../../arm-none-eabi/lib/thumb/v7-m/nofp\libg.a(lib_a-strtoull.o)
                0x0800a888                _strtoull_r
 .text._sungetc_r
                0x0800a88c       0x80 c:/software/clion/tool/gcc-arm-none-eabi-10.3-2021.10/bin/../lib/gcc/arm-none-eabi/10.3.1/../../../../arm-none-eabi/lib/thumb/v7-m/nofp\libg.a(lib_a-svfiscanf.o)
                0x0800a88c                _sungetc_r
 .text.__ssrefill_r
                0x0800a90c       0x3c c:/software/clion/tool/gcc-arm-none-eabi-10.3-2021.10/bin/../lib/gcc/arm-none-eabi/10.3.1/../../../../arm-none-eabi/lib/thumb/v7-m/nofp\libg.a(lib_a-svfiscanf.o)
                0x0800a90c                __ssrefill_r
 .text._sfread_r
                0x0800a948       0xb4 c:/software/clion/tool/gcc-arm-none-eabi-10.3-2021.10/bin/../lib/gcc/arm-none-eabi/10.3.1/../../../../arm-none-eabi/lib/thumb/v7-m/nofp\libg.a(lib_a-svfiscanf.o)
                0x0800a948                _sfread_r
 .text._svfprintf_r
                0x0800a9fc     0x1aa4 c:/software/clion/tool/gcc-arm-none-eabi-10.3-2021.10/bin/../lib/gcc/arm-none-eabi/10.3.1/../../../../arm-none-eabi/lib/thumb/v7-m/nofp\libg.a(lib_a-svfprintf.o)
                0x0800a9fc                _svfprintf_r
 .text.__submore
                0x0800c4a0       0x78 c:/software/clion/tool/gcc-arm-none-eabi-10.3-2021.10/bin/../lib/gcc/arm-none-eabi/10.3.1/../../../../arm-none-eabi/lib/thumb/v7-m/nofp\libg.a(lib_a-ungetc.o)
                0x0800c4a0                __submore
 .text.__sprint_r.part.0
                0x0800c518       0x78 c:/software/clion/tool/gcc-arm-none-eabi-10.3-2021.10/bin/../lib/gcc/arm-none-eabi/10.3.1/../../../../arm-none-eabi/lib/thumb/v7-m/nofp\libg.a(lib_a-vfiprintf.o)
 .text._vfiprintf_r
                0x0800c590      0xd98 c:/software/clion/tool/gcc-arm-none-eabi-10.3-2021.10/bin/../lib/gcc/arm-none-eabi/10.3.1/../../../../arm-none-eabi/lib/thumb/v7-m/nofp\libg.a(lib_a-vfiprintf.o)
                0x0800c590                _vfiprintf_r
 .text.__sbprintf
                0x0800d328       0x84 c:/software/clion/tool/gcc-arm-none-eabi-10.3-2021.10/bin/../lib/gcc/arm-none-eabi/10.3.1/../../../../arm-none-eabi/lib/thumb/v7-m/nofp\libg.a(lib_a-vfiprintf.o)
 .text.__ascii_wctomb
                0x0800d3ac       0x1c c:/software/clion/tool/gcc-arm-none-eabi-10.3-2021.10/bin/../lib/gcc/arm-none-eabi/10.3.1/../../../../arm-none-eabi/lib/thumb/v7-m/nofp\libg.a(lib_a-wctomb_r.o)
                0x0800d3ac                __ascii_wctomb
 .text.__register_exitproc
                0x0800d3c8       0x8c c:/software/clion/tool/gcc-arm-none-eabi-10.3-2021.10/bin/../lib/gcc/arm-none-eabi/10.3.1/../../../../arm-none-eabi/lib/thumb/v7-m/nofp\libg.a(lib_a-__atexit.o)
                0x0800d3c8                __register_exitproc
 .text.__assert_func
                0x0800d454       0x40 c:/software/clion/tool/gcc-arm-none-eabi-10.3-2021.10/bin/../lib/gcc/arm-none-eabi/10.3.1/../../../../arm-none-eabi/lib/thumb/v7-m/nofp\libg.a(lib_a-assert.o)
                0x0800d454                __assert_func
 .text._calloc_r
                0x0800d494       0x78 c:/software/clion/tool/gcc-arm-none-eabi-10.3-2021.10/bin/../lib/gcc/arm-none-eabi/10.3.1/../../../../arm-none-eabi/lib/thumb/v7-m/nofp\libg.a(lib_a-callocr.o)
                0x0800d494                _calloc_r
 .text._fclose_r
                0x0800d50c       0xcc c:/software/clion/tool/gcc-arm-none-eabi-10.3-2021.10/bin/../lib/gcc/arm-none-eabi/10.3.1/../../../../arm-none-eabi/lib/thumb/v7-m/nofp\libg.a(lib_a-fclose.o)
                0x0800d50c                _fclose_r
 .text.fiprintf
                0x0800d5d8       0x28 c:/software/clion/tool/gcc-arm-none-eabi-10.3-2021.10/bin/../lib/gcc/arm-none-eabi/10.3.1/../../../../arm-none-eabi/lib/thumb/v7-m/nofp\libg.a(lib_a-fiprintf.o)
                0x0800d5d8                fiprintf
 .text.__fputwc
                0x0800d600       0xa0 c:/software/clion/tool/gcc-arm-none-eabi-10.3-2021.10/bin/../lib/gcc/arm-none-eabi/10.3.1/../../../../arm-none-eabi/lib/thumb/v7-m/nofp\libg.a(lib_a-fputwc.o)
                0x0800d600                __fputwc
 .text._fputwc_r
                0x0800d6a0       0x68 c:/software/clion/tool/gcc-arm-none-eabi-10.3-2021.10/bin/../lib/gcc/arm-none-eabi/10.3.1/../../../../arm-none-eabi/lib/thumb/v7-m/nofp\libg.a(lib_a-fputwc.o)
                0x0800d6a0                _fputwc_r
 .text._fstat_r
                0x0800d708       0x28 c:/software/clion/tool/gcc-arm-none-eabi-10.3-2021.10/bin/../lib/gcc/arm-none-eabi/10.3.1/../../../../arm-none-eabi/lib/thumb/v7-m/nofp\libg.a(lib_a-fstatr.o)
                0x0800d708                _fstat_r
 .text.rshift   0x0800d730       0xa4 c:/software/clion/tool/gcc-arm-none-eabi-10.3-2021.10/bin/../lib/gcc/arm-none-eabi/10.3.1/../../../../arm-none-eabi/lib/thumb/v7-m/nofp\libg.a(lib_a-gdtoa-gethex.o)
 .text.__gethex
                0x0800d7d4      0x5c4 c:/software/clion/tool/gcc-arm-none-eabi-10.3-2021.10/bin/../lib/gcc/arm-none-eabi/10.3.1/../../../../arm-none-eabi/lib/thumb/v7-m/nofp\libg.a(lib_a-gdtoa-gethex.o)
                0x0800d7d4                __gethex
 .text.__match  0x0800dd98       0x34 c:/software/clion/tool/gcc-arm-none-eabi-10.3-2021.10/bin/../lib/gcc/arm-none-eabi/10.3.1/../../../../arm-none-eabi/lib/thumb/v7-m/nofp\libg.a(lib_a-gdtoa-hexnan.o)
                0x0800dd98                __match
 .text.__hexnan
                0x0800ddcc      0x1ac c:/software/clion/tool/gcc-arm-none-eabi-10.3-2021.10/bin/../lib/gcc/arm-none-eabi/10.3.1/../../../../arm-none-eabi/lib/thumb/v7-m/nofp\libg.a(lib_a-gdtoa-hexnan.o)
                0x0800ddcc                __hexnan
 .text._isatty_r
                0x0800df78       0x24 c:/software/clion/tool/gcc-arm-none-eabi-10.3-2021.10/bin/../lib/gcc/arm-none-eabi/10.3.1/../../../../arm-none-eabi/lib/thumb/v7-m/nofp\libg.a(lib_a-isattyr.o)
                0x0800df78                _isatty_r
 .text.nan      0x0800df9c        0xc c:/software/clion/tool/gcc-arm-none-eabi-10.3-2021.10/bin/../lib/gcc/arm-none-eabi/10.3.1/../../../../arm-none-eabi/lib/thumb/v7-m/nofp\libg.a(lib_a-s_nan.o)
                0x0800df9c                nan
 .text.strncmp  0x0800dfa8       0x7c c:/software/clion/tool/gcc-arm-none-eabi-10.3-2021.10/bin/../lib/gcc/arm-none-eabi/10.3.1/../../../../arm-none-eabi/lib/thumb/v7-m/nofp\libg.a(lib_a-strncmp.o)
                0x0800dfa8                strncmp
 .text.__ssprint_r
                0x0800e024       0xfc c:/software/clion/tool/gcc-arm-none-eabi-10.3-2021.10/bin/../lib/gcc/arm-none-eabi/10.3.1/../../../../arm-none-eabi/lib/thumb/v7-m/nofp\libg.a(lib_a-svfiprintf.o)
                0x0800e024                __ssprint_r
 .text.__swbuf_r
                0x0800e120       0xb0 c:/software/clion/tool/gcc-arm-none-eabi-10.3-2021.10/bin/../lib/gcc/arm-none-eabi/10.3.1/../../../../arm-none-eabi/lib/thumb/v7-m/nofp\libg.a(lib_a-wbuf.o)
                0x0800e120                __swbuf_r
 .text._wcrtomb_r
                0x0800e1d0       0x3c c:/software/clion/tool/gcc-arm-none-eabi-10.3-2021.10/bin/../lib/gcc/arm-none-eabi/10.3.1/../../../../arm-none-eabi/lib/thumb/v7-m/nofp\libg.a(lib_a-wcrtomb.o)
                0x0800e1d0                _wcrtomb_r
 .text.abort    0x0800e20c       0x10 c:/software/clion/tool/gcc-arm-none-eabi-10.3-2021.10/bin/../lib/gcc/arm-none-eabi/10.3.1/../../../../arm-none-eabi/lib/thumb/v7-m/nofp\libg.a(lib_a-abort.o)
                0x0800e20c                abort
 .text.raise    0x0800e21c       0x5c c:/software/clion/tool/gcc-arm-none-eabi-10.3-2021.10/bin/../lib/gcc/arm-none-eabi/10.3.1/../../../../arm-none-eabi/lib/thumb/v7-m/nofp\libg.a(lib_a-signal.o)
                0x0800e21c                raise
 .text._kill_r  0x0800e278       0x28 c:/software/clion/tool/gcc-arm-none-eabi-10.3-2021.10/bin/../lib/gcc/arm-none-eabi/10.3.1/../../../../arm-none-eabi/lib/thumb/v7-m/nofp\libg.a(lib_a-signalr.o)
                0x0800e278                _kill_r
 .text._getpid_r
                0x0800e2a0        0x4 c:/software/clion/tool/gcc-arm-none-eabi-10.3-2021.10/bin/../lib/gcc/arm-none-eabi/10.3.1/../../../../arm-none-eabi/lib/thumb/v7-m/nofp\libg.a(lib_a-signalr.o)
                0x0800e2a0                _getpid_r
 *(.glue_7)
 .glue_7        0x0800e2a4        0x0 linker stubs
 *(.glue_7t)
 .glue_7t       0x0800e2a4        0x0 linker stubs
 *(.eh_frame)
 .eh_frame      0x0800e2a4        0x0 c:/software/clion/tool/gcc-arm-none-eabi-10.3-2021.10/bin/../lib/gcc/arm-none-eabi/10.3.1/thumb/v7-m/nofp/crtbegin.o
 *(.init)
 .init          0x0800e2a4        0x4 c:/software/clion/tool/gcc-arm-none-eabi-10.3-2021.10/bin/../lib/gcc/arm-none-eabi/10.3.1/thumb/v7-m/nofp/crti.o
                0x0800e2a4                _init
 .init          0x0800e2a8        0x8 c:/software/clion/tool/gcc-arm-none-eabi-10.3-2021.10/bin/../lib/gcc/arm-none-eabi/10.3.1/thumb/v7-m/nofp/crtn.o
 *(.fini)
 .fini          0x0800e2b0        0x4 c:/software/clion/tool/gcc-arm-none-eabi-10.3-2021.10/bin/../lib/gcc/arm-none-eabi/10.3.1/thumb/v7-m/nofp/crti.o
                0x0800e2b0                _fini
 .fini          0x0800e2b4        0x8 c:/software/clion/tool/gcc-arm-none-eabi-10.3-2021.10/bin/../lib/gcc/arm-none-eabi/10.3.1/thumb/v7-m/nofp/crtn.o
                0x0800e2bc                . = ALIGN (0x4)
                0x0800e2bc                _etext = .

.vfp11_veneer   0x0800e2bc        0x0
 .vfp11_veneer  0x0800e2bc        0x0 linker stubs

.v4_bx          0x0800e2bc        0x0
 .v4_bx         0x0800e2bc        0x0 linker stubs

.iplt           0x0800e2bc        0x0
 .iplt          0x0800e2bc        0x0 c:/software/clion/tool/gcc-arm-none-eabi-10.3-2021.10/bin/../lib/gcc/arm-none-eabi/10.3.1/thumb/v7-m/nofp/crtbegin.o

.rodata         0x0800e2c0      0x684
                0x0800e2c0                . = ALIGN (0x4)
 *(.rodata)
 *(.rodata*)
 .rodata.parse_uart_data.str1.4
                0x0800e2c0       0x31 CMakeFiles/Motor.elf.dir/BSP/bsp_uart.c.obj
 *fill*         0x0800e2f1        0x3 
 .rodata.AHBPrescTable
                0x0800e2f4       0x10 CMakeFiles/Motor.elf.dir/Core/Src/system_stm32f1xx.c.obj
                0x0800e2f4                AHBPrescTable
 .rodata.APBPrescTable
                0x0800e304        0x8 CMakeFiles/Motor.elf.dir/Core/Src/system_stm32f1xx.c.obj
                0x0800e304                APBPrescTable
 .rodata.HAL_RCC_GetSysClockFreq.str1.4
                0x0800e30c       0x11 CMakeFiles/Motor.elf.dir/Drivers/STM32F1xx_HAL_Driver/Src/stm32f1xx_hal_rcc.c.obj
 *fill*         0x0800e31d        0x3 
 .rodata._global_impure_ptr
                0x0800e320        0x4 c:/software/clion/tool/gcc-arm-none-eabi-10.3-2021.10/bin/../lib/gcc/arm-none-eabi/10.3.1/../../../../arm-none-eabi/lib/thumb/v7-m/nofp\libg.a(lib_a-impure.o)
                0x0800e320                _global_impure_ptr
 .rodata.__ssvfscanf_r.str1.4
                0x0800e324        0x5 c:/software/clion/tool/gcc-arm-none-eabi-10.3-2021.10/bin/../lib/gcc/arm-none-eabi/10.3.1/../../../../arm-none-eabi/lib/thumb/v7-m/nofp\libg.a(lib_a-svfscanf.o)
                                  0x9 (size before relaxing)
 *fill*         0x0800e329        0x3 
 .rodata.basefix.0
                0x0800e32c       0x22 c:/software/clion/tool/gcc-arm-none-eabi-10.3-2021.10/bin/../lib/gcc/arm-none-eabi/10.3.1/../../../../arm-none-eabi/lib/thumb/v7-m/nofp\libg.a(lib_a-svfscanf.o)
 *fill*         0x0800e34e        0x2 
 .rodata._ctype_
                0x0800e350      0x101 c:/software/clion/tool/gcc-arm-none-eabi-10.3-2021.10/bin/../lib/gcc/arm-none-eabi/10.3.1/../../../../arm-none-eabi/lib/thumb/v7-m/nofp\libg.a(lib_a-ctype_.o)
                0x0800e350                _ctype_
 *fill*         0x0800e451        0x3 
 .rodata._dtoa_r.str1.4
                0x0800e454       0xa6 c:/software/clion/tool/gcc-arm-none-eabi-10.3-2021.10/bin/../lib/gcc/arm-none-eabi/10.3.1/../../../../arm-none-eabi/lib/thumb/v7-m/nofp\libg.a(lib_a-dtoa.o)
 *fill*         0x0800e4fa        0x2 
 .rodata._setlocale_r.str1.4
                0x0800e4fc        0xa c:/software/clion/tool/gcc-arm-none-eabi-10.3-2021.10/bin/../lib/gcc/arm-none-eabi/10.3.1/../../../../arm-none-eabi/lib/thumb/v7-m/nofp\libg.a(lib_a-locale.o)
                                  0xd (size before relaxing)
 *fill*         0x0800e506        0x2 
 .rodata.str1.4
                0x0800e508        0x2 c:/software/clion/tool/gcc-arm-none-eabi-10.3-2021.10/bin/../lib/gcc/arm-none-eabi/10.3.1/../../../../arm-none-eabi/lib/thumb/v7-m/nofp\libg.a(lib_a-locale.o)
 .rodata._mbrtowc_r.str1.4
                0x0800e50a        0x1 c:/software/clion/tool/gcc-arm-none-eabi-10.3-2021.10/bin/../lib/gcc/arm-none-eabi/10.3.1/../../../../arm-none-eabi/lib/thumb/v7-m/nofp\libg.a(lib_a-mbrtowc.o)
 *fill*         0x0800e50a        0x2 
 .rodata.__multadd.str1.4
                0x0800e50c       0x7f c:/software/clion/tool/gcc-arm-none-eabi-10.3-2021.10/bin/../lib/gcc/arm-none-eabi/10.3.1/../../../../arm-none-eabi/lib/thumb/v7-m/nofp\libg.a(lib_a-mprec.o)
                                 0x93 (size before relaxing)
 *fill*         0x0800e58b        0x5 
 .rodata.__mprec_bigtens
                0x0800e590       0x28 c:/software/clion/tool/gcc-arm-none-eabi-10.3-2021.10/bin/../lib/gcc/arm-none-eabi/10.3.1/../../../../arm-none-eabi/lib/thumb/v7-m/nofp\libg.a(lib_a-mprec.o)
                0x0800e590                __mprec_bigtens
 .rodata.__mprec_tens
                0x0800e5b8       0xc8 c:/software/clion/tool/gcc-arm-none-eabi-10.3-2021.10/bin/../lib/gcc/arm-none-eabi/10.3.1/../../../../arm-none-eabi/lib/thumb/v7-m/nofp\libg.a(lib_a-mprec.o)
                0x0800e5b8                __mprec_tens
 .rodata.p05.0  0x0800e680        0xc c:/software/clion/tool/gcc-arm-none-eabi-10.3-2021.10/bin/../lib/gcc/arm-none-eabi/10.3.1/../../../../arm-none-eabi/lib/thumb/v7-m/nofp\libg.a(lib_a-mprec.o)
 .rodata._strtod_l.str1.4
                0x0800e68c        0xf c:/software/clion/tool/gcc-arm-none-eabi-10.3-2021.10/bin/../lib/gcc/arm-none-eabi/10.3.1/../../../../arm-none-eabi/lib/thumb/v7-m/nofp\libg.a(lib_a-strtod.o)
                                 0x11 (size before relaxing)
 *fill*         0x0800e69b        0x1 
 .rodata.fpi.1  0x0800e69c       0x14 c:/software/clion/tool/gcc-arm-none-eabi-10.3-2021.10/bin/../lib/gcc/arm-none-eabi/10.3.1/../../../../arm-none-eabi/lib/thumb/v7-m/nofp\libg.a(lib_a-strtod.o)
 .rodata.fpinan.0
                0x0800e6b0       0x14 c:/software/clion/tool/gcc-arm-none-eabi-10.3-2021.10/bin/../lib/gcc/arm-none-eabi/10.3.1/../../../../arm-none-eabi/lib/thumb/v7-m/nofp\libg.a(lib_a-strtod.o)
 *fill*         0x0800e6c4        0x4 
 .rodata.tinytens
                0x0800e6c8       0x28 c:/software/clion/tool/gcc-arm-none-eabi-10.3-2021.10/bin/../lib/gcc/arm-none-eabi/10.3.1/../../../../arm-none-eabi/lib/thumb/v7-m/nofp\libg.a(lib_a-strtod.o)
 .rodata._svfprintf_r.str1.4
                0x0800e6f0       0x3f c:/software/clion/tool/gcc-arm-none-eabi-10.3-2021.10/bin/../lib/gcc/arm-none-eabi/10.3.1/../../../../arm-none-eabi/lib/thumb/v7-m/nofp\libg.a(lib_a-svfprintf.o)
                                 0x42 (size before relaxing)
 *fill*         0x0800e72f        0x1 
 .rodata.blanks.1
                0x0800e730       0x10 c:/software/clion/tool/gcc-arm-none-eabi-10.3-2021.10/bin/../lib/gcc/arm-none-eabi/10.3.1/../../../../arm-none-eabi/lib/thumb/v7-m/nofp\libg.a(lib_a-svfprintf.o)
 .rodata.zeroes.0
                0x0800e740       0x10 c:/software/clion/tool/gcc-arm-none-eabi-10.3-2021.10/bin/../lib/gcc/arm-none-eabi/10.3.1/../../../../arm-none-eabi/lib/thumb/v7-m/nofp\libg.a(lib_a-svfprintf.o)
 .rodata._vfiprintf_r.str1.4
                0x0800e750       0x2f c:/software/clion/tool/gcc-arm-none-eabi-10.3-2021.10/bin/../lib/gcc/arm-none-eabi/10.3.1/../../../../arm-none-eabi/lib/thumb/v7-m/nofp\libg.a(lib_a-vfiprintf.o)
 .rodata.blanks.1
                0x0800e750       0x10 c:/software/clion/tool/gcc-arm-none-eabi-10.3-2021.10/bin/../lib/gcc/arm-none-eabi/10.3.1/../../../../arm-none-eabi/lib/thumb/v7-m/nofp\libg.a(lib_a-vfiprintf.o)
 .rodata.zeroes.0
                0x0800e760       0x10 c:/software/clion/tool/gcc-arm-none-eabi-10.3-2021.10/bin/../lib/gcc/arm-none-eabi/10.3.1/../../../../arm-none-eabi/lib/thumb/v7-m/nofp\libg.a(lib_a-vfiprintf.o)
 .rodata.__assert_func.str1.4
                0x0800e770       0x3f c:/software/clion/tool/gcc-arm-none-eabi-10.3-2021.10/bin/../lib/gcc/arm-none-eabi/10.3.1/../../../../arm-none-eabi/lib/thumb/v7-m/nofp\libg.a(lib_a-assert.o)
                                 0x43 (size before relaxing)
 *fill*         0x0800e7af        0x1 
 .rodata.__gethex.str1.4
                0x0800e7b0       0x86 c:/software/clion/tool/gcc-arm-none-eabi-10.3-2021.10/bin/../lib/gcc/arm-none-eabi/10.3.1/../../../../arm-none-eabi/lib/thumb/v7-m/nofp\libg.a(lib_a-gdtoa-gethex.o)
                                 0x9a (size before relaxing)
 *fill*         0x0800e836        0x2 
 .rodata.__hexdig
                0x0800e838      0x100 c:/software/clion/tool/gcc-arm-none-eabi-10.3-2021.10/bin/../lib/gcc/arm-none-eabi/10.3.1/../../../../arm-none-eabi/lib/thumb/v7-m/nofp\libg.a(lib_a-gdtoa-gethex.o)
                0x0800e838                __hexdig
 .rodata.str1.4
                0x0800e938        0x5 c:/software/clion/tool/gcc-arm-none-eabi-10.3-2021.10/bin/../lib/gcc/arm-none-eabi/10.3.1/../../../../arm-none-eabi/lib/thumb/v7-m/nofp\libg.a(lib_a-lnumeric.o)
 .rodata._C_numeric_locale
                0x0800e938        0xc c:/software/clion/tool/gcc-arm-none-eabi-10.3-2021.10/bin/../lib/gcc/arm-none-eabi/10.3.1/../../../../arm-none-eabi/lib/thumb/v7-m/nofp\libg.a(lib_a-lnumeric.o)
                0x0800e938                _C_numeric_locale
                0x0800e944                . = ALIGN (0x4)

.ARM.extab      0x0800e944        0x0
                0x0800e944                . = ALIGN (0x4)
 *(.ARM.extab* .gnu.linkonce.armextab.*)
                0x0800e944                . = ALIGN (0x4)

.ARM            0x0800e944        0x8
                0x0800e944                . = ALIGN (0x4)
                0x0800e944                __exidx_start = .
 *(.ARM.exidx*)
 .ARM.exidx     0x0800e944        0x8 c:/software/clion/tool/gcc-arm-none-eabi-10.3-2021.10/bin/../lib/gcc/arm-none-eabi/10.3.1/thumb/v7-m/nofp\libgcc.a(_udivmoddi4.o)
                0x0800e94c                __exidx_end = .
                0x0800e94c                . = ALIGN (0x4)

.rel.dyn        0x0800e94c        0x0
 .rel.iplt      0x0800e94c        0x0 c:/software/clion/tool/gcc-arm-none-eabi-10.3-2021.10/bin/../lib/gcc/arm-none-eabi/10.3.1/thumb/v7-m/nofp/crtbegin.o

.preinit_array  0x0800e94c        0x0
                0x0800e94c                . = ALIGN (0x4)
                0x0800e94c                PROVIDE (__preinit_array_start = .)
 *(.preinit_array*)
                0x0800e94c                PROVIDE (__preinit_array_end = .)
                0x0800e94c                . = ALIGN (0x4)

.init_array     0x0800e94c        0x8
                0x0800e94c                . = ALIGN (0x4)
                0x0800e94c                PROVIDE (__init_array_start = .)
 *(SORT_BY_NAME(.init_array.*))
 .init_array.00000
                0x0800e94c        0x4 c:/software/clion/tool/gcc-arm-none-eabi-10.3-2021.10/bin/../lib/gcc/arm-none-eabi/10.3.1/../../../../arm-none-eabi/lib/thumb/v7-m/nofp\libg.a(lib_a-__call_atexit.o)
 *(.init_array*)
 .init_array    0x0800e950        0x4 c:/software/clion/tool/gcc-arm-none-eabi-10.3-2021.10/bin/../lib/gcc/arm-none-eabi/10.3.1/thumb/v7-m/nofp/crtbegin.o
                0x0800e954                PROVIDE (__init_array_end = .)
                0x0800e954                . = ALIGN (0x4)

.fini_array     0x0800e954        0x4
                0x0800e954                . = ALIGN (0x4)
                0x0800e954                PROVIDE (__fini_array_start = .)
 *(SORT_BY_NAME(.fini_array.*))
 *(.fini_array*)
 .fini_array    0x0800e954        0x4 c:/software/clion/tool/gcc-arm-none-eabi-10.3-2021.10/bin/../lib/gcc/arm-none-eabi/10.3.1/thumb/v7-m/nofp/crtbegin.o
                0x0800e958                PROVIDE (__fini_array_end = .)
                0x0800e958                . = ALIGN (0x4)
                0x0800e958                _sidata = LOADADDR (.data)

.data           0x20000000      0x9bc load address 0x0800e958
                0x20000000                . = ALIGN (0x4)
                0x20000000                _sdata = .
 *(.data)
 *(.data*)
 .data.SystemCoreClock
                0x20000000        0x4 CMakeFiles/Motor.elf.dir/Core/Src/system_stm32f1xx.c.obj
                0x20000000                SystemCoreClock
 .data.uwTickFreq
                0x20000004        0x1 CMakeFiles/Motor.elf.dir/Drivers/STM32F1xx_HAL_Driver/Src/stm32f1xx_hal.c.obj
                0x20000004                uwTickFreq
 *fill*         0x20000005        0x3 
 .data.uwTickPrio
                0x20000008        0x4 CMakeFiles/Motor.elf.dir/Drivers/STM32F1xx_HAL_Driver/Src/stm32f1xx_hal.c.obj
                0x20000008                uwTickPrio
 .data._impure_ptr
                0x2000000c        0x4 c:/software/clion/tool/gcc-arm-none-eabi-10.3-2021.10/bin/../lib/gcc/arm-none-eabi/10.3.1/../../../../arm-none-eabi/lib/thumb/v7-m/nofp\libg.a(lib_a-impure.o)
                0x2000000c                _impure_ptr
 .data.impure_data
                0x20000010      0x428 c:/software/clion/tool/gcc-arm-none-eabi-10.3-2021.10/bin/../lib/gcc/arm-none-eabi/10.3.1/../../../../arm-none-eabi/lib/thumb/v7-m/nofp\libg.a(lib_a-impure.o)
 .data.__atexit_recursive_mutex
                0x20000438        0x4 c:/software/clion/tool/gcc-arm-none-eabi-10.3-2021.10/bin/../lib/gcc/arm-none-eabi/10.3.1/../../../../arm-none-eabi/lib/thumb/v7-m/nofp\libg.a(lib_a-__call_atexit.o)
                0x20000438                __atexit_recursive_mutex
 .data.__global_locale
                0x2000043c      0x16c c:/software/clion/tool/gcc-arm-none-eabi-10.3-2021.10/bin/../lib/gcc/arm-none-eabi/10.3.1/../../../../arm-none-eabi/lib/thumb/v7-m/nofp\libg.a(lib_a-locale.o)
                0x2000043c                __global_locale
 .data.__malloc_av_
                0x200005a8      0x408 c:/software/clion/tool/gcc-arm-none-eabi-10.3-2021.10/bin/../lib/gcc/arm-none-eabi/10.3.1/../../../../arm-none-eabi/lib/thumb/v7-m/nofp\libg.a(lib_a-mallocr.o)
                0x200005a8                __malloc_av_
 .data.__malloc_sbrk_base
                0x200009b0        0x4 c:/software/clion/tool/gcc-arm-none-eabi-10.3-2021.10/bin/../lib/gcc/arm-none-eabi/10.3.1/../../../../arm-none-eabi/lib/thumb/v7-m/nofp\libg.a(lib_a-mallocr.o)
                0x200009b0                __malloc_sbrk_base
 .data.__malloc_trim_threshold
                0x200009b4        0x4 c:/software/clion/tool/gcc-arm-none-eabi-10.3-2021.10/bin/../lib/gcc/arm-none-eabi/10.3.1/../../../../arm-none-eabi/lib/thumb/v7-m/nofp\libg.a(lib_a-mallocr.o)
                0x200009b4                __malloc_trim_threshold
 .data.numempty
                0x200009b8        0x2 c:/software/clion/tool/gcc-arm-none-eabi-10.3-2021.10/bin/../lib/gcc/arm-none-eabi/10.3.1/../../../../arm-none-eabi/lib/thumb/v7-m/nofp\libg.a(lib_a-lnumeric.o)
 *(.RamFunc)
 *(.RamFunc*)
                0x200009bc                . = ALIGN (0x4)
 *fill*         0x200009ba        0x2 
                0x200009bc                _edata = .

.igot.plt       0x200009bc        0x0 load address 0x0800f314
 .igot.plt      0x200009bc        0x0 c:/software/clion/tool/gcc-arm-none-eabi-10.3-2021.10/bin/../lib/gcc/arm-none-eabi/10.3.1/thumb/v7-m/nofp/crtbegin.o
                0x200009bc                . = ALIGN (0x4)

.bss            0x200009bc      0x3f4 load address 0x0800f314
                0x200009bc                _sbss = .
                0x200009bc                __bss_start__ = _sbss
 *(.bss)
 .bss           0x200009bc       0x1c c:/software/clion/tool/gcc-arm-none-eabi-10.3-2021.10/bin/../lib/gcc/arm-none-eabi/10.3.1/thumb/v7-m/nofp/crtbegin.o
 *(.bss*)
 .bss.status_flag.0
                0x200009d8        0x1 CMakeFiles/Motor.elf.dir/BSP/bsp.c.obj
 *fill*         0x200009d9        0x1 
 .bss.beep_on_time
                0x200009da        0x2 CMakeFiles/Motor.elf.dir/BSP/bsp_beep.c.obj
                0x200009da                beep_on_time
 .bss.beep_state
                0x200009dc        0x1 CMakeFiles/Motor.elf.dir/BSP/bsp_beep.c.obj
                0x200009dc                beep_state
 *fill*         0x200009dd        0x3 
 .bss.pid_motor
                0x200009e0       0x90 CMakeFiles/Motor.elf.dir/BSP/bsp_pid.c.obj
                0x200009e0                pid_motor
 .bss.RxTemp    0x20000a70        0x1 CMakeFiles/Motor.elf.dir/BSP/bsp_uart.c.obj
                0x20000a70                RxTemp
 *fill*         0x20000a71        0x3 
 .bss.angular_z_value
                0x20000a74        0x4 CMakeFiles/Motor.elf.dir/BSP/bsp_uart.c.obj
                0x20000a74                angular_z_value
 .bss.linear_x_value
                0x20000a78        0x4 CMakeFiles/Motor.elf.dir/BSP/bsp_uart.c.obj
                0x20000a78                linear_x_value
 .bss.rxBuffer  0x20000a7c       0x64 CMakeFiles/Motor.elf.dir/BSP/bsp_uart.c.obj
                0x20000a7c                rxBuffer
 .bss.rxIndex   0x20000ae0        0x2 CMakeFiles/Motor.elf.dir/BSP/bsp_uart.c.obj
                0x20000ae0                rxIndex
 *fill*         0x20000ae2        0x2 
 .bss.__sbrk_heap_end
                0x20000ae4        0x4 CMakeFiles/Motor.elf.dir/Core/Src/sysmem.c.obj
 .bss.htim1     0x20000ae8       0x48 CMakeFiles/Motor.elf.dir/Core/Src/tim.c.obj
                0x20000ae8                htim1
 .bss.htim2     0x20000b30       0x48 CMakeFiles/Motor.elf.dir/Core/Src/tim.c.obj
                0x20000b30                htim2
 .bss.htim3     0x20000b78       0x48 CMakeFiles/Motor.elf.dir/Core/Src/tim.c.obj
                0x20000b78                htim3
 .bss.htim4     0x20000bc0       0x48 CMakeFiles/Motor.elf.dir/Core/Src/tim.c.obj
                0x20000bc0                htim4
 .bss.htim5     0x20000c08       0x48 CMakeFiles/Motor.elf.dir/Core/Src/tim.c.obj
                0x20000c08                htim5
 .bss.htim8     0x20000c50       0x48 CMakeFiles/Motor.elf.dir/Core/Src/tim.c.obj
                0x20000c50                htim8
 .bss.hdma_usart1_tx
                0x20000c98       0x44 CMakeFiles/Motor.elf.dir/Core/Src/usart.c.obj
                0x20000c98                hdma_usart1_tx
 .bss.huart1    0x20000cdc       0x44 CMakeFiles/Motor.elf.dir/Core/Src/usart.c.obj
                0x20000cdc                huart1
 .bss.huart2    0x20000d20       0x44 CMakeFiles/Motor.elf.dir/Core/Src/usart.c.obj
                0x20000d20                huart2
 .bss.uwTick    0x20000d64        0x4 CMakeFiles/Motor.elf.dir/Drivers/STM32F1xx_HAL_Driver/Src/stm32f1xx_hal.c.obj
                0x20000d64                uwTick
 .bss.__lock___atexit_recursive_mutex
                0x20000d68        0x1 c:/software/clion/tool/gcc-arm-none-eabi-10.3-2021.10/bin/../lib/gcc/arm-none-eabi/10.3.1/../../../../arm-none-eabi/lib/thumb/v7-m/nofp\libg.a(lib_a-lock.o)
                0x20000d68                __lock___atexit_recursive_mutex
 *fill*         0x20000d69        0x3 
 .bss.__lock___malloc_recursive_mutex
                0x20000d6c        0x1 c:/software/clion/tool/gcc-arm-none-eabi-10.3-2021.10/bin/../lib/gcc/arm-none-eabi/10.3.1/../../../../arm-none-eabi/lib/thumb/v7-m/nofp\libg.a(lib_a-lock.o)
                0x20000d6c                __lock___malloc_recursive_mutex
 *fill*         0x20000d6d        0x3 
 .bss.__lock___sfp_recursive_mutex
                0x20000d70        0x1 c:/software/clion/tool/gcc-arm-none-eabi-10.3-2021.10/bin/../lib/gcc/arm-none-eabi/10.3.1/../../../../arm-none-eabi/lib/thumb/v7-m/nofp\libg.a(lib_a-lock.o)
                0x20000d70                __lock___sfp_recursive_mutex
 *fill*         0x20000d71        0x3 
 .bss.__lock___sinit_recursive_mutex
                0x20000d74        0x1 c:/software/clion/tool/gcc-arm-none-eabi-10.3-2021.10/bin/../lib/gcc/arm-none-eabi/10.3.1/../../../../arm-none-eabi/lib/thumb/v7-m/nofp\libg.a(lib_a-lock.o)
                0x20000d74                __lock___sinit_recursive_mutex
 *fill*         0x20000d75        0x3 
 .bss.__malloc_current_mallinfo
                0x20000d78       0x28 c:/software/clion/tool/gcc-arm-none-eabi-10.3-2021.10/bin/../lib/gcc/arm-none-eabi/10.3.1/../../../../arm-none-eabi/lib/thumb/v7-m/nofp\libg.a(lib_a-mallocr.o)
                0x20000d78                __malloc_current_mallinfo
 .bss.__malloc_max_sbrked_mem
                0x20000da0        0x4 c:/software/clion/tool/gcc-arm-none-eabi-10.3-2021.10/bin/../lib/gcc/arm-none-eabi/10.3.1/../../../../arm-none-eabi/lib/thumb/v7-m/nofp\libg.a(lib_a-mallocr.o)
                0x20000da0                __malloc_max_sbrked_mem
 .bss.__malloc_max_total_mem
                0x20000da4        0x4 c:/software/clion/tool/gcc-arm-none-eabi-10.3-2021.10/bin/../lib/gcc/arm-none-eabi/10.3.1/../../../../arm-none-eabi/lib/thumb/v7-m/nofp\libg.a(lib_a-mallocr.o)
                0x20000da4                __malloc_max_total_mem
 .bss.__malloc_top_pad
                0x20000da8        0x4 c:/software/clion/tool/gcc-arm-none-eabi-10.3-2021.10/bin/../lib/gcc/arm-none-eabi/10.3.1/../../../../arm-none-eabi/lib/thumb/v7-m/nofp\libg.a(lib_a-mallocr.o)
                0x20000da8                __malloc_top_pad
 .bss.errno     0x20000dac        0x4 c:/software/clion/tool/gcc-arm-none-eabi-10.3-2021.10/bin/../lib/gcc/arm-none-eabi/10.3.1/../../../../arm-none-eabi/lib/thumb/v7-m/nofp\libg.a(lib_a-reent.o)
                0x20000dac                errno
 *(COMMON)
                0x20000db0                . = ALIGN (0x4)
                0x20000db0                _ebss = .
                0x20000db0                __bss_end__ = _ebss

._user_heap_stack
                0x20000db0      0x600 load address 0x0800f314
                0x20000db0                . = ALIGN (0x8)
                [!provide]                PROVIDE (end = .)
                0x20000db0                PROVIDE (_end = .)
                0x20000fb0                . = (. + _Min_Heap_Size)
 *fill*         0x20000db0      0x200 
                0x200013b0                . = (. + _Min_Stack_Size)
 *fill*         0x20000fb0      0x400 
                0x200013b0                . = ALIGN (0x8)

/DISCARD/
 libc.a(*)
 libm.a(*)
 libgcc.a(*)

.ARM.attributes
                0x00000000       0x29
 *(.ARM.attributes)
 .ARM.attributes
                0x00000000       0x1d c:/software/clion/tool/gcc-arm-none-eabi-10.3-2021.10/bin/../lib/gcc/arm-none-eabi/10.3.1/thumb/v7-m/nofp/crti.o
 .ARM.attributes
                0x0000001d       0x2d c:/software/clion/tool/gcc-arm-none-eabi-10.3-2021.10/bin/../lib/gcc/arm-none-eabi/10.3.1/thumb/v7-m/nofp/crtbegin.o
 .ARM.attributes
                0x0000004a       0x2d CMakeFiles/Motor.elf.dir/BSP/bsp.c.obj
 .ARM.attributes
                0x00000077       0x2d CMakeFiles/Motor.elf.dir/BSP/bsp_beep.c.obj
 .ARM.attributes
                0x000000a4       0x2d CMakeFiles/Motor.elf.dir/BSP/bsp_encoder.c.obj
 .ARM.attributes
                0x000000d1       0x2d CMakeFiles/Motor.elf.dir/BSP/bsp_motor.c.obj
 .ARM.attributes
                0x000000fe       0x2d CMakeFiles/Motor.elf.dir/BSP/bsp_pid.c.obj
 .ARM.attributes
                0x0000012b       0x2d CMakeFiles/Motor.elf.dir/BSP/bsp_uart.c.obj
 .ARM.attributes
                0x00000158       0x2d CMakeFiles/Motor.elf.dir/Core/Src/dma.c.obj
 .ARM.attributes
                0x00000185       0x2d CMakeFiles/Motor.elf.dir/Core/Src/gpio.c.obj
 .ARM.attributes
                0x000001b2       0x2d CMakeFiles/Motor.elf.dir/Core/Src/main.c.obj
 .ARM.attributes
                0x000001df       0x2d CMakeFiles/Motor.elf.dir/Core/Src/stm32f1xx_hal_msp.c.obj
 .ARM.attributes
                0x0000020c       0x2d CMakeFiles/Motor.elf.dir/Core/Src/stm32f1xx_it.c.obj
 .ARM.attributes
                0x00000239       0x2d CMakeFiles/Motor.elf.dir/Core/Src/syscalls.c.obj
 .ARM.attributes
                0x00000266       0x2d CMakeFiles/Motor.elf.dir/Core/Src/sysmem.c.obj
 .ARM.attributes
                0x00000293       0x2d CMakeFiles/Motor.elf.dir/Core/Src/system_stm32f1xx.c.obj
 .ARM.attributes
                0x000002c0       0x2d CMakeFiles/Motor.elf.dir/Core/Src/tim.c.obj
 .ARM.attributes
                0x000002ed       0x2d CMakeFiles/Motor.elf.dir/Core/Src/usart.c.obj
 .ARM.attributes
                0x0000031a       0x21 CMakeFiles/Motor.elf.dir/Core/Startup/startup_stm32f103rctx.s.obj
 .ARM.attributes
                0x0000033b       0x2d CMakeFiles/Motor.elf.dir/Drivers/STM32F1xx_HAL_Driver/Src/stm32f1xx_hal.c.obj
 .ARM.attributes
                0x00000368       0x2d CMakeFiles/Motor.elf.dir/Drivers/STM32F1xx_HAL_Driver/Src/stm32f1xx_hal_cortex.c.obj
 .ARM.attributes
                0x00000395       0x2d CMakeFiles/Motor.elf.dir/Drivers/STM32F1xx_HAL_Driver/Src/stm32f1xx_hal_dma.c.obj
 .ARM.attributes
                0x000003c2       0x2d CMakeFiles/Motor.elf.dir/Drivers/STM32F1xx_HAL_Driver/Src/stm32f1xx_hal_gpio.c.obj
 .ARM.attributes
                0x000003ef       0x2d CMakeFiles/Motor.elf.dir/Drivers/STM32F1xx_HAL_Driver/Src/stm32f1xx_hal_rcc.c.obj
 .ARM.attributes
                0x0000041c       0x2d CMakeFiles/Motor.elf.dir/Drivers/STM32F1xx_HAL_Driver/Src/stm32f1xx_hal_tim.c.obj
 .ARM.attributes
                0x00000449       0x2d CMakeFiles/Motor.elf.dir/Drivers/STM32F1xx_HAL_Driver/Src/stm32f1xx_hal_tim_ex.c.obj
 .ARM.attributes
                0x00000476       0x2d CMakeFiles/Motor.elf.dir/Drivers/STM32F1xx_HAL_Driver/Src/stm32f1xx_hal_uart.c.obj
 .ARM.attributes
                0x000004a3       0x1d c:/software/clion/tool/gcc-arm-none-eabi-10.3-2021.10/bin/../lib/gcc/arm-none-eabi/10.3.1/thumb/v7-m/nofp\libgcc.a(_arm_addsubdf3.o)
 .ARM.attributes
                0x000004c0       0x1d c:/software/clion/tool/gcc-arm-none-eabi-10.3-2021.10/bin/../lib/gcc/arm-none-eabi/10.3.1/thumb/v7-m/nofp\libgcc.a(_arm_truncdfsf2.o)
 .ARM.attributes
                0x000004dd       0x1d c:/software/clion/tool/gcc-arm-none-eabi-10.3-2021.10/bin/../lib/gcc/arm-none-eabi/10.3.1/thumb/v7-m/nofp\libgcc.a(_arm_muldivsf3.o)
 .ARM.attributes
                0x000004fa       0x1d c:/software/clion/tool/gcc-arm-none-eabi-10.3-2021.10/bin/../lib/gcc/arm-none-eabi/10.3.1/thumb/v7-m/nofp\libgcc.a(_arm_fixsfsi.o)
 .ARM.attributes
                0x00000517       0x2d c:/software/clion/tool/gcc-arm-none-eabi-10.3-2021.10/bin/../lib/gcc/arm-none-eabi/10.3.1/../../../../arm-none-eabi/lib/thumb/v7-m/nofp\libg.a(lib_a-errno.o)
 .ARM.attributes
                0x00000544       0x2d c:/software/clion/tool/gcc-arm-none-eabi-10.3-2021.10/bin/../lib/gcc/arm-none-eabi/10.3.1/../../../../arm-none-eabi/lib/thumb/v7-m/nofp\libg.a(lib_a-impure.o)
 .ARM.attributes
                0x00000571       0x2d c:/software/clion/tool/gcc-arm-none-eabi-10.3-2021.10/bin/../lib/gcc/arm-none-eabi/10.3.1/../../../../arm-none-eabi/lib/thumb/v7-m/nofp\libg.a(lib_a-init.o)
 .ARM.attributes
                0x0000059e       0x2d c:/software/clion/tool/gcc-arm-none-eabi-10.3-2021.10/bin/../lib/gcc/arm-none-eabi/10.3.1/../../../../arm-none-eabi/lib/thumb/v7-m/nofp\libg.a(lib_a-memset.o)
 .ARM.attributes
                0x000005cb       0x2d c:/software/clion/tool/gcc-arm-none-eabi-10.3-2021.10/bin/../lib/gcc/arm-none-eabi/10.3.1/../../../../arm-none-eabi/lib/thumb/v7-m/nofp\libg.a(lib_a-sscanf.o)
 .ARM.attributes
                0x000005f8       0x2d c:/software/clion/tool/gcc-arm-none-eabi-10.3-2021.10/bin/../lib/gcc/arm-none-eabi/10.3.1/../../../../arm-none-eabi/lib/thumb/v7-m/nofp\libg.a(lib_a-stdio.o)
 .ARM.attributes
                0x00000625       0x2d c:/software/clion/tool/gcc-arm-none-eabi-10.3-2021.10/bin/../lib/gcc/arm-none-eabi/10.3.1/../../../../arm-none-eabi/lib/thumb/v7-m/nofp\libg.a(lib_a-strlen-stub.o)
 .ARM.attributes
                0x00000652       0x2d c:/software/clion/tool/gcc-arm-none-eabi-10.3-2021.10/bin/../lib/gcc/arm-none-eabi/10.3.1/../../../../arm-none-eabi/lib/thumb/v7-m/nofp\libg.a(lib_a-strstr.o)
 .ARM.attributes