[0.107s] Invoking command in '/root/ros2_ws/build/cartographer': CMAKE_PREFIX_PATH=${CMAKE_PREFIX_PATH}:/root/ros2_ws/install/ros2_opencv:/opt/ros/humble /usr/bin/cmake --build /root/ros2_ws/build/cartographer -- -j8 -l8
[1.958s] [  1%] Built target gtest
[1.958s] [  1%] [34m[1mBuilding documentation.[0m
[1.958s] [  1%] Built target cartographer_detect_changes
[1.959s] [  2%] Built target gmock
[1.959s] [  2%] Built target gmock_main
[1.959s] [ 55%] Built target cartographer
[2.018s] [ 56%] Built target cartographer_pbstream
[2.027s] [ 57%] Built target cartographer_autogenerate_ground_truth
[2.039s] [ 57%] Built target cartographer_print_configuration
[2.100s] [ 58%] Built target cartographer_test_library
[2.166s] [ 58%] Built target cartographer_compute_relations_metrics
[2.316s] [ 59%] Built target cartographer.common.math_test
[2.358s] [ 59%] Built target cartographer.common.lua_parameter_dictionary_test
[2.375s] [ 59%] Built target cartographer.common.internal.blocking_queue_test
[2.401s] [ 59%] Built target cartographer.common.task_test
[2.424s] [ 60%] Built target cartographer.common.fixed_ratio_sampler_test
[2.454s] [ 61%] Built target cartographer.common.internal.rate_timer_test
[2.527s] [ 62%] Built target cartographer.common.thread_pool_test
[2.571s] [ 62%] Built target cartographer.common.configuration_files_test
[2.610s] [ 62%] Built target cartographer.io.fake_file_writer_test
[2.665s] [ 62%] Built target cartographer.io.proto_stream_deserializer_test
[2.678s] [ 63%] Built target cartographer.io.internal.in_memory_proto_stream_test
[3.156s] [ 64%] Built target cartographer.io.probability_grid_points_processor_test
[3.157s] [ 65%] Built target cartographer.mapping.2d.map_limits_test
[3.180s] [ 66%] Built target cartographer.io.proto_stream_test
[3.181s] [ 66%] Built target cartographer.io.points_processor_pipeline_builder_test
[3.226s] [ 66%] Built target cartographer.io.serialization_format_migration_test
[3.287s] [ 66%] Built target cartographer.mapping.2d.probability_grid_test
[3.396s] [ 67%] Built target cartographer.mapping.2d.range_data_inserter_2d_test
[3.400s] [ 67%] Built target cartographer.mapping.2d.submap_2d_test
[3.403s] [ 68%] Built target cartographer.mapping.2d.xy_index_test
[3.404s] [ 68%] Built target cartographer.mapping.3d.submap_3d_test
[3.404s] [ 69%] Built target cartographer.mapping.id_test
[3.407s] [ 69%] Built target cartographer.mapping.imu_tracker_test
[3.408s] [ 70%] Built target cartographer.mapping.internal.2d.normal_estimation_2d_test
[3.408s] [ 70%] Built target cartographer.mapping.3d.hybrid_grid_test
[3.408s] [ 71%] Built target cartographer.mapping.3d.range_data_inserter_3d_test
[3.408s] [ 71%] Built target cartographer.mapping.internal.2d.overlapping_submaps_trimmer_2d_test
[3.409s] [ 72%] Built target cartographer.mapping.internal.2d.pose_graph_2d_test
[3.450s] [ 72%] Built target cartographer.mapping.internal.2d.ray_to_pixel_mask_test
[3.500s] [ 72%] Built target cartographer.mapping.internal.2d.scan_matching.correlative_scan_matcher_test
[3.575s] [ 72%] Built target cartographer.mapping.internal.2d.scan_matching.occupied_space_cost_function_2d_test
[3.577s] [ 73%] Built target cartographer.mapping.internal.2d.scan_matching.interpolated_tsdf_2d_test
[3.659s] [ 74%] Built target cartographer.mapping.internal.2d.scan_matching.real_time_correlative_scan_matcher_2d_test
[3.671s] [ 74%] Built target cartographer.mapping.internal.2d.scan_matching.tsdf_match_cost_function_2d_test
[3.674s] [ 75%] Built target cartographer.mapping.internal.2d.scan_matching.ceres_scan_matcher_2d_test
[3.719s] [ 76%] Built target cartographer.mapping.internal.2d.scan_matching.fast_correlative_scan_matcher_2d_test
[3.725s] [ 76%] Built target cartographer.mapping.internal.2d.tsdf_2d_test
[3.838s] [ 77%] Built target cartographer.mapping.internal.2d.tsdf_range_data_inserter_2d_test
[3.964s] [ 78%] Built target cartographer.mapping.internal.2d.tsd_value_converter_test
[3.965s] [ 78%] Built target cartographer.mapping.internal.3d.local_trajectory_builder_3d_test
[3.985s] [ 78%] Built target cartographer.mapping.internal.3d.rotation_parameterization_test
[4.002s] [ 79%] Built target cartographer.mapping.internal.3d.pose_graph_3d_test
[4.099s] [ 79%] Built target cartographer.mapping.internal.3d.scan_matching.fast_correlative_scan_matcher_3d_test
[4.115s] [ 80%] Built target cartographer.mapping.internal.3d.scan_matching.ceres_scan_matcher_3d_test
[4.136s] [ 81%] Built target cartographer.mapping.internal.3d.scan_matching.intensity_cost_function_3d_test
[4.252s] [ 81%] Built target cartographer.mapping.internal.3d.scan_matching.interpolated_grid_test
[4.283s] [ 82%] Built target cartographer.mapping.internal.3d.scan_matching.rotation_delta_cost_functor_3d_test
[4.322s] [ 83%] Built target cartographer.mapping.internal.3d.scan_matching.precomputation_grid_3d_test
[4.390s] [ 83%] Built target cartographer.mapping.internal.3d.scan_matching.real_time_correlative_scan_matcher_3d_test
[4.400s] [ 84%] Built target cartographer.mapping.internal.connected_components_test
[4.421s] [ 84%] Built target cartographer.mapping.internal.3d.scan_matching.rotational_scan_matcher_test
[4.433s] [ 84%] Built target cartographer.mapping.internal.constraints.constraint_builder_2d_test
[4.445s] [01mRunning Sphinx v4.3.2[39;49;00m
[4.466s] [ 85%] Built target cartographer.mapping.internal.constraints.constraint_builder_3d_test
[4.526s] [ 86%] Built target cartographer.mapping.internal.optimization.cost_functions.landmark_cost_function_2d_test
[4.550s] [ 86%] Built target cartographer.mapping.internal.motion_filter_test
[4.585s] [ 87%] Built target cartographer.mapping.internal.optimization.cost_functions.spa_cost_function_2d_test
[4.610s] [ 88%] Built target cartographer.mapping.internal.range_data_collator_test
[4.610s] [ 88%] Built target cartographer.mapping.internal.optimization.cost_functions.landmark_cost_function_3d_test
[4.637s] [ 88%] Built target cartographer.mapping.internal.optimization.optimization_problem_3d_test
[4.647s] [ 88%] Built target cartographer.mapping.internal.trajectory_connectivity_state_test
[4.777s] [ 89%] Built target cartographer.mapping.map_builder_test
[4.779s] [ 89%] Built target cartographer.mapping.pose_extrapolator_test
[4.822s] [ 90%] Built target cartographer.mapping.probability_values_test
[4.823s] [ 91%] Built target cartographer.mapping.pose_graph_test
[4.830s] [ 91%] Built target cartographer.mapping.pose_graph_trimmer_test
[4.875s] [ 92%] Built target cartographer.mapping.trajectory_node_test
[4.930s] [ 92%] Built target cartographer.mapping.submaps_test
[4.989s] [ 92%] Built target cartographer.mapping.value_conversion_tables_test
[5.082s] [ 92%] Built target cartographer.sensor.internal.collator_test
[5.100s] [ 93%] Built target cartographer.sensor.compressed_point_cloud_test
[5.101s] [ 94%] Built target cartographer.sensor.internal.trajectory_collator_test
[5.127s] [ 95%] Built target cartographer.sensor.internal.ordered_multi_queue_test
[5.171s] [ 95%] Built target cartographer.sensor.internal.voxel_filter_test
[5.173s] [ 95%] Built target cartographer.sensor.map_by_time_test
[5.221s] [ 96%] Built target cartographer.sensor.landmark_data_test
[5.282s] [ 97%] Built target cartographer.sensor.point_cloud_test
[5.304s] [ 97%] Built target cartographer.transform.timestamped_transform_test
[5.353s] [ 98%] Built target cartographer.transform.transform_interpolation_buffer_test
[5.356s] [100%] Built target cartographer.transform.rigid_transform_test
[5.390s] [100%] Built target cartographer.sensor.range_data_test
[5.414s] [100%] Built target cartographer.transform.transform_test
[5.666s] [01mloading pickled environment... [39;49;00mdone
[5.687s] [01mbuilding [mo]: [39;49;00mtargets for 0 po files that are out of date
[5.692s] [01mbuilding [html]: [39;49;00mtargets for 0 source files that are out of date
[5.697s] [01mupdating environment: [39;49;00m0 added, 0 changed, 0 removed
[5.701s] [01mlooking for now-outdated files... [39;49;00mnone found
[5.705s] [01mno targets are out of date.[39;49;00m
[5.706s] [01mbuild succeeded.[39;49;00m
[5.708s] 
[5.708s] The HTML pages are in html.
[6.061s] [100%] Built target build_doc
[6.120s] Invoked command in '/root/ros2_ws/build/cartographer' returned '0': CMAKE_PREFIX_PATH=${CMAKE_PREFIX_PATH}:/root/ros2_ws/install/ros2_opencv:/opt/ros/humble /usr/bin/cmake --build /root/ros2_ws/build/cartographer -- -j8 -l8
[6.129s] Invoking command in '/root/ros2_ws/build/cartographer': CMAKE_PREFIX_PATH=${CMAKE_PREFIX_PATH}:/root/ros2_ws/install/ros2_opencv:/opt/ros/humble /usr/bin/cmake --install /root/ros2_ws/build/cartographer
[6.167s] -- Install configuration: "Release"
[6.168s] -- Up-to-date: /root/ros2_ws/install/cartographer/share/cartographer/package.xml
[6.170s] -- Up-to-date: /root/ros2_ws/install/cartographer/share/cartographer//configuration_files
[6.170s] -- Up-to-date: /root/ros2_ws/install/cartographer/share/cartographer//configuration_files/trajectory_builder_3d.lua
[6.171s] -- Up-to-date: /root/ros2_ws/install/cartographer/share/cartographer//configuration_files/map_builder_server.lua
[6.171s] -- Up-to-date: /root/ros2_ws/install/cartographer/share/cartographer//configuration_files/trajectory_builder_2d.lua
[6.172s] -- Up-to-date: /root/ros2_ws/install/cartographer/share/cartographer//configuration_files/trajectory_builder.lua
[6.172s] -- Up-to-date: /root/ros2_ws/install/cartographer/share/cartographer//configuration_files/map_builder.lua
[6.173s] -- Up-to-date: /root/ros2_ws/install/cartographer/share/cartographer//configuration_files/laser_2d.lua
[6.177s] -- Up-to-date: /root/ros2_ws/install/cartographer/share/cartographer//configuration_files/pose_graph.lua
[6.178s] -- Up-to-date: /root/ros2_ws/install/cartographer/share/cartographer//cmake
[6.179s] -- Up-to-date: /root/ros2_ws/install/cartographer/share/cartographer//cmake/modules
[6.179s] -- Up-to-date: /root/ros2_ws/install/cartographer/share/cartographer//cmake/modules/FindSphinx.cmake
[6.180s] -- Up-to-date: /root/ros2_ws/install/cartographer/share/cartographer//cmake/modules/FindLuaGoogle.cmake
[6.180s] -- Up-to-date: /root/ros2_ws/install/cartographer/share/cartographer//cmake/modules/FindGMock.cmake
[6.180s] -- Up-to-date: /root/ros2_ws/install/cartographer/share/cartographer//cmake/modules/FindEigen3.cmake
[6.181s] -- Up-to-date: /root/ros2_ws/install/cartographer/share/cartographer//cmake/functions.cmake
[6.181s] -- Up-to-date: /root/ros2_ws/install/cartographer/bin/cartographer_autogenerate_ground_truth
[6.182s] -- Up-to-date: /root/ros2_ws/install/cartographer/bin/cartographer_compute_relations_metrics
[6.183s] -- Up-to-date: /root/ros2_ws/install/cartographer/bin/cartographer_pbstream
[6.183s] -- Up-to-date: /root/ros2_ws/install/cartographer/bin/cartographer_print_configuration
[6.185s] -- Up-to-date: /root/ros2_ws/install/cartographer/lib/libcartographer.a
[6.186s] -- Up-to-date: /root/ros2_ws/install/cartographer/include/cartographer/common/configuration_file_resolver.h
[6.189s] -- Up-to-date: /root/ros2_ws/install/cartographer/include/cartographer/common/fixed_ratio_sampler.h
[6.190s] -- Up-to-date: /root/ros2_ws/install/cartographer/include/cartographer/common/histogram.h
[6.190s] -- Up-to-date: /root/ros2_ws/install/cartographer/include/cartographer/common/lua.h
[6.191s] -- Up-to-date: /root/ros2_ws/install/cartographer/include/cartographer/common/lua_parameter_dictionary.h
[6.193s] -- Up-to-date: /root/ros2_ws/install/cartographer/include/cartographer/common/math.h
[6.195s] -- Up-to-date: /root/ros2_ws/install/cartographer/include/cartographer/common/port.h
[6.197s] -- Up-to-date: /root/ros2_ws/install/cartographer/include/cartographer/common/task.h
[6.198s] -- Up-to-date: /root/ros2_ws/install/cartographer/include/cartographer/common/thread_pool.h
[6.198s] -- Up-to-date: /root/ros2_ws/install/cartographer/include/cartographer/common/time.h
[6.200s] -- Up-to-date: /root/ros2_ws/install/cartographer/include/cartographer/ground_truth/autogenerate_ground_truth.h
[6.200s] -- Up-to-date: /root/ros2_ws/install/cartographer/include/cartographer/ground_truth/relations_text_file.h
[6.202s] -- Up-to-date: /root/ros2_ws/install/cartographer/include/cartographer/io/color.h
[6.202s] -- Up-to-date: /root/ros2_ws/install/cartographer/include/cartographer/io/coloring_points_processor.h
[6.203s] -- Up-to-date: /root/ros2_ws/install/cartographer/include/cartographer/io/counting_points_processor.h
[6.203s] -- Up-to-date: /root/ros2_ws/install/cartographer/include/cartographer/io/draw_trajectories.h
[6.204s] -- Up-to-date: /root/ros2_ws/install/cartographer/include/cartographer/io/file_writer.h
[6.205s] -- Up-to-date: /root/ros2_ws/install/cartographer/include/cartographer/io/fixed_ratio_sampling_points_processor.h
[6.205s] -- Up-to-date: /root/ros2_ws/install/cartographer/include/cartographer/io/frame_id_filtering_points_processor.h
[6.205s] -- Up-to-date: /root/ros2_ws/install/cartographer/include/cartographer/io/hybrid_grid_points_processor.h
[6.206s] -- Up-to-date: /root/ros2_ws/install/cartographer/include/cartographer/io/image.h
[6.206s] -- Up-to-date: /root/ros2_ws/install/cartographer/include/cartographer/io/intensity_to_color_points_processor.h
[6.206s] -- Up-to-date: /root/ros2_ws/install/cartographer/include/cartographer/io/min_max_range_filtering_points_processor.h
[6.207s] -- Up-to-date: /root/ros2_ws/install/cartographer/include/cartographer/io/null_points_processor.h
[6.207s] -- Up-to-date: /root/ros2_ws/install/cartographer/include/cartographer/io/outlier_removing_points_processor.h
[6.208s] -- Up-to-date: /root/ros2_ws/install/cartographer/include/cartographer/io/pcd_writing_points_processor.h
[6.208s] -- Up-to-date: /root/ros2_ws/install/cartographer/include/cartographer/io/ply_writing_points_processor.h
[6.209s] -- Up-to-date: /root/ros2_ws/install/cartographer/include/cartographer/io/points_batch.h
[6.209s] -- Up-to-date: /root/ros2_ws/install/cartographer/include/cartographer/io/points_processor.h
[6.210s] -- Up-to-date: /root/ros2_ws/install/cartographer/include/cartographer/io/points_processor_pipeline_builder.h
[6.211s] -- Up-to-date: /root/ros2_ws/install/cartographer/include/cartographer/io/probability_grid_points_processor.h
[6.212s] -- Up-to-date: /root/ros2_ws/install/cartographer/include/cartographer/io/proto_stream.h
[6.214s] -- Up-to-date: /root/ros2_ws/install/cartographer/include/cartographer/io/proto_stream_deserializer.h
[6.214s] -- Up-to-date: /root/ros2_ws/install/cartographer/include/cartographer/io/proto_stream_interface.h
[6.215s] -- Up-to-date: /root/ros2_ws/install/cartographer/include/cartographer/io/serialization_format_migration.h
[6.215s] -- Up-to-date: /root/ros2_ws/install/cartographer/include/cartographer/io/submap_painter.h
[6.216s] -- Up-to-date: /root/ros2_ws/install/cartographer/include/cartographer/io/vertical_range_filtering_points_processor.h
[6.216s] -- Up-to-date: /root/ros2_ws/install/cartographer/include/cartographer/io/xray_points_processor.h
[6.217s] -- Up-to-date: /root/ros2_ws/install/cartographer/include/cartographer/io/xyz_writing_points_processor.h
[6.217s] -- Up-to-date: /root/ros2_ws/install/cartographer/include/cartographer/mapping/2d/grid_2d.h
[6.218s] -- Up-to-date: /root/ros2_ws/install/cartographer/include/cartographer/mapping/2d/map_limits.h
[6.218s] -- Up-to-date: /root/ros2_ws/install/cartographer/include/cartographer/mapping/2d/probability_grid.h
[6.219s] -- Up-to-date: /root/ros2_ws/install/cartographer/include/cartographer/mapping/2d/probability_grid_range_data_inserter_2d.h
[6.221s] -- Up-to-date: /root/ros2_ws/install/cartographer/include/cartographer/mapping/2d/submap_2d.h
[6.222s] -- Up-to-date: /root/ros2_ws/install/cartographer/include/cartographer/mapping/2d/xy_index.h
[6.223s] -- Up-to-date: /root/ros2_ws/install/cartographer/include/cartographer/mapping/3d/hybrid_grid.h
[6.223s] -- Up-to-date: /root/ros2_ws/install/cartographer/include/cartographer/mapping/3d/range_data_inserter_3d.h
[6.224s] -- Up-to-date: /root/ros2_ws/install/cartographer/include/cartographer/mapping/3d/submap_3d.h
[6.225s] -- Up-to-date: /root/ros2_ws/install/cartographer/include/cartographer/mapping/detect_floors.h
[6.226s] -- Up-to-date: /root/ros2_ws/install/cartographer/include/cartographer/mapping/grid_interface.h
[6.229s] -- Up-to-date: /root/ros2_ws/install/cartographer/include/cartographer/mapping/id.h
[6.230s] -- Up-to-date: /root/ros2_ws/install/cartographer/include/cartographer/mapping/imu_tracker.h
[6.230s] -- Up-to-date: /root/ros2_ws/install/cartographer/include/cartographer/mapping/map_builder.h
[6.231s] -- Up-to-date: /root/ros2_ws/install/cartographer/include/cartographer/mapping/map_builder_interface.h
[6.234s] -- Up-to-date: /root/ros2_ws/install/cartographer/include/cartographer/mapping/pose_extrapolator.h
[6.236s] -- Up-to-date: /root/ros2_ws/install/cartographer/include/cartographer/mapping/pose_extrapolator_interface.h
[6.236s] -- Up-to-date: /root/ros2_ws/install/cartographer/include/cartographer/mapping/pose_graph.h
[6.237s] -- Up-to-date: /root/ros2_ws/install/cartographer/include/cartographer/mapping/pose_graph_interface.h
[6.237s] -- Up-to-date: /root/ros2_ws/install/cartographer/include/cartographer/mapping/pose_graph_trimmer.h
[6.237s] -- Up-to-date: /root/ros2_ws/install/cartographer/include/cartographer/mapping/probability_values.h
[6.238s] -- Up-to-date: /root/ros2_ws/install/cartographer/include/cartographer/mapping/range_data_inserter_interface.h
[6.238s] -- Up-to-date: /root/ros2_ws/install/cartographer/include/cartographer/mapping/submaps.h
[6.238s] -- Up-to-date: /root/ros2_ws/install/cartographer/include/cartographer/mapping/trajectory_builder_interface.h
[6.239s] -- Up-to-date: /root/ros2_ws/install/cartographer/include/cartographer/mapping/trajectory_node.h
[6.239s] -- Up-to-date: /root/ros2_ws/install/cartographer/include/cartographer/mapping/value_conversion_tables.h
[6.239s] -- Up-to-date: /root/ros2_ws/install/cartographer/include/cartographer/metrics/counter.h
[6.240s] -- Up-to-date: /root/ros2_ws/install/cartographer/include/cartographer/metrics/family_factory.h
[6.244s] -- Up-to-date: /root/ros2_ws/install/cartographer/include/cartographer/metrics/gauge.h
[6.245s] -- Up-to-date: /root/ros2_ws/install/cartographer/include/cartographer/metrics/histogram.h
[6.245s] -- Up-to-date: /root/ros2_ws/install/cartographer/include/cartographer/metrics/register.h
[6.247s] -- Up-to-date: /root/ros2_ws/install/cartographer/include/cartographer/sensor/collator_interface.h
[6.248s] -- Up-to-date: /root/ros2_ws/install/cartographer/include/cartographer/sensor/compressed_point_cloud.h
[6.252s] -- Up-to-date: /root/ros2_ws/install/cartographer/include/cartographer/sensor/data.h
[6.253s] -- Up-to-date: /root/ros2_ws/install/cartographer/include/cartographer/sensor/fixed_frame_pose_data.h
[6.254s] -- Up-to-date: /root/ros2_ws/install/cartographer/include/cartographer/sensor/imu_data.h
[6.254s] -- Up-to-date: /root/ros2_ws/install/cartographer/include/cartographer/sensor/landmark_data.h
[6.254s] -- Up-to-date: /root/ros2_ws/install/cartographer/include/cartographer/sensor/map_by_time.h
[6.257s] -- Up-to-date: /root/ros2_ws/install/cartographer/include/cartographer/sensor/odometry_data.h
[6.257s] -- Up-to-date: /root/ros2_ws/install/cartographer/include/cartographer/sensor/point_cloud.h
[6.257s] -- Up-to-date: /root/ros2_ws/install/cartographer/include/cartographer/sensor/range_data.h
[6.259s] -- Up-to-date: /root/ros2_ws/install/cartographer/include/cartographer/sensor/rangefinder_point.h
[6.260s] -- Up-to-date: /root/ros2_ws/install/cartographer/include/cartographer/sensor/timed_point_cloud_data.h
[6.260s] -- Up-to-date: /root/ros2_ws/install/cartographer/include/cartographer/transform/rigid_transform.h
[6.260s] -- Up-to-date: /root/ros2_ws/install/cartographer/include/cartographer/transform/timestamped_transform.h
[6.261s] -- Up-to-date: /root/ros2_ws/install/cartographer/include/cartographer/transform/transform.h
[6.261s] -- Up-to-date: /root/ros2_ws/install/cartographer/include/cartographer/transform/transform_interpolation_buffer.h
[6.261s] -- Up-to-date: /root/ros2_ws/install/cartographer/include/cartographer/io/fake_file_writer.h
[6.261s] -- Up-to-date: /root/ros2_ws/install/cartographer/include/cartographer/transform/rigid_transform_test_helpers.h
[6.262s] -- Up-to-date: /root/ros2_ws/install/cartographer/include/cartographer/common/proto/ceres_solver_options.pb.h
[6.262s] -- Up-to-date: /root/ros2_ws/install/cartographer/include/cartographer/ground_truth/proto/relations.pb.h
[6.262s] -- Up-to-date: /root/ros2_ws/install/cartographer/include/cartographer/mapping/proto/cell_limits_2d.pb.h
[6.263s] -- Up-to-date: /root/ros2_ws/install/cartographer/include/cartographer/mapping/proto/connected_components.pb.h
[6.263s] -- Up-to-date: /root/ros2_ws/install/cartographer/include/cartographer/mapping/proto/grid_2d.pb.h
[6.267s] -- Up-to-date: /root/ros2_ws/install/cartographer/include/cartographer/mapping/proto/grid_2d_options.pb.h
[6.267s] -- Up-to-date: /root/ros2_ws/install/cartographer/include/cartographer/mapping/proto/hybrid_grid.pb.h
[6.268s] -- Up-to-date: /root/ros2_ws/install/cartographer/include/cartographer/mapping/proto/local_trajectory_builder_options_2d.pb.h
[6.268s] -- Up-to-date: /root/ros2_ws/install/cartographer/include/cartographer/mapping/proto/local_trajectory_builder_options_3d.pb.h
[6.268s] -- Up-to-date: /root/ros2_ws/install/cartographer/include/cartographer/mapping/proto/map_builder_options.pb.h
[6.269s] -- Up-to-date: /root/ros2_ws/install/cartographer/include/cartographer/mapping/proto/map_limits.pb.h
[6.269s] -- Up-to-date: /root/ros2_ws/install/cartographer/include/cartographer/mapping/proto/motion_filter_options.pb.h
[6.270s] -- Up-to-date: /root/ros2_ws/install/cartographer/include/cartographer/mapping/proto/normal_estimation_options_2d.pb.h
[6.273s] -- Up-to-date: /root/ros2_ws/install/cartographer/include/cartographer/mapping/proto/pose_extrapolator_options.pb.h
[6.273s] -- Up-to-date: /root/ros2_ws/install/cartographer/include/cartographer/mapping/proto/pose_graph.pb.h
[6.274s] -- Up-to-date: /root/ros2_ws/install/cartographer/include/cartographer/mapping/proto/pose_graph/constraint_builder_options.pb.h
[6.274s] -- Up-to-date: /root/ros2_ws/install/cartographer/include/cartographer/mapping/proto/pose_graph/optimization_problem_options.pb.h
[6.274s] -- Up-to-date: /root/ros2_ws/install/cartographer/include/cartographer/mapping/proto/pose_graph_options.pb.h
[6.274s] -- Up-to-date: /root/ros2_ws/install/cartographer/include/cartographer/mapping/proto/probability_grid.pb.h
[6.275s] -- Up-to-date: /root/ros2_ws/install/cartographer/include/cartographer/mapping/proto/probability_grid_range_data_inserter_options_2d.pb.h
[6.275s] -- Up-to-date: /root/ros2_ws/install/cartographer/include/cartographer/mapping/proto/range_data_inserter_options.pb.h
[6.282s] -- Up-to-date: /root/ros2_ws/install/cartographer/include/cartographer/mapping/proto/range_data_inserter_options_3d.pb.h
[6.282s] -- Up-to-date: /root/ros2_ws/install/cartographer/include/cartographer/mapping/proto/scan_matching/ceres_scan_matcher_options_2d.pb.h
[6.283s] -- Up-to-date: /root/ros2_ws/install/cartographer/include/cartographer/mapping/proto/scan_matching/ceres_scan_matcher_options_3d.pb.h
[6.283s] -- Up-to-date: /root/ros2_ws/install/cartographer/include/cartographer/mapping/proto/scan_matching/fast_correlative_scan_matcher_options_2d.pb.h
[6.283s] -- Up-to-date: /root/ros2_ws/install/cartographer/include/cartographer/mapping/proto/scan_matching/fast_correlative_scan_matcher_options_3d.pb.h
[6.284s] -- Up-to-date: /root/ros2_ws/install/cartographer/include/cartographer/mapping/proto/scan_matching/real_time_correlative_scan_matcher_options.pb.h
[6.284s] -- Up-to-date: /root/ros2_ws/install/cartographer/include/cartographer/mapping/proto/serialization.pb.h
[6.284s] -- Up-to-date: /root/ros2_ws/install/cartographer/include/cartographer/mapping/proto/submap.pb.h
[6.285s] -- Up-to-date: /root/ros2_ws/install/cartographer/include/cartographer/mapping/proto/submap_visualization.pb.h
[6.291s] -- Up-to-date: /root/ros2_ws/install/cartographer/include/cartographer/mapping/proto/submaps_options_2d.pb.h
[6.291s] -- Up-to-date: /root/ros2_ws/install/cartographer/include/cartographer/mapping/proto/submaps_options_3d.pb.h
[6.291s] -- Up-to-date: /root/ros2_ws/install/cartographer/include/cartographer/mapping/proto/trajectory.pb.h
[6.292s] -- Up-to-date: /root/ros2_ws/install/cartographer/include/cartographer/mapping/proto/trajectory_builder_options.pb.h
[6.292s] -- Up-to-date: /root/ros2_ws/install/cartographer/include/cartographer/mapping/proto/trajectory_node_data.pb.h
[6.292s] -- Up-to-date: /root/ros2_ws/install/cartographer/include/cartographer/mapping/proto/tsdf_2d.pb.h
[6.293s] -- Up-to-date: /root/ros2_ws/install/cartographer/include/cartographer/mapping/proto/tsdf_range_data_inserter_options_2d.pb.h
[6.293s] -- Up-to-date: /root/ros2_ws/install/cartographer/include/cartographer/sensor/proto/adaptive_voxel_filter_options.pb.h
[6.293s] -- Up-to-date: /root/ros2_ws/install/cartographer/include/cartographer/sensor/proto/sensor.pb.h
[6.294s] -- Up-to-date: /root/ros2_ws/install/cartographer/include/cartographer/transform/proto/timestamped_transform.pb.h
[6.296s] -- Up-to-date: /root/ros2_ws/install/cartographer/include/cartographer/transform/proto/transform.pb.h
[6.296s] -- Up-to-date: /root/ros2_ws/install/cartographer/share/cartographer/cmake/CartographerTargets.cmake
[6.297s] -- Up-to-date: /root/ros2_ws/install/cartographer/share/cartographer/cmake/CartographerTargets-release.cmake
[6.297s] -- Up-to-date: /root/ros2_ws/install/cartographer/share/cartographer/cartographer-config.cmake
[6.297s] Invoked command in '/root/ros2_ws/build/cartographer' returned '0': CMAKE_PREFIX_PATH=${CMAKE_PREFIX_PATH}:/root/ros2_ws/install/ros2_opencv:/opt/ros/humble /usr/bin/cmake --install /root/ros2_ws/build/cartographer
