[0.109s] Invoking command in '/root/ros2_ws/build/car_launch': CMAKE_PREFIX_PATH=${CMAKE_PREFIX_PATH}:/root/ros2_ws/install/ros2_opencv:/opt/ros/humble /usr/bin/cmake --build /root/ros2_ws/build/car_launch -- -j8 -l8
[2.851s] Invoked command in '/root/ros2_ws/build/car_launch' returned '0': CMAKE_PREFIX_PATH=${CMAKE_PREFIX_PATH}:/root/ros2_ws/install/ros2_opencv:/opt/ros/humble /usr/bin/cmake --build /root/ros2_ws/build/car_launch -- -j8 -l8
[2.897s] Invoking command in '/root/ros2_ws/build/car_launch': CMAKE_PREFIX_PATH=${CMAKE_PREFIX_PATH}:/root/ros2_ws/install/ros2_opencv:/opt/ros/humble /usr/bin/cmake --install /root/ros2_ws/build/car_launch
[2.923s] -- Install configuration: ""
[2.923s] -- Up-to-date: /root/ros2_ws/install/car_launch/share/car_launch//launch
[2.924s] -- Up-to-date: /root/ros2_ws/install/car_launch/share/car_launch//launch/car_launch.launch.py
[2.924s] -- Up-to-date: /root/ros2_ws/install/car_launch/share/ament_index/resource_index/package_run_dependencies/car_launch
[2.925s] -- Up-to-date: /root/ros2_ws/install/car_launch/share/ament_index/resource_index/parent_prefix_path/car_launch
[2.926s] -- Up-to-date: /root/ros2_ws/install/car_launch/share/car_launch/environment/ament_prefix_path.sh
[2.926s] -- Up-to-date: /root/ros2_ws/install/car_launch/share/car_launch/environment/ament_prefix_path.dsv
[2.932s] -- Up-to-date: /root/ros2_ws/install/car_launch/share/car_launch/environment/path.sh
[2.933s] -- Up-to-date: /root/ros2_ws/install/car_launch/share/car_launch/environment/path.dsv
[2.933s] -- Up-to-date: /root/ros2_ws/install/car_launch/share/car_launch/local_setup.bash
[2.933s] -- Up-to-date: /root/ros2_ws/install/car_launch/share/car_launch/local_setup.sh
[2.933s] -- Up-to-date: /root/ros2_ws/install/car_launch/share/car_launch/local_setup.zsh
[2.934s] -- Up-to-date: /root/ros2_ws/install/car_launch/share/car_launch/local_setup.dsv
[2.935s] -- Installing: /root/ros2_ws/install/car_launch/share/car_launch/package.dsv
[2.940s] -- Up-to-date: /root/ros2_ws/install/car_launch/share/ament_index/resource_index/packages/car_launch
[2.941s] -- Up-to-date: /root/ros2_ws/install/car_launch/share/car_launch/cmake/car_launchConfig.cmake
[2.942s] -- Up-to-date: /root/ros2_ws/install/car_launch/share/car_launch/cmake/car_launchConfig-version.cmake
[2.942s] -- Up-to-date: /root/ros2_ws/install/car_launch/share/car_launch/package.xml
[2.964s] Invoked command in '/root/ros2_ws/build/car_launch' returned '0': CMAKE_PREFIX_PATH=${CMAKE_PREFIX_PATH}:/root/ros2_ws/install/ros2_opencv:/opt/ros/humble /usr/bin/cmake --install /root/ros2_ws/build/car_launch
